import powder_battery
>>> powder_battery.run(powder_id='salt', attended=False, blocks="ABCDE")
[vib] DRV2605L unavailable ([Errno 5] EIO); skipping init
RUN,BEGIN
META,powder_id,salt
META,battery_version,2
META,blocks,ABCDE
META,tilts_deg,0.0;45.0;90.0
META,baseline_reads,8
META,hold_s,15
META,rotation_trials,6
META,rotation_step_deg,360.0
META,rotation_rpm,30.0
META,speed_rpms,15.0;45.0;90.0
META,speed_revs,3.0
META,tap_tilts,0.0;45.0
META,tap_trials,8
META,taps_per_point,1
META,refeed_deg,360.0
META,vib_bursts,3
META,dose_repeats,3
META,dose_target_g,1.0
META,settle_ms,2000
META,min_flow_g,0.0005
META,bracket_n,6
META,bracket_ms,400
META,shock_g,0.01
META,max_resid_g,0.0015
META,quiet_tries,8
META,max_trial_retries,2
META,drift_correct,1
META,attended,0
META,config.SCALE_BAUD,19200
META,config.SCALE_BITS,8
META,config.SCALE_PARITY,0
META,config.SCALE_STABLE_TIMEOUT_MS,10000
META,config.SCALE_STOP,1
META,config.SERVO_SPEED_DEG_PER_S,60
META,config.STEPPER_ACCEL_REV_PER_S2,4.0
META,config.STEPPER_FULL_STEPS_REV,200
META,config.STEPPER_MICROSTEPS,8
META,config.STEPPER_SPEED_RPM,60
META,config.TAP_OFF_MS,150
META,config.TAP_ON_MS,60
META,config.TAP_PWM_DUTY,1.0
[battery] block A
META,tare,skipped-unstable
CSV,A,45.0,baseline,0,,,51.8948,51.9024,0.0077,,16762,0.0050,-0.0141,0.0126,0,shock
CSV,A,45.0,baseline,1,,,51.9015,51.9163,0.0149,,21257,0.0058,-0.0010,0.0126,0,unsettled
CSV,A,45.0,baseline,2,,,51.9074,51.9126,0.0052,,25746,0.0055,-0.0089,0.0000,0,unsettled
CSV,A,45.0,baseline,3,,,51.9087,51.9267,0.0179,,30235,0.0082,-0.0039,0.0000,0,unsettled
CSV,A,45.0,baseline,4,,,51.9187,51.9027,-0.0160,,34728,0.0089,-0.0080,0.0109,0,shock
CSV,A,45.0,baseline,5,,,51.9015,51.8964,-0.0051,,39222,0.0060,-0.0012,0.0109,0,shock
CSV,A,45.0,baseline,6,,,51.9185,51.9066,-0.0119,,43716,0.0029,0.0221,0.0000,0,ok
CSV,A,45.0,baseline,7,,,51.9110,51.9066,-0.0044,,48212,0.0023,0.0044,-0.0010,0,shock
SUM,A,45.0,baseline,8,0.0010,0.0123,0.0044,-0.0160,0.0179
[battery] block B
META,tare,skipped-unstable
CSV,B,0.0,hold,0,15,,51.9823,51.9283,-0.0540,,78149,0.0616,0.0678,-0.0221,0,shock
META,tare,skipped-unstable
CSV,B,45.0,hold,0,15,,51.8350,51.9282,0.0932,,115539,0.0312,-0.0751,-0.0206,0,shock
META,tare,skipped-unstable
CSV,B,90.0,hold,0,15,,51.8870,51.9222,0.0352,,162884,0.0129,-0.0382,-0.0019,0,shock
[battery] block C
PROMPT,block C at tilt 0.0 -- empty the collection cup if it is getting full, then Enter ('skip'/'abort')
META,tare,skipped-unstable
RETRY,C,0.0,rotation,0,shock,-0.0102,0.0444,182477
RETRY,C,0.0,rotation,0,shock,0.0190,0.0619,201521
CSV,C,0.0,rotation,0,360.0,30,51.9609,52.0472,0.0863,,215580,0.0157,-0.0399,-0.0106,2,shock
RETRY,C,0.0,rotation,1,shock,0.0273,0.0267,229629
RETRY,C,0.0,rotation,1,shock,0.0050,0.0614,248656
CSV,C,0.0,rotation,1,360.0,30,52.1367,52.1659,0.0292,,265205,0.0146,0.0101,0.0000,2,unsettled
RETRY,C,0.0,rotation,2,shock,0.0032,0.0587,276781
RETRY,C,0.0,rotation,2,shock,-0.0237,0.0678,288353
CSV,C,0.0,rotation,2,360.0,30,52.2697,52.3099,0.0403,,299914,0.0069,0.0251,0.0015,2,shock
RETRY,C,0.0,rotation,3,shock,-0.0123,0.0856,318943
RETRY,C,0.0,rotation,3,shock,0.0243,-0.0045,335489
CSV,C,0.0,rotation,3,360.0,30,52.3417,52.3954,0.0536,,349547,0.0152,-0.0343,0.0236,2,shock
RETRY,C,0.0,rotation,4,shock,-0.0117,0.0944,361122
RETRY,C,0.0,rotation,4,shock,-0.0162,0.0437,377661
CSV,C,0.0,rotation,4,360.0,30,52.4849,52.5310,0.0461,,406651,0.0060,-0.0073,0.0034,2,shock
CSV,C,0.0,rotation,5,360.0,30,52.5279,52.5748,0.0470,,420697,0.0178,-0.0045,0.0000,0,unsettled
SUM,C,0.0,rotation,6,0.0504,0.0194,0.0079,0.0292,0.0863
PROMPT,block C at tilt 45.0 -- empty the collection cup if it is getting full, then Enter ('skip'/'abort')
META,tare,skipped-unstable
RETRY,C,45.0,rotation,0,shock,-0.0254,0.2032,451967
RETRY,C,45.0,rotation,0,shock,-0.0110,0.1704,466025
CSV,C,45.0,rotation,0,360.0,30,52.8839,53.0669,0.1831,,495006,0.0088,-0.0279,-0.0013,2,shock
RETRY,C,45.0,rotation,1,shock,-0.0289,0.2113,509062
RETRY,C,45.0,rotation,1,shock,0.0150,0.1586,520629
CSV,C,45.0,rotation,1,360.0,30,53.4285,53.5500,0.1216,,534701,0.0127,0.0563,-0.0056,2,shock
RETRY,C,45.0,rotation,2,shock,-0.0126,0.1074,551244
RETRY,C,45.0,rotation,2,shock,-0.0228,0.1433,562803
CSV,C,45.0,rotation,2,360.0,30,53.8536,54.0169,0.1632,,574391,0.0109,-0.0153,0.0079,2,shock
RETRY,C,45.0,rotation,3,shock,0.0052,0.1079,600864
RETRY,C,45.0,rotation,3,shock,0.0173,0.1654,614922
CSV,C,45.0,rotation,3,360.0,30,54.3575,54.5066,0.1491,,631481,0.0236,0.0196,0.0044,2,shock
CSV,C,45.0,rotation,4,360.0,30,54.5362,54.6560,0.1198,,648023,0.0130,0.0337,0.0000,0,unsettled
RETRY,C,45.0,rotation,5,shock,0.0027,0.1530,659582
RETRY,C,45.0,rotation,5,shock,-0.0113,0.2037,688562
CSV,C,45.0,rotation,5,360.0,30,54.9740,55.1671,0.1932,,700130,0.0197,-0.0054,-0.0183,2,shock
SUM,C,45.0,rotation,6,0.1550,0.0307,0.0125,0.1198,0.1932
PROMPT,block C at tilt 90.0 -- empty the collection cup if it is getting full, then Enter ('skip'/'abort')
META,tare,skipped-unstable
RETRY,C,90.0,rotation,0,shock,0.0093,0.2352,718973
RETRY,C,90.0,rotation,0,shock,-0.0108,0.2122,730539
CSV,C,90.0,rotation,0,360.0,30,55.6006,55.8492,0.2485,,752070,0.0071,-0.0163,0.0091,2,shock
RETRY,C,90.0,rotation,1,shock,-0.0102,0.1903,771087
CSV,C,90.0,rotation,1,360.0,30,56.0936,56.2820,0.1884,,785145,0.0266,0.0009,0.0000,1,unsettled
RETRY,C,90.0,rotation,2,shock,-0.0164,0.2437,799204
RETRY,C,90.0,rotation,2,shock,-0.0098,0.2011,815752
CSV,C,90.0,rotation,2,360.0,30,56.6972,56.9172,0.2200,,829810,0.0198,0.0007,-0.0068,2,shock
RETRY,C,90.0,rotation,3,shock,-0.0178,0.2682,858782
RETRY,C,90.0,rotation,3,shock,0.0011,0.2379,870365
CSV,C,90.0,rotation,3,360.0,30,57.3564,57.5901,0.2337,,881938,0.0315,-0.0023,0.0056,2,shock
RETRY,C,90.0,rotation,4,shock,0.0108,0.1805,898468
RETRY,C,90.0,rotation,4,shock,0.0122,0.1352,910040
CSV,C,90.0,rotation,4,360.0,30,57.9210,58.1323,0.2113,,921624,0.0216,-0.0311,0.0075,2,shock
RETRY,C,90.0,rotation,5,shock,-0.0026,0.1836,940645
RETRY,C,90.0,rotation,5,shock,-0.0128,0.1482,954712
CSV,C,90.0,rotation,5,360.0,30,58.4200,58.5690,0.1490,,966284,0.0189,-0.0044,0.0000,2,unsettled
SUM,C,90.0,rotation,6,0.2085,0.0356,0.0145,0.1490,0.2485
[battery] block D
META,tare,skipped-unstable
POLL,D,45.0,15,976407,58.5567,0
POLL,D,45.0,15,976787,58.5638,0
POLL,D,45.0,15,977174,58.5820,0
POLL,D,45.0,15,977547,58.5824,0
POLL,D,45.0,15,977934,58.5898,0
POLL,D,45.0,15,978321,58.6050,0
POLL,D,45.0,15,978695,58.6341,0
POLL,D,45.0,15,979081,58.6612,0
POLL,D,45.0,15,979468,58.6773,0
POLL,D,45.0,15,979842,58.6860,0
POLL,D,45.0,15,980228,58.6902,0
POLL,D,45.0,15,980614,58.6936,0
POLL,D,45.0,15,981000,58.6927,0
POLL,D,45.0,15,981374,58.6935,0
POLL,D,45.0,15,981760,58.7079,0
POLL,D,45.0,15,982146,58.7400,0
POLL,D,45.0,15,982519,58.7840,0
POLL,D,45.0,15,982905,58.8167,0
POLL,D,45.0,15,983291,58.8278,0
POLL,D,45.0,15,983677,58.8471,0
POLL,D,45.0,15,984051,58.8530,0
POLL,D,45.0,15,984437,58.8501,0
POLL,D,45.0,15,984823,58.8512,0
POLL,D,45.0,15,985209,58.8613,0
POLL,D,45.0,15,985580,58.8551,0
POLL,D,45.0,15,985966,58.8560,0
POLL,D,45.0,15,986352,58.8802,0
POLL,D,45.0,15,986738,58.9206,0
POLL,D,45.0,15,987110,58.9520,0
POLL,D,45.0,15,987496,58.9692,0
POLL,D,45.0,15,987882,58.9700,0
POLL,D,45.0,15,988268,58.9714,0
POLL,D,45.0,15,988639,58.9763,0
POLL,D,45.0,15,989025,58.9740,0
POLL,D,45.0,15,989411,58.9993,0
POLL,D,45.0,15,989797,59.0287,0
POLL,D,45.0,15,990183,59.0528,0
POLL,D,45.0,15,990552,59.0883,0
POLL,D,45.0,15,990938,59.1167,0
POLL,D,45.0,15,991324,59.1383,0
POLL,D,45.0,15,991710,59.1495,0
POLL,D,45.0,15,992082,59.1520,0
POLL,D,45.0,15,992468,59.1535,0
POLL,D,45.0,15,992854,59.1490,0
POLL,D,45.0,15,993240,59.1599,0
POLL,D,45.0,15,993614,59.1582,0
POLL,D,45.0,15,994000,59.1756,0
POLL,D,45.0,15,994386,59.2189,0
CSV,D,45.0,speed,0,3.0,15,58.5175,59.2190,0.7015,,999268,0.0326,-0.0390,0.0505,0,shock
POLL,D,45.0,45,1004610,59.2593,0
POLL,D,45.0,45,1004997,59.2611,0
POLL,D,45.0,45,1005383,59.2807,0
POLL,D,45.0,45,1005770,59.2887,0
POLL,D,45.0,45,1006141,59.3155,0
POLL,D,45.0,45,1006527,59.3669,0
POLL,D,45.0,45,1006913,59.3910,0
POLL,D,45.0,45,1007299,59.4015,0
POLL,D,45.0,45,1007671,59.4396,0
POLL,D,45.0,45,1008057,59.4969,0
POLL,D,45.0,45,1008443,59.5001,0
POLL,D,45.0,45,1008829,59.5168,0
POLL,D,45.0,45,1009200,59.5704,0
POLL,D,45.0,45,1009586,59.5957,0
POLL,D,45.0,45,1009972,59.5994,0
POLL,D,45.0,45,1010358,59.6481,0
CSV,D,45.0,speed,1,3.0,45,59.2809,59.6728,0.3918,,1015237,0.0162,0.0106,0.0308,0,shock
POLL,D,45.0,90,1020588,59.6819,0
POLL,D,45.0,90,1020969,59.7014,0
POLL,D,45.0,90,1021356,59.7135,0
POLL,D,45.0,90,1021728,59.7855,0
POLL,D,45.0,90,1022115,59.8252,0
POLL,D,45.0,90,1022502,59.8693,0
POLL,D,45.0,90,1022876,59.9394,0
POLL,D,45.0,90,1023262,59.9756,0
CSV,D,45.0,speed,2,3.0,90,59.6530,59.9892,0.3362,,1028145,0.0124,-0.0247,0.1062,0,shock
SUM,D,45.0,speed,3,0.4765,0.1968,0.1136,0.3362,0.7015
[battery] block E
META,tare,skipped-unstable
RETRY,E,0.0,refeed,0,shock,0.0085,0.0873,1049470
RETRY,E,0.0,refeed,0,shock,-0.0156,0.0546,1061041
CSV,E,0.0,refeed,0,360.0,30,60.1905,60.2594,0.0688,,1077586,0.0145,0.0111,-0.0349,2,shock
RETRY,E,0.0,tap,0,shock,0.0115,0.0101,1090117
RETRY,E,0.0,tap,0,shock,-0.0524,-0.0205,1115092
CSV,E,0.0,tap,0,1,,60.2565,60.2410,-0.0155,,1122627,0.0085,0.0167,-0.0093,2,shock
CSV,E,0.0,refeed,1,360.0,30,60.1977,60.2773,0.0796,,1144149,0.0142,-0.0529,0.0000,0,unsettled
RETRY,E,0.0,tap,1,shock,0.0175,0.0249,1159159
RETRY,E,0.0,tap,1,shock,-0.0128,0.0167,1166714
CSV,E,0.0,tap,1,1,,60.3082,60.3095,0.0013,,1186701,0.0072,0.0230,-0.0259,2,shock
RETRY,E,0.0,refeed,2,shock,-0.0024,0.0262,1215677
RETRY,E,0.0,refeed,2,shock,-0.0053,0.0386,1227260
CSV,E,0.0,refeed,2,360.0,30,60.3931,60.4304,0.0373,,1246283,0.0215,0.0075,-0.0017,2,shock
RETRY,E,0.0,tap,2,shock,0.0423,-0.0629,1268763
RETRY,E,0.0,tap,2,shock,-0.0037,0.0117,1286256
CSV,E,0.0,tap,2,1,,60.4477,60.4666,0.0189,,1293809,0.0080,-0.0014,-0.0213,2,shock
RETRY,E,0.0,refeed,3,shock,-0.0215,0.1001,1315322
RETRY,E,0.0,refeed,3,shock,-0.0028,0.0510,1344300
CSV,E,0.0,refeed,3,360.0,30,60.5724,60.5951,0.0228,,1355874,0.0188,0.0361,-0.0021,2,shock
RETRY,E,0.0,tap,3,shock,0.0093,0.0088,1370897
RETRY,E,0.0,tap,3,shock,0.0386,-0.0097,1395846
CSV,E,0.0,tap,3,1,,60.5873,60.5815,-0.0058,,1405900,0.0106,-0.0013,0.0252,2,shock
RETRY,E,0.0,refeed,4,shock,0.0035,0.0804,1419945
RETRY,E,0.0,refeed,4,shock,0.0181,0.0255,1431527
CSV,E,0.0,refeed,4,360.0,30,60.6869,60.7381,0.0512,,1443089,0.0291,-0.0129,0.0024,2,shock
CSV,E,0.0,tap,4,1,,60.7352,60.7518,0.0166,,1453133,0.0023,-0.0075,0.0000,0,unsettled
CSV,E,0.0,refeed,5,360.0,30,60.7359,60.7981,0.0622,,1464700,0.0044,-0.0161,0.0000,0,unsettled
RETRY,E,0.0,tap,5,shock,0.0126,0.0210,1474741
CSV,E,0.0,tap,5,1,,60.7744,60.8091,0.0347,,1487271,0.0118,-0.0304,0.0000,1,unsettled
RETRY,E,0.0,refeed,6,shock,0.0113,-0.0187,1506298
RETRY,E,0.0,refeed,6,shock,0.0113,0.0491,1525333
CSV,E,0.0,refeed,6,360.0,30,60.9062,60.9281,0.0219,,1546860,0.0109,0.0290,0.0043,2,shock
RETRY,E,0.0,tap,6,shock,-0.0258,-0.0295,1571807
RETRY,E,0.0,tap,6,shock,0.0164,-0.0102,1579361
CSV,E,0.0,tap,6,1,,60.9386,60.9480,0.0094,,1586918,0.0079,-0.0002,0.0103,2,shock
RETRY,E,0.0,refeed,7,shock,0.0149,0.0384,1598499
RETRY,E,0.0,refeed,7,shock,-0.0109,0.0431,1610059
CSV,E,0.0,refeed,7,360.0,30,61.0279,61.0750,0.0471,,1621644,0.0104,0.0043,-0.0034,2,shock
RETRY,E,0.0,tap,7,shock,-0.0114,0.0221,1631671
RETRY,E,0.0,tap,7,shock,0.0223,-0.0126,1641717
CSV,E,0.0,tap,7,1,,61.0873,61.0854,-0.0018,,1659219,0.0086,0.0159,-0.0130,2,shock
SUM,E,0.0,refeed,8,0.0489,0.0209,0.0074,0.0219,0.0796
SUM,E,0.0,tap,8,0.0072,0.0160,0.0056,-0.0155,0.0347
META,tare,skipped-unstable
RETRY,E,45.0,refeed,0,shock,-0.0149,0.2176,1678052
