import powder_battery
>>> powder_battery.run(powder_id='silicon-110-200', attended=False, blocks="ABCDE")
[vib] DRV2605L unavailable ([Errno 5] EIO); skipping init
RUN,BEGIN
META,powder_id,silicon-110-200
META,battery_version,2
META,blocks,ABCDE
META,tilts_deg,0.0;45.0;90.0
META,baseline_reads,8
META,hold_s,15
META,rotation_trials,6
META,rotation_step_deg,360.0
META,rotation_rpm,30.0
META,speed_rpms,15.0;45.0;90.0
META,speed_revs,3.0
META,tap_tilts,0.0;45.0
META,tap_trials,8
META,taps_per_point,1
META,refeed_deg,360.0
META,vib_bursts,3
META,dose_repeats,3
META,dose_target_g,1.0
META,settle_ms,2000
META,min_flow_g,0.0005
META,bracket_n,6
META,bracket_ms,400
META,shock_g,0.01
META,max_resid_g,0.0015
META,quiet_tries,8
META,max_trial_retries,2
META,drift_correct,1
META,attended,0
META,config.SCALE_BAUD,19200
META,config.SCALE_BITS,8
META,config.SCALE_PARITY,0
META,config.SCALE_STABLE_TIMEOUT_MS,10000
META,config.SCALE_STOP,1
META,config.SERVO_SPEED_DEG_PER_S,60
META,config.STEPPER_ACCEL_REV_PER_S2,4.0
META,config.STEPPER_FULL_STEPS_REV,200
META,config.STEPPER_MICROSTEPS,8
META,config.STEPPER_SPEED_RPM,60
META,config.TAP_OFF_MS,150
META,config.TAP_ON_MS,60
META,config.TAP_PWM_DUTY,1.0
[battery] block A
META,tare,skipped-unstable
CSV,A,45.0,baseline,0,,,-0.6094,-0.5909,0.0185,,14300,0.0079,-0.0156,0.0027,0,shock
CSV,A,45.0,baseline,1,,,-0.5858,-0.5941,-0.0082,,18795,0.0050,0.0051,0.0027,0,unsettled
CSV,A,45.0,baseline,2,,,-0.5694,-0.5975,-0.0281,,23290,0.0068,0.0247,0.0000,0,unsettled
CSV,A,45.0,baseline,3,,,-0.6038,-0.6048,-0.0010,,27796,0.0038,-0.0063,0.0111,0,shock
CSV,A,45.0,baseline,4,,,-0.6278,-0.5988,0.0290,,32277,0.0090,-0.0230,0.0057,0,shock
CSV,A,45.0,baseline,5,,,-0.6085,-0.5944,0.0142,,36772,0.0093,-0.0097,-0.0054,0,unsettled
CSV,A,45.0,baseline,6,,,-0.5902,-0.5994,-0.0092,,41267,0.0111,0.0042,0.0000,0,unsettled
CSV,A,45.0,baseline,7,,,-0.5722,-0.5953,-0.0231,,45762,0.0072,0.0272,-0.0051,0,shock
SUM,A,45.0,baseline,8,-0.0010,0.0202,0.0071,-0.0281,0.0290
[battery] block B
META,tare,skipped-unstable
CSV,B,0.0,hold,0,15,,-0.5836,-0.5787,0.0049,,75699,0.0307,0.0084,-0.0128,0,shock
META,tare,skipped-unstable
CSV,B,45.0,hold,0,15,,-0.5648,-0.5976,-0.0328,,105631,0.0397,0.0271,0.0020,0,shock
META,tare,skipped-unstable
CSV,B,90.0,hold,0,15,,-0.6254,-0.5790,0.0464,,135564,0.0328,-0.0309,-0.0129,0,shock
[battery] block C
PROMPT,block C at tilt 0.0 -- empty the collection cup if it is getting full, then Enter ('skip'/'abort')
META,tare,skipped-unstable
RETRY,C,0.0,rotation,0,shock,-0.0123,0.0493,155176
RETRY,C,0.0,rotation,0,shock,0.0019,0.0293,169226
CSV,C,0.0,rotation,0,360.0,30,-0.5335,-0.4683,0.0651,,183284,0.0085,-0.0208,0.0000,2,unsettled
CSV,C,0.0,rotation,1,360.0,30,-0.4678,-0.4233,0.0445,,197342,0.0066,0.0048,0.0000,0,unsettled
CSV,C,0.0,rotation,2,360.0,30,-0.4042,-0.3735,0.0307,,208909,0.0069,0.0195,0.0000,0,unsettled
CSV,C,0.0,rotation,3,360.0,30,-0.3796,-0.3245,0.0551,,220485,0.0057,-0.0010,0.0000,0,unsettled
CSV,C,0.0,rotation,4,360.0,30,-0.3440,-0.2739,0.0701,,232056,0.0128,-0.0186,0.0000,0,unsettled
CSV,C,0.0,rotation,5,360.0,30,-0.3035,-0.2260,0.0775,,243623,0.0163,-0.0260,0.0000,0,unsettled
SUM,C,0.0,rotation,6,0.0572,0.0174,0.0071,0.0307,0.0775
PROMPT,block C at tilt 45.0 -- empty the collection cup if it is getting full, then Enter ('skip'/'abort')
META,tare,skipped-unstable
RETRY,C,45.0,rotation,0,shock,-0.0004,0.1871,262474
CSV,C,45.0,rotation,0,360.0,30,0.0185,0.2527,0.2342,,274046,0.0105,-0.0099,0.0000,1,unsettled
CSV,C,45.0,rotation,1,360.0,30,0.2350,0.4527,0.2178,,290582,0.0156,-0.0148,0.0000,0,unsettled
CSV,C,45.0,rotation,2,360.0,30,0.4638,0.6597,0.1959,,302150,0.0014,0.0093,0.0000,0,ok
CSV,C,45.0,rotation,3,360.0,30,0.6769,0.8723,0.1954,,313720,0.0054,0.0162,0.0000,0,unsettled
CSV,C,45.0,rotation,4,360.0,30,0.8730,1.0802,0.2072,,325292,0.0062,0.0024,0.0000,0,unsettled
RETRY,C,45.0,rotation,5,shock,-0.0130,0.1905,336867
RETRY,C,45.0,rotation,5,shock,-0.0106,0.2496,350920
CSV,C,45.0,rotation,5,360.0,30,1.4961,1.7098,0.2137,,362501,0.0162,-0.0082,0.0000,2,unsettled
SUM,C,45.0,rotation,6,0.2107,0.0147,0.0060,0.1954,0.2342
PROMPT,block C at tilt 90.0 -- empty the collection cup if it is getting full, then Enter ('skip'/'abort')
META,tare,skipped-unstable
CSV,C,90.0,rotation,0,360.0,30,1.7658,2.0660,0.3002,,381332,0.0155,-0.0008,0.0000,0,unsettled
CSV,C,90.0,rotation,1,360.0,30,2.0454,2.3580,0.3126,,392904,0.0105,-0.0187,0.0000,0,unsettled
CSV,C,90.0,rotation,2,360.0,30,2.3383,2.6593,0.3210,,404487,0.0058,-0.0194,0.0000,0,unsettled
CSV,C,90.0,rotation,3,360.0,30,2.6592,2.9540,0.2949,,416058,0.0118,0.0004,0.0000,0,unsettled
CSV,C,90.0,rotation,4,360.0,30,2.9607,3.2441,0.2833,,427618,0.0056,0.0066,0.0000,0,unsettled
CSV,C,90.0,rotation,5,360.0,30,3.2425,3.5446,0.3021,,439201,0.0075,-0.0019,0.0000,0,unsettled
SUM,C,90.0,rotation,6,0.3023,0.0132,0.0054,0.2833,0.3210
[battery] block D
META,tare,skipped-unstable
POLL,D,45.0,15,449316,3.5486,0
POLL,D,45.0,15,449702,3.5482,0
POLL,D,45.0,15,450088,3.5480,0
POLL,D,45.0,15,450474,3.5542,0
POLL,D,45.0,15,450845,3.5762,0
POLL,D,45.0,15,451231,3.5952,0
POLL,D,45.0,15,451617,3.6028,0
POLL,D,45.0,15,452003,3.6087,0
POLL,D,45.0,15,452389,3.6093,0
POLL,D,45.0,15,452758,3.6103,0
POLL,D,45.0,15,453144,3.6166,0
POLL,D,45.0,15,453530,3.6449,0
POLL,D,45.0,15,453916,3.7017,0
POLL,D,45.0,15,454302,3.7547,0
POLL,D,45.0,15,454671,3.7825,0
POLL,D,45.0,15,455057,3.8035,0
POLL,D,45.0,15,455443,3.8153,0
POLL,D,45.0,15,455829,3.8230,0
POLL,D,45.0,15,456201,3.8274,0
POLL,D,45.0,15,456587,3.8272,0
POLL,D,45.0,15,456973,3.8273,0
POLL,D,45.0,15,457359,3.8492,0
POLL,D,45.0,15,457732,3.8933,0
POLL,D,45.0,15,458118,3.9536,0
POLL,D,45.0,15,458504,3.9875,0
POLL,D,45.0,15,458890,4.0115,0
POLL,D,45.0,15,459262,4.0296,0
POLL,D,45.0,15,459648,4.0404,0
POLL,D,45.0,15,460034,4.0455,0
POLL,D,45.0,15,460420,4.0444,0
POLL,D,45.0,15,460799,4.0456,0
POLL,D,45.0,15,461186,4.0564,0
POLL,D,45.0,15,461556,4.0880,0
POLL,D,45.0,15,461943,4.1420,0
POLL,D,45.0,15,462330,4.1914,0
POLL,D,45.0,15,462716,4.2212,0
POLL,D,45.0,15,463088,4.2422,0
POLL,D,45.0,15,463474,4.2544,0
POLL,D,45.0,15,463860,4.2601,0
POLL,D,45.0,15,464246,4.2630,0
POLL,D,45.0,15,464617,4.2643,0
POLL,D,45.0,15,465003,4.2673,0
POLL,D,45.0,15,465389,4.2877,0
POLL,D,45.0,15,465775,4.3332,0
POLL,D,45.0,15,466147,4.3917,0
POLL,D,45.0,15,466533,4.4291,0
POLL,D,45.0,15,466919,4.4507,0
POLL,D,45.0,15,467306,4.4667,0
CSV,D,45.0,speed,0,3.0,15,3.5678,4.4817,0.9139,,472180,0.0081,0.0201,0.0000,0,ok
POLL,D,45.0,45,475049,4.4820,0
POLL,D,45.0,45,475435,4.4829,0
POLL,D,45.0,45,475805,4.4790,0
POLL,D,45.0,45,476191,4.5275,0
POLL,D,45.0,45,476577,4.6161,0
POLL,D,45.0,45,476963,4.6458,0
POLL,D,45.0,45,477349,4.6637,0
POLL,D,45.0,45,477718,4.7462,0
POLL,D,45.0,45,478104,4.8056,0
POLL,D,45.0,45,478490,4.8193,0
POLL,D,45.0,45,478876,4.8643,0
POLL,D,45.0,45,479248,4.9522,0
POLL,D,45.0,45,479634,4.9815,0
POLL,D,45.0,45,480020,4.9999,0
POLL,D,45.0,45,480406,5.0874,0
POLL,D,45.0,45,480779,5.1420,0
CSV,D,45.0,speed,1,3.0,45,4.4839,5.2616,0.7777,,485665,0.0012,0.0028,0.0000,0,unsettled
POLL,D,45.0,90,488531,5.2610,0
POLL,D,45.0,90,488917,5.2612,0
POLL,D,45.0,90,489290,5.2848,0
POLL,D,45.0,90,489676,5.3368,0
POLL,D,45.0,90,490062,5.4463,0
POLL,D,45.0,90,490448,5.5013,0
POLL,D,45.0,90,490819,5.6093,0
POLL,D,45.0,90,491206,5.6797,0
CSV,D,45.0,speed,2,3.0,90,5.2577,5.8884,0.6307,,496088,0.0017,-0.0027,0.0000,0,unsettled
SUM,D,45.0,speed,3,0.7741,0.1416,0.0818,0.6307,0.9139
[battery] block E
META,tare,refused
RETRY,E,0.0,refeed,0,shock,-0.0107,0.0469,533301
CSV,E,0.0,refeed,0,360.0,30,5.9327,5.9744,0.0417,,544861,0.0068,-0.0007,0.0000,1,ok
CSV,E,0.0,tap,0,1,,5.9904,5.9750,-0.0154,,552420,0.0082,0.0140,0.0000,0,unsettled
CSV,E,0.0,refeed,1,360.0,30,5.9812,6.0187,0.0375,,563999,0.0019,0.0057,0.0000,0,unsettled
RETRY,E,0.0,tap,1,shock,-0.0124,0.0128,571544
CSV,E,0.0,tap,1,1,,6.0156,6.0194,0.0038,,579109,0.0009,-0.0011,0.0000,1,ok
CSV,E,0.0,refeed,2,360.0,30,6.0126,6.0645,0.0519,,590669,0.0108,-0.0061,0.0000,0,unsettled
RETRY,E,0.0,tap,2,shock,-0.0123,0.0280,598221
CSV,E,0.0,tap,2,1,,6.0564,6.0631,0.0068,,605778,0.0062,-0.0080,0.0000,1,unsettled
CSV,E,0.0,refeed,3,360.0,30,6.0471,6.1068,0.0598,,617361,0.0100,-0.0158,0.0000,0,unsettled
CSV,E,0.0,tap,3,1,,6.1052,6.1041,-0.0011,,624907,0.0039,-0.0023,0.0000,0,unsettled
RETRY,E,0.0,refeed,4,shock,-0.0110,0.0606,636478
RETRY,E,0.0,refeed,4,shock,-0.0109,0.0653,648045
CSV,E,0.0,refeed,4,360.0,30,6.1700,6.2408,0.0709,,659617,0.0129,-0.0270,0.0000,2,unsettled
CSV,E,0.0,tap,4,1,,6.2469,6.2447,-0.0023,,667185,0.0022,0.0055,0.0000,0,unsettled
CSV,E,0.0,refeed,5,360.0,30,6.2308,6.2903,0.0595,,678745,0.0121,-0.0127,0.0000,0,unsettled
CSV,E,0.0,tap,5,1,,6.2964,6.2869,-0.0095,,686303,0.0061,0.0075,0.0000,0,unsettled
CSV,E,0.0,refeed,6,360.0,30,6.2781,6.3348,0.0567,,697870,0.0091,-0.0115,0.0000,0,unsettled
CSV,E,0.0,tap,6,1,,6.3471,6.3369,-0.0101,,705424,0.0075,0.0138,0.0000,0,unsettled
CSV,E,0.0,refeed,7,360.0,30,6.3125,6.3802,0.0677,,716995,0.0117,-0.0228,0.0000,0,unsettled
CSV,E,0.0,tap,7,1,,6.3820,6.3800,-0.0020,,724577,0.0069,0.0019,0.0000,0,unsettled
SUM,E,0.0,refeed,8,0.0557,0.0116,0.0041,0.0375,0.0709
SUM,E,0.0,tap,8,-0.0037,0.0075,0.0026,-0.0154,0.0068
META,tare,skipped-unstable
CSV,E,45.0,refeed,0,360.0,30,6.4121,6.5852,0.1731,,743391,0.0122,0.0263,0.0000,0,unsettled
CSV,E,45.0,tap,0,1,,6.5831,6.5823,-0.0008,,750945,0.0047,-0.0016,0.0000,0,unsettled
CSV,E,45.0,refeed,1,360.0,30,6.5848,6.7677,0.1829,,762519,0.0092,0.0016,0.0000,0,unsettled
CSV,E,45.0,tap,1,1,,6.7810,6.7694,-0.0116,,770084,0.0064,0.0123,0.0000,0,unsettled
CSV,E,45.0,refeed,2,360.0,30,6.7795,6.9410,0.1615,,781655,0.0140,0.0091,0.0000,0,unsettled
CSV,E,45.0,tap,2,1,,6.9522,6.9418,-0.0104,,789202,0.0041,0.0105,0.0000,0,unsettled
CSV,E,45.0,refeed,3,360.0,30,6.9412,7.1248,0.1836,,800769,0.0029,0.0016,0.0000,0,unsettled
RETRY,E,45.0,tap,3,shock,-0.0117,0.0031,808322
CSV,E,45.0,tap,3,1,,7.1283,7.1305,0.0023,,815890,0.0037,0.0071,0.0000,1,unsettled
CSV,E,45.0,refeed,4,360.0,30,7.1530,7.2965,0.1435,,827462,0.0049,0.0223,0.0000,0,unsettled
CSV,E,45.0,tap,4,1,,7.2920,7.2992,0.0071,,835004,0.0094,-0.0075,0.0000,0,unsettled
CSV,E,45.0,refeed,5,360.0,30,7.2996,7.4863,0.1867,,846580,0.0155,0.0028,0.0000,0,unsettled
RETRY,E,45.0,tap,5,shock,-0.0105,0.0002,854130
CSV,E,45.0,tap,5,1,,7.4855,7.4834,-0.0022,,861700,0.0033,0.0102,0.0000,1,ok
CSV,E,45.0,refeed,6,360.0,30,7.4851,7.6615,0.1764,,873261,0.0135,0.0000,0.0000,0,unsettled
CSV,E,45.0,tap,6,1,,7.6600,7.6573,-0.0027,,880824,0.0079,0.0009,0.0000,0,unsettled
CSV,E,45.0,refeed,7,360.0,30,7.6595,7.8486,0.1890,,892384,0.0118,0.0020,0.0000,0,unsettled
CSV,E,45.0,tap,7,1,,7.8579,7.8480,-0.0099,,900038,0.0059,0.0084,0.0000,0,unsettled
SUM,E,45.0,refeed,8,0.1746,0.0153,0.0054,0.1435,0.1890
SUM,E,45.0,tap,8,-0.0035,0.0067,0.0024,-0.0116,0.0071
META,park_tilt_deg,0.0
META,env.brackets,162
META,env.disturbed_trials,46
META,env.drift_corrected_g,0.8239
META,env.quiet_waits,5
META,env.retries,12
META,env.shock_events,28
META,env.shock_total_g,-0.1470
META,env.unsettled_brackets,118
RUN,END,ok
