import powder_battery
>>> powder_battery.run(powder_id='xanthan-gum', attended=False, blocks="H")
[vib] DRV2605L unavailable ([Errno 5] EIO); skipping init
RUN,BEGIN
META,powder_id,xanthan-gum
META,battery_version,3
META,blocks,H
META,tilts_deg,0.0;45.0;90.0
META,baseline_reads,8
META,hold_s,15
META,rotation_trials,6
META,rotation_step_deg,360.0
META,rotation_rpm,30.0
META,speed_rpms,15.0;45.0;90.0
META,speed_revs,3.0
META,tap_tilts,0.0;45.0
META,tap_trials,8
META,taps_per_point,1
META,refeed_deg,360.0
META,vib_bursts,3
META,dose_repeats,3
META,dose_target_g,1.0
META,dose_h_targets_g,0.0500;0.2000
META,dose_h_repeats,3
META,settle_ms,2000
META,min_flow_g,0.0005
META,bracket_n,6
META,bracket_ms,400
META,shock_g,0.01
META,max_resid_g,0.0015
META,quiet_tries,8
META,max_trial_retries,2
META,drift_correct,1
META,attended,0
META,config.SCALE_BAUD,19200
META,config.SCALE_BITS,8
META,config.SCALE_PARITY,0
META,config.SCALE_STABLE_TIMEOUT_MS,10000
META,config.SCALE_STOP,1
META,config.SERVO_SPEED_DEG_PER_S,60
META,config.STEPPER_ACCEL_REV_PER_S2,4.0
META,config.STEPPER_FULL_STEPS_REV,200
META,config.STEPPER_MICROSTEPS,8
META,config.STEPPER_SPEED_RPM,60
META,config.TAP_OFF_MS,150
META,config.TAP_ON_MS,60
META,config.TAP_PWM_DUTY,1.0
META,config.dose_bracket_interval_ms,250
META,config.dose_bracket_n,5
META,config.dose_max_baseline_g,10.0
META,config.dose_read_path,bracket
[battery] block H
PROMPT,block H (small closed-loop doses): EMPTY the collection cup now, then Enter ('skip'/'abort')
META,dose_h.thresholds.0.0500,0.0500;0.0250;0.0050
[battery] dose target 0.0500 g, thresholds 0.0500/0.0250/0.0050
[dose] three-phase dose to 0.0500 g; taring scale
[dose] tared: baseline +0.0 mg (subtracted), drift +0.0 mg/min, read noise 0.00 mg
=== phase 1/3 'bulk' skipped (0.0499 g to go is already <= 0.0500 g threshold)
=== phase 2/3 'fine' start: 0.0499 g to go, exit at 0.0250 g to go; angle 22.5 plate deg, 45 auger deg/cycle @ 30 rpm, 0 taps/cycle, settle 1500 ms
[phase 2 fine] cycle 1: mass 0.0100 / 0.0500 g (0.0400 g to go, +0.0099 g this cycle), elapsed 10.0 s
[phase 2 fine] cycle 2: mass 0.0166 / 0.0500 g (0.0334 g to go, +0.0066 g this cycle), elapsed 15.0 s
[phase 2 fine] cycle 3: mass 0.0419 / 0.0500 g (0.0081 g to go, +0.0254 g this cycle), elapsed 21.0 s
=== phase 2/3 'fine' end (3 cycles): mass 0.0419 / 0.0500 g (0.0081 g to go, +0.0419 g this phase), elapsed 21.0 s
=== phase 3/3 'tap' start: 0.0081 g to go, exit at 0.0050 g to go; angle 0.0 plate deg, 0 auger deg/cycle @ 0 rpm, 2 taps/cycle, settle 1500 ms
[phase 3 tap] cycle 1: mass 0.0333 / 0.0500 g (0.0167 g to go, -0.0086 g this cycle), elapsed 25.0 s
[phase 3 tap] cycle 2: mass 0.0280 / 0.0500 g (0.0220 g to go, -0.0053 g this cycle), elapsed 28.0 s
[phase 3 tap] cycle 3: mass 0.0322 / 0.0500 g (0.0178 g to go, +0.0043 g this cycle), elapsed 31.0 s
[phase 3 tap] cycle 4: mass 0.0149 / 0.0500 g (0.0351 g to go, -0.0173 g this cycle), elapsed 35.0 s
[phase 3 tap] cycle 5: mass 0.0320 / 0.0500 g (0.0180 g to go, +0.0171 g this cycle), elapsed 38.0 s
[phase 3 tap] cycle 6: mass 0.0330 / 0.0500 g (0.0170 g to go, +0.0010 g this cycle), elapsed 41.0 s
[phase 3 tap] cycle 7: mass 0.0237 / 0.0500 g (0.0263 g to go, -0.0093 g this cycle), elapsed 44.0 s
[phase 3 tap] cycle 8: mass 0.0243 / 0.0500 g (0.0257 g to go, +0.0006 g this cycle), elapsed 48.0 s
[phase 3 tap] cycle 9: mass 0.0189 / 0.0500 g (0.0311 g to go, -0.0054 g this cycle), elapsed 51.0 s
[phase 3 tap] cycle 10: mass 0.0459 / 0.0500 g (0.0041 g to go, +0.0270 g this cycle), elapsed 54.0 s
=== phase 3/3 'tap' end (10 cycles): mass 0.0459 / 0.0500 g (0.0041 g to go, +0.0039 g this phase), elapsed 54.0 s
[dose] done: DoseResult(ok: 0.0459/0.0500 g in 54.0s; cycles bulk:0, fine:3, tap:10; 0.38 auger rev, 20 taps)
DOSE,0,0.0500,0.0459,-0.0041,ok,54.0,0.38,20,bulk:0;fine:3;tap:10,54372,H
PROMPT,block H dose 0 done -- empty the cup for the next dose, then Enter ('skip'/'abort')
[dose] three-phase dose to 0.0500 g; taring scale
[dose] tared: baseline -0.1 mg (subtracted), drift -6.2 mg/min, read noise 0.08 mg
=== phase 1/3 'bulk' skipped (0.0500 g to go is already <= 0.0500 g threshold)
=== phase 2/3 'fine' start: 0.0500 g to go, exit at 0.0250 g to go; angle 22.5 plate deg, 45 auger deg/cycle @ 30 rpm, 0 taps/cycle, settle 1500 ms
[phase 2 fine] cycle 1: mass -0.0212 / 0.0500 g (0.0712 g to go, -0.0213 g this cycle), elapsed 10.0 s
[phase 2 fine] cycle 2: mass -0.0267 / 0.0500 g (0.0767 g to go, -0.0055 g this cycle), elapsed 16.0 s
[phase 2 fine] cycle 3: mass 0.0054 / 0.0500 g (0.0446 g to go, +0.0321 g this cycle), elapsed 21.0 s
[phase 2 fine] cycle 4: mass -0.0445 / 0.0500 g (0.0945 g to go, -0.0499 g this cycle), elapsed 26.0 s
[phase 2 fine] cycle 5: mass 0.0122 / 0.0500 g (0.0378 g to go, +0.0567 g this cycle), elapsed 32.0 s
[phase 2 fine] cycle 6: mass 0.0477 / 0.0500 g (0.0023 g to go, +0.0356 g this cycle), elapsed 37.0 s
=== phase 2/3 'fine' end (6 cycles): mass 0.0477 / 0.0500 g (0.0023 g to go, +0.0477 g this phase), elapsed 37.0 s
=== phase 3/3 'tap' skipped (0.0023 g to go is already <= 0.0050 g threshold)
[dose] done: DoseResult(ok: 0.0477/0.0500 g in 37.0s; cycles bulk:0, fine:6, tap:0; 0.75 auger rev, 0 taps)
DOSE,1,0.0500,0.0477,-0.0023,ok,37.0,0.75,0,bulk:0;fine:6;tap:0,91179,H
PROMPT,block H dose 1 done -- empty the cup for the next dose, then Enter ('skip'/'abort')
[dose] three-phase dose to 0.0500 g; taring scale
[dose] tared: baseline +0.1 mg (subtracted), drift -8.7 mg/min, read noise 0.05 mg
=== phase 1/3 'bulk' start: 0.0501 g to go, exit at 0.0500 g to go; angle 45.0 plate deg, CONTINUOUS @ 55 auger rpm (poll 250 ms, anticipation 0.1200 g), settle 800 ms
[phase 1 bulk] poll 1: mass -0.0004 / 0.0500 g (0.0504 g to go, -0.0003 g this poll), elapsed 5.0 s
[phase 1 bulk] auger halted at 0.0504 g to go (halt threshold 0.1700 g); settling 800 ms
[phase 1 bulk] settled: mass 0.0202 / 0.0500 g (0.0298 g to go, +0.0205 g while settling), elapsed 7.0 s
=== phase 1/3 'bulk' end (1 cycles): mass 0.0202 / 0.0500 g (0.0298 g to go, +0.0203 g this phase), elapsed 7.0 s
=== phase 2/3 'fine' start: 0.0298 g to go, exit at 0.0250 g to go; angle 22.5 plate deg, 45 auger deg/cycle @ 30 rpm, 0 taps/cycle, settle 1500 ms
[phase 2 fine] cycle 1: mass 0.1098 / 0.0500 g (0.0000 g to go, +0.0896 g this cycle), elapsed 13.0 s
=== phase 2/3 'fine' end (1 cycles): mass 0.1098 / 0.0500 g (0.0000 g to go, +0.0896 g this phase), elapsed 13.0 s
=== phase 3/3 'tap' skipped (-0.0598 g to go is already <= 0.0050 g threshold)
[dose] done: DoseResult(overshoot: 0.1098/0.0500 g in 13.0s; cycles bulk:1, fine:1, tap:0; 0.13 auger rev, 0 taps)
DOSE,2,0.0500,0.1098,0.0598,overshoot,13.0,0.13,0,bulk:1;fine:1;tap:0,104770,H
PROMPT,block H dose 2 done -- empty the cup for the next dose, then Enter ('skip'/'abort')
META,dose_h.thresholds.0.2000,0.2000;0.0500;0.0050
[battery] dose target 0.2000 g, thresholds 0.2000/0.0500/0.0050
[dose] three-phase dose to 0.2000 g; taring scale
[dose] tared: baseline +0.0 mg (subtracted), drift -2.0 mg/min, read noise 0.05 mg
=== phase 1/3 'bulk' start: 0.2000 g to go, exit at 0.2000 g to go; angle 45.0 plate deg, CONTINUOUS @ 55 auger rpm (poll 250 ms, anticipation 0.1200 g), settle 800 ms
[phase 1 bulk] poll 1 (unstable): mass -0.0133 / 0.2000 g (0.2133 g to go, -0.0133 g this poll), elapsed 6.0 s
[phase 1 bulk] auger halted at 0.2133 g to go (halt threshold 0.3200 g); settling 800 ms
[phase 1 bulk] settled: mass 0.0048 / 0.2000 g (0.1952 g to go, +0.0181 g while settling), elapsed 8.0 s
=== phase 1/3 'bulk' end (1 cycles): mass 0.0048 / 0.2000 g (0.1952 g to go, +0.0048 g this phase), elapsed 8.0 s
=== phase 2/3 'fine' start: 0.1952 g to go, exit at 0.0500 g to go; angle 22.5 plate deg, 45 auger deg/cycle @ 30 rpm, 0 taps/cycle, settle 1500 ms
[phase 2 fine] cycle 1: mass 0.0148 / 0.2000 g (0.1852 g to go, +0.0101 g this cycle), elapsed 14.0 s
[phase 2 fine] cycle 2: mass 0.0091 / 0.2000 g (0.1909 g to go, -0.0057 g this cycle), elapsed 19.0 s
[phase 2 fine] cycle 3: mass 0.0392 / 0.2000 g (0.1608 g to go, +0.0301 g this cycle), elapsed 25.0 s
[phase 2 fine] cycle 4: mass 0.0556 / 0.2000 g (0.1444 g to go, +0.0164 g this cycle), elapsed 30.0 s
[phase 2 fine] cycle 5: mass 0.0925 / 0.2000 g (0.1075 g to go, +0.0369 g this cycle), elapsed 35.0 s
[phase 2 fine] cycle 6: mass 0.1316 / 0.2000 g (0.0684 g to go, +0.0391 g this cycle), elapsed 40.0 s
[phase 2 fine] cycle 7: mass 0.1696 / 0.2000 g (0.0304 g to go, +0.0380 g this cycle), elapsed 46.0 s
=== phase 2/3 'fine' end (7 cycles): mass 0.1696 / 0.2000 g (0.0304 g to go, +0.1648 g this phase), elapsed 46.0 s
=== phase 3/3 'tap' start: 0.0304 g to go, exit at 0.0050 g to go; angle 0.0 plate deg, 0 auger deg/cycle @ 0 rpm, 2 taps/cycle, settle 1500 ms
[phase 3 tap] cycle 1: mass 0.1669 / 0.2000 g (0.0331 g to go, -0.0027 g this cycle), elapsed 50.0 s
[phase 3 tap] cycle 2: mass 0.1528 / 0.2000 g (0.0472 g to go, -0.0141 g this cycle), elapsed 53.0 s
[phase 3 tap] cycle 3: mass 0.1879 / 0.2000 g (0.0121 g to go, +0.0351 g this cycle), elapsed 57.0 s
[phase 3 tap] cycle 4: mass 0.1864 / 0.2000 g (0.0136 g to go, -0.0015 g this cycle), elapsed 60.0 s
[phase 3 tap] cycle 5: mass 0.1865 / 0.2000 g (0.0135 g to go, +0.0001 g this cycle), elapsed 63.0 s
[phase 3 tap] cycle 6: mass 0.1726 / 0.2000 g (0.0274 g to go, -0.0139 g this cycle), elapsed 67.0 s
[phase 3 tap] lip empty; nudging auger 5.0 deg (nudge 1/10)
[phase 3 tap] cycle 7: mass 0.1938 / 0.2000 g (0.0062 g to go, +0.0211 g this cycle), elapsed 72.0 s
[phase 3 tap] cycle 8: mass 0.1850 / 0.2000 g (0.0150 g to go, -0.0088 g this cycle), elapsed 75.0 s
[phase 3 tap] cycle 9: mass 0.1914 / 0.2000 g (0.0086 g to go, +0.0064 g this cycle), elapsed 79.0 s
[phase 3 tap] cycle 10: mass 0.1926 / 0.2000 g (0.0074 g to go, +0.0012 g this cycle), elapsed 82.0 s
[phase 3 tap] cycle 11: mass 0.2025 / 0.2000 g (0.0000 g to go, +0.0099 g this cycle), elapsed 85.0 s
=== phase 3/3 'tap' end (11 cycles): mass 0.2025 / 0.2000 g (0.0000 g to go, +0.0329 g this phase), elapsed 85.0 s
[dose] done: DoseResult(ok: 0.2025/0.2000 g in 85.0s; cycles bulk:1, fine:7, tap:11; 0.89 auger rev, 22 taps)
DOSE,3,0.2000,0.2025,0.0025,ok,85.0,0.89,22,bulk:1;fine:7;tap:11,189584,H
PROMPT,block H dose 3 done -- empty the cup for the next dose, then Enter ('skip'/'abort')
[dose] three-phase dose to 0.2000 g; taring scale
[dose] tared: baseline +0.1 mg (subtracted), drift +7.3 mg/min, read noise 0.07 mg
=== phase 1/3 'bulk' start: 0.2006 g to go, exit at 0.2000 g to go; angle 45.0 plate deg, CONTINUOUS @ 55 auger rpm (poll 250 ms, anticipation 0.1200 g), settle 800 ms
[phase 1 bulk] poll 1 (unstable): mass -0.0313 / 0.2000 g (0.2313 g to go, -0.0307 g this poll), elapsed 6.0 s
[phase 1 bulk] auger halted at 0.2313 g to go (halt threshold 0.3200 g); settling 800 ms
[phase 1 bulk] settled: mass -0.0381 / 0.2000 g (0.2381 g to go, -0.0068 g while settling), elapsed 9.0 s
=== phase 1/3 'bulk' end (1 cycles): mass -0.0381 / 0.2000 g (0.2381 g to go, -0.0375 g this phase), elapsed 9.0 s
=== phase 2/3 'fine' start: 0.2381 g to go, exit at 0.0500 g to go; angle 22.5 plate deg, 45 auger deg/cycle @ 30 rpm, 0 taps/cycle, settle 1500 ms
[phase 2 fine] cycle 1: mass -0.0047 / 0.2000 g (0.2047 g to go, +0.0334 g this cycle), elapsed 15.0 s
[phase 2 fine] cycle 2: mass 0.0485 / 0.2000 g (0.1515 g to go, +0.0532 g this cycle), elapsed 20.0 s
[phase 2 fine] cycle 3: mass 0.0573 / 0.2000 g (0.1427 g to go, +0.0089 g this cycle), elapsed 25.0 s
[phase 2 fine] cycle 4: mass 0.0371 / 0.2000 g (0.1629 g to go, -0.0202 g this cycle), elapsed 30.0 s
[phase 2 fine] cycle 5: mass 0.1221 / 0.2000 g (0.0779 g to go, +0.0849 g this cycle), elapsed 36.0 s
[phase 2 fine] cycle 6: mass 0.1391 / 0.2000 g (0.0609 g to go, +0.0170 g this cycle), elapsed 41.0 s
[phase 2 fine] cycle 7: mass 0.1679 / 0.2000 g (0.0321 g to go, +0.0288 g this cycle), elapsed 46.0 s
=== phase 2/3 'fine' end (7 cycles): mass 0.1679 / 0.2000 g (0.0321 g to go, +0.2060 g this phase), elapsed 46.0 s
=== phase 3/3 'tap' start: 0.0321 g to go, exit at 0.0050 g to go; angle 0.0 plate deg, 0 auger deg/cycle @ 0 rpm, 2 taps/cycle, settle 1500 ms
[phase 3 tap] cycle 1: mass 0.1544 / 0.2000 g (0.0456 g to go, -0.0134 g this cycle), elapsed 50.0 s
[phase 3 tap] cycle 2: mass 0.1423 / 0.2000 g (0.0577 g to go, -0.0121 g this cycle), elapsed 54.0 s
[phase 3 tap] cycle 3: mass 0.1457 / 0.2000 g (0.0543 g to go, +0.0034 g this cycle), elapsed 57.0 s
[phase 3 tap] cycle 4: mass 0.1670 / 0.2000 g (0.0330 g to go, +0.0213 g this cycle), elapsed 60.0 s
[phase 3 tap] cycle 5: mass 0.1636 / 0.2000 g (0.0364 g to go, -0.0034 g this cycle), elapsed 63.0 s
[phase 3 tap] cycle 6: mass 0.1585 / 0.2000 g (0.0415 g to go, -0.0050 g this cycle), elapsed 67.0 s
[phase 3 tap] cycle 7: mass 0.1499 / 0.2000 g (0.0501 g to go, -0.0086 g this cycle), elapsed 70.0 s
[phase 3 tap] lip empty; nudging auger 5.0 deg (nudge 1/10)
[phase 3 tap] cycle 8: mass 0.1523 / 0.2000 g (0.0477 g to go, +0.0024 g this cycle), elapsed 76.0 s
[phase 3 tap] cycle 9: mass 0.1595 / 0.2000 g (0.0405 g to go, +0.0072 g this cycle), elapsed 79.0 s
[phase 3 tap] cycle 10: mass 0.1693 / 0.2000 g (0.0307 g to go, +0.0098 g this cycle), elapsed 82.0 s
[phase 3 tap] cycle 11: mass 0.1875 / 0.2000 g (0.0125 g to go, +0.0181 g this cycle), elapsed 85.0 s
[phase 3 tap] cycle 12: mass 0.2026 / 0.2000 g (0.0000 g to go, +0.0151 g this cycle), elapsed 89.0 s
=== phase 3/3 'tap' end (12 cycles): mass 0.2026 / 0.2000 g (0.0000 g to go, +0.0347 g this phase), elapsed 89.0 s
[dose] done: DoseResult(ok: 0.2026/0.2000 g in 89.0s; cycles bulk:1, fine:7, tap:12; 0.89 auger rev, 24 taps)
DOSE,4,0.2000,0.2026,0.0026,ok,89.0,0.89,24,bulk:1;fine:7;tap:12,277945,H
PROMPT,block H dose 4 done -- empty the cup for the next dose, then Enter ('skip'/'abort')
[dose] three-phase dose to 0.2000 g; taring scale
[dose] tared: baseline -0.2 mg (subtracted), drift -1.7 mg/min, read noise 0.06 mg
=== phase 1/3 'bulk' skipped (0.1998 g to go is already <= 0.2000 g threshold)
=== phase 2/3 'fine' start: 0.1998 g to go, exit at 0.0500 g to go; angle 22.5 plate deg, 45 auger deg/cycle @ 30 rpm, 0 taps/cycle, settle 1500 ms
[phase 2 fine] cycle 1: mass -0.0227 / 0.2000 g (0.2227 g to go, -0.0229 g this cycle), elapsed 10.0 s
[phase 2 fine] cycle 2: mass -0.0250 / 0.2000 g (0.2250 g to go, -0.0023 g this cycle), elapsed 15.0 s
[phase 2 fine] cycle 3: mass -0.0116 / 0.2000 g (0.2116 g to go, +0.0134 g this cycle), elapsed 20.0 s
[phase 2 fine] cycle 4: mass 0.0034 / 0.2000 g (0.1966 g to go, +0.0150 g this cycle), elapsed 26.0 s
[phase 2 fine] cycle 5: mass 0.0397 / 0.2000 g (0.1603 g to go, +0.0364 g this cycle), elapsed 31.0 s
[phase 2 fine] cycle 6: mass 0.0696 / 0.2000 g (0.1304 g to go, +0.0299 g this cycle), elapsed 36.0 s
[phase 2 fine] cycle 7: mass 0.1035 / 0.2000 g (0.0965 g to go, +0.0339 g this cycle), elapsed 41.0 s
[phase 2 fine] cycle 8: mass 0.1264 / 0.2000 g (0.0736 g to go, +0.0229 g this cycle), elapsed 47.0 s
[phase 2 fine] cycle 9: mass 0.1515 / 0.2000 g (0.0485 g to go, +0.0251 g this cycle), elapsed 52.0 s
=== phase 2/3 'fine' end (9 cycles): mass 0.1515 / 0.2000 g (0.0485 g to go, +0.1514 g this phase), elapsed 52.0 s
=== phase 3/3 'tap' start: 0.0485 g to go, exit at 0.0050 g to go; angle 0.0 plate deg, 0 auger deg/cycle @ 0 rpm, 2 taps/cycle, settle 1500 ms
[phase 3 tap] cycle 1: mass 0.1373 / 0.2000 g (0.0627 g to go, -0.0142 g this cycle), elapsed 56.0 s
[phase 3 tap] cycle 2: mass 0.1542 / 0.2000 g (0.0458 g to go, +0.0168 g this cycle), elapsed 59.0 s
[phase 3 tap] cycle 3: mass 0.1653 / 0.2000 g (0.0347 g to go, +0.0111 g this cycle), elapsed 63.0 s
[phase 3 tap] cycle 4: mass 0.1581 / 0.2000 g (0.0419 g to go, -0.0072 g this cycle), elapsed 66.0 s
[phase 3 tap] cycle 5: mass 0.1426 / 0.2000 g (0.0574 g to go, -0.0155 g this cycle), elapsed 69.0 s
[phase 3 tap] cycle 6: mass 0.1564 / 0.2000 g (0.0436 g to go, +0.0138 g this cycle), elapsed 72.0 s
[phase 3 tap] cycle 7: mass 0.1662 / 0.2000 g (0.0338 g to go, +0.0097 g this cycle), elapsed 76.0 s
[phase 3 tap] cycle 8: mass 0.1437 / 0.2000 g (0.0563 g to go, -0.0224 g this cycle), elapsed 79.0 s
[phase 3 tap] cycle 9: mass 0.1367 / 0.2000 g (0.0633 g to go, -0.0070 g this cycle), elapsed 83.0 s
[phase 3 tap] cycle 10: mass 0.1485 / 0.2000 g (0.0515 g to go, +0.0118 g this cycle), elapsed 86.0 s
[phase 3 tap] cycle 11: mass 0.1533 / 0.2000 g (0.0467 g to go, +0.0047 g this cycle), elapsed 89.0 s
[phase 3 tap] cycle 12: mass 0.1568 / 0.2000 g (0.0432 g to go, +0.0035 g this cycle), elapsed 92.0 s
[phase 3 tap] cycle 13: mass 0.1431 / 0.2000 g (0.0569 g to go, -0.0137 g this cycle), elapsed 96.0 s
[phase 3 tap] cycle 14: mass 0.1475 / 0.2000 g (0.0525 g to go, +0.0045 g this cycle), elapsed 99.0 s
[phase 3 tap] cycle 15: mass 0.1523 / 0.2000 g (0.0477 g to go, +0.0047 g this cycle), elapsed 102.0 s
[phase 3 tap] cycle 16: mass 0.1592 / 0.2000 g (0.0408 g to go, +0.0069 g this cycle), elapsed 105.0 s
[phase 3 tap] cycle 17: mass 0.1527 / 0.2000 g (0.0473 g to go, -0.0064 g this cycle), elapsed 109.0 s
[phase 3 tap] cycle 18: mass 0.1560 / 0.2000 g (0.0440 g to go, +0.0033 g this cycle), elapsed 112.0 s
[phase 3 tap] cycle 19: mass 0.1629 / 0.2000 g (0.0371 g to go, +0.0069 g this cycle), elapsed 115.0 s
[phase 3 tap] cycle 20: mass 0.1739 / 0.2000 g (0.0261 g to go, +0.0110 g this cycle), elapsed 118.0 s
[phase 3 tap] cycle 21: mass 0.1461 / 0.2000 g (0.0539 g to go, -0.0278 g this cycle), elapsed 122.0 s
[phase 3 tap] cycle 22: mass 0.1498 / 0.2000 g (0.0502 g to go, +0.0038 g this cycle), elapsed 125.0 s
[phase 3 tap] cycle 23: mass 0.1783 / 0.2000 g (0.0217 g to go, +0.0284 g this cycle), elapsed 128.0 s
[phase 3 tap] cycle 24: mass 0.1528 / 0.2000 g (0.0472 g to go, -0.0255 g this cycle), elapsed 131.0 s
[phase 3 tap] cycle 25: mass 0.1709 / 0.2000 g (0.0291 g to go, +0.0181 g this cycle), elapsed 134.0 s
[phase 3 tap] cycle 26: mass 0.1257 / 0.2000 g (0.0743 g to go, -0.0452 g this cycle), elapsed 138.0 s
[phase 3 tap] cycle 27: mass 0.1726 / 0.2000 g (0.0274 g to go, +0.0469 g this cycle), elapsed 141.0 s
[phase 3 tap] cycle 28: mass 0.1654 / 0.2000 g (0.0346 g to go, -0.0072 g this cycle), elapsed 144.0 s
[phase 3 tap] cycle 29: mass 0.1458 / 0.2000 g (0.0542 g to go, -0.0197 g this cycle), elapsed 148.0 s
[phase 3 tap] cycle 30: mass 0.1932 / 0.2000 g (0.0068 g to go, +0.0475 g this cycle), elapsed 151.0 s
[phase 3 tap] cycle 31: mass 0.1473 / 0.2000 g (0.0527 g to go, -0.0459 g this cycle), elapsed 154.0 s
[phase 3 tap] cycle 32: mass 0.1384 / 0.2000 g (0.0616 g to go, -0.0089 g this cycle), elapsed 158.0 s
[phase 3 tap] cycle 33: mass 0.1709 / 0.2000 g (0.0291 g to go, +0.0325 g this cycle), elapsed 161.0 s
[phase 3 tap] cycle 34: mass 0.1583 / 0.2000 g (0.0417 g to go, -0.0126 g this cycle), elapsed 164.0 s
[phase 3 tap] cycle 35: mass 0.1679 / 0.2000 g (0.0321 g to go, +0.0096 g this cycle), elapsed 167.0 s
[phase 3 tap] cycle 36: mass 0.1396 / 0.2000 g (0.0604 g to go, -0.0283 g this cycle), elapsed 171.0 s
[phase 3 tap] cycle 37: mass 0.1637 / 0.2000 g (0.0363 g to go, +0.0242 g this cycle), elapsed 174.0 s
[phase 3 tap] cycle 38: mass 0.1510 / 0.2000 g (0.0490 g to go, -0.0128 g this cycle), elapsed 177.0 s
[phase 3 tap] cycle 39: mass 0.1392 / 0.2000 g (0.0608 g to go, -0.0118 g this cycle), elapsed 180.0 s
[phase 3 tap] cycle 40: mass 0.1556 / 0.2000 g (0.0444 g to go, +0.0164 g this cycle), elapsed 184.0 s
[phase 3 tap] cycle 41: mass 0.1592 / 0.2000 g (0.0408 g to go, +0.0036 g this cycle), elapsed 187.0 s
[phase 3 tap] cycle 42: mass 0.1663 / 0.2000 g (0.0337 g to go, +0.0071 g this cycle), elapsed 190.0 s
[phase 3 tap] cycle 43: mass 0.1355 / 0.2000 g (0.0645 g to go, -0.0308 g this cycle), elapsed 194.0 s
[phase 3 tap] cycle 44: mass 0.1304 / 0.2000 g (0.0696 g to go, -0.0052 g this cycle), elapsed 197.0 s
[phase 3 tap] cycle 45: mass 0.1359 / 0.2000 g (0.0641 g to go, +0.0055 g this cycle), elapsed 200.0 s
[phase 3 tap] cycle 46: mass 0.1476 / 0.2000 g (0.0524 g to go, +0.0117 g this cycle), elapsed 203.0 s
[phase 3 tap] cycle 47: mass 0.1442 / 0.2000 g (0.0558 g to go, -0.0034 g this cycle), elapsed 206.0 s
[phase 3 tap] cycle 48: mass 0.1311 / 0.2000 g (0.0689 g to go, -0.0131 g this cycle), elapsed 210.0 s
[phase 3 tap] cycle 49: mass 0.1341 / 0.2000 g (0.0659 g to go, +0.0030 g this cycle), elapsed 213.0 s
[phase 3 tap] cycle 50: mass 0.1443 / 0.2000 g (0.0557 g to go, +0.0102 g this cycle), elapsed 216.0 s
[phase 3 tap] cycle 51: mass 0.1563 / 0.2000 g (0.0437 g to go, +0.0120 g this cycle), elapsed 220.0 s
[phase 3 tap] cycle 52: mass 0.1461 / 0.2000 g (0.0539 g to go, -0.0102 g this cycle), elapsed 223.0 s
[phase 3 tap] cycle 53: mass 0.2035 / 0.2000 g (0.0000 g to go, +0.0574 g this cycle), elapsed 226.0 s
=== phase 3/3 'tap' end (53 cycles): mass 0.2035 / 0.2000 g (0.0000 g to go, +0.0519 g this phase), elapsed 226.0 s
[dose] done: DoseResult(ok: 0.2035/0.2000 g in 226.0s; cycles bulk:0, fine:9, tap:53; 1.13 auger rev, 106 taps)
DOSE,5,0.2000,0.2035,0.0035,ok,226.0,1.13,106,bulk:0;fine:9;tap:53,504597,H
META,park_tilt_deg,0.0
META,env.brackets,0
META,env.disturbed_trials,0
META,env.drift_corrected_g,0.0000
META,env.quiet_waits,0
META,env.retries,0
META,env.shock_events,0
META,env.shock_total_g,0.0000
META,env.unsettled_brackets,0
RUN,END,ok
