--- session 2026-09-30T21:50:16.552993+00:00 ---
>> 

>>> 

>>> 
raw REPL; CTRL-B to exit
>OK
MPY: soft reboot
raw REPL; CTRL-B to exit
>
MicroPython v1.28.0 on 2026-04-06; Raspberry Pi Pico W with RP2040
Type "help()" for more information.
>>> 
>> import sys; sys.path.insert(0, '/trickle_tap'); import main_trickle; main_trickle.main()
import sys; sys.path.insert(0, '/trickle_tap'); import main_trickle; main_trickle.main()
[rig] bringing up powder-doser test module (TRICKLE-TAP manual runner, PR #154; no haptics)
[rig] ready -- 'h' for help, 'g' doses 0.75 g
firmware: trickle_tap/2026-09-30b
heap: 123680 bytes free, 81760 used
stepper: 60 auger rpm (max ~109), 1/8 microsteps; plate at 0.0 deg; scale UART0 @ 19200
trickle parameters ('set <key> <value>' to change):
  bulk_anticipation_g = 0.05
  bulk_boost_s = 3.0
  bulk_enabled = True
  bulk_max_passes = 8
  bulk_min_rpm = 20.0
  bulk_only = False
  bulk_poll_ms = 250
  bulk_rpm = 55.0
  bulk_settle_ms = 1500
  bulk_tap = False
  bulk_taper_start_g = 0.1
  bulk_tilt_deg = 30.0
  cutoff_margin_g = 0.035
  dose_timeout_s = 600
  ff_prior_g_per_rev = 0.35
  final_settle_ms = 2000
  goal_mass_g = 0.75
  k_sigma = 1.0
  kf_q_var = 0.0002
  log_max_rows = 1200
  log_min_free_bytes = 24000
  log_to_flash = True
  max_poll_misses = 10
  noisy_sd_g = 0.008
  overshoot_abort_g = 0.1
  post_trickle_settle_ms = 1200
  print_every_n_polls = 2
  quiet_sd_g = 0.0005
  rate_tau_s = 0.5
  stall_bail_s = 8.0
  tap_burst_above_g = 0.0
  tap_burst_taps = 2
  tap_cadence_off_ms = 440
  tap_cadence_on_ms = 60
  tap_max_cycles = 120
  tap_max_nudges = 20
  tap_nudge_deg = 5.0
  tap_settle_ms = 1500
  tap_tilt_deg = 10.0
  taps_per_cycle = 1
  tau_afterflow_s = 0.3
  tau_bal_s = 0.7
  tolerance_g = 0.005
  trickle_dt_s = 0.25
  trickle_integ_clamp = 0.5
  trickle_ki = 120.0
  trickle_kp = 250.0
  trickle_max_rate_gps = 0.05
  trickle_min_rate_gps = 0.003
  trickle_rpm_cap = 45.0
  trickle_start_remaining_g = 0.25
  trickle_tap = False
  trickle_tilt_deg = 15.0
>> set bulk_anticipation_g 0.05
[set] bulk_anticipation_g = 0.05 (was 0.05)
>> set bulk_boost_s 3
[set] bulk_boost_s = 3.0 (was 3.0)
>> set bulk_enabled 1
[set] bulk_enabled = True (was True)
>> set bulk_max_passes 8
[set] bulk_max_passes = 8 (was 8)
>> set bulk_min_rpm 20
[set] bulk_min_rpm = 20.0 (was 20.0)
>> set bulk_only 1
[set] bulk_only = True (was False)
>> set bulk_poll_ms 250
[set] bulk_poll_ms = 250 (was 250)
>> set bulk_settle_ms 1500
[set] bulk_settle_ms = 1500 (was 1500)
>> set bulk_taper_start_g 0.1
[set] bulk_taper_start_g = 0.1 (was 0.1)
>> set cutoff_margin_g 0.035
[set] cutoff_margin_g = 0.035 (was 0.035)
>> set dose_timeout_s 600
[set] dose_timeout_s = 600 (was 600)
>> set ff_prior_g_per_rev 0.35
[set] ff_prior_g_per_rev = 0.35 (was 0.35)
>> set final_settle_ms 2000
[set] final_settle_ms = 2000 (was 2000)
>> set k_sigma 1
[set] k_sigma = 1.0 (was 1.0)
>> set kf_q_var 0.0002
[set] kf_q_var = 0.0002 (was 0.0002)
>> set log_max_rows 1200
[set] log_max_rows = 1200 (was 1200)
>> set log_min_free_bytes 24000
[set] log_min_free_bytes = 24000 (was 24000)
>> set log_to_flash 0
[set] log_to_flash = False (was True)
>> set max_poll_misses 10
[set] max_poll_misses = 10 (was 10)
>> set noisy_sd_g 0.008
[set] noisy_sd_g = 0.008 (was 0.008)
>> set overshoot_abort_g 0.1
[set] overshoot_abort_g = 0.1 (was 0.1)
>> set post_trickle_settle_ms 1200
[set] post_trickle_settle_ms = 1200 (was 1200)
>> set print_every_n_polls 2
[set] print_every_n_polls = 2 (was 2)
>> set quiet_sd_g 0.0005
[set] quiet_sd_g = 0.0005 (was 0.0005)
>> set rate_tau_s 0.5
[set] rate_tau_s = 0.5 (was 0.5)
>> set stall_bail_s 8
[set] stall_bail_s = 8.0 (was 8.0)
>> set tap_burst_above_g 0
[set] tap_burst_above_g = 0.0 (was 0.0)
>> set tap_burst_taps 2
[set] tap_burst_taps = 2 (was 2)
>> set tap_cadence_off_ms 440
[set] tap_cadence_off_ms = 440 (was 440)
>> set tap_cadence_on_ms 60
[set] tap_cadence_on_ms = 60 (was 60)
>> set tap_max_cycles 120
[set] tap_max_cycles = 120 (was 120)
>> set tap_max_nudges 20
[set] tap_max_nudges = 20 (was 20)
>> set tap_nudge_deg 5
[set] tap_nudge_deg = 5.0 (was 5.0)
>> set tap_settle_ms 1500
[set] tap_settle_ms = 1500 (was 1500)
>> set taps_per_cycle 1
[set] taps_per_cycle = 1 (was 1)
>> set tau_afterflow_s 0.3
[set] tau_afterflow_s = 0.3 (was 0.3)
>> set tau_bal_s 0.7
[set] tau_bal_s = 0.7 (was 0.7)
>> set trickle_dt_s 0.25
[set] trickle_dt_s = 0.25 (was 0.25)
>> set trickle_integ_clamp 0.5
[set] trickle_integ_clamp = 0.5 (was 0.5)
>> set trickle_ki 120
[set] trickle_ki = 120.0 (was 120.0)
>> set trickle_kp 250
[set] trickle_kp = 250.0 (was 250.0)
>> set trickle_max_rate_gps 0.05
[set] trickle_max_rate_gps = 0.05 (was 0.05)
>> set trickle_min_rate_gps 0.003
[set] trickle_min_rate_gps = 0.003 (was 0.003)
>> set trickle_rpm_cap 45
[set] trickle_rpm_cap = 45.0 (was 45.0)
>> set bulk_tap 1
[set] bulk_tap = True (was False)
>> set trickle_tap 0
[set] trickle_tap = False (was False)
>> set bulk_tilt_deg 40
[set] bulk_tilt_deg = 40.0 (was 30.0)
>> set trickle_tilt_deg 40
[set] trickle_tilt_deg = 40.0 (was 15.0)
>> set tap_tilt_deg 40
[set] tap_tilt_deg = 40.0 (was 10.0)
>> set bulk_rpm 100
[set] bulk_rpm = 100.0 (was 55.0)
>> set trickle_start_remaining_g 0.3
[set] trickle_start_remaining_g = 0.3 (was 0.25)
>> set tolerance_g 0.003
[set] tolerance_g = 0.003 (was 0.005)
>> set tau_afterflow_s 0.8338
[set] tau_afterflow_s = 0.8338 (was 0.3)
>> g 0.3189
[dose] trickle-tap dose to 0.3189 g (tol 3.0 mg, trickle tilt 40.0 plate deg); taring scale
[dose] tared: baseline +0.2 mg (subtracted), drift -43.7 mg/min, read noise 0.06 mg
=== stage 1 'bulk' (bulk_only): 0.3193 g to go at 40.0 plate deg; 100 rpm tapering to 20 over the last 100 mg, x1.5 after 3.0 s without flow; halt when m + slope*0.83s >= 0.3174 g; cadence taps on
[phase 1 bulk-only] poll 1: mass -0.0002 / 0.3189 g (0.3191 g to go), 100 rpm, 0.0 mg/s, elapsed 6.8 s
[phase 1 bulk-only] poll 2: mass -0.0002 / 0.3189 g (0.3191 g to go), 100 rpm, 0.0 mg/s, elapsed 7.1 s
[phase 1 bulk-only] poll 3: mass -0.0004 / 0.3189 g (0.3193 g to go), 100 rpm, 0.0 mg/s, elapsed 7.4 s
[phase 1 bulk-only] poll 4: mass 0.0055 / 0.3189 g (0.3134 g to go), 100 rpm, 0.0 mg/s, elapsed 7.8 s
[phase 1 bulk-only] poll 5: mass 0.0098 / 0.3189 g (0.3091 g to go), 100 rpm, 0.0 mg/s, elapsed 8.2 s
[phase 1 bulk-only] poll 6: mass 0.0141 / 0.3189 g (0.3048 g to go), 100 rpm, 8.6 mg/s, elapsed 8.6 s
[phase 1 bulk-only] poll 7: mass 0.0191 / 0.3189 g (0.2998 g to go), 100 rpm, 11.3 mg/s, elapsed 8.9 s
[phase 1 bulk-only] poll 8: mass 0.0256 / 0.3189 g (0.2933 g to go), 100 rpm, 13.1 mg/s, elapsed 9.3 s
[phase 1 bulk-only] poll 9: mass 0.0296 / 0.3189 g (0.2893 g to go), 100 rpm, 13.0 mg/s, elapsed 9.7 s
[phase 1 bulk-only] poll 10: mass 0.0351 / 0.3189 g (0.2838 g to go), 100 rpm, 13.4 mg/s, elapsed 10.1 s
[phase 1 bulk-only] poll 11: mass 0.0401 / 0.3189 g (0.2788 g to go), 100 rpm, 13.6 mg/s, elapsed 10.5 s
[phase 1 bulk-only] poll 12: mass 0.0454 / 0.3189 g (0.2735 g to go), 100 rpm, 13.5 mg/s, elapsed 10.9 s
[phase 1 bulk-only] poll 13: mass 0.0489 / 0.3189 g (0.2700 g to go), 100 rpm, 12.6 mg/s, elapsed 11.2 s
[phase 1 bulk-only] poll 14: mass 0.0549 / 0.3189 g (0.2640 g to go), 100 rpm, 12.9 mg/s, elapsed 11.6 s
[phase 1 bulk-only] poll 15: mass 0.0583 / 0.3189 g (0.2606 g to go), 100 rpm, 12.3 mg/s, elapsed 12.0 s
[phase 1 bulk-only] poll 16: mass 0.0615 / 0.3189 g (0.2574 g to go), 100 rpm, 11.3 mg/s, elapsed 12.4 s
[phase 1 bulk-only] poll 17: mass 0.0670 / 0.3189 g (0.2519 g to go), 100 rpm, 11.2 mg/s, elapsed 12.8 s
[phase 1 bulk-only] poll 18: mass 0.0709 / 0.3189 g (0.2480 g to go), 100 rpm, 11.2 mg/s, elapsed 13.1 s
[phase 1 bulk-only] poll 19: mass 0.0752 / 0.3189 g (0.2437 g to go), 100 rpm, 10.8 mg/s, elapsed 13.5 s
[phase 1 bulk-only] poll 20: mass 0.0802 / 0.3189 g (0.2387 g to go), 100 rpm, 11.5 mg/s, elapsed 13.9 s
[phase 1 bulk-only] poll 21: mass 0.0848 / 0.3189 g (0.2341 g to go), 100 rpm, 12.0 mg/s, elapsed 14.3 s
[phase 1 bulk-only] poll 22: mass 0.0890 / 0.3189 g (0.2299 g to go), 100 rpm, 11.7 mg/s, elapsed 14.7 s
[phase 1 bulk-only] poll 23: mass 0.0932 / 0.3189 g (0.2257 g to go), 100 rpm, 11.7 mg/s, elapsed 15.1 s
[phase 1 bulk-only] poll 24: mass 0.0969 / 0.3189 g (0.2220 g to go), 100 rpm, 11.3 mg/s, elapsed 15.4 s
[phase 1 bulk-only] poll 25: mass 0.1020 / 0.3189 g (0.2169 g to go), 100 rpm, 11.1 mg/s, elapsed 15.8 s
[phase 1 bulk-only] poll 26: mass 0.1061 / 0.3189 g (0.2128 g to go), 100 rpm, 11.2 mg/s, elapsed 16.2 s
[phase 1 bulk-only] poll 27: mass 0.1089 / 0.3189 g (0.2100 g to go), 100 rpm, 10.7 mg/s, elapsed 16.6 s
[phase 1 bulk-only] poll 28: mass 0.1155 / 0.3189 g (0.2034 g to go), 100 rpm, 11.3 mg/s, elapsed 17.0 s
[phase 1 bulk-only] poll 29: mass 0.1209 / 0.3189 g (0.1980 g to go), 100 rpm, 12.2 mg/s, elapsed 17.4 s
[phase 1 bulk-only] poll 30: mass 0.1242 / 0.3189 g (0.1947 g to go), 100 rpm, 12.1 mg/s, elapsed 17.7 s
[phase 1 bulk-only] poll 31: mass 0.1283 / 0.3189 g (0.1906 g to go), 100 rpm, 12.1 mg/s, elapsed 18.1 s
[phase 1 bulk-only] poll 32: mass 0.1327 / 0.3189 g (0.1862 g to go), 100 rpm, 12.0 mg/s, elapsed 18.5 s
[phase 1 bulk-only] poll 33: mass 0.1370 / 0.3189 g (0.1819 g to go), 100 rpm, 11.4 mg/s, elapsed 18.8 s
[phase 1 bulk-only] poll 34: mass 0.1403 / 0.3189 g (0.1786 g to go), 100 rpm, 11.1 mg/s, elapsed 19.2 s
[phase 1 bulk-only] poll 35: mass 0.1443 / 0.3189 g (0.1746 g to go), 100 rpm, 11.2 mg/s, elapsed 19.6 s
[phase 1 bulk-only] poll 36: mass 0.1512 / 0.3189 g (0.1677 g to go), 100 rpm, 12.1 mg/s, elapsed 19.9 s
[phase 1 bulk-only] poll 37: mass 0.1553 / 0.3189 g (0.1636 g to go), 100 rpm, 12.3 mg/s, elapsed 20.3 s
[phase 1 bulk-only] poll 38: mass 0.1593 / 0.3189 g (0.1596 g to go), 100 rpm, 12.2 mg/s, elapsed 20.7 s
[phase 1 bulk-only] poll 39: mass 0.1642 / 0.3189 g (0.1547 g to go), 100 rpm, 12.6 mg/s, elapsed 21.1 s
[phase 1 bulk-only] poll 40: mass 0.1698 / 0.3189 g (0.1491 g to go), 100 rpm, 12.7 mg/s, elapsed 21.5 s
[phase 1 bulk-only] poll 41: mass 0.1743 / 0.3189 g (0.1446 g to go), 100 rpm, 12.2 mg/s, elapsed 21.9 s
[phase 1 bulk-only] poll 42: mass 0.1790 / 0.3189 g (0.1399 g to go), 100 rpm, 12.6 mg/s, elapsed 22.2 s
[phase 1 bulk-only] poll 43: mass 0.1821 / 0.3189 g (0.1368 g to go), 100 rpm, 12.2 mg/s, elapsed 22.6 s
[phase 1 bulk-only] poll 44: mass 0.1865 / 0.3189 g (0.1324 g to go), 100 rpm, 11.9 mg/s, elapsed 22.9 s
[phase 1 bulk-only] poll 45: mass 0.1911 / 0.3189 g (0.1278 g to go), 100 rpm, 11.6 mg/s, elapsed 23.3 s
[phase 1 bulk-only] poll 46: mass 0.1947 / 0.3189 g (0.1242 g to go), 100 rpm, 11.4 mg/s, elapsed 23.7 s
[phase 1 bulk-only] poll 47: mass 0.1973 / 0.3189 g (0.1216 g to go), 100 rpm, 10.5 mg/s, elapsed 24.0 s
[phase 1 bulk-only] poll 48: mass 0.1995 / 0.3189 g (0.1194 g to go), 100 rpm, 9.9 mg/s, elapsed 24.3 s
[phase 1 bulk-only] poll 49: mass 0.2028 / 0.3189 g (0.1161 g to go), 100 rpm, 8.7 mg/s, elapsed 24.7 s
[phase 1 bulk-only] poll 50: mass 0.2061 / 0.3189 g (0.1128 g to go), 100 rpm, 8.1 mg/s, elapsed 25.1 s
[phase 1 bulk-only] poll 51: mass 0.2088 / 0.3189 g (0.1101 g to go), 100 rpm, 8.0 mg/s, elapsed 25.5 s
[phase 1 bulk-only] poll 52: mass 0.2115 / 0.3189 g (0.1074 g to go), 100 rpm, 7.9 mg/s, elapsed 25.9 s
[phase 1 bulk-only] poll 53: mass 0.2133 / 0.3189 g (0.1056 g to go), 100 rpm, 7.3 mg/s, elapsed 26.2 s
[phase 1 bulk-only] poll 54: mass 0.2171 / 0.3189 g (0.1018 g to go), 100 rpm, 7.2 mg/s, elapsed 26.6 s
[phase 1 bulk-only] poll 55: mass 0.2209 / 0.3189 g (0.0980 g to go), 100 rpm, 7.5 mg/s, elapsed 27.0 s
[phase 1 bulk-only] poll 56: mass 0.2223 / 0.3189 g (0.0966 g to go), 98 rpm, 7.7 mg/s, elapsed 27.3 s
[phase 1 bulk-only] poll 57: mass 0.2236 / 0.3189 g (0.0953 g to go), 97 rpm, 7.3 mg/s, elapsed 27.7 s
[phase 1 bulk-only] poll 58: mass 0.2273 / 0.3189 g (0.0916 g to go), 96 rpm, 7.3 mg/s, elapsed 28.1 s
[phase 1 bulk-only] poll 59: mass 0.2295 / 0.3189 g (0.0894 g to go), 93 rpm, 6.8 mg/s, elapsed 28.4 s
[phase 1 bulk-only] poll 60: mass 0.2313 / 0.3189 g (0.0876 g to go), 91 rpm, 6.3 mg/s, elapsed 28.7 s
[phase 1 bulk-only] poll 61: mass 0.2322 / 0.3189 g (0.0867 g to go), 90 rpm, 5.9 mg/s, elapsed 29.1 s
[phase 1 bulk-only] poll 62: mass 0.2334 / 0.3189 g (0.0855 g to go), 90 rpm, 5.1 mg/s, elapsed 29.5 s
[phase 1 bulk-only] poll 63: mass 0.2393 / 0.3189 g (0.0796 g to go), 88 rpm, 5.6 mg/s, elapsed 29.9 s
[phase 1 bulk-only] poll 64: mass 0.2421 / 0.3189 g (0.0768 g to go), 83 rpm, 6.6 mg/s, elapsed 30.3 s
[phase 1 bulk-only] poll 65: mass 0.2429 / 0.3189 g (0.0760 g to go), 81 rpm, 7.0 mg/s, elapsed 30.7 s
[phase 1 bulk-only] poll 66: mass 0.2437 / 0.3189 g (0.0752 g to go), 81 rpm, 6.6 mg/s, elapsed 31.0 s
[phase 1 bulk-only] poll 67: mass 0.2482 / 0.3189 g (0.0707 g to go), 80 rpm, 6.6 mg/s, elapsed 31.4 s
[phase 1 bulk-only] poll 68: mass 0.2492 / 0.3189 g (0.0697 g to go), 76 rpm, 5.1 mg/s, elapsed 31.8 s
[phase 1 bulk-only] poll 69: mass 0.2505 / 0.3189 g (0.0684 g to go), 76 rpm, 4.9 mg/s, elapsed 32.2 s
[phase 1 bulk-only] poll 70: mass 0.2514 / 0.3189 g (0.0675 g to go), 74 rpm, 4.8 mg/s, elapsed 32.6 s
[phase 1 bulk-only] poll 71: mass 0.2521 / 0.3189 g (0.0668 g to go), 74 rpm, 4.1 mg/s, elapsed 32.8 s
[phase 1 bulk-only] poll 72: mass 0.2531 / 0.3189 g (0.0658 g to go), 73 rpm, 2.7 mg/s, elapsed 33.2 s
[phase 1 bulk-only] poll 73: mass 0.2609 / 0.3189 g (0.0580 g to go), 73 rpm, 5.4 mg/s, elapsed 33.6 s
[phase 1 bulk-only] poll 74: mass 0.2626 / 0.3189 g (0.0563 g to go), 65 rpm, 7.5 mg/s, elapsed 33.9 s
[phase 1 bulk-only] poll 75: mass 0.2641 / 0.3189 g (0.0548 g to go), 64 rpm, 8.5 mg/s, elapsed 34.3 s
[phase 1 bulk-only] poll 76: mass 0.2645 / 0.3189 g (0.0544 g to go), 63 rpm, 7.7 mg/s, elapsed 34.7 s
[phase 1 bulk-only] poll 77: mass 0.2651 / 0.3189 g (0.0538 g to go), 63 rpm, 5.6 mg/s, elapsed 35.1 s
[phase 1 bulk-only] poll 78: mass 0.2660 / 0.3189 g (0.0529 g to go), 63 rpm, 2.6 mg/s, elapsed 35.4 s
[phase 1 bulk-only] poll 79: mass 0.2668 / 0.3189 g (0.0521 g to go), 61 rpm, 2.0 mg/s, elapsed 35.8 s
[phase 1 bulk-only] poll 80: mass 0.2681 / 0.3189 g (0.0508 g to go), 61 rpm, 2.1 mg/s, elapsed 36.2 s
[phase 1 bulk-only] poll 81: mass 0.2697 / 0.3189 g (0.0492 g to go), 59 rpm, 2.7 mg/s, elapsed 36.6 s
[phase 1 bulk-only] poll 82: mass 0.2713 / 0.3189 g (0.0476 g to go), 58 rpm, 3.2 mg/s, elapsed 37.0 s
[phase 1 bulk-only] poll 83: mass 0.2781 / 0.3189 g (0.0408 g to go), 57 rpm, 5.6 mg/s, elapsed 37.3 s
[phase 1 bulk-only] poll 84: mass 0.2787 / 0.3189 g (0.0402 g to go), 51 rpm, 6.8 mg/s, elapsed 37.7 s
[phase 1 bulk-only] poll 85: mass 0.2790 / 0.3189 g (0.0399 g to go), 51 rpm, 6.6 mg/s, elapsed 38.1 s
[phase 1 bulk-only] poll 86: mass 0.2793 / 0.3189 g (0.0396 g to go), 51 rpm, 5.4 mg/s, elapsed 38.5 s
[phase 1 bulk-only] poll 87: mass 0.2834 / 0.3189 g (0.0355 g to go), 51 rpm, 4.8 mg/s, elapsed 38.9 s
[phase 1 bulk-only] poll 88: mass 0.2846 / 0.3189 g (0.0343 g to go), 47 rpm, 3.5 mg/s, elapsed 39.3 s
[phase 1 bulk-only] poll 89: mass 0.2851 / 0.3189 g (0.0338 g to go), 47 rpm, 4.0 mg/s, elapsed 39.6 s
[phase 1 bulk-only] poll 90: mass 0.2854 / 0.3189 g (0.0335 g to go), 45 rpm, 3.8 mg/s, elapsed 40.0 s
[phase 1 bulk-only] poll 91: mass 0.2859 / 0.3189 g (0.0330 g to go), 45 rpm, 3.0 mg/s, elapsed 40.4 s
[phase 1 bulk-only] poll 92: mass 0.2862 / 0.3189 g (0.0327 g to go), 45 rpm, 1.4 mg/s, elapsed 40.8 s
[phase 1 bulk-only] poll 93: mass 0.2867 / 0.3189 g (0.0322 g to go), 45 rpm, 1.1 mg/s, elapsed 41.2 s
[phase 1 bulk-only] poll 94: mass 0.2874 / 0.3189 g (0.0315 g to go), 44 rpm, 1.2 mg/s, elapsed 41.5 s
[phase 1 bulk-only] poll 95: mass 0.2881 / 0.3189 g (0.0308 g to go), 44 rpm, 1.4 mg/s, elapsed 41.8 s
[phase 1 bulk-only] poll 96: mass 0.2890 / 0.3189 g (0.0299 g to go), 43 rpm, 1.7 mg/s, elapsed 42.2 s
[phase 1 bulk-only] poll 97: mass 0.2898 / 0.3189 g (0.0291 g to go), 43 rpm, 2.0 mg/s, elapsed 42.6 s
[phase 1 bulk-only] poll 98: mass 0.2907 / 0.3189 g (0.0282 g to go), 42 rpm, 2.2 mg/s, elapsed 43.0 s
[phase 1 bulk-only] poll 99: mass 0.2913 / 0.3189 g (0.0276 g to go), 42 rpm, 2.2 mg/s, elapsed 43.4 s
[phase 1 bulk-only] poll 100: mass 0.2919 / 0.3189 g (0.0270 g to go), 40 rpm, 2.0 mg/s, elapsed 43.7 s
[phase 1 bulk-only] poll 101: mass 0.2924 / 0.3189 g (0.0265 g to go), 40 rpm, 1.8 mg/s, elapsed 44.1 s
[phase 1 bulk-only] poll 102: mass 0.2928 / 0.3189 g (0.0261 g to go), 40 rpm, 1.5 mg/s, elapsed 44.5 s
[phase 1 bulk-only] poll 103: mass 0.2932 / 0.3189 g (0.0257 g to go), 39 rpm, 1.3 mg/s, elapsed 44.9 s
[phase 1 bulk-only] poll 104: mass 0.2936 / 0.3189 g (0.0253 g to go), 39 rpm, 1.2 mg/s, elapsed 45.3 s
[phase 1 bulk-only] poll 105: mass 0.2940 / 0.3189 g (0.0249 g to go), 39 rpm, 1.1 mg/s, elapsed 45.7 s
[phase 1 bulk-only] poll 106: mass 0.2942 / 0.3189 g (0.0247 g to go), 39 rpm, 1.0 mg/s, elapsed 46.1 s
[phase 1 bulk-only] poll 107: mass 0.2943 / 0.3189 g (0.0246 g to go), 38 rpm, 0.8 mg/s, elapsed 46.4 s
[phase 1 bulk-only] poll 108: mass 0.2946 / 0.3189 g (0.0243 g to go), 38 rpm, 0.7 mg/s, elapsed 46.8 s
[phase 1 bulk-only] poll 109: mass 0.2948 / 0.3189 g (0.0241 g to go), 38 rpm, 0.6 mg/s, elapsed 47.2 s
[phase 1 bulk-only] poll 110: mass 0.2950 / 0.3189 g (0.0239 g to go), 38 rpm, 0.5 mg/s, elapsed 47.6 s
[phase 1 bulk-only] no flow for 3.0 s -- rpm up
[phase 1 bulk-only] poll 111: mass 0.2956 / 0.3189 g (0.0233 g to go), 56 rpm, 0.7 mg/s, elapsed 48.0 s
[phase 1 bulk-only] poll 112: mass 0.2965 / 0.3189 g (0.0224 g to go), 56 rpm, 1.1 mg/s, elapsed 48.3 s
[phase 1 bulk-only] poll 113: mass 0.2974 / 0.3189 g (0.0215 g to go), 54 rpm, 1.5 mg/s, elapsed 48.7 s
[phase 1 bulk-only] poll 114: mass 0.2984 / 0.3189 g (0.0205 g to go), 53 rpm, 2.0 mg/s, elapsed 49.1 s
[phase 1 bulk-only] poll 115: mass 0.2989 / 0.3189 g (0.0200 g to go), 52 rpm, 2.2 mg/s, elapsed 49.4 s
[phase 1 bulk-only] poll 116: mass 0.2996 / 0.3189 g (0.0193 g to go), 52 rpm, 2.2 mg/s, elapsed 49.8 s
[phase 1 bulk-only] poll 117: mass 0.3004 / 0.3189 g (0.0185 g to go), 50 rpm, 2.1 mg/s, elapsed 50.2 s
[phase 1 bulk-only] poll 118: mass 0.3015 / 0.3189 g (0.0174 g to go), 50 rpm, 2.1 mg/s, elapsed 50.5 s
[phase 1 bulk-only] poll 119: mass 0.3024 / 0.3189 g (0.0165 g to go), 48 rpm, 2.2 mg/s, elapsed 50.9 s
[phase 1 bulk-only] poll 120: mass 0.3036 / 0.3189 g (0.0153 g to go), 31 rpm, 2.5 mg/s, elapsed 51.3 s
[phase 1 bulk-only] poll 121: mass 0.3046 / 0.3189 g (0.0143 g to go), 31 rpm, 2.7 mg/s, elapsed 51.7 s
[phase 1 bulk-only] poll 122: mass 0.3052 / 0.3189 g (0.0137 g to go), 29 rpm, 2.6 mg/s, elapsed 52.1 s
[phase 1 bulk-only] poll 123: mass 0.3103 / 0.3189 g (0.0086 g to go), 29 rpm, 4.1 mg/s, elapsed 52.4 s
[phase 1 bulk-only] poll 124: mass 0.3120 / 0.3189 g (0.0069 g to go), 25 rpm, 5.3 mg/s, elapsed 52.7 s
[phase 1 bulk-only] poll 125: mass 0.3126 / 0.3189 g (0.0063 g to go), 23 rpm, 5.7 mg/s, elapsed 53.1 s
[phase 1 bulk-only] poll 126: mass 0.3128 / 0.3189 g (0.0061 g to go), 23 rpm, 5.3 mg/s, elapsed 53.4 s
[phase 1 bulk-only] poll 127: mass 0.3124 / 0.3189 g (0.0065 g to go), 23 rpm, 3.6 mg/s, elapsed 53.8 s
[phase 1 bulk-only] poll 128: mass 0.3121 / 0.3189 g (0.0068 g to go), 23 rpm, 0.8 mg/s, elapsed 54.2 s
[phase 1 bulk-only] poll 129: mass 0.3119 / 0.3189 g (0.0070 g to go), 23 rpm, 0.0 mg/s, elapsed 54.6 s
[phase 1 bulk-only] poll 130: mass 0.3143 / 0.3189 g (0.0046 g to go), 23 rpm, 0.4 mg/s, elapsed 54.9 s
[phase 1 bulk-only] poll 131: mass 0.3140 / 0.3189 g (0.0049 g to go), 21 rpm, 0.9 mg/s, elapsed 55.3 s
[phase 1 bulk-only] poll 132: mass 0.3135 / 0.3189 g (0.0054 g to go), 21 rpm, 1.0 mg/s, elapsed 55.7 s
[phase 1 bulk-only] poll 133: mass 0.3134 / 0.3189 g (0.0055 g to go), 21 rpm, 0.8 mg/s, elapsed 56.1 s
[phase 1 bulk-only] poll 134: mass 0.3135 / 0.3189 g (0.0054 g to go), 21 rpm, 0.4 mg/s, elapsed 56.5 s
[phase 1 bulk-only] poll 135: mass 0.3138 / 0.3189 g (0.0051 g to go), 21 rpm, 0.0 mg/s, elapsed 56.9 s
[phase 1 bulk-only] poll 136: mass 0.3140 / 0.3189 g (0.0049 g to go), 21 rpm, 0.1 mg/s, elapsed 57.2 s
[phase 1 bulk-only] no flow for 3.0 s -- rpm up
[phase 1 bulk-only] poll 137: mass 0.3145 / 0.3189 g (0.0044 g to go), 32 rpm, 0.5 mg/s, elapsed 57.6 s
[phase 1 bulk-only] poll 138: mass 0.3152 / 0.3189 g (0.0037 g to go), 32 rpm, 0.9 mg/s, elapsed 57.9 s
[phase 1 bulk-only] poll 139: mass 0.3160 / 0.3189 g (0.0029 g to go), 31 rpm, 1.4 mg/s, elapsed 58.3 s
[phase 1 bulk-only] poll 140: mass 0.3166 / 0.3189 g (0.0023 g to go), 31 rpm, 1.7 mg/s, elapsed 58.7 s
[phase 1 bulk-only] auger halted (pass 1) at 31 rpm with 0.0023 g to go; settling 1500 ms
[phase 1 bulk-only] settled: mass 0.3187 / 0.3189 g (+2.1 mg after the halt, -0.2 mg vs target)
=== stages 2-3 skipped (bulk_only: the dose never leaves the bulk tilt)
[dose] final settle 2000 ms before the scoring reading
[dose] done: DoseResult(ok: 0.3199/0.3189 g in 65.0s; cycles bulk:140, trickle:0, tap:0; 61.01 auger rev, 104 taps)
RESULT {"phase_cycles": {"tap": 0, "bulk": 140, "trickle": 0}, "t_total_s": 64.99, "ff_g_per_rev": null, "stop_events": [{"pass": 1, "phase": "bulk", "rate_kf_gps": null, "afterflow_g": 0.00208, "stalled": 0, "rate_slope_gps": 0.00165, "settled_g": 0.31865, "t_stop_s": 58.67, "tau_s": 0.8338, "rpm": 30.9, "m_stop_g": 0.31658}], "error_mg": 0.95, "t_settle_s": 3.34, "t_tap_s": 0.0, "nudges": 0, "telemetry_rows": 141, "telemetry_truncated": 0, "fw": "trickle_tap/2026-09-30b", "v": 1, "target_g": 0.3189, "status": "ok", "settled_final": 1, "auger_rev": 61.007, "baseline_g": 0.00022, "final_g": 0.31985, "t_bulk_s": 56.62, "read_retries": 0, "dose_n": 1, "params": {"tau_afterflow_s": 0.8338, "goal_mass_g": 0.75, "taps_per_cycle": 1, "tap_cadence_on_ms": 60, "tap_burst_above_g": 0.0, "bulk_taper_start_g": 0.1, "bulk_boost_s": 3.0, "bulk_max_passes": 8, "final_settle_ms": 2000, "tap_cadence_off_ms": 440, "tap_burst_taps": 2, "tap_tilt_deg": 40.0, "trickle_tilt_deg": 40.0, "trickle_start_remaining_g": 0.3, "bulk_only": true, "bulk_min_rpm": 20.0, "trickle_tap": false, "overshoot_abort_g": 0.1, "bulk_tap": true, "tolerance_g": 0.003, "bulk_rpm": 100.0, "bulk_tilt_deg": 40.0}, "t_trickle_s": 0.0, "taps": 104, "log_path": null}
>> log
--- BEGIN trickle telemetry CSV ---
t_s,phase,z_g,fresh,m_g,r_gps,sigma_g,ff_gpr,r_sp_gps,err_gps,integ,rpm_cmd,pred_g,cutoff_g,clamp_hits
6.74,bulk,-0.00022,1,-0.00022,0.00000,,,,,,100.00,-0.00022,0.31740,0
7.12,bulk,-0.00022,1,-0.00022,0.00000,,,,,,100.00,-0.00022,0.31740,0
7.41,bulk,-0.00042,1,-0.00042,0.00000,,,,,,100.00,-0.00042,0.31740,0
7.80,bulk,0.00548,1,0.00548,0.00000,,,,,,100.00,0.00548,0.31740,0
8.17,bulk,0.00977,1,0.00977,0.00000,,,,,,100.00,0.00977,0.31740,0
8.56,bulk,0.01408,1,0.01408,0.00861,,,,,,100.00,0.02125,0.31740,0
8.94,bulk,0.01908,1,0.01908,0.01126,,,,,,100.00,0.02846,0.31740,0
9.32,bulk,0.02558,1,0.02558,0.01308,,,,,,100.00,0.03648,0.31740,0
9.70,bulk,0.02957,1,0.02957,0.01295,,,,,,100.00,0.04037,0.31740,0
10.09,bulk,0.03508,1,0.03508,0.01339,,,,,,100.00,0.04624,0.31740,0
10.46,bulk,0.04008,1,0.04008,0.01362,,,,,,100.00,0.05143,0.31740,0
10.85,bulk,0.04538,1,0.04538,0.01347,,,,,,100.00,0.05661,0.31740,0
11.23,bulk,0.04888,1,0.04888,0.01264,,,,,,100.00,0.05942,0.31740,0
11.62,bulk,0.05488,1,0.05488,0.01293,,,,,,100.00,0.06566,0.31740,0
11.99,bulk,0.05828,1,0.05828,0.01227,,,,,,100.00,0.06851,0.31740,0
12.38,bulk,0.06148,1,0.06148,0.01132,,,,,,100.00,0.07091,0.31740,0
12.76,bulk,0.06697,1,0.06697,0.01115,,,,,,100.00,0.07627,0.31740,0
13.14,bulk,0.07087,1,0.07087,0.01117,,,,,,100.00,0.08019,0.31740,0
13.53,bulk,0.07518,1,0.07518,0.01081,,,,,,100.00,0.08419,0.31740,0
13.91,bulk,0.08017,1,0.08017,0.01153,,,,,,100.00,0.08979,0.31740,0
14.30,bulk,0.08478,1,0.08478,0.01197,,,,,,100.00,0.09476,0.31740,0
14.67,bulk,0.08898,1,0.08898,0.01170,,,,,,100.00,0.09873,0.31740,0
15.06,bulk,0.09318,1,0.09318,0.01174,,,,,,100.00,0.10297,0.31740,0
15.44,bulk,0.09688,1,0.09688,0.01135,,,,,,100.00,0.10634,0.31740,0
15.83,bulk,0.10198,1,0.10198,0.01114,,,,,,100.00,0.11127,0.31740,0
16.20,bulk,0.10607,1,0.10607,0.01116,,,,,,100.00,0.11538,0.31740,0
16.59,bulk,0.10888,1,0.10888,0.01068,,,,,,100.00,0.11778,0.31740,0
16.97,bulk,0.11548,1,0.11548,0.01134,,,,,,100.00,0.12493,0.31740,0
17.36,bulk,0.12088,1,0.12088,0.01218,,,,,,100.00,0.13103,0.31740,0
17.73,bulk,0.12418,1,0.12418,0.01212,,,,,,100.00,0.13428,0.31740,0
18.12,bulk,0.12828,1,0.12828,0.01210,,,,,,100.00,0.13836,0.31740,0
18.50,bulk,0.13268,1,0.13268,0.01203,,,,,,100.00,0.14270,0.31740,0
18.79,bulk,0.13698,1,0.13698,0.01138,,,,,,100.00,0.14646,0.31740,0
19.17,bulk,0.14028,1,0.14028,0.01110,,,,,,100.00,0.14953,0.31740,0
19.56,bulk,0.14428,1,0.14428,0.01120,,,,,,100.00,0.15361,0.31740,0
19.93,bulk,0.15118,1,0.15118,0.01210,,,,,,100.00,0.16126,0.31740,0
20.32,bulk,0.15528,1,0.15528,0.01232,,,,,,100.00,0.16555,0.31740,0
20.70,bulk,0.15928,1,0.15928,0.01219,,,,,,100.00,0.16944,0.31740,0
21.09,bulk,0.16418,1,0.16418,0.01256,,,,,,100.00,0.17465,0.31740,0
21.46,bulk,0.16978,1,0.16978,0.01275,,,,,,100.00,0.18040,0.31740,0
21.85,bulk,0.17428,1,0.17428,0.01220,,,,,,100.00,0.18445,0.31740,0
22.23,bulk,0.17898,1,0.17898,0.01265,,,,,,100.00,0.18952,0.31740,0
22.61,bulk,0.18208,1,0.18208,0.01219,,,,,,100.00,0.19224,0.31740,0
22.91,bulk,0.18648,1,0.18648,0.01191,,,,,,100.00,0.19640,0.31740,0
23.28,bulk,0.19108,1,0.19108,0.01158,,,,,,100.00,0.20073,0.31740,0
23.67,bulk,0.19468,1,0.19468,0.01135,,,,,,100.00,0.20414,0.31740,0
24.05,bulk,0.19728,1,0.19728,0.01054,,,,,,100.00,0.20606,0.31740,0
24.33,bulk,0.19948,1,0.19948,0.00986,,,,,,100.00,0.20770,0.31740,0
24.73,bulk,0.20278,1,0.20278,0.00866,,,,,,100.00,0.20999,0.31740,0
25.11,bulk,0.20608,1,0.20608,0.00809,,,,,,100.00,0.21282,0.31740,0
25.48,bulk,0.20878,1,0.20878,0.00796,,,,,,100.00,0.21541,0.31740,0
25.87,bulk,0.21148,1,0.21148,0.00789,,,,,,100.00,0.21805,0.31740,0
26.24,bulk,0.21328,1,0.21328,0.00732,,,,,,100.00,0.21938,0.31740,0
26.64,bulk,0.21708,1,0.21708,0.00717,,,,,,100.00,0.22306,0.31740,0
27.01,bulk,0.22088,1,0.22088,0.00754,,,,,,100.00,0.22716,0.31740,0
27.30,bulk,0.22228,1,0.22228,0.00772,,,,,,98.37,0.22871,0.31740,0
27.69,bulk,0.22358,1,0.22358,0.00725,,,,,,97.22,0.22962,0.31740,0
28.06,bulk,0.22728,1,0.22728,0.00727,,,,,,96.14,0.23334,0.31740,0
28.35,bulk,0.22948,1,0.22948,0.00680,,,,,,93.09,0.23515,0.31740,0
28.74,bulk,0.23128,1,0.23128,0.00634,,,,,,91.28,0.23656,0.31740,0
29.11,bulk,0.23218,1,0.23218,0.00595,,,,,,89.79,0.23713,0.31740,0
29.51,bulk,0.23338,1,0.23338,0.00513,,,,,,89.79,0.23766,0.31740,0
29.88,bulk,0.23928,1,0.23928,0.00561,,,,,,88.06,0.24395,0.31740,0
30.27,bulk,0.24208,1,0.24208,0.00658,,,,,,83.20,0.24756,0.31740,0
30.64,bulk,0.24288,1,0.24288,0.00701,,,,,,80.89,0.24872,0.31740,0
31.03,bulk,0.24368,1,0.24368,0.00665,,,,,,80.89,0.24922,0.31740,0
31.42,bulk,0.24818,1,0.24818,0.00657,,,,,,79.57,0.25365,0.31740,0
31.79,bulk,0.24918,1,0.24918,0.00512,,,,,,75.86,0.25345,0.31740,0
32.19,bulk,0.25047,1,0.25047,0.00488,,,,,,75.86,0.25454,0.31740,0
32.56,bulk,0.25137,1,0.25137,0.00477,,,,,,73.96,0.25535,0.31740,0
32.84,bulk,0.25207,1,0.25207,0.00414,,,,,,73.96,0.25553,0.31740,0
33.24,bulk,0.25308,1,0.25308,0.00271,,,,,,72.64,0.25533,0.31740,0
33.61,bulk,0.26087,1,0.26087,0.00538,,,,,,72.64,0.26536,0.31740,0
33.90,bulk,0.26258,1,0.26258,0.00746,,,,,,65.38,0.26879,0.31740,0
34.29,bulk,0.26407,1,0.26407,0.00845,,,,,,63.98,0.27112,0.31740,0
34.66,bulk,0.26447,1,0.26447,0.00769,,,,,,62.74,0.27089,0.31740,0
35.05,bulk,0.26508,1,0.26508,0.00565,,,,,,62.74,0.26979,0.31740,0
35.43,bulk,0.26598,1,0.26598,0.00256,,,,,,62.74,0.26811,0.31740,0
35.82,bulk,0.26677,1,0.26677,0.00204,,,,,,61.18,0.26847,0.31740,0
36.19,bulk,0.26807,1,0.26807,0.00208,,,,,,61.18,0.26981,0.31740,0
36.58,bulk,0.26967,1,0.26967,0.00267,,,,,,59.44,0.27190,0.31740,0
36.97,bulk,0.27127,1,0.27127,0.00324,,,,,,58.12,0.27397,0.31740,0
37.34,bulk,0.27807,1,0.27807,0.00563,,,,,,56.80,0.28277,0.31740,0
37.73,bulk,0.27867,1,0.27867,0.00680,,,,,,51.20,0.28434,0.31740,0
38.10,bulk,0.27897,1,0.27897,0.00659,,,,,,51.20,0.28447,0.31740,0
38.49,bulk,0.27928,1,0.27928,0.00537,,,,,,51.20,0.28376,0.31740,0
38.88,bulk,0.28338,1,0.28338,0.00481,,,,,,51.20,0.28738,0.31740,0
39.25,bulk,0.28457,1,0.28457,0.00350,,,,,,46.82,0.28750,0.31740,0
39.64,bulk,0.28507,1,0.28507,0.00396,,,,,,46.82,0.28838,0.31740,0
40.03,bulk,0.28538,1,0.28538,0.00376,,,,,,45.42,0.28851,0.31740,0
40.40,bulk,0.28588,1,0.28588,0.00295,,,,,,45.42,0.28833,0.31740,0
40.79,bulk,0.28617,1,0.28617,0.00136,,,,,,45.42,0.28731,0.31740,0
41.17,bulk,0.28668,1,0.28668,0.00107,,,,,,45.42,0.28756,0.31740,0
41.55,bulk,0.28738,1,0.28738,0.00118,,,,,,44.10,0.28836,0.31740,0
41.83,bulk,0.28808,1,0.28808,0.00143,,,,,,44.10,0.28927,0.31740,0
42.22,bulk,0.28898,1,0.28898,0.00172,,,,,,42.95,0.29041,0.31740,0
42.60,bulk,0.28977,1,0.28977,0.00205,,,,,,42.95,0.29148,0.31740,0
42.98,bulk,0.29067,1,0.29067,0.00222,,,,,,41.55,0.29253,0.31740,0
43.37,bulk,0.29128,1,0.29128,0.00217,,,,,,41.55,0.29308,0.31740,0
43.75,bulk,0.29188,1,0.29188,0.00200,,,,,,40.31,0.29354,0.31740,0
44.14,bulk,0.29238,1,0.29238,0.00178,,,,,,40.31,0.29386,0.31740,0
44.51,bulk,0.29278,1,0.29278,0.00154,,,,,,40.31,0.29406,0.31740,0
44.89,bulk,0.29317,1,0.29317,0.00131,,,,,,39.07,0.29427,0.31740,0
45.28,bulk,0.29357,1,0.29357,0.00118,,,,,,39.07,0.29456,0.31740,0
45.66,bulk,0.29398,1,0.29398,0.00108,,,,,,39.07,0.29488,0.31740,0
46.05,bulk,0.29418,1,0.29418,0.00097,,,,,,39.07,0.29498,0.31740,0
46.42,bulk,0.29427,1,0.29427,0.00081,,,,,,37.92,0.29495,0.31740,0
46.81,bulk,0.29458,1,0.29458,0.00069,,,,,,37.92,0.29515,0.31740,0
47.19,bulk,0.29477,1,0.29477,0.00059,,,,,,37.92,0.29527,0.31740,0
47.58,bulk,0.29497,1,0.29497,0.00053,,,,,,37.92,0.29542,0.31740,0
47.96,bulk,0.29558,1,0.29558,0.00069,,,,,,55.89,0.29615,0.31740,0
48.34,bulk,0.29648,1,0.29648,0.00106,,,,,,55.89,0.29736,0.31740,0
48.72,bulk,0.29738,1,0.29738,0.00147,,,,,,54.03,0.29860,0.31740,0
49.10,bulk,0.29837,1,0.29837,0.00195,,,,,,52.92,0.30000,0.31740,0
49.39,bulk,0.29888,1,0.29888,0.00224,,,,,,51.68,0.30074,0.31740,0
49.78,bulk,0.29958,1,0.29958,0.00223,,,,,,51.68,0.30144,0.31740,0
50.15,bulk,0.30037,1,0.30037,0.00213,,,,,,50.20,0.30215,0.31740,0
50.54,bulk,0.30147,1,0.30147,0.00215,,,,,,50.20,0.30327,0.31740,0
50.92,bulk,0.30237,1,0.30237,0.00222,,,,,,47.85,0.30423,0.31740,0
51.30,bulk,0.30357,1,0.30357,0.00247,,,,,,31.15,0.30564,0.31740,0
51.69,bulk,0.30458,1,0.30458,0.00266,,,,,,31.15,0.30679,0.31740,0
52.06,bulk,0.30518,1,0.30518,0.00258,,,,,,29.34,0.30733,0.31740,0
52.35,bulk,0.31027,1,0.31027,0.00407,,,,,,29.34,0.31366,0.31740,0
52.74,bulk,0.31198,1,0.31198,0.00535,,,,,,24.64,0.31643,0.31740,0
53.12,bulk,0.31257,1,0.31257,0.00570,,,,,,23.24,0.31733,0.31740,0
53.40,bulk,0.31277,1,0.31277,0.00533,,,,,,23.24,0.31722,0.31740,0
53.80,bulk,0.31237,1,0.31237,0.00357,,,,,,23.24,0.31535,0.31740,0
54.17,bulk,0.31207,1,0.31207,0.00084,,,,,,23.24,0.31277,0.31740,0
54.56,bulk,0.31187,1,0.31187,0.00000,,,,,,23.24,0.31187,0.31740,0
54.95,bulk,0.31428,1,0.31428,0.00044,,,,,,23.24,0.31464,0.31740,0
55.32,bulk,0.31398,1,0.31398,0.00086,,,,,,21.34,0.31469,0.31740,0
55.71,bulk,0.31347,1,0.31347,0.00102,,,,,,21.34,0.31432,0.31740,0
56.08,bulk,0.31338,1,0.31338,0.00082,,,,,,21.34,0.31406,0.31740,0
56.47,bulk,0.31347,1,0.31347,0.00036,,,,,,21.34,0.31377,0.31740,0
56.86,bulk,0.31378,1,0.31378,0.00000,,,,,,21.34,0.31378,0.31740,0
57.23,bulk,0.31398,1,0.31398,0.00007,,,,,,21.34,0.31404,0.31740,0
57.61,bulk,0.31448,1,0.31448,0.00053,,,,,,32.38,0.31492,0.31740,0
57.90,bulk,0.31518,1,0.31518,0.00093,,,,,,32.38,0.31595,0.31740,0
58.29,bulk,0.31597,1,0.31597,0.00136,,,,,,30.90,0.31711,0.31740,0
58.66,bulk,0.31657,1,0.31657,0.00165,,,,,,30.90,0.31795,0.31740,0
61.63,bulk_end,0.31865,1,0.31865,,,,,,,,,,0
--- END trickle telemetry CSV ---
