import powder_battery
>>> powder_battery.run(powder_id='sodium-sulfate', attended=False, blocks="ABCDE")
[vib] DRV2605L unavailable ([Errno 5] EIO); skipping init
RUN,BEGIN
META,powder_id,sodium-sulfate
META,battery_version,2
META,blocks,ABCDE
META,tilts_deg,0.0;45.0;90.0
META,baseline_reads,8
META,hold_s,15
META,rotation_trials,6
META,rotation_step_deg,360.0
META,rotation_rpm,30.0
META,speed_rpms,15.0;45.0;90.0
META,speed_revs,3.0
META,tap_tilts,0.0;45.0
META,tap_trials,8
META,taps_per_point,1
META,refeed_deg,360.0
META,vib_bursts,3
META,dose_repeats,3
META,dose_target_g,1.0
META,settle_ms,2000
META,min_flow_g,0.0005
META,bracket_n,6
META,bracket_ms,400
META,shock_g,0.01
META,max_resid_g,0.0015
META,quiet_tries,8
META,max_trial_retries,2
META,drift_correct,1
META,attended,0
META,config.SCALE_BAUD,19200
META,config.SCALE_BITS,8
META,config.SCALE_PARITY,0
META,config.SCALE_STABLE_TIMEOUT_MS,10000
META,config.SCALE_STOP,1
META,config.SERVO_SPEED_DEG_PER_S,60
META,config.STEPPER_ACCEL_REV_PER_S2,4.0
META,config.STEPPER_FULL_STEPS_REV,200
META,config.STEPPER_MICROSTEPS,8
META,config.STEPPER_SPEED_RPM,60
META,config.TAP_OFF_MS,150
META,config.TAP_ON_MS,60
META,config.TAP_PWM_DUTY,1.0
[battery] block A
META,tare,skipped-unstable
CSV,A,45.0,baseline,0,,,51.2710,51.2630,-0.0080,,14313,0.0056,-0.0005,0.0112,0,shock
CSV,A,45.0,baseline,1,,,51.2273,51.2693,0.0420,,18806,0.0091,-0.0357,0.0112,0,unsettled
CSV,A,45.0,baseline,2,,,51.2590,51.2728,0.0139,,23305,0.0074,-0.0104,-0.0112,0,shock
CSV,A,45.0,baseline,3,,,51.2850,51.2616,-0.0235,,27795,0.0093,0.0122,0.0033,0,shock
CSV,A,45.0,baseline,4,,,51.2278,51.2696,0.0419,,32290,0.0040,-0.0338,0.0145,0,unsettled
CSV,A,45.0,baseline,5,,,51.2804,51.2665,-0.0138,,36785,0.0076,0.0107,0.0000,0,unsettled
CSV,A,45.0,baseline,6,,,51.2629,51.2700,0.0071,,41280,0.0085,-0.0037,0.0000,0,unsettled
CSV,A,45.0,baseline,7,,,51.2704,51.2708,0.0004,,45775,0.0107,0.0004,0.0000,0,unsettled
SUM,A,45.0,baseline,8,0.0075,0.0242,0.0086,-0.0235,0.0420
[battery] block B
META,tare,skipped-unstable
CSV,B,0.0,hold,0,15,,51.1805,51.3001,0.1195,,75714,0.0180,-0.0940,-0.0249,0,shock
META,tare,skipped-unstable
CSV,B,45.0,hold,0,15,,51.2791,51.2729,-0.0062,,105656,0.0202,0.0021,0.0024,0,shock
META,tare,skipped-unstable
CSV,B,90.0,hold,0,15,,51.3044,51.2843,-0.0201,,135581,0.0333,0.0289,-0.0108,0,shock
[battery] block C
PROMPT,block C at tilt 0.0 -- empty the collection cup if it is getting full, then Enter ('skip'/'abort')
META,tare,skipped-unstable
CSV,C,0.0,rotation,0,360.0,30,51.2797,51.3400,0.0603,,155190,0.0021,0.0027,0.0000,0,unsettled
CSV,C,0.0,rotation,1,360.0,30,51.3472,51.3984,0.0512,,166761,0.0095,0.0076,0.0000,0,unsettled
CSV,C,0.0,rotation,2,360.0,30,51.4168,51.4640,0.0473,,178321,0.0123,0.0177,0.0000,0,unsettled
CSV,C,0.0,rotation,3,360.0,30,51.4556,51.5148,0.0592,,189904,0.0132,-0.0089,0.0000,0,unsettled
RETRY,C,0.0,rotation,4,shock,-0.0112,0.0607,201474
RETRY,C,0.0,rotation,4,shock,-0.0142,0.0773,213061
CSV,C,0.0,rotation,4,360.0,30,51.6785,51.6952,0.0167,,224618,0.0121,0.0492,-0.0113,2,shock
CSV,C,0.0,rotation,5,360.0,30,51.6628,51.7353,0.0725,,241150,0.0173,-0.0233,0.0000,0,unsettled
SUM,C,0.0,rotation,6,0.0512,0.0190,0.0078,0.0167,0.0725
PROMPT,block C at tilt 45.0 -- empty the collection cup if it is getting full, then Enter ('skip'/'abort')
META,tare,ok
RETRY,C,45.0,rotation,0,shock,0.0109,0.2497,264009
CSV,C,45.0,rotation,0,360.0,30,0.2203,0.4577,0.2374,,275582,0.0015,-0.0095,0.0000,1,unsettled
CSV,C,45.0,rotation,1,360.0,30,0.4160,0.6738,0.2579,,287164,0.0094,-0.0377,0.0000,0,unsettled
CSV,C,45.0,rotation,2,360.0,30,0.6701,0.8675,0.1975,,298720,0.0119,-0.0046,0.0000,0,unsettled
CSV,C,45.0,rotation,3,360.0,30,0.8706,1.0677,0.1972,,310295,0.0022,0.0024,0.0000,0,unsettled
CSV,C,45.0,rotation,4,360.0,30,1.0736,1.2577,0.1842,,324360,0.0119,0.0071,0.0000,0,unsettled
CSV,C,45.0,rotation,5,360.0,30,1.2693,1.4454,0.1762,,335924,0.0063,0.0126,0.0000,0,ok
SUM,C,45.0,rotation,6,0.2084,0.0321,0.0131,0.1762,0.2579
PROMPT,block C at tilt 90.0 -- empty the collection cup if it is getting full, then Enter ('skip'/'abort')
META,tare,skipped-unstable
CSV,C,90.0,rotation,0,360.0,30,1.4332,1.6868,0.2536,,354759,0.0053,-0.0100,0.0000,0,ok
CSV,C,90.0,rotation,1,360.0,30,1.6891,1.9731,0.2840,,366335,0.0142,0.0031,0.0000,0,unsettled
CSV,C,90.0,rotation,2,360.0,30,2.0171,2.2790,0.2619,,377902,0.0155,0.0420,0.0000,0,unsettled
CSV,C,90.0,rotation,3,360.0,30,2.2541,2.4902,0.2361,,389478,0.0075,-0.0254,0.0000,0,unsettled
CSV,C,90.0,rotation,4,360.0,30,2.4996,2.7213,0.2217,,401048,0.0102,0.0089,0.0000,0,unsettled
CSV,C,90.0,rotation,5,360.0,30,2.7184,2.9223,0.2040,,412621,0.0118,-0.0027,0.0000,0,unsettled
SUM,C,90.0,rotation,6,0.2435,0.0289,0.0118,0.2040,0.2840
[battery] block D
META,tare,skipped-unstable
POLL,D,45.0,15,422751,2.9216,0
POLL,D,45.0,15,423137,2.9224,0
POLL,D,45.0,15,423510,2.9169,0
POLL,D,45.0,15,423896,2.9227,0
POLL,D,45.0,15,424282,2.9643,0
POLL,D,45.0,15,424656,3.0072,0
POLL,D,45.0,15,425042,3.0786,0
POLL,D,45.0,15,425428,3.1293,0
POLL,D,45.0,15,425814,3.1540,0
POLL,D,45.0,15,426188,3.1671,0
POLL,D,45.0,15,426574,3.1783,0
POLL,D,45.0,15,426960,3.1785,0
POLL,D,45.0,15,427334,3.1829,0
POLL,D,45.0,15,427720,3.1864,0
POLL,D,45.0,15,428106,3.2066,0
POLL,D,45.0,15,428492,3.2601,0
POLL,D,45.0,15,428865,3.3252,0
POLL,D,45.0,15,429247,3.3760,0
POLL,D,45.0,15,429633,3.4003,0
POLL,D,45.0,15,430019,3.4271,0
POLL,D,45.0,15,430405,3.4362,0
POLL,D,45.0,15,430778,3.4377,0
POLL,D,45.0,15,431165,3.4368,0
POLL,D,45.0,15,431551,3.4369,1
POLL,D,45.0,15,431924,3.4519,0
POLL,D,45.0,15,432310,3.4959,0
POLL,D,45.0,15,432696,3.5726,0
POLL,D,45.0,15,433082,3.6220,0
POLL,D,45.0,15,433456,3.6560,0
POLL,D,45.0,15,433842,3.6832,0
POLL,D,45.0,15,434228,3.6955,0
POLL,D,45.0,15,434614,3.6988,0
POLL,D,45.0,15,434986,3.6998,0
POLL,D,45.0,15,435372,3.7025,0
POLL,D,45.0,15,435758,3.7101,0
POLL,D,45.0,15,436144,3.7324,0
POLL,D,45.0,15,436515,3.7909,0
POLL,D,45.0,15,436901,3.8650,0
POLL,D,45.0,15,437287,3.9070,0
POLL,D,45.0,15,437673,3.9335,0
POLL,D,45.0,15,438045,3.9588,0
POLL,D,45.0,15,438431,3.9585,0
POLL,D,45.0,15,438817,3.9644,0
POLL,D,45.0,15,439203,3.9699,0
POLL,D,45.0,15,439576,3.9685,0
POLL,D,45.0,15,439962,3.9870,0
POLL,D,45.0,15,440348,4.0330,0
POLL,D,45.0,15,440734,4.1036,0
CSV,D,45.0,speed,0,3.0,15,2.9428,4.2125,1.2697,,445610,0.0180,0.0201,0.0000,0,unsettled
POLL,D,45.0,45,448480,4.2118,0
POLL,D,45.0,45,448852,4.2125,0
POLL,D,45.0,45,449238,4.2125,0
POLL,D,45.0,45,449624,4.2252,0
POLL,D,45.0,45,450010,4.2710,0
POLL,D,45.0,45,450390,4.3916,0
POLL,D,45.0,45,450764,4.4220,0
POLL,D,45.0,45,451151,4.4289,0
POLL,D,45.0,45,451537,4.5146,0
POLL,D,45.0,45,451924,4.6034,0
POLL,D,45.0,45,452294,4.6063,0
POLL,D,45.0,45,452680,4.6521,0
POLL,D,45.0,45,453067,4.7642,0
POLL,D,45.0,45,453453,4.7963,0
POLL,D,45.0,45,453825,4.8086,0
POLL,D,45.0,45,454211,4.9025,0
CSV,D,45.0,speed,1,3.0,45,4.2052,4.9960,0.7908,,459094,0.0059,-0.0073,0.0000,0,unsettled
POLL,D,45.0,90,461960,4.9963,0
POLL,D,45.0,90,462347,4.9978,0
POLL,D,45.0,90,462719,5.0179,0
POLL,D,45.0,90,463105,5.1212,0
POLL,D,45.0,90,463491,5.1745,0
POLL,D,45.0,90,463877,5.2768,0
POLL,D,45.0,90,464248,5.3521,0
POLL,D,45.0,90,464634,5.4274,0
CSV,D,45.0,speed,2,3.0,90,5.0130,5.6696,0.6566,,469517,0.0115,0.0134,0.0000,0,unsettled
SUM,D,45.0,speed,3,0.9057,0.3223,0.1861,0.6566,1.2697
[battery] block E
META,tare,skipped-unstable
CSV,E,0.0,refeed,0,360.0,30,5.6630,5.7178,0.0548,,488357,0.0097,-0.0065,0.0000,0,unsettled
CSV,E,0.0,tap,0,1,,5.7281,5.7243,-0.0038,,495915,0.0051,0.0083,0.0000,0,unsettled
CSV,E,0.0,refeed,1,360.0,30,5.7148,5.7701,0.0553,,507487,0.0047,-0.0081,0.0000,0,unsettled
CSV,E,0.0,tap,1,1,,5.7763,5.7774,0.0012,,515050,0.0059,0.0089,0.0000,0,unsettled
CSV,E,0.0,refeed,2,360.0,30,5.7758,5.8184,0.0425,,526621,0.0022,-0.0021,0.0000,0,unsettled
CSV,E,0.0,tap,2,1,,5.8235,5.8286,0.0051,,534164,0.0046,0.0037,0.0000,0,unsettled
CSV,E,0.0,refeed,3,360.0,30,5.8346,5.8704,0.0357,,545735,0.0039,0.0060,0.0000,0,unsettled
CSV,E,0.0,tap,3,1,,5.8632,5.8771,0.0139,,553303,0.0045,-0.0077,0.0000,0,unsettled
CSV,E,0.0,refeed,4,360.0,30,5.8852,5.9166,0.0313,,564874,0.0039,0.0061,0.0000,0,unsettled
CSV,E,0.0,tap,4,1,,5.9197,5.9239,0.0042,,572416,0.0026,0.0037,0.0000,0,ok
CSV,E,0.0,refeed,5,360.0,30,5.9188,5.9642,0.0454,,583988,0.0077,-0.0053,0.0000,0,unsettled
CSV,E,0.0,tap,5,1,,5.9655,5.9721,0.0065,,591555,0.0029,0.0024,0.0000,0,unsettled
CSV,E,0.0,refeed,6,360.0,30,5.9750,6.0071,0.0321,,603114,0.0017,0.0022,0.0000,0,unsettled
CSV,E,0.0,tap,6,1,,5.9962,6.0134,0.0172,,610673,0.0067,-0.0101,0.0000,0,unsettled
CSV,E,0.0,refeed,7,360.0,30,6.0203,6.0513,0.0310,,622240,0.0015,0.0059,0.0000,0,unsettled
CSV,E,0.0,tap,7,1,,6.0374,6.0562,0.0189,,629794,0.0054,-0.0139,0.0000,0,unsettled
SUM,E,0.0,refeed,8,0.0410,0.0101,0.0036,0.0310,0.0553
SUM,E,0.0,tap,8,0.0079,0.0080,0.0028,-0.0038,0.0189
META,tare,skipped-unstable
CSV,E,45.0,refeed,0,360.0,30,6.0635,6.2929,0.2294,,648638,0.0018,-0.0033,0.0000,0,unsettled
CSV,E,45.0,tap,0,1,,6.2941,6.3046,0.0106,,656201,0.0028,0.0004,0.0000,0,ok
CSV,E,45.0,refeed,1,360.0,30,6.3031,6.4938,0.1908,,667761,0.0057,-0.0027,0.0000,0,ok
CSV,E,45.0,tap,1,1,,6.5030,6.5098,0.0067,,675319,0.0044,0.0091,0.0000,0,unsettled
CSV,E,45.0,refeed,2,360.0,30,6.5145,6.6951,0.1806,,686889,0.0014,0.0069,0.0000,0,ok
CSV,E,45.0,tap,2,1,,6.6950,6.7105,0.0155,,694442,0.0043,-0.0020,0.0000,0,unsettled
CSV,E,45.0,refeed,3,360.0,30,6.7133,6.8871,0.1739,,706013,0.0082,0.0028,0.0000,0,unsettled
CSV,E,45.0,tap,3,1,,6.8795,6.8995,0.0200,,713568,0.0011,-0.0071,0.0000,0,ok
CSV,E,45.0,refeed,4,360.0,30,6.9002,7.0803,0.1801,,725138,0.0022,0.0002,0.0000,0,ok
CSV,E,45.0,tap,4,1,,7.0821,7.0974,0.0153,,732707,0.0025,0.0006,0.0000,0,ok
CSV,E,45.0,refeed,5,360.0,30,7.0881,7.2676,0.1795,,744266,0.0016,-0.0094,0.0000,0,ok
CSV,E,45.0,tap,5,1,,7.2775,7.2767,-0.0007,,751820,0.0037,0.0091,0.0000,0,unsettled
CSV,E,45.0,refeed,6,360.0,30,7.2848,7.4372,0.1524,,763396,0.0063,0.0076,0.0000,0,ok
CSV,E,45.0,tap,6,1,,7.4359,7.4459,0.0100,,770959,0.0020,-0.0011,0.0000,0,ok
CSV,E,45.0,refeed,7,360.0,30,7.4411,7.6322,0.1910,,782517,0.0016,-0.0048,0.0000,0,unsettled
CSV,E,45.0,tap,7,1,,7.6413,7.6386,-0.0027,,790077,0.0048,0.0091,0.0000,0,unsettled
SUM,E,45.0,refeed,8,0.1847,0.0217,0.0077,0.1524,0.2294
SUM,E,45.0,tap,8,0.0093,0.0079,0.0028,-0.0027,0.0200
META,park_tilt_deg,0.0
META,env.brackets,141
META,env.disturbed_trials,38
META,env.drift_corrected_g,0.7714
META,env.quiet_waits,2
META,env.retries,3
META,env.shock_events,20
META,env.shock_total_g,-0.0476
META,env.unsettled_brackets,82
RUN,END,ok
