import powder_battery
>>> powder_battery.run(powder_id='salt', attended=False, blocks="H")
[vib] DRV2605L unavailable ([Errno 5] EIO); skipping init
RUN,BEGIN
META,powder_id,salt
META,battery_version,3
META,blocks,H
META,tilts_deg,0.0;45.0;90.0
META,baseline_reads,8
META,hold_s,15
META,rotation_trials,6
META,rotation_step_deg,360.0
META,rotation_rpm,30.0
META,speed_rpms,15.0;45.0;90.0
META,speed_revs,3.0
META,tap_tilts,0.0;45.0
META,tap_trials,8
META,taps_per_point,1
META,refeed_deg,360.0
META,vib_bursts,3
META,dose_repeats,3
META,dose_target_g,1.0
META,dose_h_targets_g,0.0500;0.2000
META,dose_h_repeats,3
META,settle_ms,2000
META,min_flow_g,0.0005
META,bracket_n,6
META,bracket_ms,400
META,shock_g,0.01
META,max_resid_g,0.0015
META,quiet_tries,8
META,max_trial_retries,2
META,drift_correct,1
META,attended,0
META,config.SCALE_BAUD,19200
META,config.SCALE_BITS,8
META,config.SCALE_PARITY,0
META,config.SCALE_STABLE_TIMEOUT_MS,10000
META,config.SCALE_STOP,1
META,config.SERVO_SPEED_DEG_PER_S,60
META,config.STEPPER_ACCEL_REV_PER_S2,4.0
META,config.STEPPER_FULL_STEPS_REV,200
META,config.STEPPER_MICROSTEPS,8
META,config.STEPPER_SPEED_RPM,60
META,config.TAP_OFF_MS,150
META,config.TAP_ON_MS,60
META,config.TAP_PWM_DUTY,1.0
[battery] block H
PROMPT,block H (small closed-loop doses): EMPTY the collection cup now, then Enter ('skip'/'abort')
META,dose_h.thresholds.0.0500,0.0500;0.0250;0.0050
[battery] dose target 0.0500 g, thresholds 0.0500/0.0250/0.0050
[dose] three-phase dose to 0.0500 g; taring scale
[dose] done: DoseResult(scale-error: 0.0000/0.0500 g in 13.0s; cycles -; 0.00 auger rev, 0 taps)
DOSE,0,0.0500,0.0000,-0.0500,scale-error,13.0,0.00,0,,13314,H
PROMPT,block H dose 0 done -- empty the cup for the next dose, then Enter ('skip'/'abort')
[dose] three-phase dose to 0.0500 g; taring scale
=== phase 1/3 'bulk' skipped (-7.4893 g to go is already <= 0.0500 g threshold)
=== phase 2/3 'fine' skipped (-7.4893 g to go is already <= 0.0250 g threshold)
=== phase 3/3 'tap' skipped (-7.4893 g to go is already <= 0.0050 g threshold)
[dose] done: DoseResult(overshoot: 7.5393/0.0500 g in 7.0s; cycles bulk:0, fine:0, tap:0; 0.00 auger rev, 0 taps)
DOSE,1,0.0500,7.5393,7.4893,overshoot,7.0,0.00,0,bulk:0;fine:0;tap:0,20806,H
PROMPT,block H dose 1 done -- empty the cup for the next dose, then Enter ('skip'/'abort')
[dose] three-phase dose to 0.0500 g; taring scale
=== phase 1/3 'bulk' skipped (0.0500 g to go is already <= 0.0500 g threshold)
=== phase 2/3 'fine' start: 0.0500 g to go, exit at 0.0250 g to go; angle 22.5 plate deg, 45 auger deg/cycle @ 30 rpm, 0 taps/cycle, settle 1500 ms
[phase 2 fine] cycle 1: mass 0.0575 / 0.0500 g (0.0000 g to go, +0.0575 g this cycle), elapsed 10.0 s
=== phase 2/3 'fine' end (1 cycles): mass 0.0575 / 0.0500 g (0.0000 g to go, +0.0575 g this phase), elapsed 10.0 s
=== phase 3/3 'tap' skipped (-0.0075 g to go is already <= 0.0050 g threshold)
[dose] done: DoseResult(overshoot: 0.0575/0.0500 g in 10.0s; cycles bulk:0, fine:1, tap:0; 0.13 auger rev, 0 taps)
DOSE,2,0.0500,0.0575,0.0075,overshoot,10.0,0.13,0,bulk:0;fine:1;tap:0,30660,H
PROMPT,block H dose 2 done -- empty the cup for the next dose, then Enter ('skip'/'abort')
META,dose_h.thresholds.0.2000,0.2000;0.0500;0.0050
[battery] dose target 0.2000 g, thresholds 0.2000/0.0500/0.0050
[dose] three-phase dose to 0.2000 g; taring scale
=== phase 1/3 'bulk' skipped (0.2000 g to go is already <= 0.2000 g threshold)
=== phase 2/3 'fine' start: 0.2000 g to go, exit at 0.0500 g to go; angle 22.5 plate deg, 45 auger deg/cycle @ 30 rpm, 0 taps/cycle, settle 1500 ms
[phase 2 fine] cycle 1: mass 0.0688 / 0.2000 g (0.1312 g to go, +0.0688 g this cycle), elapsed 7.0 s
[phase 2 fine] cycle 2: mass 0.1195 / 0.2000 g (0.0805 g to go, +0.0507 g this cycle), elapsed 11.0 s
[phase 2 fine] cycle 3: mass 0.1466 / 0.2000 g (0.0534 g to go, +0.0271 g this cycle), elapsed 15.0 s
[phase 2 fine] cycle 4: mass 0.1657 / 0.2000 g (0.0343 g to go, +0.0191 g this cycle), elapsed 19.0 s
=== phase 2/3 'fine' end (4 cycles): mass 0.1657 / 0.2000 g (0.0343 g to go, +0.1657 g this phase), elapsed 19.0 s
=== phase 3/3 'tap' start: 0.0343 g to go, exit at 0.0050 g to go; angle 0.0 plate deg, 0 auger deg/cycle @ 0 rpm, 2 taps/cycle, settle 1500 ms
[phase 3 tap] cycle 1: mass 0.1660 / 0.2000 g (0.0340 g to go, +0.0003 g this cycle), elapsed 22.0 s
[phase 3 tap] cycle 2: mass 0.1666 / 0.2000 g (0.0334 g to go, +0.0006 g this cycle), elapsed 24.0 s
[phase 3 tap] cycle 3: mass 0.1670 / 0.2000 g (0.0330 g to go, +0.0004 g this cycle), elapsed 31.0 s
[phase 3 tap] cycle 4: mass 0.1667 / 0.2000 g (0.0333 g to go, -0.0003 g this cycle), elapsed 33.0 s
[phase 3 tap] cycle 5: mass 0.1681 / 0.2000 g (0.0319 g to go, +0.0014 g this cycle), elapsed 37.0 s
=== phase 3/3 'tap' end (5 cycles): mass 0.1681 / 0.2000 g (0.0319 g to go, +0.0024 g this phase), elapsed 49.0 s
[dose] done: DoseResult(scale-error: 0.1681/0.2000 g in 49.0s; cycles bulk:0, fine:4, tap:5; 0.50 auger rev, 12 taps)
DOSE,3,0.2000,0.1681,-0.0319,scale-error,49.0,0.50,12,bulk:0;fine:4;tap:5,79431,H
PROMPT,block H dose 3 done -- empty the cup for the next dose, then Enter ('skip'/'abort')
[dose] three-phase dose to 0.2000 g; taring scale
=== phase 1/3 'bulk' skipped (0.2000 g to go is already <= 0.2000 g threshold)
=== phase 2/3 'fine' start: 0.2000 g to go, exit at 0.0500 g to go; angle 22.5 plate deg, 45 auger deg/cycle @ 30 rpm, 0 taps/cycle, settle 1500 ms
[phase 2 fine] cycle 1: mass -0.0001 / 0.2000 g (0.2001 g to go, -0.0001 g this cycle), elapsed 17.0 s
=== phase 2/3 'fine' end (1 cycles): mass -0.0001 / 0.2000 g (0.2001 g to go, -0.0001 g this phase), elapsed 31.0 s
[dose] done: DoseResult(scale-error: -0.0001/0.2000 g in 31.0s; cycles bulk:0, fine:1; 0.25 auger rev, 0 taps)
DOSE,4,0.2000,-0.0001,-0.2001,scale-error,31.0,0.25,0,bulk:0;fine:1,110032,H
PROMPT,block H dose 4 done -- empty the cup for the next dose, then Enter ('skip'/'abort')
[dose] three-phase dose to 0.2000 g; taring scale
=== phase 1/3 'bulk' skipped (0.1999 g to go is already <= 0.2000 g threshold)
=== phase 2/3 'fine' start: 0.1999 g to go, exit at 0.0500 g to go; angle 22.5 plate deg, 45 auger deg/cycle @ 30 rpm, 0 taps/cycle, settle 1500 ms
[phase 2 fine] cycle 1: mass 0.0061 / 0.2000 g (0.1939 g to go, +0.0060 g this cycle), elapsed 19.0 s
=== phase 2/3 'fine' end (1 cycles): mass 0.0061 / 0.2000 g (0.1939 g to go, +0.0060 g this phase), elapsed 33.0 s
[dose] done: DoseResult(scale-error: 0.0061/0.2000 g in 33.0s; cycles bulk:0, fine:1; 0.25 auger rev, 0 taps)
DOSE,5,0.2000,0.0061,-0.1939,scale-error,33.0,0.25,0,bulk:0;fine:1,143217,H
META,park_tilt_deg,0.0
META,env.brackets,0
META,env.disturbed_trials,0
META,env.drift_corrected_g,0.0000
META,env.quiet_waits,0
META,env.retries,0
META,env.shock_events,0
META,env.shock_total_g,0.0000
META,env.unsettled_brackets,0
RUN,END,ok
