import powder_battery
>>> powder_battery.run(powder_id='salt', attended=False, blocks="H")
[vib] DRV2605L unavailable ([Errno 5] EIO); skipping init
RUN,BEGIN
META,powder_id,salt
META,battery_version,3
META,blocks,H
META,tilts_deg,0.0;45.0;90.0
META,baseline_reads,8
META,hold_s,15
META,rotation_trials,6
META,rotation_step_deg,360.0
META,rotation_rpm,30.0
META,speed_rpms,15.0;45.0;90.0
META,speed_revs,3.0
META,tap_tilts,0.0;45.0
META,tap_trials,8
META,taps_per_point,1
META,refeed_deg,360.0
META,vib_bursts,3
META,dose_repeats,3
META,dose_target_g,1.0
META,dose_h_targets_g,0.0500;0.2000
META,dose_h_repeats,3
META,settle_ms,2000
META,min_flow_g,0.0005
META,bracket_n,6
META,bracket_ms,400
META,shock_g,0.01
META,max_resid_g,0.0015
META,quiet_tries,8
META,max_trial_retries,2
META,drift_correct,1
META,attended,0
META,config.SCALE_BAUD,19200
META,config.SCALE_BITS,8
META,config.SCALE_PARITY,0
META,config.SCALE_STABLE_TIMEOUT_MS,10000
META,config.SCALE_STOP,1
META,config.SERVO_SPEED_DEG_PER_S,60
META,config.STEPPER_ACCEL_REV_PER_S2,4.0
META,config.STEPPER_FULL_STEPS_REV,200
META,config.STEPPER_MICROSTEPS,8
META,config.STEPPER_SPEED_RPM,60
META,config.TAP_OFF_MS,150
META,config.TAP_ON_MS,60
META,config.TAP_PWM_DUTY,1.0
META,config.dose_bracket_interval_ms,250
META,config.dose_bracket_n,5
META,config.dose_max_baseline_g,10.0
META,config.dose_read_path,bracket
[battery] block H
PROMPT,block H (small closed-loop doses): EMPTY the collection cup now, then Enter ('skip'/'abort')
META,dose_h.thresholds.0.0500,0.0500;0.0250;0.0050
[battery] dose target 0.0500 g, thresholds 0.0500/0.0250/0.0050
[dose] three-phase dose to 0.0500 g; taring scale
[dose] tared: baseline +0.2 mg (subtracted), drift +33.3 mg/min, read noise 0.08 mg
=== phase 1/3 'bulk' skipped (0.0491 g to go is already <= 0.0500 g threshold)
=== phase 2/3 'fine' start: 0.0491 g to go, exit at 0.0250 g to go; angle 22.5 plate deg, 45 auger deg/cycle @ 30 rpm, 0 taps/cycle, settle 1500 ms
[phase 2 fine] cycle 1: mass 0.0224 / 0.0500 g (0.0276 g to go, +0.0216 g this cycle), elapsed 11.0 s
[phase 2 fine] cycle 2: mass 0.0589 / 0.0500 g (0.0000 g to go, +0.0365 g this cycle), elapsed 17.0 s
=== phase 2/3 'fine' end (2 cycles): mass 0.0589 / 0.0500 g (0.0000 g to go, +0.0581 g this phase), elapsed 17.0 s
=== phase 3/3 'tap' skipped (-0.0089 g to go is already <= 0.0050 g threshold)
[dose] done: DoseResult(overshoot: 0.0589/0.0500 g in 17.0s; cycles bulk:0, fine:2, tap:0; 0.25 auger rev, 0 taps)
DOSE,0,0.0500,0.0589,0.0089,overshoot,17.0,0.25,0,bulk:0;fine:2;tap:0,16428,H
PROMPT,block H dose 0 done -- empty the cup for the next dose, then Enter ('skip'/'abort')
[dose] three-phase dose to 0.0500 g; taring scale
[dose] tared: baseline +0.2 mg (subtracted), drift +0.0 mg/min, read noise 0.00 mg
=== phase 1/3 'bulk' skipped (0.0498 g to go is already <= 0.0500 g threshold)
=== phase 2/3 'fine' start: 0.0498 g to go, exit at 0.0250 g to go; angle 22.5 plate deg, 45 auger deg/cycle @ 30 rpm, 0 taps/cycle, settle 1500 ms
[phase 2 fine] cycle 1: mass 0.0352 / 0.0500 g (0.0148 g to go, +0.0350 g this cycle), elapsed 11.0 s
=== phase 2/3 'fine' end (1 cycles): mass 0.0352 / 0.0500 g (0.0148 g to go, +0.0350 g this phase), elapsed 11.0 s
=== phase 3/3 'tap' start: 0.0148 g to go, exit at 0.0050 g to go; angle 0.0 plate deg, 0 auger deg/cycle @ 0 rpm, 2 taps/cycle, settle 1500 ms
[phase 3 tap] cycle 1: mass 0.0239 / 0.0500 g (0.0261 g to go, -0.0113 g this cycle), elapsed 15.0 s
[phase 3 tap] cycle 2: mass 0.0327 / 0.0500 g (0.0173 g to go, +0.0088 g this cycle), elapsed 18.0 s
[phase 3 tap] cycle 3: mass 0.0543 / 0.0500 g (0.0000 g to go, +0.0216 g this cycle), elapsed 22.0 s
=== phase 3/3 'tap' end (3 cycles): mass 0.0543 / 0.0500 g (0.0000 g to go, +0.0191 g this phase), elapsed 22.0 s
[dose] done: DoseResult(ok: 0.0543/0.0500 g in 22.0s; cycles bulk:0, fine:1, tap:3; 0.13 auger rev, 6 taps)
DOSE,1,0.0500,0.0543,0.0043,ok,22.0,0.13,6,bulk:0;fine:1;tap:3,38434,H
PROMPT,block H dose 1 done -- empty the cup for the next dose, then Enter ('skip'/'abort')
[dose] three-phase dose to 0.0500 g; taring scale
[dose] tared: baseline +0.0 mg (subtracted), drift +0.0 mg/min, read noise 0.00 mg
=== phase 1/3 'bulk' skipped (0.0498 g to go is already <= 0.0500 g threshold)
=== phase 2/3 'fine' start: 0.0498 g to go, exit at 0.0250 g to go; angle 22.5 plate deg, 45 auger deg/cycle @ 30 rpm, 0 taps/cycle, settle 1500 ms
[phase 2 fine] cycle 1: mass 0.0058 / 0.0500 g (0.0442 g to go, +0.0056 g this cycle), elapsed 11.0 s
[phase 2 fine] cycle 2: mass 0.0494 / 0.0500 g (0.0006 g to go, +0.0436 g this cycle), elapsed 17.0 s
=== phase 2/3 'fine' end (2 cycles): mass 0.0494 / 0.0500 g (0.0006 g to go, +0.0492 g this phase), elapsed 17.0 s
=== phase 3/3 'tap' skipped (0.0006 g to go is already <= 0.0050 g threshold)
[dose] done: DoseResult(ok: 0.0494/0.0500 g in 17.0s; cycles bulk:0, fine:2, tap:0; 0.25 auger rev, 0 taps)
DOSE,2,0.0500,0.0494,-0.0006,ok,17.0,0.25,0,bulk:0;fine:2;tap:0,55351,H
PROMPT,block H dose 2 done -- empty the cup for the next dose, then Enter ('skip'/'abort')
META,dose_h.thresholds.0.2000,0.2000;0.0500;0.0050
[battery] dose target 0.2000 g, thresholds 0.2000/0.0500/0.0050
[dose] three-phase dose to 0.2000 g; taring scale
[dose] tared: baseline -0.1 mg (subtracted), drift +6.3 mg/min, read noise 0.04 mg
=== phase 1/3 'bulk' skipped (0.2000 g to go is already <= 0.2000 g threshold)
=== phase 2/3 'fine' start: 0.2000 g to go, exit at 0.0500 g to go; angle 22.5 plate deg, 45 auger deg/cycle @ 30 rpm, 0 taps/cycle, settle 1500 ms
[phase 2 fine] cycle 1: mass -0.0086 / 0.2000 g (0.2086 g to go, -0.0086 g this cycle), elapsed 10.0 s
[phase 2 fine] cycle 2: mass 0.0542 / 0.2000 g (0.1458 g to go, +0.0628 g this cycle), elapsed 15.0 s
[phase 2 fine] cycle 3: mass 0.1301 / 0.2000 g (0.0699 g to go, +0.0759 g this cycle), elapsed 21.0 s
[phase 2 fine] cycle 4: mass 0.1890 / 0.2000 g (0.0110 g to go, +0.0589 g this cycle), elapsed 26.0 s
=== phase 2/3 'fine' end (4 cycles): mass 0.1890 / 0.2000 g (0.0110 g to go, +0.1890 g this phase), elapsed 26.0 s
=== phase 3/3 'tap' start: 0.0110 g to go, exit at 0.0050 g to go; angle 0.0 plate deg, 0 auger deg/cycle @ 0 rpm, 2 taps/cycle, settle 1500 ms
[phase 3 tap] cycle 1: mass 0.1670 / 0.2000 g (0.0330 g to go, -0.0220 g this cycle), elapsed 30.0 s
[phase 3 tap] cycle 2: mass 0.1717 / 0.2000 g (0.0283 g to go, +0.0047 g this cycle), elapsed 33.0 s
[phase 3 tap] cycle 3: mass 0.1753 / 0.2000 g (0.0247 g to go, +0.0036 g this cycle), elapsed 37.0 s
[phase 3 tap] cycle 4: mass 0.1987 / 0.2000 g (0.0013 g to go, +0.0233 g this cycle), elapsed 40.0 s
=== phase 3/3 'tap' end (4 cycles): mass 0.1987 / 0.2000 g (0.0013 g to go, +0.0097 g this phase), elapsed 40.0 s
[dose] done: DoseResult(ok: 0.1987/0.2000 g in 40.0s; cycles bulk:0, fine:4, tap:4; 0.50 auger rev, 8 taps)
DOSE,3,0.2000,0.1987,-0.0013,ok,40.0,0.50,8,bulk:0;fine:4;tap:4,95612,H
PROMPT,block H dose 3 done -- empty the cup for the next dose, then Enter ('skip'/'abort')
[dose] three-phase dose to 0.2000 g; taring scale
[dose] tared: baseline +0.3 mg (subtracted), drift +9.1 mg/min, read noise 0.03 mg
=== phase 1/3 'bulk' skipped (0.1995 g to go is already <= 0.2000 g threshold)
=== phase 2/3 'fine' start: 0.1995 g to go, exit at 0.0500 g to go; angle 22.5 plate deg, 45 auger deg/cycle @ 30 rpm, 0 taps/cycle, settle 1500 ms
[phase 2 fine] cycle 1: mass 0.0332 / 0.2000 g (0.1668 g to go, +0.0327 g this cycle), elapsed 10.0 s
[phase 2 fine] cycle 2: mass 0.0924 / 0.2000 g (0.1076 g to go, +0.0592 g this cycle), elapsed 15.0 s
[phase 2 fine] cycle 3: mass 0.1357 / 0.2000 g (0.0643 g to go, +0.0433 g this cycle), elapsed 21.0 s
[phase 2 fine] cycle 4: mass 0.1187 / 0.2000 g (0.0813 g to go, -0.0170 g this cycle), elapsed 26.0 s
[phase 2 fine] cycle 5: mass 0.1018 / 0.2000 g (0.0982 g to go, -0.0170 g this cycle), elapsed 31.0 s
[phase 2 fine] cycle 6: mass 0.1567 / 0.2000 g (0.0433 g to go, +0.0549 g this cycle), elapsed 36.0 s
=== phase 2/3 'fine' end (6 cycles): mass 0.1567 / 0.2000 g (0.0433 g to go, +0.1562 g this phase), elapsed 36.0 s
=== phase 3/3 'tap' start: 0.0433 g to go, exit at 0.0050 g to go; angle 0.0 plate deg, 0 auger deg/cycle @ 0 rpm, 2 taps/cycle, settle 1500 ms
[phase 3 tap] cycle 1: mass 0.1613 / 0.2000 g (0.0387 g to go, +0.0046 g this cycle), elapsed 40.0 s
[phase 3 tap] cycle 2: mass 0.1816 / 0.2000 g (0.0184 g to go, +0.0203 g this cycle), elapsed 43.0 s
[phase 3 tap] cycle 3: mass 0.1893 / 0.2000 g (0.0107 g to go, +0.0078 g this cycle), elapsed 47.0 s
[phase 3 tap] cycle 4: mass 0.1566 / 0.2000 g (0.0434 g to go, -0.0327 g this cycle), elapsed 50.0 s
[phase 3 tap] cycle 5: mass 0.2133 / 0.2000 g (0.0000 g to go, +0.0567 g this cycle), elapsed 53.0 s
=== phase 3/3 'tap' end (5 cycles): mass 0.2133 / 0.2000 g (0.0000 g to go, +0.0566 g this phase), elapsed 53.0 s
[dose] done: DoseResult(overshoot: 0.2133/0.2000 g in 53.0s; cycles bulk:0, fine:6, tap:5; 0.75 auger rev, 10 taps)
DOSE,4,0.2000,0.2133,0.0133,overshoot,53.0,0.75,10,bulk:0;fine:6;tap:5,148792,H
PROMPT,block H dose 4 done -- empty the cup for the next dose, then Enter ('skip'/'abort')
[dose] three-phase dose to 0.2000 g; taring scale
[dose] tared: baseline +0.2 mg (subtracted), drift +0.0 mg/min, read noise 0.00 mg
=== phase 1/3 'bulk' start: 0.2002 g to go, exit at 0.2000 g to go; angle 45.0 plate deg, CONTINUOUS @ 55 auger rpm (poll 250 ms, anticipation 0.1200 g), settle 800 ms
[phase 1 bulk] poll 1 (unstable): mass -0.0205 / 0.2000 g (0.2205 g to go, -0.0203 g this poll), elapsed 6.0 s
[phase 1 bulk] auger halted at 0.2205 g to go (halt threshold 0.3200 g); settling 800 ms
[phase 1 bulk] settled: mass 0.0346 / 0.2000 g (0.1654 g to go, +0.0551 g while settling), elapsed 8.0 s
=== phase 1/3 'bulk' end (1 cycles): mass 0.0346 / 0.2000 g (0.1654 g to go, +0.0347 g this phase), elapsed 8.0 s
=== phase 2/3 'fine' start: 0.1654 g to go, exit at 0.0500 g to go; angle 22.5 plate deg, 45 auger deg/cycle @ 30 rpm, 0 taps/cycle, settle 1500 ms
[phase 2 fine] cycle 1: mass 0.1370 / 0.2000 g (0.0630 g to go, +0.1024 g this cycle), elapsed 14.0 s
[phase 2 fine] cycle 2: mass 0.1366 / 0.2000 g (0.0634 g to go, -0.0004 g this cycle), elapsed 19.0 s
[phase 2 fine] cycle 3: mass 0.1773 / 0.2000 g (0.0227 g to go, +0.0407 g this cycle), elapsed 25.0 s
=== phase 2/3 'fine' end (3 cycles): mass 0.1773 / 0.2000 g (0.0227 g to go, +0.1428 g this phase), elapsed 25.0 s
=== phase 3/3 'tap' start: 0.0227 g to go, exit at 0.0050 g to go; angle 0.0 plate deg, 0 auger deg/cycle @ 0 rpm, 2 taps/cycle, settle 1500 ms
[phase 3 tap] cycle 1: mass 0.1568 / 0.2000 g (0.0432 g to go, -0.0205 g this cycle), elapsed 29.0 s
[phase 3 tap] cycle 2: mass 0.1703 / 0.2000 g (0.0297 g to go, +0.0134 g this cycle), elapsed 32.0 s
[phase 3 tap] cycle 3: mass 0.1228 / 0.2000 g (0.0772 g to go, -0.0475 g this cycle), elapsed 35.0 s
[phase 3 tap] cycle 4: mass 0.1527 / 0.2000 g (0.0473 g to go, +0.0300 g this cycle), elapsed 38.0 s
[phase 3 tap] cycle 5: mass 0.1728 / 0.2000 g (0.0272 g to go, +0.0200 g this cycle), elapsed 41.0 s
[phase 3 tap] cycle 6: mass 0.1655 / 0.2000 g (0.0345 g to go, -0.0072 g this cycle), elapsed 44.0 s
[phase 3 tap] cycle 7: mass 0.1789 / 0.2000 g (0.0211 g to go, +0.0134 g this cycle), elapsed 48.0 s
[phase 3 tap] cycle 8: mass 0.1709 / 0.2000 g (0.0291 g to go, -0.0081 g this cycle), elapsed 51.0 s
[phase 3 tap] cycle 9: mass 0.1835 / 0.2000 g (0.0165 g to go, +0.0126 g this cycle), elapsed 54.0 s
[phase 3 tap] cycle 10: mass 0.1908 / 0.2000 g (0.0092 g to go, +0.0073 g this cycle), elapsed 57.0 s
[phase 3 tap] cycle 11: mass 0.1877 / 0.2000 g (0.0123 g to go, -0.0031 g this cycle), elapsed 60.0 s
[phase 3 tap] cycle 12: mass 0.1963 / 0.2000 g (0.0037 g to go, +0.0086 g this cycle), elapsed 64.0 s
=== phase 3/3 'tap' end (12 cycles): mass 0.1963 / 0.2000 g (0.0037 g to go, +0.0190 g this phase), elapsed 64.0 s
[dose] done: DoseResult(ok: 0.1963/0.2000 g in 64.0s; cycles bulk:1, fine:3, tap:12; 0.38 auger rev, 24 taps)
DOSE,5,0.2000,0.1963,-0.0037,ok,64.0,0.38,24,bulk:1;fine:3;tap:12,212377,H
META,park_tilt_deg,0.0
META,env.brackets,0
META,env.disturbed_trials,0
META,env.drift_corrected_g,0.0000
META,env.quiet_waits,0
META,env.retries,0
META,env.shock_events,0
META,env.shock_total_g,0.0000
META,env.unsettled_brackets,0
RUN,END,ok
