  newSketch        Plate sketch
  extrude          Plate
  cPlane           Relief floor plane
  newSketch        Relief sketch
  extrude          Relief
  newSketch        Slot and notch sketch
  extrude          Cup slot and head notches
  cPlane           Tower plane
  newSketch        Tower sketch
  extrude          Hinge tower
  cPlane           Cradle plane
  newSketch        Cradle sketch
  extrude          Servo cradle
  mirror           Mirror tower and cradle
push to "Baseplate (servos above)" (update): estimated Onshape API calls: 4 (Variable Studio 1, features 1, status check 1, volume check 1) = 0.2% of the 2470 left (0.2% of the yearly 2500)
  OK      variableStudio   7 variables
  OK      newSketch        Tower sketch  (updated)
built 1, reused 13: https://cad.onshape.com/documents/57bb938243b883c7bdad1045/w/ad5c3faacfea2bbf8b231a69/e/90ab6355538f5d532922ca60
warning: sketch "Tower sketch": constraints gave WARNING, kept geometry without dimensions (now OK)
{'parts': 1, 'volume_mm3': 103908.647, 'area_mm2': 59588.101}
Onshape API calls this run: 5
     2  POST partstudios/d/{id}/w/{id}/e/{id}/features/featureid/{fid}
     1  POST variables/d/{id}/w/{id}/e/{id}/variables
     1  POST partstudios/d/{id}/w/{id}/e/{id}/featurescript
     1  GET partstudios/d/{id}/w/{id}/e/{id}/massproperties
