import powder_battery
>>> powder_battery.run(powder_id='calcium-lactate', attended=False, blocks="H")
[vib] DRV2605L unavailable ([Errno 5] EIO); skipping init
RUN,BEGIN
META,powder_id,calcium-lactate
META,battery_version,3
META,blocks,H
META,tilts_deg,0.0;45.0;90.0
META,baseline_reads,8
META,hold_s,15
META,rotation_trials,6
META,rotation_step_deg,360.0
META,rotation_rpm,30.0
META,speed_rpms,15.0;45.0;90.0
META,speed_revs,3.0
META,tap_tilts,0.0;45.0
META,tap_trials,8
META,taps_per_point,1
META,refeed_deg,360.0
META,vib_bursts,3
META,dose_repeats,3
META,dose_target_g,1.0
META,dose_h_targets_g,0.0500;0.2000
META,dose_h_repeats,3
META,settle_ms,2000
META,min_flow_g,0.0005
META,bracket_n,6
META,bracket_ms,400
META,shock_g,0.01
META,max_resid_g,0.0015
META,quiet_tries,8
META,max_trial_retries,2
META,drift_correct,1
META,attended,0
META,config.SCALE_BAUD,19200
META,config.SCALE_BITS,8
META,config.SCALE_PARITY,0
META,config.SCALE_STABLE_TIMEOUT_MS,10000
META,config.SCALE_STOP,1
META,config.SERVO_SPEED_DEG_PER_S,60
META,config.STEPPER_ACCEL_REV_PER_S2,4.0
META,config.STEPPER_FULL_STEPS_REV,200
META,config.STEPPER_MICROSTEPS,8
META,config.STEPPER_SPEED_RPM,60
META,config.TAP_OFF_MS,150
META,config.TAP_ON_MS,60
META,config.TAP_PWM_DUTY,1.0
META,config.dose_bracket_interval_ms,250
META,config.dose_bracket_n,5
META,config.dose_max_baseline_g,10.0
META,config.dose_read_path,bracket
[battery] block H
PROMPT,block H (small closed-loop doses): EMPTY the collection cup now, then Enter ('skip'/'abort')
META,dose_h.thresholds.0.0500,0.0500;0.0250;0.0050
[battery] dose target 0.0500 g, thresholds 0.0500/0.0250/0.0050
[dose] three-phase dose to 0.0500 g; taring scale
[dose] WARNING the tare did not take -- pan reads -1.0363 g. Subtracting it as this dose's baseline; delivered mass is measured as the increment above it, not the displayed value.
[dose] tared: baseline -1036.3 mg (subtracted), drift +56.4 mg/min, read noise 0.02 mg
=== phase 1/3 'bulk' skipped (0.0488 g to go is already <= 0.0500 g threshold)
=== phase 2/3 'fine' start: 0.0488 g to go, exit at 0.0250 g to go; angle 22.5 plate deg, 45 auger deg/cycle @ 30 rpm, 0 taps/cycle, settle 1500 ms
[phase 2 fine] cycle 1: mass 0.0166 / 0.0500 g (0.0334 g to go, +0.0154 g this cycle), elapsed 10.0 s
[phase 2 fine] cycle 2: mass 0.0170 / 0.0500 g (0.0330 g to go, +0.0004 g this cycle), elapsed 15.0 s
[phase 2 fine] cycle 3: mass 0.0221 / 0.0500 g (0.0279 g to go, +0.0050 g this cycle), elapsed 21.0 s
[phase 2 fine] cycle 4: mass 0.0382 / 0.0500 g (0.0118 g to go, +0.0162 g this cycle), elapsed 26.0 s
=== phase 2/3 'fine' end (4 cycles): mass 0.0382 / 0.0500 g (0.0118 g to go, +0.0370 g this phase), elapsed 26.0 s
=== phase 3/3 'tap' start: 0.0118 g to go, exit at 0.0050 g to go; angle 0.0 plate deg, 0 auger deg/cycle @ 0 rpm, 2 taps/cycle, settle 1500 ms
[phase 3 tap] cycle 1: mass 0.0351 / 0.0500 g (0.0149 g to go, -0.0031 g this cycle), elapsed 30.0 s
[phase 3 tap] cycle 2: mass 0.0359 / 0.0500 g (0.0141 g to go, +0.0008 g this cycle), elapsed 33.0 s
[phase 3 tap] cycle 3: mass 0.0389 / 0.0500 g (0.0111 g to go, +0.0030 g this cycle), elapsed 37.0 s
[phase 3 tap] cycle 4: mass 0.0392 / 0.0500 g (0.0108 g to go, +0.0003 g this cycle), elapsed 40.0 s
[phase 3 tap] cycle 5: mass 0.0407 / 0.0500 g (0.0093 g to go, +0.0015 g this cycle), elapsed 43.0 s
[phase 3 tap] cycle 6: mass 0.0487 / 0.0500 g (0.0013 g to go, +0.0080 g this cycle), elapsed 47.0 s
=== phase 3/3 'tap' end (6 cycles): mass 0.0487 / 0.0500 g (0.0013 g to go, +0.0104 g this phase), elapsed 47.0 s
[dose] done: DoseResult(ok: 0.0487/0.0500 g in 47.0s; cycles bulk:0, fine:4, tap:6; 0.50 auger rev, 12 taps)
DOSE,0,0.0500,0.0487,-0.0013,ok,47.0,0.50,12,bulk:0;fine:4;tap:6,46825,H
PROMPT,block H dose 0 done -- empty the cup for the next dose, then Enter ('skip'/'abort')
[dose] three-phase dose to 0.0500 g; taring scale
[dose] WARNING the tare did not take -- pan reads -0.9892 g. Subtracting it as this dose's baseline; delivered mass is measured as the increment above it, not the displayed value.
[dose] tared: baseline -989.2 mg (subtracted), drift -382.1 mg/min, read noise 3.55 mg
=== phase 1/3 'bulk' start: 0.0707 g to go, exit at 0.0500 g to go; angle 45.0 plate deg, CONTINUOUS @ 55 auger rpm (poll 250 ms, anticipation 0.1200 g), settle 800 ms
[phase 1 bulk] poll 1 (unstable): mass -0.0035 / 0.0500 g (0.0535 g to go, +0.0173 g this poll), elapsed 6.0 s
[phase 1 bulk] auger halted at 0.0535 g to go (halt threshold 0.1700 g); settling 800 ms
[phase 1 bulk] settled: mass 0.0387 / 0.0500 g (0.0113 g to go, +0.0421 g while settling), elapsed 8.0 s
=== phase 1/3 'bulk' end (1 cycles): mass 0.0387 / 0.0500 g (0.0113 g to go, +0.0594 g this phase), elapsed 8.0 s
=== phase 2/3 'fine' skipped (0.0113 g to go is already <= 0.0250 g threshold)
=== phase 3/3 'tap' start: 0.0113 g to go, exit at 0.0050 g to go; angle 0.0 plate deg, 0 auger deg/cycle @ 0 rpm, 2 taps/cycle, settle 1500 ms
[phase 3 tap] cycle 1: mass 0.0710 / 0.0500 g (0.0000 g to go, +0.0324 g this cycle), elapsed 12.0 s
=== phase 3/3 'tap' end (1 cycles): mass 0.0710 / 0.0500 g (0.0000 g to go, +0.0324 g this phase), elapsed 12.0 s
[dose] done: DoseResult(overshoot: 0.0710/0.0500 g in 12.0s; cycles bulk:1, fine:0, tap:1; 0.92 auger rev, 2 taps)
DOSE,1,0.0500,0.0710,0.0210,overshoot,12.0,0.92,2,bulk:1;fine:0;tap:1,59637,H
PROMPT,block H dose 1 done -- empty the cup for the next dose, then Enter ('skip'/'abort')
[dose] three-phase dose to 0.0500 g; taring scale
[dose] WARNING the tare did not take -- pan reads -0.9192 g. Subtracting it as this dose's baseline; delivered mass is measured as the increment above it, not the displayed value.
[dose] tared: baseline -919.2 mg (subtracted), drift -8.7 mg/min, read noise 0.03 mg
=== phase 1/3 'bulk' start: 0.0504 g to go, exit at 0.0500 g to go; angle 45.0 plate deg, CONTINUOUS @ 55 auger rpm (poll 250 ms, anticipation 0.1200 g), settle 800 ms
[phase 1 bulk] poll 1 (unstable): mass 0.0006 / 0.0500 g (0.0494 g to go, +0.0010 g this poll), elapsed 6.0 s
[phase 1 bulk] auger halted at 0.0494 g to go (halt threshold 0.1700 g); settling 800 ms
[phase 1 bulk] settled: mass 0.0621 / 0.0500 g (0.0000 g to go, +0.0616 g while settling), elapsed 8.0 s
=== phase 1/3 'bulk' end (1 cycles): mass 0.0621 / 0.0500 g (0.0000 g to go, +0.0626 g this phase), elapsed 8.0 s
=== phase 2/3 'fine' skipped (-0.0121 g to go is already <= 0.0250 g threshold)
=== phase 3/3 'tap' skipped (-0.0121 g to go is already <= 0.0050 g threshold)
[dose] done: DoseResult(overshoot: 0.0621/0.0500 g in 9.0s; cycles bulk:1, fine:0, tap:0; 0.00 auger rev, 0 taps)
DOSE,2,0.0500,0.0621,0.0121,overshoot,9.0,0.00,0,bulk:1;fine:0;tap:0,67780,H
PROMPT,block H dose 2 done -- empty the cup for the next dose, then Enter ('skip'/'abort')
META,dose_h.thresholds.0.2000,0.2000;0.0500;0.0050
[battery] dose target 0.2000 g, thresholds 0.2000/0.0500/0.0050
[dose] three-phase dose to 0.2000 g; taring scale
[dose] WARNING the tare did not take -- pan reads -0.7965 g. Subtracting it as this dose's baseline; delivered mass is measured as the increment above it, not the displayed value.
[dose] tared: baseline -796.5 mg (subtracted), drift -30.3 mg/min, read noise 0.03 mg
=== phase 1/3 'bulk' start: 0.2004 g to go, exit at 0.2000 g to go; angle 45.0 plate deg, CONTINUOUS @ 55 auger rpm (poll 250 ms, anticipation 0.1200 g), settle 800 ms
[phase 1 bulk] poll 1: mass -0.0005 / 0.2000 g (0.2005 g to go, -0.0001 g this poll), elapsed 4.0 s
[phase 1 bulk] auger halted at 0.2005 g to go (halt threshold 0.3200 g); settling 800 ms
[phase 1 bulk] settled: mass 0.0351 / 0.2000 g (0.1649 g to go, +0.0356 g while settling), elapsed 6.0 s
=== phase 1/3 'bulk' end (1 cycles): mass 0.0351 / 0.2000 g (0.1649 g to go, +0.0356 g this phase), elapsed 6.0 s
=== phase 2/3 'fine' start: 0.1649 g to go, exit at 0.0500 g to go; angle 22.5 plate deg, 45 auger deg/cycle @ 30 rpm, 0 taps/cycle, settle 1500 ms
[phase 2 fine] cycle 1: mass 0.1064 / 0.2000 g (0.0936 g to go, +0.0713 g this cycle), elapsed 12.0 s
[phase 2 fine] cycle 2: mass 0.1106 / 0.2000 g (0.0894 g to go, +0.0042 g this cycle), elapsed 17.0 s
[phase 2 fine] cycle 3: mass 0.1263 / 0.2000 g (0.0737 g to go, +0.0157 g this cycle), elapsed 23.0 s
[phase 2 fine] cycle 4: mass 0.1652 / 0.2000 g (0.0348 g to go, +0.0389 g this cycle), elapsed 28.0 s
=== phase 2/3 'fine' end (4 cycles): mass 0.1652 / 0.2000 g (0.0348 g to go, +0.1301 g this phase), elapsed 28.0 s
=== phase 3/3 'tap' start: 0.0348 g to go, exit at 0.0050 g to go; angle 0.0 plate deg, 0 auger deg/cycle @ 0 rpm, 2 taps/cycle, settle 1500 ms
[phase 3 tap] cycle 1: mass 0.1684 / 0.2000 g (0.0316 g to go, +0.0032 g this cycle), elapsed 32.0 s
[phase 3 tap] cycle 2: mass 0.1661 / 0.2000 g (0.0339 g to go, -0.0023 g this cycle), elapsed 35.0 s
[phase 3 tap] cycle 3: mass 0.1649 / 0.2000 g (0.0351 g to go, -0.0011 g this cycle), elapsed 39.0 s
[phase 3 tap] cycle 4: mass 0.1719 / 0.2000 g (0.0281 g to go, +0.0070 g this cycle), elapsed 42.0 s
[phase 3 tap] cycle 5: mass 0.1728 / 0.2000 g (0.0272 g to go, +0.0008 g this cycle), elapsed 45.0 s
[phase 3 tap] cycle 6: mass 0.1732 / 0.2000 g (0.0268 g to go, +0.0004 g this cycle), elapsed 48.0 s
[phase 3 tap] cycle 7: mass 0.1711 / 0.2000 g (0.0289 g to go, -0.0021 g this cycle), elapsed 52.0 s
[phase 3 tap] cycle 8: mass 0.1740 / 0.2000 g (0.0260 g to go, +0.0029 g this cycle), elapsed 55.0 s
[phase 3 tap] cycle 9: mass 0.1746 / 0.2000 g (0.0254 g to go, +0.0007 g this cycle), elapsed 58.0 s
[phase 3 tap] cycle 10: mass 0.1694 / 0.2000 g (0.0306 g to go, -0.0052 g this cycle), elapsed 62.0 s
[phase 3 tap] cycle 11: mass 0.1735 / 0.2000 g (0.0265 g to go, +0.0041 g this cycle), elapsed 65.0 s
[phase 3 tap] cycle 12: mass 0.1740 / 0.2000 g (0.0260 g to go, +0.0005 g this cycle), elapsed 68.0 s
[phase 3 tap] cycle 13: mass 0.1750 / 0.2000 g (0.0250 g to go, +0.0010 g this cycle), elapsed 71.0 s
[phase 3 tap] cycle 14: mass 0.1753 / 0.2000 g (0.0247 g to go, +0.0002 g this cycle), elapsed 75.0 s
[phase 3 tap] cycle 15: mass 0.1772 / 0.2000 g (0.0228 g to go, +0.0020 g this cycle), elapsed 78.0 s
[phase 3 tap] cycle 16: mass 0.1758 / 0.2000 g (0.0242 g to go, -0.0015 g this cycle), elapsed 81.0 s
[phase 3 tap] cycle 17: mass 0.1766 / 0.2000 g (0.0234 g to go, +0.0008 g this cycle), elapsed 85.0 s
[phase 3 tap] cycle 18: mass 0.1775 / 0.2000 g (0.0225 g to go, +0.0009 g this cycle), elapsed 88.0 s
[phase 3 tap] cycle 19: mass 0.1794 / 0.2000 g (0.0206 g to go, +0.0018 g this cycle), elapsed 91.0 s
[phase 3 tap] cycle 20: mass 0.1787 / 0.2000 g (0.0213 g to go, -0.0007 g this cycle), elapsed 94.0 s
[phase 3 tap] cycle 21: mass 0.1796 / 0.2000 g (0.0204 g to go, +0.0010 g this cycle), elapsed 98.0 s
[phase 3 tap] cycle 22: mass 0.1806 / 0.2000 g (0.0194 g to go, +0.0010 g this cycle), elapsed 101.0 s
[phase 3 tap] cycle 23: mass 0.1779 / 0.2000 g (0.0221 g to go, -0.0027 g this cycle), elapsed 104.0 s
[phase 3 tap] cycle 24: mass 0.1789 / 0.2000 g (0.0211 g to go, +0.0010 g this cycle), elapsed 108.0 s
[phase 3 tap] cycle 25: mass 0.1778 / 0.2000 g (0.0222 g to go, -0.0011 g this cycle), elapsed 111.0 s
[phase 3 tap] cycle 26: mass 0.1799 / 0.2000 g (0.0201 g to go, +0.0021 g this cycle), elapsed 114.0 s
[phase 3 tap] cycle 27: mass 0.1799 / 0.2000 g (0.0201 g to go, +0.0000 g this cycle), elapsed 118.0 s
[phase 3 tap] cycle 28: mass 0.1781 / 0.2000 g (0.0219 g to go, -0.0018 g this cycle), elapsed 121.0 s
[phase 3 tap] cycle 29: mass 0.1799 / 0.2000 g (0.0201 g to go, +0.0018 g this cycle), elapsed 124.0 s
[phase 3 tap] cycle 30: mass 0.1812 / 0.2000 g (0.0188 g to go, +0.0013 g this cycle), elapsed 127.0 s
[phase 3 tap] cycle 31: mass 0.1808 / 0.2000 g (0.0192 g to go, -0.0003 g this cycle), elapsed 131.0 s
[phase 3 tap] cycle 32: mass 0.1817 / 0.2000 g (0.0183 g to go, +0.0009 g this cycle), elapsed 134.0 s
[phase 3 tap] cycle 33: mass 0.1840 / 0.2000 g (0.0160 g to go, +0.0023 g this cycle), elapsed 137.0 s
[phase 3 tap] cycle 34: mass 0.1834 / 0.2000 g (0.0166 g to go, -0.0006 g this cycle), elapsed 141.0 s
[phase 3 tap] cycle 35: mass 0.1838 / 0.2000 g (0.0162 g to go, +0.0004 g this cycle), elapsed 144.0 s
[phase 3 tap] cycle 36: mass 0.1836 / 0.2000 g (0.0164 g to go, -0.0003 g this cycle), elapsed 147.0 s
[phase 3 tap] cycle 37: mass 0.1862 / 0.2000 g (0.0138 g to go, +0.0026 g this cycle), elapsed 150.0 s
[phase 3 tap] cycle 38: mass 0.1802 / 0.2000 g (0.0198 g to go, -0.0060 g this cycle), elapsed 154.0 s
[phase 3 tap] cycle 39: mass 0.1848 / 0.2000 g (0.0152 g to go, +0.0046 g this cycle), elapsed 157.0 s
[phase 3 tap] cycle 40: mass 0.1858 / 0.2000 g (0.0142 g to go, +0.0010 g this cycle), elapsed 160.0 s
[phase 3 tap] cycle 41: mass 0.1864 / 0.2000 g (0.0136 g to go, +0.0005 g this cycle), elapsed 163.0 s
[phase 3 tap] cycle 42: mass 0.1877 / 0.2000 g (0.0123 g to go, +0.0014 g this cycle), elapsed 167.0 s
[phase 3 tap] cycle 43: mass 0.1886 / 0.2000 g (0.0114 g to go, +0.0009 g this cycle), elapsed 170.0 s
[phase 3 tap] cycle 44: mass 0.1873 / 0.2000 g (0.0127 g to go, -0.0013 g this cycle), elapsed 173.0 s
[phase 3 tap] cycle 45: mass 0.1888 / 0.2000 g (0.0112 g to go, +0.0014 g this cycle), elapsed 177.0 s
[phase 3 tap] cycle 46: mass 0.1892 / 0.2000 g (0.0108 g to go, +0.0004 g this cycle), elapsed 180.0 s
[phase 3 tap] cycle 47: mass 0.1870 / 0.2000 g (0.0130 g to go, -0.0022 g this cycle), elapsed 183.0 s
[phase 3 tap] cycle 48: mass 0.1884 / 0.2000 g (0.0116 g to go, +0.0014 g this cycle), elapsed 186.0 s
[phase 3 tap] cycle 49: mass 0.1898 / 0.2000 g (0.0102 g to go, +0.0014 g this cycle), elapsed 190.0 s
[phase 3 tap] cycle 50: mass 0.1911 / 0.2000 g (0.0089 g to go, +0.0014 g this cycle), elapsed 193.0 s
[phase 3 tap] cycle 51: mass 0.1911 / 0.2000 g (0.0089 g to go, -0.0000 g this cycle), elapsed 196.0 s
[phase 3 tap] cycle 52: mass 0.1902 / 0.2000 g (0.0098 g to go, -0.0009 g this cycle), elapsed 200.0 s
[phase 3 tap] cycle 53: mass 0.1907 / 0.2000 g (0.0093 g to go, +0.0005 g this cycle), elapsed 203.0 s
[phase 3 tap] cycle 54: mass 0.1915 / 0.2000 g (0.0085 g to go, +0.0008 g this cycle), elapsed 206.0 s
[phase 3 tap] cycle 55: mass 0.1917 / 0.2000 g (0.0083 g to go, +0.0002 g this cycle), elapsed 210.0 s
[phase 3 tap] cycle 56: mass 0.1928 / 0.2000 g (0.0072 g to go, +0.0012 g this cycle), elapsed 213.0 s
[phase 3 tap] cycle 57: mass 0.1927 / 0.2000 g (0.0073 g to go, -0.0001 g this cycle), elapsed 216.0 s
[phase 3 tap] cycle 58: mass 0.1951 / 0.2000 g (0.0049 g to go, +0.0023 g this cycle), elapsed 220.0 s
=== phase 3/3 'tap' end (58 cycles): mass 0.1951 / 0.2000 g (0.0049 g to go, +0.0298 g this phase), elapsed 220.0 s
[dose] done: DoseResult(ok: 0.1951/0.2000 g in 220.0s; cycles bulk:1, fine:4, tap:58; 0.50 auger rev, 116 taps)
DOSE,3,0.2000,0.1951,-0.0049,ok,220.0,0.50,116,bulk:1;fine:4;tap:58,287826,H
PROMPT,block H dose 3 done -- empty the cup for the next dose, then Enter ('skip'/'abort')
[dose] three-phase dose to 0.2000 g; taring scale
[dose] WARNING the tare did not take -- pan reads -0.6018 g. Subtracting it as this dose's baseline; delivered mass is measured as the increment above it, not the displayed value.
[dose] tared: baseline -601.8 mg (subtracted), drift -6.3 mg/min, read noise 0.03 mg
=== phase 1/3 'bulk' start: 0.2001 g to go, exit at 0.2000 g to go; angle 45.0 plate deg, CONTINUOUS @ 55 auger rpm (poll 250 ms, anticipation 0.1200 g), settle 800 ms
[phase 1 bulk] poll 1 (unstable): mass -0.0012 / 0.2000 g (0.2012 g to go, -0.0011 g this poll), elapsed 7.0 s
[phase 1 bulk] auger halted at 0.2012 g to go (halt threshold 0.3200 g); settling 800 ms
[phase 1 bulk] settled: mass 0.0193 / 0.2000 g (0.1807 g to go, +0.0205 g while settling), elapsed 9.0 s
=== phase 1/3 'bulk' end (1 cycles): mass 0.0193 / 0.2000 g (0.1807 g to go, +0.0194 g this phase), elapsed 9.0 s
=== phase 2/3 'fine' start: 0.1807 g to go, exit at 0.0500 g to go; angle 22.5 plate deg, 45 auger deg/cycle @ 30 rpm, 0 taps/cycle, settle 1500 ms
[phase 2 fine] cycle 1: mass 0.0523 / 0.2000 g (0.1477 g to go, +0.0329 g this cycle), elapsed 15.0 s
[phase 2 fine] cycle 2: mass 0.0950 / 0.2000 g (0.1050 g to go, +0.0428 g this cycle), elapsed 20.0 s
[phase 2 fine] cycle 3: mass 0.1426 / 0.2000 g (0.0574 g to go, +0.0476 g this cycle), elapsed 26.0 s
[phase 2 fine] cycle 4: mass 0.1568 / 0.2000 g (0.0432 g to go, +0.0142 g this cycle), elapsed 31.0 s
=== phase 2/3 'fine' end (4 cycles): mass 0.1568 / 0.2000 g (0.0432 g to go, +0.1375 g this phase), elapsed 31.0 s
=== phase 3/3 'tap' start: 0.0432 g to go, exit at 0.0050 g to go; angle 0.0 plate deg, 0 auger deg/cycle @ 0 rpm, 2 taps/cycle, settle 1500 ms
[phase 3 tap] cycle 1: mass 0.1589 / 0.2000 g (0.0411 g to go, +0.0021 g this cycle), elapsed 35.0 s
[phase 3 tap] cycle 2: mass 0.1570 / 0.2000 g (0.0430 g to go, -0.0019 g this cycle), elapsed 38.0 s
[phase 3 tap] cycle 3: mass 0.1587 / 0.2000 g (0.0413 g to go, +0.0017 g this cycle), elapsed 42.0 s
[phase 3 tap] cycle 4: mass 0.1601 / 0.2000 g (0.0399 g to go, +0.0015 g this cycle), elapsed 45.0 s
[phase 3 tap] cycle 5: mass 0.1603 / 0.2000 g (0.0397 g to go, +0.0001 g this cycle), elapsed 48.0 s
[phase 3 tap] cycle 6: mass 0.1602 / 0.2000 g (0.0398 g to go, -0.0000 g this cycle), elapsed 52.0 s
[phase 3 tap] cycle 7: mass 0.1618 / 0.2000 g (0.0382 g to go, +0.0016 g this cycle), elapsed 55.0 s
[phase 3 tap] cycle 8: mass 0.1621 / 0.2000 g (0.0379 g to go, +0.0003 g this cycle), elapsed 58.0 s
[phase 3 tap] cycle 9: mass 0.1614 / 0.2000 g (0.0386 g to go, -0.0007 g this cycle), elapsed 62.0 s
[phase 3 tap] cycle 10: mass 0.1617 / 0.2000 g (0.0384 g to go, +0.0003 g this cycle), elapsed 65.0 s
[phase 3 tap] cycle 11: mass 0.1603 / 0.2000 g (0.0397 g to go, -0.0014 g this cycle), elapsed 68.0 s
[phase 3 tap] cycle 12: mass 0.1584 / 0.2000 g (0.0416 g to go, -0.0019 g this cycle), elapsed 71.0 s
[phase 3 tap] cycle 13: mass 0.1608 / 0.2000 g (0.0392 g to go, +0.0024 g this cycle), elapsed 75.0 s
[phase 3 tap] cycle 14: mass 0.1610 / 0.2000 g (0.0390 g to go, +0.0002 g this cycle), elapsed 78.0 s
[phase 3 tap] cycle 15: mass 0.1615 / 0.2000 g (0.0385 g to go, +0.0005 g this cycle), elapsed 81.0 s
[phase 3 tap] cycle 16: mass 0.1638 / 0.2000 g (0.0362 g to go, +0.0023 g this cycle), elapsed 85.0 s
[phase 3 tap] cycle 17: mass 0.1603 / 0.2000 g (0.0397 g to go, -0.0036 g this cycle), elapsed 88.0 s
[phase 3 tap] cycle 18: mass 0.1634 / 0.2000 g (0.0366 g to go, +0.0032 g this cycle), elapsed 91.0 s
[phase 3 tap] cycle 19: mass 0.1634 / 0.2000 g (0.0366 g to go, -0.0001 g this cycle), elapsed 95.0 s
[phase 3 tap] cycle 20: mass 0.1656 / 0.2000 g (0.0344 g to go, +0.0022 g this cycle), elapsed 98.0 s
[phase 3 tap] cycle 21: mass 0.1663 / 0.2000 g (0.0337 g to go, +0.0007 g this cycle), elapsed 101.0 s
[phase 3 tap] cycle 22: mass 0.1639 / 0.2000 g (0.0361 g to go, -0.0024 g this cycle), elapsed 105.0 s
[phase 3 tap] cycle 23: mass 0.1612 / 0.2000 g (0.0388 g to go, -0.0027 g this cycle), elapsed 108.0 s
[phase 3 tap] cycle 24: mass 0.1667 / 0.2000 g (0.0333 g to go, +0.0055 g this cycle), elapsed 111.0 s
[phase 3 tap] cycle 25: mass 0.1649 / 0.2000 g (0.0351 g to go, -0.0018 g this cycle), elapsed 114.0 s
[phase 3 tap] cycle 26: mass 0.1650 / 0.2000 g (0.0350 g to go, +0.0001 g this cycle), elapsed 118.0 s
[phase 3 tap] cycle 27: mass 0.1676 / 0.2000 g (0.0324 g to go, +0.0026 g this cycle), elapsed 121.0 s
[phase 3 tap] cycle 28: mass 0.1653 / 0.2000 g (0.0347 g to go, -0.0023 g this cycle), elapsed 125.0 s
[phase 3 tap] cycle 29: mass 0.1694 / 0.2000 g (0.0306 g to go, +0.0041 g this cycle), elapsed 128.0 s
[phase 3 tap] cycle 30: mass 0.1625 / 0.2000 g (0.0375 g to go, -0.0069 g this cycle), elapsed 131.0 s
[phase 3 tap] cycle 31: mass 0.1685 / 0.2000 g (0.0315 g to go, +0.0060 g this cycle), elapsed 134.0 s
[phase 3 tap] cycle 32: mass 0.1674 / 0.2000 g (0.0326 g to go, -0.0010 g this cycle), elapsed 138.0 s
[phase 3 tap] cycle 33: mass 0.1669 / 0.2000 g (0.0331 g to go, -0.0005 g this cycle), elapsed 141.0 s
[phase 3 tap] cycle 34: mass 0.1693 / 0.2000 g (0.0307 g to go, +0.0024 g this cycle), elapsed 144.0 s
[phase 3 tap] cycle 35: mass 0.1665 / 0.2000 g (0.0335 g to go, -0.0028 g this cycle), elapsed 148.0 s
[phase 3 tap] cycle 36: mass 0.1662 / 0.2000 g (0.0338 g to go, -0.0003 g this cycle), elapsed 151.0 s
[phase 3 tap] cycle 37: mass 0.1646 / 0.2000 g (0.0354 g to go, -0.0016 g this cycle), elapsed 154.0 s
[phase 3 tap] lip empty; nudging auger 5.0 deg (nudge 1/10)
[phase 3 tap] cycle 38: mass 0.1680 / 0.2000 g (0.0320 g to go, +0.0034 g this cycle), elapsed 160.0 s
[phase 3 tap] cycle 39: mass 0.1689 / 0.2000 g (0.0311 g to go, +0.0009 g this cycle), elapsed 163.0 s
[phase 3 tap] cycle 40: mass 0.1683 / 0.2000 g (0.0317 g to go, -0.0006 g this cycle), elapsed 166.0 s
[phase 3 tap] cycle 41: mass 0.1718 / 0.2000 g (0.0282 g to go, +0.0035 g this cycle), elapsed 170.0 s
[phase 3 tap] cycle 42: mass 0.1655 / 0.2000 g (0.0345 g to go, -0.0063 g this cycle), elapsed 173.0 s
[phase 3 tap] cycle 43: mass 0.1713 / 0.2000 g (0.0287 g to go, +0.0059 g this cycle), elapsed 176.0 s
[phase 3 tap] cycle 44: mass 0.1700 / 0.2000 g (0.0300 g to go, -0.0013 g this cycle), elapsed 180.0 s
[phase 3 tap] cycle 45: mass 0.1745 / 0.2000 g (0.0255 g to go, +0.0044 g this cycle), elapsed 183.0 s
[phase 3 tap] cycle 46: mass 0.1709 / 0.2000 g (0.0291 g to go, -0.0036 g this cycle), elapsed 186.0 s
[phase 3 tap] cycle 47: mass 0.1730 / 0.2000 g (0.0270 g to go, +0.0021 g this cycle), elapsed 189.0 s
[phase 3 tap] cycle 48: mass 0.1737 / 0.2000 g (0.0263 g to go, +0.0007 g this cycle), elapsed 192.0 s
[phase 3 tap] cycle 49: mass 0.1715 / 0.2000 g (0.0285 g to go, -0.0022 g this cycle), elapsed 196.0 s
[phase 3 tap] cycle 50: mass 0.1685 / 0.2000 g (0.0315 g to go, -0.0031 g this cycle), elapsed 199.0 s
[phase 3 tap] cycle 51: mass 0.1696 / 0.2000 g (0.0304 g to go, +0.0011 g this cycle), elapsed 202.0 s
[phase 3 tap] cycle 52: mass 0.1738 / 0.2000 g (0.0262 g to go, +0.0042 g this cycle), elapsed 206.0 s
[phase 3 tap] cycle 53: mass 0.1741 / 0.2000 g (0.0259 g to go, +0.0004 g this cycle), elapsed 209.0 s
[phase 3 tap] cycle 54: mass 0.1739 / 0.2000 g (0.0261 g to go, -0.0002 g this cycle), elapsed 212.0 s
[phase 3 tap] cycle 55: mass 0.1714 / 0.2000 g (0.0286 g to go, -0.0025 g this cycle), elapsed 216.0 s
[phase 3 tap] cycle 56: mass 0.1732 / 0.2000 g (0.0269 g to go, +0.0018 g this cycle), elapsed 219.0 s
[phase 3 tap] cycle 57: mass 0.1712 / 0.2000 g (0.0288 g to go, -0.0020 g this cycle), elapsed 222.0 s
[phase 3 tap] cycle 58: mass 0.1715 / 0.2000 g (0.0285 g to go, +0.0003 g this cycle), elapsed 225.0 s
[phase 3 tap] cycle 59: mass 0.1741 / 0.2000 g (0.0259 g to go, +0.0026 g this cycle), elapsed 229.0 s
[phase 3 tap] cycle 60: mass 0.1709 / 0.2000 g (0.0291 g to go, -0.0032 g this cycle), elapsed 232.0 s
[phase 3 tap] cycle 61: mass 0.1733 / 0.2000 g (0.0267 g to go, +0.0024 g this cycle), elapsed 235.0 s
[phase 3 tap] cycle 62: mass 0.1731 / 0.2000 g (0.0269 g to go, -0.0002 g this cycle), elapsed 238.0 s
[phase 3 tap] cycle 63: mass 0.1763 / 0.2000 g (0.0237 g to go, +0.0033 g this cycle), elapsed 242.0 s
[phase 3 tap] cycle 64: mass 0.1735 / 0.2000 g (0.0265 g to go, -0.0029 g this cycle), elapsed 245.0 s
[phase 3 tap] cycle 65: mass 0.1733 / 0.2000 g (0.0267 g to go, -0.0002 g this cycle), elapsed 248.0 s
[phase 3 tap] cycle 66: mass 0.1740 / 0.2000 g (0.0260 g to go, +0.0007 g this cycle), elapsed 251.0 s
[phase 3 tap] cycle 67: mass 0.1749 / 0.2000 g (0.0251 g to go, +0.0009 g this cycle), elapsed 255.0 s
[phase 3 tap] cycle 68: mass 0.1721 / 0.2000 g (0.0279 g to go, -0.0029 g this cycle), elapsed 258.0 s
[phase 3 tap] cycle 69: mass 0.1716 / 0.2000 g (0.0284 g to go, -0.0005 g this cycle), elapsed 261.0 s
[phase 3 tap] cycle 70: mass 0.1695 / 0.2000 g (0.0305 g to go, -0.0021 g this cycle), elapsed 265.0 s
[phase 3 tap] lip empty; nudging auger 5.0 deg (nudge 2/10)
[phase 3 tap] cycle 71: mass 0.1743 / 0.2000 g (0.0257 g to go, +0.0048 g this cycle), elapsed 270.0 s
[phase 3 tap] cycle 72: mass 0.1740 / 0.2000 g (0.0260 g to go, -0.0003 g this cycle), elapsed 273.0 s
[phase 3 tap] cycle 73: mass 0.1780 / 0.2000 g (0.0220 g to go, +0.0040 g this cycle), elapsed 276.0 s
[phase 3 tap] cycle 74: mass 0.1758 / 0.2000 g (0.0242 g to go, -0.0022 g this cycle), elapsed 280.0 s
[phase 3 tap] cycle 75: mass 0.1751 / 0.2000 g (0.0249 g to go, -0.0007 g this cycle), elapsed 283.0 s
[phase 3 tap] cycle 76: mass 0.1754 / 0.2000 g (0.0246 g to go, +0.0003 g this cycle), elapsed 287.0 s
[phase 3 tap] cycle 77: mass 0.1766 / 0.2000 g (0.0234 g to go, +0.0011 g this cycle), elapsed 290.0 s
[phase 3 tap] cycle 78: mass 0.1764 / 0.2000 g (0.0236 g to go, -0.0002 g this cycle), elapsed 293.0 s
[phase 3 tap] cycle 79: mass 0.1778 / 0.2000 g (0.0222 g to go, +0.0014 g this cycle), elapsed 297.0 s
[phase 3 tap] cycle 80: mass 0.1770 / 0.2000 g (0.0230 g to go, -0.0008 g this cycle), elapsed 300.0 s
[phase 3 tap] cycle 81: mass 0.1781 / 0.2000 g (0.0219 g to go, +0.0011 g this cycle), elapsed 303.0 s
[phase 3 tap] cycle 82: mass 0.1806 / 0.2000 g (0.0194 g to go, +0.0025 g this cycle), elapsed 307.0 s
[phase 3 tap] cycle 83: mass 0.1779 / 0.2000 g (0.0221 g to go, -0.0027 g this cycle), elapsed 310.0 s
[phase 3 tap] cycle 84: mass 0.1801 / 0.2000 g (0.0199 g to go, +0.0022 g this cycle), elapsed 313.0 s
[phase 3 tap] cycle 85: mass 0.1815 / 0.2000 g (0.0185 g to go, +0.0013 g this cycle), elapsed 317.0 s
[phase 3 tap] cycle 86: mass 0.1800 / 0.2000 g (0.0200 g to go, -0.0015 g this cycle), elapsed 320.0 s
[phase 3 tap] cycle 87: mass 0.1805 / 0.2000 g (0.0195 g to go, +0.0005 g this cycle), elapsed 323.0 s
[phase 3 tap] cycle 88: mass 0.1807 / 0.2000 g (0.0193 g to go, +0.0002 g this cycle), elapsed 327.0 s
[phase 3 tap] cycle 89: mass 0.1791 / 0.2000 g (0.0209 g to go, -0.0016 g this cycle), elapsed 330.0 s
[phase 3 tap] cycle 90: mass 0.1795 / 0.2000 g (0.0205 g to go, +0.0004 g this cycle), elapsed 333.0 s
[phase 3 tap] cycle 91: mass 0.1791 / 0.2000 g (0.0209 g to go, -0.0004 g this cycle), elapsed 336.0 s
[phase 3 tap] cycle 92: mass 0.1805 / 0.2000 g (0.0195 g to go, +0.0014 g this cycle), elapsed 340.0 s
[phase 3 tap] cycle 93: mass 0.1811 / 0.2000 g (0.0189 g to go, +0.0005 g this cycle), elapsed 343.0 s
[phase 3 tap] cycle 94: mass 0.1806 / 0.2000 g (0.0194 g to go, -0.0004 g this cycle), elapsed 346.0 s
[phase 3 tap] cycle 95: mass 0.1802 / 0.2000 g (0.0198 g to go, -0.0004 g this cycle), elapsed 350.0 s
[phase 3 tap] cycle 96: mass 0.1792 / 0.2000 g (0.0208 g to go, -0.0011 g this cycle), elapsed 353.0 s
[phase 3 tap] lip empty; nudging auger 5.0 deg (nudge 3/10)
[phase 3 tap] cycle 97: mass 0.1781 / 0.2000 g (0.0219 g to go, -0.0010 g this cycle), elapsed 358.0 s
[phase 3 tap] cycle 98: mass 0.1814 / 0.2000 g (0.0186 g to go, +0.0032 g this cycle), elapsed 362.0 s
[phase 3 tap] cycle 99: mass 0.1781 / 0.2000 g (0.0219 g to go, -0.0032 g this cycle), elapsed 365.0 s
[phase 3 tap] cycle 100: mass 0.1782 / 0.2000 g (0.0218 g to go, +0.0001 g this cycle), elapsed 368.0 s
[phase 3 tap] cycle 101: mass 0.1835 / 0.2000 g (0.0165 g to go, +0.0053 g this cycle), elapsed 371.0 s
[phase 3 tap] cycle 102: mass 0.1808 / 0.2000 g (0.0192 g to go, -0.0026 g this cycle), elapsed 375.0 s
[phase 3 tap] cycle 103: mass 0.1821 / 0.2000 g (0.0179 g to go, +0.0012 g this cycle), elapsed 378.0 s
[phase 3 tap] cycle 104: mass 0.1804 / 0.2000 g (0.0196 g to go, -0.0016 g this cycle), elapsed 381.0 s
[phase 3 tap] cycle 105: mass 0.1817 / 0.2000 g (0.0183 g to go, +0.0012 g this cycle), elapsed 384.0 s
[phase 3 tap] cycle 106: mass 0.1828 / 0.2000 g (0.0172 g to go, +0.0011 g this cycle), elapsed 388.0 s
[phase 3 tap] cycle 107: mass 0.1783 / 0.2000 g (0.0217 g to go, -0.0046 g this cycle), elapsed 391.0 s
[phase 3 tap] cycle 108: mass 0.1808 / 0.2000 g (0.0192 g to go, +0.0025 g this cycle), elapsed 394.0 s
[phase 3 tap] cycle 109: mass 0.1831 / 0.2000 g (0.0169 g to go, +0.0024 g this cycle), elapsed 397.0 s
[phase 3 tap] cycle 110: mass 0.1820 / 0.2000 g (0.0180 g to go, -0.0011 g this cycle), elapsed 401.0 s
[phase 3 tap] cycle 111: mass 0.1817 / 0.2000 g (0.0183 g to go, -0.0003 g this cycle), elapsed 404.0 s
[phase 3 tap] cycle 112: mass 0.1801 / 0.2000 g (0.0199 g to go, -0.0015 g this cycle), elapsed 407.0 s
[phase 3 tap] lip empty; nudging auger 5.0 deg (nudge 4/10)
[phase 3 tap] cycle 113: mass 0.1798 / 0.2000 g (0.0202 g to go, -0.0003 g this cycle), elapsed 413.0 s
[phase 3 tap] cycle 114: mass 0.1812 / 0.2000 g (0.0188 g to go, +0.0014 g this cycle), elapsed 416.0 s
[phase 3 tap] cycle 115: mass 0.1812 / 0.2000 g (0.0188 g to go, -0.0000 g this cycle), elapsed 420.0 s
[phase 3 tap] cycle 116: mass 0.1831 / 0.2000 g (0.0169 g to go, +0.0019 g this cycle), elapsed 423.0 s
[phase 3 tap] cycle 117: mass 0.1844 / 0.2000 g (0.0156 g to go, +0.0013 g this cycle), elapsed 426.0 s
[phase 3 tap] cycle 118: mass 0.1847 / 0.2000 g (0.0153 g to go, +0.0003 g this cycle), elapsed 429.0 s
[phase 3 tap] cycle 119: mass 0.1850 / 0.2000 g (0.0150 g to go, +0.0003 g this cycle), elapsed 433.0 s
[phase 3 tap] cycle 120: mass 0.1835 / 0.2000 g (0.0165 g to go, -0.0015 g this cycle), elapsed 436.0 s
[phase 3 tap] cycle 121: mass 0.1849 / 0.2000 g (0.0151 g to go, +0.0013 g this cycle), elapsed 439.0 s
[phase 3 tap] cycle 122: mass 0.1845 / 0.2000 g (0.0155 g to go, -0.0003 g this cycle), elapsed 443.0 s
[phase 3 tap] cycle 123: mass 0.1839 / 0.2000 g (0.0161 g to go, -0.0006 g this cycle), elapsed 446.0 s
[phase 3 tap] cycle 124: mass 0.1888 / 0.2000 g (0.0112 g to go, +0.0049 g this cycle), elapsed 449.0 s
[phase 3 tap] cycle 125: mass 0.1863 / 0.2000 g (0.0137 g to go, -0.0025 g this cycle), elapsed 453.0 s
[phase 3 tap] cycle 126: mass 0.1867 / 0.2000 g (0.0133 g to go, +0.0004 g this cycle), elapsed 456.0 s
[phase 3 tap] cycle 127: mass 0.1874 / 0.2000 g (0.0126 g to go, +0.0007 g this cycle), elapsed 459.0 s
[phase 3 tap] cycle 128: mass 0.1856 / 0.2000 g (0.0144 g to go, -0.0018 g this cycle), elapsed 463.0 s
[phase 3 tap] cycle 129: mass 0.1880 / 0.2000 g (0.0120 g to go, +0.0024 g this cycle), elapsed 466.0 s
[phase 3 tap] cycle 130: mass 0.1848 / 0.2000 g (0.0152 g to go, -0.0032 g this cycle), elapsed 469.0 s
[phase 3 tap] cycle 131: mass 0.1867 / 0.2000 g (0.0133 g to go, +0.0018 g this cycle), elapsed 473.0 s
[phase 3 tap] cycle 132: mass 0.1845 / 0.2000 g (0.0155 g to go, -0.0021 g this cycle), elapsed 476.0 s
[phase 3 tap] cycle 133: mass 0.1860 / 0.2000 g (0.0140 g to go, +0.0015 g this cycle), elapsed 479.0 s
[phase 3 tap] cycle 134: mass 0.1883 / 0.2000 g (0.0117 g to go, +0.0022 g this cycle), elapsed 483.0 s
[phase 3 tap] cycle 135: mass 0.1894 / 0.2000 g (0.0106 g to go, +0.0011 g this cycle), elapsed 486.0 s
[phase 3 tap] cycle 136: mass 0.1859 / 0.2000 g (0.0141 g to go, -0.0035 g this cycle), elapsed 489.0 s
[phase 3 tap] cycle 137: mass 0.1863 / 0.2000 g (0.0137 g to go, +0.0004 g this cycle), elapsed 492.0 s
[phase 3 tap] cycle 138: mass 0.1887 / 0.2000 g (0.0113 g to go, +0.0024 g this cycle), elapsed 495.0 s
[phase 3 tap] cycle 139: mass 0.1867 / 0.2000 g (0.0133 g to go, -0.0020 g this cycle), elapsed 499.0 s
[phase 3 tap] cycle 140: mass 0.1847 / 0.2000 g (0.0153 g to go, -0.0021 g this cycle), elapsed 502.0 s
[phase 3 tap] cycle 141: mass 0.1847 / 0.2000 g (0.0153 g to go, +0.0000 g this cycle), elapsed 505.0 s
[phase 3 tap] lip empty; nudging auger 5.0 deg (nudge 5/10)
[phase 3 tap] cycle 142: mass 0.1855 / 0.2000 g (0.0145 g to go, +0.0008 g this cycle), elapsed 511.0 s
[phase 3 tap] cycle 143: mass 0.1859 / 0.2000 g (0.0141 g to go, +0.0004 g this cycle), elapsed 514.0 s
[phase 3 tap] cycle 144: mass 0.1861 / 0.2000 g (0.0139 g to go, +0.0002 g this cycle), elapsed 517.0 s
[phase 3 tap] cycle 145: mass 0.1893 / 0.2000 g (0.0107 g to go, +0.0032 g this cycle), elapsed 521.0 s
[phase 3 tap] cycle 146: mass 0.1846 / 0.2000 g (0.0154 g to go, -0.0047 g this cycle), elapsed 524.0 s
[phase 3 tap] cycle 147: mass 0.1852 / 0.2000 g (0.0148 g to go, +0.0006 g this cycle), elapsed 527.0 s
[phase 3 tap] cycle 148: mass 0.1887 / 0.2000 g (0.0113 g to go, +0.0036 g this cycle), elapsed 530.0 s
[phase 3 tap] cycle 149: mass 0.1878 / 0.2000 g (0.0122 g to go, -0.0010 g this cycle), elapsed 534.0 s
[phase 3 tap] cycle 150: mass 0.1874 / 0.2000 g (0.0126 g to go, -0.0004 g this cycle), elapsed 537.0 s
[phase 3 tap] cycle 151: mass 0.1888 / 0.2000 g (0.0112 g to go, +0.0015 g this cycle), elapsed 541.0 s
[phase 3 tap] cycle 152: mass 0.1879 / 0.2000 g (0.0121 g to go, -0.0009 g this cycle), elapsed 544.0 s
[phase 3 tap] cycle 153: mass 0.1812 / 0.2000 g (0.0188 g to go, -0.0067 g this cycle), elapsed 547.0 s
[phase 3 tap] cycle 154: mass 0.1856 / 0.2000 g (0.0144 g to go, +0.0044 g this cycle), elapsed 550.0 s
[phase 3 tap] cycle 155: mass 0.1871 / 0.2000 g (0.0129 g to go, +0.0015 g this cycle), elapsed 554.0 s
[phase 3 tap] cycle 156: mass 0.1848 / 0.2000 g (0.0152 g to go, -0.0023 g this cycle), elapsed 557.0 s
[phase 3 tap] cycle 157: mass 0.1872 / 0.2000 g (0.0128 g to go, +0.0024 g this cycle), elapsed 561.0 s
[phase 3 tap] cycle 158: mass 0.1845 / 0.2000 g (0.0155 g to go, -0.0028 g this cycle), elapsed 564.0 s
[phase 3 tap] cycle 159: mass 0.1844 / 0.2000 g (0.0156 g to go, -0.0001 g this cycle), elapsed 567.0 s
[phase 3 tap] cycle 160: mass 0.1869 / 0.2000 g (0.0131 g to go, +0.0025 g this cycle), elapsed 570.0 s
[phase 3 tap] cycle 161: mass 0.1872 / 0.2000 g (0.0128 g to go, +0.0003 g this cycle), elapsed 574.0 s
[phase 3 tap] cycle 162: mass 0.1856 / 0.2000 g (0.0144 g to go, -0.0016 g this cycle), elapsed 577.0 s
[phase 3 tap] cycle 163: mass 0.1866 / 0.2000 g (0.0134 g to go, +0.0010 g this cycle), elapsed 580.0 s
[phase 3 tap] cycle 164: mass 0.1854 / 0.2000 g (0.0147 g to go, -0.0012 g this cycle), elapsed 583.0 s
[phase 3 tap] cycle 165: mass 0.1848 / 0.2000 g (0.0152 g to go, -0.0006 g this cycle), elapsed 587.0 s
[phase 3 tap] cycle 166: mass 0.1870 / 0.2000 g (0.0130 g to go, +0.0023 g this cycle), elapsed 590.0 s
[phase 3 tap] cycle 167: mass 0.1892 / 0.2000 g (0.0108 g to go, +0.0022 g this cycle), elapsed 593.0 s
[phase 3 tap] cycle 168: mass 0.1874 / 0.2000 g (0.0126 g to go, -0.0018 g this cycle), elapsed 597.0 s
[phase 3 tap] cycle 169: mass 0.1886 / 0.2000 g (0.0114 g to go, +0.0012 g this cycle), elapsed 600.0 s
[phase 3 tap] cycle 170: mass 0.1867 / 0.2000 g (0.0133 g to go, -0.0019 g this cycle), elapsed 603.0 s
[phase 3 tap] cycle 171: mass 0.1887 / 0.2000 g (0.0113 g to go, +0.0020 g this cycle), elapsed 607.0 s
[phase 3 tap] cycle 172: mass 0.1886 / 0.2000 g (0.0114 g to go, -0.0002 g this cycle), elapsed 610.0 s
[phase 3 tap] cycle 173: mass 0.1870 / 0.2000 g (0.0130 g to go, -0.0015 g this cycle), elapsed 613.0 s
[phase 3 tap] cycle 174: mass 0.1860 / 0.2000 g (0.0140 g to go, -0.0010 g this cycle), elapsed 616.0 s
[phase 3 tap] lip empty; nudging auger 5.0 deg (nudge 6/10)
[phase 3 tap] cycle 175: mass 0.1811 / 0.2000 g (0.0189 g to go, -0.0049 g this cycle), elapsed 622.0 s
[phase 3 tap] cycle 176: mass 0.1879 / 0.2000 g (0.0121 g to go, +0.0068 g this cycle), elapsed 625.0 s
[phase 3 tap] cycle 177: mass 0.1877 / 0.2000 g (0.0123 g to go, -0.0002 g this cycle), elapsed 629.0 s
[phase 3 tap] cycle 178: mass 0.1878 / 0.2000 g (0.0122 g to go, +0.0001 g this cycle), elapsed 632.0 s
[phase 3 tap] cycle 179: mass 0.1893 / 0.2000 g (0.0107 g to go, +0.0015 g this cycle), elapsed 635.0 s
[phase 3 tap] cycle 180: mass 0.1902 / 0.2000 g (0.0098 g to go, +0.0009 g this cycle), elapsed 638.0 s
[phase 3 tap] cycle 181: mass 0.1892 / 0.2000 g (0.0108 g to go, -0.0010 g this cycle), elapsed 642.0 s
[phase 3 tap] cycle 182: mass 0.1908 / 0.2000 g (0.0093 g to go, +0.0015 g this cycle), elapsed 645.0 s
[phase 3 tap] cycle 183: mass 0.1893 / 0.2000 g (0.0107 g to go, -0.0015 g this cycle), elapsed 648.0 s
[phase 3 tap] cycle 184: mass 0.1905 / 0.2000 g (0.0095 g to go, +0.0013 g this cycle), elapsed 652.0 s
[phase 3 tap] cycle 185: mass 0.1906 / 0.2000 g (0.0094 g to go, +0.0001 g this cycle), elapsed 655.0 s
[phase 3 tap] cycle 186: mass 0.1901 / 0.2000 g (0.0099 g to go, -0.0006 g this cycle), elapsed 658.0 s
[phase 3 tap] cycle 187: mass 0.1902 / 0.2000 g (0.0098 g to go, +0.0001 g this cycle), elapsed 662.0 s
[phase 3 tap] lip empty; nudging auger 5.0 deg (nudge 7/10)
[phase 3 tap] cycle 188: mass 0.1892 / 0.2000 g (0.0108 g to go, -0.0009 g this cycle), elapsed 667.0 s
[phase 3 tap] cycle 189: mass 0.1890 / 0.2000 g (0.0110 g to go, -0.0003 g this cycle), elapsed 670.0 s
[phase 3 tap] cycle 190: mass 0.1909 / 0.2000 g (0.0091 g to go, +0.0019 g this cycle), elapsed 674.0 s
[phase 3 tap] cycle 191: mass 0.1922 / 0.2000 g (0.0078 g to go, +0.0014 g this cycle), elapsed 677.0 s
[phase 3 tap] cycle 192: mass 0.1901 / 0.2000 g (0.0099 g to go, -0.0022 g this cycle), elapsed 680.0 s
[phase 3 tap] cycle 193: mass 0.1902 / 0.2000 g (0.0098 g to go, +0.0002 g this cycle), elapsed 684.0 s
[phase 3 tap] cycle 194: mass 0.1907 / 0.2000 g (0.0093 g to go, +0.0005 g this cycle), elapsed 687.0 s
[phase 3 tap] cycle 195: mass 0.1884 / 0.2000 g (0.0116 g to go, -0.0022 g this cycle), elapsed 691.0 s
[phase 3 tap] cycle 196: mass 0.1913 / 0.2000 g (0.0087 g to go, +0.0029 g this cycle), elapsed 694.0 s
[phase 3 tap] cycle 197: mass 0.1888 / 0.2000 g (0.0112 g to go, -0.0025 g this cycle), elapsed 697.0 s
[phase 3 tap] cycle 198: mass 0.1914 / 0.2000 g (0.0086 g to go, +0.0025 g this cycle), elapsed 700.0 s
[phase 3 tap] cycle 199: mass 0.1874 / 0.2000 g (0.0126 g to go, -0.0040 g this cycle), elapsed 704.0 s
[phase 3 tap] cycle 200: mass 0.1910 / 0.2000 g (0.0090 g to go, +0.0036 g this cycle), elapsed 707.0 s
[phase 3 tap] cycle budget (200) exhausted
=== phase 3/3 'tap' end (200 cycles): mass 0.1910 / 0.2000 g (0.0090 g to go, +0.0342 g this phase), elapsed 707.0 s
[dose] done: DoseResult(cycle-budget: 0.1910/0.2000 g in 707.0s; cycles bulk:1, fine:4, tap:200; 0.60 auger rev, 400 taps)
DOSE,4,0.2000,0.1910,-0.0090,cycle-budget,707.0,0.60,400,bulk:1;fine:4;tap:200,995211,H
PROMPT,block H dose 4 done -- empty the cup for the next dose, then Enter ('skip'/'abort')
[dose] three-phase dose to 0.2000 g; taring scale
[dose] tared: baseline +0.0 mg (subtracted), drift +0.0 mg/min, read noise 0.00 mg
=== phase 1/3 'bulk' skipped (0.2000 g to go is already <= 0.2000 g threshold)
=== phase 2/3 'fine' start: 0.2000 g to go, exit at 0.0500 g to go; angle 22.5 plate deg, 45 auger deg/cycle @ 30 rpm, 0 taps/cycle, settle 1500 ms
[phase 2 fine] cycle 1: mass 0.0095 / 0.2000 g (0.1905 g to go, +0.0095 g this cycle), elapsed 12.0 s
[phase 2 fine] cycle 2: mass 0.0314 / 0.2000 g (0.1686 g to go, +0.0219 g this cycle), elapsed 17.0 s
[phase 2 fine] cycle 3: mass 0.0492 / 0.2000 g (0.1508 g to go, +0.0178 g this cycle), elapsed 22.0 s
[phase 2 fine] cycle 4: mass 0.0768 / 0.2000 g (0.1232 g to go, +0.0277 g this cycle), elapsed 28.0 s
[phase 2 fine] cycle 5: mass 0.1082 / 0.2000 g (0.0918 g to go, +0.0314 g this cycle), elapsed 33.0 s
[phase 2 fine] cycle 6: mass 0.1294 / 0.2000 g (0.0706 g to go, +0.0212 g this cycle), elapsed 39.0 s
[phase 2 fine] cycle 7: mass 0.1397 / 0.2000 g (0.0603 g to go, +0.0103 g this cycle), elapsed 44.0 s
[phase 2 fine] cycle 8: mass 0.1577 / 0.2000 g (0.0423 g to go, +0.0179 g this cycle), elapsed 49.0 s
=== phase 2/3 'fine' end (8 cycles): mass 0.1577 / 0.2000 g (0.0423 g to go, +0.1577 g this phase), elapsed 49.0 s
=== phase 3/3 'tap' start: 0.0423 g to go, exit at 0.0050 g to go; angle 0.0 plate deg, 0 auger deg/cycle @ 0 rpm, 2 taps/cycle, settle 1500 ms
[phase 3 tap] cycle 1: mass 0.1572 / 0.2000 g (0.0428 g to go, -0.0005 g this cycle), elapsed 53.0 s
[phase 3 tap] cycle 2: mass 0.1558 / 0.2000 g (0.0442 g to go, -0.0014 g this cycle), elapsed 57.0 s
[phase 3 tap] cycle 3: mass 0.1576 / 0.2000 g (0.0424 g to go, +0.0018 g this cycle), elapsed 60.0 s
[phase 3 tap] cycle 4: mass 0.1575 / 0.2000 g (0.0425 g to go, -0.0001 g this cycle), elapsed 64.0 s
[phase 3 tap] cycle 5: mass 0.1570 / 0.2000 g (0.0430 g to go, -0.0005 g this cycle), elapsed 67.0 s
[phase 3 tap] cycle 6: mass 0.1600 / 0.2000 g (0.0400 g to go, +0.0030 g this cycle), elapsed 70.0 s
[phase 3 tap] cycle 7: mass 0.1587 / 0.2000 g (0.0413 g to go, -0.0012 g this cycle), elapsed 74.0 s
[phase 3 tap] cycle 8: mass 0.1580 / 0.2000 g (0.0420 g to go, -0.0007 g this cycle), elapsed 77.0 s
[phase 3 tap] cycle 9: mass 0.1596 / 0.2000 g (0.0404 g to go, +0.0015 g this cycle), elapsed 80.0 s
[phase 3 tap] cycle 10: mass 0.1585 / 0.2000 g (0.0415 g to go, -0.0011 g this cycle), elapsed 84.0 s
[phase 3 tap] cycle 11: mass 0.1612 / 0.2000 g (0.0388 g to go, +0.0027 g this cycle), elapsed 87.0 s
[phase 3 tap] cycle 12: mass 0.1602 / 0.2000 g (0.0398 g to go, -0.0010 g this cycle), elapsed 90.0 s
[phase 3 tap] cycle 13: mass 0.1586 / 0.2000 g (0.0414 g to go, -0.0016 g this cycle), elapsed 93.0 s
[phase 3 tap] cycle 14: mass 0.1599 / 0.2000 g (0.0401 g to go, +0.0014 g this cycle), elapsed 97.0 s
[phase 3 tap] cycle 15: mass 0.1569 / 0.2000 g (0.0431 g to go, -0.0031 g this cycle), elapsed 100.0 s
[phase 3 tap] cycle 16: mass 0.1606 / 0.2000 g (0.0394 g to go, +0.0037 g this cycle), elapsed 103.0 s
[phase 3 tap] cycle 17: mass 0.1605 / 0.2000 g (0.0395 g to go, -0.0001 g this cycle), elapsed 107.0 s
[phase 3 tap] cycle 18: mass 0.1597 / 0.2000 g (0.0403 g to go, -0.0008 g this cycle), elapsed 110.0 s
[phase 3 tap] cycle 19: mass 0.1611 / 0.2000 g (0.0389 g to go, +0.0014 g this cycle), elapsed 113.0 s
[phase 3 tap] cycle 20: mass 0.1643 / 0.2000 g (0.0357 g to go, +0.0031 g this cycle), elapsed 117.0 s
[phase 3 tap] cycle 21: mass 0.1607 / 0.2000 g (0.0393 g to go, -0.0036 g this cycle), elapsed 120.0 s
[phase 3 tap] cycle 22: mass 0.1588 / 0.2000 g (0.0412 g to go, -0.0019 g this cycle), elapsed 123.0 s
[phase 3 tap] cycle 23: mass 0.1600 / 0.2000 g (0.0400 g to go, +0.0012 g this cycle), elapsed 127.0 s
[phase 3 tap] cycle 24: mass 0.1607 / 0.2000 g (0.0393 g to go, +0.0007 g this cycle), elapsed 130.0 s
[phase 3 tap] cycle 25: mass 0.1607 / 0.2000 g (0.0393 g to go, -0.0000 g this cycle), elapsed 133.0 s
[phase 3 tap] cycle 26: mass 0.1617 / 0.2000 g (0.0383 g to go, +0.0010 g this cycle), elapsed 137.0 s
[phase 3 tap] cycle 27: mass 0.1606 / 0.2000 g (0.0394 g to go, -0.0010 g this cycle), elapsed 140.0 s
[phase 3 tap] cycle 28: mass 0.1611 / 0.2000 g (0.0389 g to go, +0.0004 g this cycle), elapsed 143.0 s
[phase 3 tap] cycle 29: mass 0.1606 / 0.2000 g (0.0394 g to go, -0.0004 g this cycle), elapsed 146.0 s
[phase 3 tap] cycle 30: mass 0.1605 / 0.2000 g (0.0395 g to go, -0.0001 g this cycle), elapsed 150.0 s
[phase 3 tap] cycle 31: mass 0.1604 / 0.2000 g (0.0396 g to go, -0.0001 g this cycle), elapsed 153.0 s
[phase 3 tap] lip empty; nudging auger 5.0 deg (nudge 1/10)
[phase 3 tap] cycle 32: mass 0.1616 / 0.2000 g (0.0384 g to go, +0.0012 g this cycle), elapsed 159.0 s
[phase 3 tap] cycle 33: mass 0.1604 / 0.2000 g (0.0396 g to go, -0.0012 g this cycle), elapsed 162.0 s
[phase 3 tap] cycle 34: mass 0.1605 / 0.2000 g (0.0395 g to go, +0.0001 g this cycle), elapsed 165.0 s
[phase 3 tap] cycle 35: mass 0.1604 / 0.2000 g (0.0396 g to go, -0.0001 g this cycle), elapsed 169.0 s
[phase 3 tap] lip empty; nudging auger 5.0 deg (nudge 2/10)
[phase 3 tap] cycle 36: mass 0.1601 / 0.2000 g (0.0399 g to go, -0.0003 g this cycle), elapsed 174.0 s
[phase 3 tap] cycle 37: mass 0.1608 / 0.2000 g (0.0392 g to go, +0.0007 g this cycle), elapsed 177.0 s
[phase 3 tap] cycle 38: mass 0.1651 / 0.2000 g (0.0349 g to go, +0.0043 g this cycle), elapsed 181.0 s
[phase 3 tap] cycle 39: mass 0.1630 / 0.2000 g (0.0370 g to go, -0.0021 g this cycle), elapsed 184.0 s
[phase 3 tap] cycle 40: mass 0.1636 / 0.2000 g (0.0364 g to go, +0.0005 g this cycle), elapsed 187.0 s
[phase 3 tap] cycle 41: mass 0.1632 / 0.2000 g (0.0368 g to go, -0.0003 g this cycle), elapsed 190.0 s
[phase 3 tap] cycle 42: mass 0.1634 / 0.2000 g (0.0366 g to go, +0.0002 g this cycle), elapsed 194.0 s
[phase 3 tap] cycle 43: mass 0.1635 / 0.2000 g (0.0365 g to go, +0.0001 g this cycle), elapsed 197.0 s
[phase 3 tap] lip empty; nudging auger 5.0 deg (nudge 3/10)
[phase 3 tap] cycle 44: mass 0.1634 / 0.2000 g (0.0366 g to go, -0.0001 g this cycle), elapsed 203.0 s
[phase 3 tap] cycle 45: mass 0.1612 / 0.2000 g (0.0388 g to go, -0.0022 g this cycle), elapsed 206.0 s
[phase 3 tap] cycle 46: mass 0.1639 / 0.2000 g (0.0361 g to go, +0.0027 g this cycle), elapsed 210.0 s
[phase 3 tap] cycle 47: mass 0.1613 / 0.2000 g (0.0387 g to go, -0.0025 g this cycle), elapsed 213.0 s
[phase 3 tap] cycle 48: mass 0.1620 / 0.2000 g (0.0380 g to go, +0.0007 g this cycle), elapsed 216.0 s
[phase 3 tap] cycle 49: mass 0.1622 / 0.2000 g (0.0378 g to go, +0.0002 g this cycle), elapsed 219.0 s
[phase 3 tap] cycle 50: mass 0.1647 / 0.2000 g (0.0353 g to go, +0.0025 g this cycle), elapsed 223.0 s
[phase 3 tap] cycle 51: mass 0.1640 / 0.2000 g (0.0360 g to go, -0.0008 g this cycle), elapsed 226.0 s
[phase 3 tap] cycle 52: mass 0.1627 / 0.2000 g (0.0373 g to go, -0.0013 g this cycle), elapsed 229.0 s
[phase 3 tap] cycle 53: mass 0.1629 / 0.2000 g (0.0371 g to go, +0.0002 g this cycle), elapsed 233.0 s
[phase 3 tap] cycle 54: mass 0.1605 / 0.2000 g (0.0395 g to go, -0.0025 g this cycle), elapsed 236.0 s
[phase 3 tap] cycle 55: mass 0.1623 / 0.2000 g (0.0377 g to go, +0.0018 g this cycle), elapsed 239.0 s
[phase 3 tap] cycle 56: mass 0.1617 / 0.2000 g (0.0383 g to go, -0.0006 g this cycle), elapsed 243.0 s
[phase 3 tap] cycle 57: mass 0.1635 / 0.2000 g (0.0365 g to go, +0.0018 g this cycle), elapsed 246.0 s
[phase 3 tap] cycle 58: mass 0.1650 / 0.2000 g (0.0350 g to go, +0.0015 g this cycle), elapsed 249.0 s
[phase 3 tap] cycle 59: mass 0.1655 / 0.2000 g (0.0345 g to go, +0.0005 g this cycle), elapsed 252.0 s
[phase 3 tap] cycle 60: mass 0.1632 / 0.2000 g (0.0368 g to go, -0.0023 g this cycle), elapsed 256.0 s
[phase 3 tap] cycle 61: mass 0.1650 / 0.2000 g (0.0350 g to go, +0.0018 g this cycle), elapsed 259.0 s
[phase 3 tap] cycle 62: mass 0.1649 / 0.2000 g (0.0351 g to go, -0.0001 g this cycle), elapsed 262.0 s
[phase 3 tap] cycle 63: mass 0.1652 / 0.2000 g (0.0348 g to go, +0.0003 g this cycle), elapsed 266.0 s
[phase 3 tap] cycle 64: mass 0.1640 / 0.2000 g (0.0360 g to go, -0.0012 g this cycle), elapsed 269.0 s
[phase 3 tap] cycle 65: mass 0.1624 / 0.2000 g (0.0376 g to go, -0.0017 g this cycle), elapsed 272.0 s
[phase 3 tap] cycle 66: mass 0.1636 / 0.2000 g (0.0364 g to go, +0.0012 g this cycle), elapsed 276.0 s
[phase 3 tap] cycle 67: mass 0.1664 / 0.2000 g (0.0336 g to go, +0.0028 g this cycle), elapsed 279.0 s
[phase 3 tap] cycle 68: mass 0.1644 / 0.2000 g (0.0356 g to go, -0.0020 g this cycle), elapsed 282.0 s
[phase 3 tap] cycle 69: mass 0.1658 / 0.2000 g (0.0342 g to go, +0.0014 g this cycle), elapsed 285.0 s
[phase 3 tap] cycle 70: mass 0.1641 / 0.2000 g (0.0359 g to go, -0.0017 g this cycle), elapsed 289.0 s
[phase 3 tap] cycle 71: mass 0.1640 / 0.2000 g (0.0360 g to go, -0.0001 g this cycle), elapsed 292.0 s
[phase 3 tap] cycle 72: mass 0.1645 / 0.2000 g (0.0355 g to go, +0.0005 g this cycle), elapsed 295.0 s
[phase 3 tap] cycle 73: mass 0.1678 / 0.2000 g (0.0322 g to go, +0.0034 g this cycle), elapsed 299.0 s
[phase 3 tap] cycle 74: mass 0.1646 / 0.2000 g (0.0354 g to go, -0.0032 g this cycle), elapsed 302.0 s
[phase 3 tap] cycle 75: mass 0.1628 / 0.2000 g (0.0372 g to go, -0.0018 g this cycle), elapsed 305.0 s
[phase 3 tap] cycle 76: mass 0.1621 / 0.2000 g (0.0379 g to go, -0.0007 g this cycle), elapsed 308.0 s
[phase 3 tap] lip empty; nudging auger 5.0 deg (nudge 4/10)
[phase 3 tap] cycle 77: mass 0.1636 / 0.2000 g (0.0364 g to go, +0.0014 g this cycle), elapsed 314.0 s
[phase 3 tap] cycle 78: mass 0.1627 / 0.2000 g (0.0373 g to go, -0.0008 g this cycle), elapsed 317.0 s
[phase 3 tap] cycle 79: mass 0.1632 / 0.2000 g (0.0368 g to go, +0.0004 g this cycle), elapsed 321.0 s
[phase 3 tap] cycle 80: mass 0.1631 / 0.2000 g (0.0369 g to go, -0.0001 g this cycle), elapsed 324.0 s
[phase 3 tap] cycle 81: mass 0.1633 / 0.2000 g (0.0367 g to go, +0.0002 g this cycle), elapsed 327.0 s
[phase 3 tap] cycle 82: mass 0.1614 / 0.2000 g (0.0386 g to go, -0.0019 g this cycle), elapsed 330.0 s
[phase 3 tap] cycle 83: mass 0.1632 / 0.2000 g (0.0368 g to go, +0.0018 g this cycle), elapsed 334.0 s
[phase 3 tap] cycle 84: mass 0.1631 / 0.2000 g (0.0369 g to go, -0.0001 g this cycle), elapsed 337.0 s
[phase 3 tap] cycle 85: mass 0.1646 / 0.2000 g (0.0354 g to go, +0.0015 g this cycle), elapsed 340.0 s
[phase 3 tap] cycle 86: mass 0.1613 / 0.2000 g (0.0387 g to go, -0.0033 g this cycle), elapsed 344.0 s
[phase 3 tap] cycle 87: mass 0.1654 / 0.2000 g (0.0346 g to go, +0.0041 g this cycle), elapsed 347.0 s
[phase 3 tap] cycle 88: mass 0.1637 / 0.2000 g (0.0363 g to go, -0.0016 g this cycle), elapsed 350.0 s
[phase 3 tap] cycle 89: mass 0.1626 / 0.2000 g (0.0374 g to go, -0.0012 g this cycle), elapsed 353.0 s
[phase 3 tap] cycle 90: mass 0.1625 / 0.2000 g (0.0375 g to go, -0.0000 g this cycle), elapsed 357.0 s
[phase 3 tap] lip empty; nudging auger 5.0 deg (nudge 5/10)
[phase 3 tap] cycle 91: mass 0.1637 / 0.2000 g (0.0363 g to go, +0.0012 g this cycle), elapsed 362.0 s
[phase 3 tap] cycle 92: mass 0.1665 / 0.2000 g (0.0335 g to go, +0.0027 g this cycle), elapsed 366.0 s
[phase 3 tap] cycle 93: mass 0.1665 / 0.2000 g (0.0335 g to go, +0.0000 g this cycle), elapsed 369.0 s
[phase 3 tap] cycle 94: mass 0.1637 / 0.2000 g (0.0363 g to go, -0.0028 g this cycle), elapsed 372.0 s
[phase 3 tap] cycle 95: mass 0.1637 / 0.2000 g (0.0363 g to go, +0.0000 g this cycle), elapsed 375.0 s
[phase 3 tap] lip empty; nudging auger 5.0 deg (nudge 6/10)
[phase 3 tap] cycle 96: mass 0.1657 / 0.2000 g (0.0343 g to go, +0.0020 g this cycle), elapsed 381.0 s
[phase 3 tap] cycle 97: mass 0.1632 / 0.2000 g (0.0368 g to go, -0.0025 g this cycle), elapsed 384.0 s
[phase 3 tap] cycle 98: mass 0.1672 / 0.2000 g (0.0328 g to go, +0.0040 g this cycle), elapsed 388.0 s
[phase 3 tap] cycle 99: mass 0.1639 / 0.2000 g (0.0361 g to go, -0.0033 g this cycle), elapsed 391.0 s
[phase 3 tap] cycle 100: mass 0.1652 / 0.2000 g (0.0348 g to go, +0.0013 g this cycle), elapsed 394.0 s
[phase 3 tap] cycle 101: mass 0.1632 / 0.2000 g (0.0368 g to go, -0.0020 g this cycle), elapsed 397.0 s
[phase 3 tap] cycle 102: mass 0.1636 / 0.2000 g (0.0364 g to go, +0.0004 g this cycle), elapsed 401.0 s
[phase 3 tap] cycle 103: mass 0.1668 / 0.2000 g (0.0332 g to go, +0.0032 g this cycle), elapsed 404.0 s
[phase 3 tap] cycle 104: mass 0.1642 / 0.2000 g (0.0358 g to go, -0.0026 g this cycle), elapsed 408.0 s
[phase 3 tap] cycle 105: mass 0.1632 / 0.2000 g (0.0368 g to go, -0.0010 g this cycle), elapsed 411.0 s
[phase 3 tap] cycle 106: mass 0.1633 / 0.2000 g (0.0367 g to go, +0.0001 g this cycle), elapsed 414.0 s
[phase 3 tap] lip empty; nudging auger 5.0 deg (nudge 7/10)
[phase 3 tap] cycle 107: mass 0.1677 / 0.2000 g (0.0323 g to go, +0.0045 g this cycle), elapsed 420.0 s
[phase 3 tap] cycle 108: mass 0.1654 / 0.2000 g (0.0346 g to go, -0.0023 g this cycle), elapsed 423.0 s
[phase 3 tap] cycle 109: mass 0.1653 / 0.2000 g (0.0347 g to go, -0.0001 g this cycle), elapsed 426.0 s
[phase 3 tap] cycle 110: mass 0.1648 / 0.2000 g (0.0352 g to go, -0.0005 g this cycle), elapsed 430.0 s
[phase 3 tap] lip empty; nudging auger 5.0 deg (nudge 8/10)
[phase 3 tap] cycle 111: mass 0.1645 / 0.2000 g (0.0355 g to go, -0.0003 g this cycle), elapsed 435.0 s
[phase 3 tap] cycle 112: mass 0.1655 / 0.2000 g (0.0345 g to go, +0.0009 g this cycle), elapsed 439.0 s
[phase 3 tap] cycle 113: mass 0.1641 / 0.2000 g (0.0359 g to go, -0.0014 g this cycle), elapsed 442.0 s
[phase 3 tap] cycle 114: mass 0.1649 / 0.2000 g (0.0351 g to go, +0.0008 g this cycle), elapsed 445.0 s
[phase 3 tap] cycle 115: mass 0.1665 / 0.2000 g (0.0335 g to go, +0.0016 g this cycle), elapsed 449.0 s
[phase 3 tap] cycle 116: mass 0.1649 / 0.2000 g (0.0351 g to go, -0.0017 g this cycle), elapsed 452.0 s
[phase 3 tap] cycle 117: mass 0.1660 / 0.2000 g (0.0340 g to go, +0.0012 g this cycle), elapsed 455.0 s
[phase 3 tap] cycle 118: mass 0.1653 / 0.2000 g (0.0347 g to go, -0.0007 g this cycle), elapsed 459.0 s
[phase 3 tap] cycle 119: mass 0.1650 / 0.2000 g (0.0350 g to go, -0.0003 g this cycle), elapsed 462.0 s
[phase 3 tap] cycle 120: mass 0.1649 / 0.2000 g (0.0351 g to go, -0.0002 g this cycle), elapsed 465.0 s
[phase 3 tap] lip empty; nudging auger 5.0 deg (nudge 9/10)
[phase 3 tap] cycle 121: mass 0.1667 / 0.2000 g (0.0333 g to go, +0.0018 g this cycle), elapsed 471.0 s
[phase 3 tap] cycle 122: mass 0.1698 / 0.2000 g (0.0302 g to go, +0.0031 g this cycle), elapsed 475.0 s
[phase 3 tap] cycle 123: mass 0.1661 / 0.2000 g (0.0339 g to go, -0.0037 g this cycle), elapsed 478.0 s
[phase 3 tap] cycle 124: mass 0.1649 / 0.2000 g (0.0351 g to go, -0.0012 g this cycle), elapsed 481.0 s
[phase 3 tap] cycle 125: mass 0.1666 / 0.2000 g (0.0334 g to go, +0.0017 g this cycle), elapsed 485.0 s
[phase 3 tap] cycle 126: mass 0.1667 / 0.2000 g (0.0333 g to go, +0.0002 g this cycle), elapsed 488.0 s
[phase 3 tap] cycle 127: mass 0.1687 / 0.2000 g (0.0313 g to go, +0.0020 g this cycle), elapsed 491.0 s
[phase 3 tap] cycle 128: mass 0.1689 / 0.2000 g (0.0311 g to go, +0.0002 g this cycle), elapsed 495.0 s
[phase 3 tap] cycle 129: mass 0.1725 / 0.2000 g (0.0275 g to go, +0.0036 g this cycle), elapsed 498.0 s
[phase 3 tap] cycle 130: mass 0.1677 / 0.2000 g (0.0323 g to go, -0.0048 g this cycle), elapsed 501.0 s
[phase 3 tap] cycle 131: mass 0.1693 / 0.2000 g (0.0307 g to go, +0.0016 g this cycle), elapsed 504.0 s
[phase 3 tap] cycle 132: mass 0.1682 / 0.2000 g (0.0318 g to go, -0.0011 g this cycle), elapsed 508.0 s
[phase 3 tap] cycle 133: mass 0.1673 / 0.2000 g (0.0327 g to go, -0.0009 g this cycle), elapsed 511.0 s
[phase 3 tap] cycle 134: mass 0.1696 / 0.2000 g (0.0304 g to go, +0.0023 g this cycle), elapsed 514.0 s
[phase 3 tap] cycle 135: mass 0.1704 / 0.2000 g (0.0296 g to go, +0.0007 g this cycle), elapsed 517.0 s
[phase 3 tap] cycle 136: mass 0.1693 / 0.2000 g (0.0307 g to go, -0.0010 g this cycle), elapsed 521.0 s
[phase 3 tap] cycle 137: mass 0.1715 / 0.2000 g (0.0285 g to go, +0.0021 g this cycle), elapsed 524.0 s
[phase 3 tap] cycle 138: mass 0.1673 / 0.2000 g (0.0327 g to go, -0.0042 g this cycle), elapsed 527.0 s
[phase 3 tap] cycle 139: mass 0.1697 / 0.2000 g (0.0303 g to go, +0.0025 g this cycle), elapsed 531.0 s
[phase 3 tap] cycle 140: mass 0.1710 / 0.2000 g (0.0290 g to go, +0.0013 g this cycle), elapsed 534.0 s
[phase 3 tap] cycle 141: mass 0.1695 / 0.2000 g (0.0305 g to go, -0.0015 g this cycle), elapsed 537.0 s
[phase 3 tap] cycle 142: mass 0.1709 / 0.2000 g (0.0291 g to go, +0.0014 g this cycle), elapsed 541.0 s
[phase 3 tap] cycle 143: mass 0.1700 / 0.2000 g (0.0300 g to go, -0.0008 g this cycle), elapsed 544.0 s
[phase 3 tap] cycle 144: mass 0.1701 / 0.2000 g (0.0299 g to go, +0.0001 g this cycle), elapsed 547.0 s
[phase 3 tap] cycle 145: mass 0.1694 / 0.2000 g (0.0306 g to go, -0.0007 g this cycle), elapsed 551.0 s
[phase 3 tap] lip empty; nudging auger 5.0 deg (nudge 10/10)
MEMETMA,eMTAMM
MEUN,
Tr
 r