import powder_battery
>>> powder_battery.run(powder_id='salt', attended=False)
[vib] DRV2605L unavailable ([Errno 5] EIO); skipping init
RUN,BEGIN
META,powder_id,salt
META,battery_version,1
META,blocks,ABCDEFG
META,tilts_deg,0.0;45.0;90.0
META,baseline_reads,8
META,hold_s,15
META,rotation_trials,6
META,rotation_step_deg,360.0
META,rotation_rpm,30.0
META,speed_rpms,15.0;45.0;90.0
META,speed_revs,3.0
META,tap_tilts,0.0;45.0
META,tap_trials,8
META,taps_per_point,1
META,refeed_deg,360.0
META,vib_bursts,3
META,dose_repeats,3
META,dose_target_g,1.0
META,settle_ms,2000
META,min_flow_g,0.0005
META,attended,0
META,config.SCALE_BAUD,19200
META,config.SCALE_BITS,8
META,config.SCALE_PARITY,0
META,config.SCALE_STABLE_TIMEOUT_MS,10000
META,config.SCALE_STOP,1
META,config.SERVO_SPEED_DEG_PER_S,60
META,config.STEPPER_ACCEL_REV_PER_S2,4.0
META,config.STEPPER_FULL_STEPS_REV,200
META,config.STEPPER_MICROSTEPS,8
META,config.STEPPER_SPEED_RPM,60
META,config.TAP_OFF_MS,150
META,config.TAP_ON_MS,60
META,config.TAP_PWM_DUTY,1.0
[battery] block A
CSV,A,45.0,baseline,0,,,0.0000,0.0000,0.0000,,7453
CSV,A,45.0,baseline,1,,,0.0000,0.0000,0.0000,,9549
CSV,A,45.0,baseline,2,,,0.0000,0.0000,0.0000,,11652
CSV,A,45.0,baseline,3,,,0.0000,0.0000,0.0000,,13767
CSV,A,45.0,baseline,4,,,0.0000,0.0000,0.0000,,15861
CSV,A,45.0,baseline,5,,,0.0000,0.0000,0.0000,,17964
CSV,A,45.0,baseline,6,,,0.0000,0.0000,0.0000,,20079
CSV,A,45.0,baseline,7,,,0.0000,0.0000,0.0000,,22173
SUM,A,45.0,baseline,8,0.0000,0.0000,0.0000,0.0000,0.0000
[battery] block B
CSV,B,0.0,hold,0,15,,0.0000,0.0000,0.0000,,42644
CSV,B,45.0,hold,0,15,,0.0000,0.0000,0.0000,,63108
CSV,B,90.0,hold,0,15,,0.0000,0.0000,0.0000,,83574
[battery] block C
PROMPT,block C at tilt 0.0 -- empty the collection cup if it is getting full, then Enter ('skip'/'abort')
CSV,C,0.0,rotation,0,360.0,30,0.0000,0.0343,0.0343,,96000
CSV,C,0.0,rotation,1,360.0,30,0.0343,0.0658,0.0315,,102408
CSV,C,0.0,rotation,2,360.0,30,0.0658,0.0983,0.0325,,108815
CSV,C,0.0,rotation,3,360.0,30,0.0983,0.1354,0.0371,,115224
CSV,C,0.0,rotation,4,360.0,30,0.1354,0.1740,0.0386,,121631
CSV,C,0.0,rotation,5,360.0,30,0.1740,0.2058,0.0318,,128039
SUM,C,0.0,rotation,6,0.0343,0.0030,0.0012,0.0315,0.0386
PROMPT,block C at tilt 45.0 -- empty the collection cup if it is getting full, then Enter ('skip'/'abort')
CSV,C,45.0,rotation,0,360.0,30,0.0000,0.1862,0.1862,,139704
CSV,C,45.0,rotation,1,360.0,30,0.1862,0.3691,0.1829,,146112
CSV,C,45.0,rotation,2,360.0,30,0.3691,0.5386,0.1695,,152519
CSV,C,45.0,rotation,3,360.0,30,0.5386,0.7106,0.1720,,158927
CSV,C,45.0,rotation,4,360.0,30,0.7106,0.8694,0.1588,,165334
CSV,C,45.0,rotation,5,360.0,30,0.8694,1.0521,0.1827,,171743
SUM,C,45.0,rotation,6,0.1753,0.0105,0.0043,0.1588,0.1862
PROMPT,block C at tilt 90.0 -- empty the collection cup if it is getting full, then Enter ('skip'/'abort')
CSV,C,90.0,rotation,0,360.0,30,0.0000,0.2440,0.2440,,183408
CSV,C,90.0,rotation,1,360.0,30,0.2440,0.4850,0.2410,,189815
CSV,C,90.0,rotation,2,360.0,30,0.4850,0.7176,0.2326,,196224
CSV,C,90.0,rotation,3,360.0,30,0.7176,0.9509,0.2333,,202630
CSV,C,90.0,rotation,4,360.0,30,0.9509,1.1565,0.2056,,209039
CSV,C,90.0,rotation,5,360.0,30,1.1565,1.3825,0.2260,,215447
SUM,C,90.0,rotation,6,0.2304,0.0137,0.0056,0.2056,0.2440
[battery] block D
POLL,D,45.0,15,221192,0.0000,1
POLL,D,45.0,15,221564,0.0000,1
POLL,D,45.0,15,221850,0.0000,1
POLL,D,45.0,15,222138,0.0000,1
POLL,D,45.0,15,222424,0.0005,0
POLL,D,45.0,15,222712,0.0009,0
POLL,D,45.0,15,222997,0.0012,0
POLL,D,45.0,15,223285,0.0018,0
POLL,D,45.0,15,223572,0.0128,0
POLL,D,45.0,15,223857,0.0367,0
POLL,D,45.0,15,224145,0.0735,0
POLL,D,45.0,15,224434,0.1192,0
POLL,D,45.0,15,224719,0.1733,0
POLL,D,45.0,15,225006,0.2024,0
POLL,D,45.0,15,225293,0.2177,0
POLL,D,45.0,15,225579,0.2269,0
POLL,D,45.0,15,225866,0.2344,0
POLL,D,45.0,15,226155,0.2383,0
POLL,D,45.0,15,226439,0.2406,0
POLL,D,45.0,15,226727,0.2407,0
POLL,D,45.0,15,227014,0.2409,0
POLL,D,45.0,15,227300,0.2415,0
POLL,D,45.0,15,227587,0.2575,0
POLL,D,45.0,15,227875,0.2779,0
POLL,D,45.0,15,228161,0.3083,0
POLL,D,45.0,15,228449,0.3561,0
POLL,D,45.0,15,228736,0.3970,0
POLL,D,45.0,15,229021,0.4219,0
POLL,D,45.0,15,229309,0.4371,0
POLL,D,45.0,15,229596,0.4483,0
POLL,D,45.0,15,229882,0.4545,0
POLL,D,45.0,15,230169,0.4603,0
POLL,D,45.0,15,230457,0.4615,0
POLL,D,45.0,15,230838,0.4617,0
POLL,D,45.0,15,231126,0.4619,0
POLL,D,45.0,15,231413,0.4673,0
POLL,D,45.0,15,231699,0.4836,0
POLL,D,45.0,15,231986,0.5057,0
POLL,D,45.0,15,232274,0.5469,0
POLL,D,45.0,15,232559,0.5975,0
POLL,D,45.0,15,232847,0.6294,0
POLL,D,45.0,15,233134,0.6462,0
POLL,D,45.0,15,233422,0.6565,0
POLL,D,45.0,15,233708,0.6672,0
POLL,D,45.0,15,233995,0.6742,0
POLL,D,45.0,15,234283,0.6773,0
POLL,D,45.0,15,234568,0.6777,0
POLL,D,45.0,15,234856,0.6776,1
CSV,D,45.0,speed,0,3.0,15,0.0000,0.7084,0.7084,,236974
POLL,D,45.0,45,237354,0.7084,1
POLL,D,45.0,45,237726,0.7084,1
POLL,D,45.0,45,238011,0.7157,0
POLL,D,45.0,45,238298,0.7528,0
POLL,D,45.0,45,238586,0.8175,0
POLL,D,45.0,45,238871,0.8427,0
POLL,D,45.0,45,239159,0.8461,0
POLL,D,45.0,45,239446,0.8694,0
POLL,D,45.0,45,239732,0.9302,0
POLL,D,45.0,45,240019,0.9814,0
POLL,D,45.0,45,240307,0.9928,0
POLL,D,45.0,45,240596,1.0010,0
POLL,D,45.0,45,240880,1.0416,0
POLL,D,45.0,45,241168,1.1094,0
POLL,D,45.0,45,241455,1.1487,0
POLL,D,45.0,45,241742,1.1533,0
CSV,D,45.0,speed,1,3.0,45,0.7084,1.2833,0.5749,,243859
POLL,D,45.0,90,244324,1.2833,1
POLL,D,45.0,90,244611,1.2833,1
POLL,D,45.0,90,244899,1.2891,0
POLL,D,45.0,90,245184,1.3086,0
POLL,D,45.0,90,245471,1.3479,0
POLL,D,45.0,90,245758,1.4154,0
POLL,D,45.0,90,246044,1.4484,0
POLL,D,45.0,90,246332,1.5142,0
CSV,D,45.0,speed,2,3.0,90,1.2833,1.6617,0.3784,,248449
SUM,D,45.0,speed,3,0.5539,0.1660,0.0958,0.3784,0.7084
[battery] block E
CSV,E,0.0,refeed,0,360.0,30,0.0000,0.0378,0.0378,,260106
CSV,E,0.0,tap,0,1,,0.0378,0.0378,0.0000,,262503
CSV,E,0.0,refeed,1,360.0,30,0.0378,0.0722,0.0344,,268907
CSV,E,0.0,tap,1,1,,0.0722,0.0722,0.0000,,271304
CSV,E,0.0,refeed,2,360.0,30,0.0722,0.1113,0.0391,,277709
CSV,E,0.0,tap,2,1,,0.1113,0.1114,0.0001,,280092
CSV,E,0.0,refeed,3,360.0,30,0.1114,0.1464,0.0350,,286511
CSV,E,0.0,tap,3,1,,0.1464,0.1464,0.0000,,288892
CSV,E,0.0,refeed,4,360.0,30,0.1464,0.1831,0.0367,,295298
CSV,E,0.0,tap,4,1,,0.1831,0.1832,0.0001,,297694
CSV,E,0.0,refeed,5,360.0,30,0.1832,0.2207,0.0375,,304100
CSV,E,0.0,tap,5,1,,0.2207,0.2208,0.0001,,306496
CSV,E,0.0,refeed,6,360.0,30,0.2208,0.2567,0.0359,,312903
CSV,E,0.0,tap,6,1,,0.2567,0.2567,0.0000,,315285
CSV,E,0.0,refeed,7,360.0,30,0.2568,0.2963,0.0395,,321693
CSV,E,0.0,tap,7,1,,0.2963,0.2963,0.0000,,324089
SUM,E,0.0,refeed,8,0.0370,0.0018,0.0006,0.0344,0.0395
SUM,E,0.0,tap,8,0.0000,0.0001,0.0000,0.0000,0.0001
CSV,E,45.0,refeed,0,360.0,30,0.0000,0.1569,0.1569,,335750
CSV,E,45.0,tap,0,1,,0.1569,0.1577,0.0008,,338716
CSV,E,45.0,refeed,1,360.0,30,0.1577,0.3315,0.1738,,345124
CSV,E,45.0,tap,1,1,,0.3315,0.3323,0.0008,,348280
CSV,E,45.0,refeed,2,360.0,30,0.3323,0.5035,0.1712,,354685
CSV,E,45.0,tap,2,1,,0.5035,0.5045,0.0010,,357840
CSV,E,45.0,refeed,3,360.0,30,0.5045,0.6679,0.1634,,364248
CSV,E,45.0,tap,3,1,,0.6679,0.6686,0.0007,,367213
CSV,E,45.0,refeed,4,360.0,30,0.6687,0.8259,0.1572,,373813
CSV,E,45.0,tap,4,1,,0.8259,0.8271,0.0012,,376969
CSV,E,45.0,refeed,5,360.0,30,0.8271,0.9819,0.1548,,383375
CSV,E,45.0,tap,5,1,,0.9819,0.9827,0.0008,,386152
CSV,E,45.0,refeed,6,360.0,30,0.9828,1.1492,0.1664,,392748
CSV,E,45.0,tap,6,1,,1.1492,1.1501,0.0009,,395714
CSV,E,45.0,refeed,7,360.0,30,1.1501,1.3045,0.1544,,402121
CSV,E,45.0,tap,7,1,,1.3045,1.3056,0.0011,,405277
SUM,E,45.0,refeed,8,0.1623,0.0076,0.0027,0.1544,0.1738
SUM,E,45.0,tap,8,0.0009,0.0002,0.0001,0.0007,0.0012
[battery] block F
META,vib,unavailable
[battery] vibration driver unavailable -- skipping block F
[battery] block G
PROMPT,block G (three-phase doses): EMPTY the collection cup now, then Enter ('skip'/'abort')
[dose] three-phase dose to 1.0000 g; taring scale
=== phase 1/3 'bulk' start: 1.0000 g to go, exit at 0.5000 g to go; angle 45.0 plate deg, CONTINUOUS @ 55 auger rpm (poll 250 ms, anticipation 0.1200 g), settle 800 ms
[phase 1 bulk] poll 1: mass 0.0000 / 1.0000 g (1.0000 g to go, +0.0000 g this poll), elapsed 2.0 s
[phase 1 bulk] poll 2: mass 0.0000 / 1.0000 g (1.0000 g to go, +0.0000 g this poll), elapsed 2.0 s
[phase 1 bulk] poll 3: mass 0.0000 / 1.0000 g (1.0000 g to go, +0.0000 g this poll), elapsed 2.0 s
[phase 1 bulk] poll 4 (unstable): mass 0.0085 / 1.0000 g (0.9915 g to go, +0.0085 g this poll), elapsed 3.0 s
[phase 1 bulk] poll 5 (unstable): mass 0.0549 / 1.0000 g (0.9451 g to go, +0.0464 g this poll), elapsed 3.0 s
[phase 1 bulk] poll 6 (unstable): mass 0.1558 / 1.0000 g (0.8442 g to go, +0.1009 g this poll), elapsed 3.0 s
[phase 1 bulk] poll 7 (unstable): mass 0.1963 / 1.0000 g (0.8037 g to go, +0.0405 g this poll), elapsed 3.0 s
[phase 1 bulk] poll 8 (unstable): mass 0.2091 / 1.0000 g (0.7909 g to go, +0.0128 g this poll), elapsed 4.0 s
[phase 1 bulk] poll 9 (unstable): mass 0.2814 / 1.0000 g (0.7186 g to go, +0.0723 g this poll), elapsed 4.0 s
[phase 1 bulk] poll 10 (unstable): mass 0.3790 / 1.0000 g (0.6210 g to go, +0.0976 g this poll), elapsed 4.0 s
[phase 1 bulk] poll 11 (unstable): mass 0.4016 / 1.0000 g (0.5984 g to go, +0.0226 g this poll), elapsed 5.0 s
[phase 1 bulk] auger halted at 0.5984 g to go (halt threshold 0.6200 g); settling 800 ms
[phase 1 bulk] settled: mass 0.5875 / 1.0000 g (0.4125 g to go, +0.1859 g while settling), elapsed 7.0 s
=== phase 1/3 'bulk' end (11 cycles): mass 0.5875 / 1.0000 g (0.4125 g to go, +0.5875 g this phase), elapsed 7.0 s
=== phase 2/3 'fine' start: 0.4125 g to go, exit at 0.0500 g to go; angle 22.5 plate deg, 45 auger deg/cycle @ 30 rpm, 0 taps/cycle, settle 1500 ms
[phase 2 fine] cycle 1: mass 0.5929 / 1.0000 g (0.4071 g to go, +0.0054 g this cycle), elapsed 11.0 s
[phase 2 fine] cycle 2: mass 0.5943 / 1.0000 g (0.4057 g to go, +0.0014 g this cycle), elapsed 15.0 s
[phase 2 fine] cycle 3: mass 0.5957 / 1.0000 g (0.4043 g to go, +0.0014 g this cycle), elapsed 19.0 s
[phase 2 fine] cycle 4: mass 0.6061 / 1.0000 g (0.3939 g to go, +0.0104 g this cycle), elapsed 23.0 s
[phase 2 fine] cycle 5: mass 0.6711 / 1.0000 g (0.3289 g to go, +0.0650 g this cycle), elapsed 27.0 s
[phase 2 fine] cycle 6: mass 0.7470 / 1.0000 g (0.2530 g to go, +0.0759 g this cycle), elapsed 31.0 s
[phase 2 fine] cycle 7: mass 0.7859 / 1.0000 g (0.2141 g to go, +0.0389 g this cycle), elapsed 35.0 s
[phase 2 fine] cycle 8: mass 0.8050 / 1.0000 g (0.1950 g to go, +0.0191 g this cycle), elapsed 39.0 s
[phase 2 fine] cycle 9: mass 0.8176 / 1.0000 g (0.1824 g to go, +0.0126 g this cycle), elapsed 43.0 s
[phase 2 fine] cycle 10: mass 0.8189 / 1.0000 g (0.1811 g to go, +0.0013 g this cycle), elapsed 47.0 s
[phase 2 fine] cycle 11: mass 0.8201 / 1.0000 g (0.1799 g to go, +0.0012 g this cycle), elapsed 51.0 s
[phase 2 fine] cycle 12: mass 0.8275 / 1.0000 g (0.1725 g to go, +0.0074 g this cycle), elapsed 55.0 s
[phase 2 fine] cycle 13: mass 0.8721 / 1.0000 g (0.1279 g to go, +0.0446 g this cycle), elapsed 59.0 s
[phase 2 fine] cycle 14: mass 0.9532 / 1.0000 g (0.0468 g to go, +0.0811 g this cycle), elapsed 64.0 s
=== phase 2/3 'fine' end (14 cycles): mass 0.9532 / 1.0000 g (0.0468 g to go, +0.3657 g this phase), elapsed 64.0 s
=== phase 3/3 'tap' start: 0.0468 g to go, exit at 0.0050 g to go; angle 0.0 plate deg, 0 auger deg/cycle @ 0 rpm, 2 taps/cycle, settle 1500 ms
[phase 3 tap] cycle 1: mass 0.9539 / 1.0000 g (0.0461 g to go, +0.0007 g this cycle), elapsed 67.0 s
[phase 3 tap] cycle 2: mass 0.9553 / 1.0000 g (0.0447 g to go, +0.0014 g this cycle), elapsed 70.0 s
[phase 3 tap] cycle 3: mass 0.9574 / 1.0000 g (0.0426 g to go, +0.0021 g this cycle), elapsed 73.0 s
[phase 3 tap] cycle 4: mass 0.9587 / 1.0000 g (0.0413 g to go, +0.0013 g this cycle), elapsed 77.0 s
[phase 3 tap] cycle 5: mass 0.9607 / 1.0000 g (0.0393 g to go, +0.0020 g this cycle), elapsed 80.0 s
[phase 3 tap] cycle 6: mass 0.9625 / 1.0000 g (0.0375 g to go, +0.0018 g this cycle), elapsed 83.0 s
[phase 3 tap] cycle 7: mass 0.9647 / 1.0000 g (0.0353 g to go, +0.0022 g this cycle), elapsed 86.0 s
[phase 3 tap] cycle 8: mass 0.9661 / 1.0000 g (0.0339 g to go, +0.0014 g this cycle), elapsed 89.0 s
[phase 3 tap] cycle 9: mass 0.9674 / 1.0000 g (0.0326 g to go, +0.0013 g this cycle), elapsed 92.0 s
[phase 3 tap] cycle 10: mass 0.9682 / 1.0000 g (0.0318 g to go, +0.0008 g this cycle), elapsed 95.0 s
[phase 3 tap] cycle 11: mass 0.9698 / 1.0000 g (0.0302 g to go, +0.0016 g this cycle), elapsed 99.0 s
[phase 3 tap] cycle 12: mass 0.9718 / 1.0000 g (0.0282 g to go, +0.0020 g this cycle), elapsed 102.0 s
[phase 3 tap] cycle 13: mass 0.9727 / 1.0000 g (0.0273 g to go, +0.0009 g this cycle), elapsed 105.0 s
[phase 3 tap] cycle 14: mass 0.9735 / 1.0000 g (0.0265 g to go, +0.0008 g this cycle), elapsed 108.0 s
[phase 3 tap] cycle 15: mass 0.9743 / 1.0000 g (0.0257 g to go, +0.0008 g this cycle), elapsed 111.0 s
[phase 3 tap] cycle 16: mass 0.9761 / 1.0000 g (0.0239 g to go, +0.0018 g this cycle), elapsed 114.0 s
[phase 3 tap] cycle 17: mass 0.9776 / 1.0000 g (0.0224 g to go, +0.0015 g this cycle), elapsed 117.0 s
[phase 3 tap] cycle 18: mass 0.9793 / 1.0000 g (0.0207 g to go, +0.0017 g this cycle), elapsed 121.0 s
[phase 3 tap] cycle 19: mass 0.9795 / 1.0000 g (0.0205 g to go, +0.0002 g this cycle), elapsed 123.0 s
[phase 3 tap] cycle 20: mass 0.9812 / 1.0000 g (0.0188 g to go, +0.0017 g this cycle), elapsed 126.0 s
[phase 3 tap] cycle 21: mass 0.9822 / 1.0000 g (0.0178 g to go, +0.0010 g this cycle), elapsed 129.0 s
[phase 3 tap] cycle 22: mass 0.9837 / 1.0000 g (0.0163 g to go, +0.0015 g this cycle), elapsed 132.0 s
[phase 3 tap] cycle 23: mass 0.9839 / 1.0000 g (0.0161 g to go, +0.0002 g this cycle), elapsed 134.0 s
[phase 3 tap] cycle 24: mass 0.9854 / 1.0000 g (0.0146 g to go, +0.0015 g this cycle), elapsed 137.0 s
[phase 3 tap] cycle 25: mass 0.9866 / 1.0000 g (0.0134 g to go, +0.0012 g this cycle), elapsed 140.0 s
[phase 3 tap] cycle 26: mass 0.9866 / 1.0000 g (0.0134 g to go, +0.0000 g this cycle), elapsed 142.0 s
[phase 3 tap] cycle 27: mass 0.9883 / 1.0000 g (0.0117 g to go, +0.0017 g this cycle), elapsed 145.0 s
[phase 3 tap] cycle 28: mass 0.9894 / 1.0000 g (0.0106 g to go, +0.0011 g this cycle), elapsed 149.0 s
[phase 3 tap] cycle 29: mass 0.9905 / 1.0000 g (0.0095 g to go, +0.0011 g this cycle), elapsed 152.0 s
[phase 3 tap] cycle 30: mass 0.9905 / 1.0000 g (0.0095 g to go, +0.0000 g this cycle), elapsed 154.0 s
[phase 3 tap] cycle 31: mass 0.9917 / 1.0000 g (0.0083 g to go, +0.0012 g this cycle), elapsed 157.0 s
[phase 3 tap] cycle 32: mass 0.9931 / 1.0000 g (0.0069 g to go, +0.0014 g this cycle), elapsed 160.0 s
[phase 3 tap] cycle 33: mass 0.9937 / 1.0000 g (0.0063 g to go, +0.0006 g this cycle), elapsed 162.0 s
[phase 3 tap] cycle 34: mass 0.9948 / 1.0000 g (0.0052 g to go, +0.0011 g this cycle), elapsed 166.0 s
[phase 3 tap] cycle 35: mass 0.9956 / 1.0000 g (0.0044 g to go, +0.0008 g this cycle), elapsed 169.0 s
=== phase 3/3 'tap' end (35 cycles): mass 0.9956 / 1.0000 g (0.0044 g to go, +0.0424 g this phase), elapsed 169.0 s
[dose] done: DoseResult(ok: 0.9956/1.0000 g in 169.0s; cycles bulk:11, fine:14, tap:35; 5.42 auger rev, 70 taps)
DOSE,0,1.0000,0.9956,-0.0044,ok,169.0,5.42,70,bulk:11;fine:14;tap:35,573891
PROMPT,dose 1 done -- empty the cup for the next dose, then Enter ('skip'/'abort')
[dose] three-phase dose to 1.0000 g; taring scale
=== phase 1/3 'bulk' start: 1.0000 g to go, exit at 0.5000 g to go; angle 45.0 plate deg, CONTINUOUS @ 55 auger rpm (poll 250 ms, anticipation 0.1200 g), settle 800 ms
[phase 1 bulk] poll 1: mass 0.0000 / 1.0000 g (1.0000 g to go, +0.0000 g this poll), elapsed 2.0 s
[phase 1 bulk] poll 2: mass 0.0000 / 1.0000 g (1.0000 g to go, +0.0000 g this poll), elapsed 2.0 s
[phase 1 bulk] poll 3 (unstable): mass 0.0063 / 1.0000 g (0.9937 g to go, +0.0063 g this poll), elapsed 3.0 s
[phase 1 bulk] poll 4 (unstable): mass 0.0226 / 1.0000 g (0.9774 g to go, +0.0163 g this poll), elapsed 3.0 s
[phase 1 bulk] poll 5 (unstable): mass 0.0368 / 1.0000 g (0.9632 g to go, +0.0142 g this poll), elapsed 3.0 s
[phase 1 bulk] poll 6 (unstable): mass 0.0616 / 1.0000 g (0.9384 g to go, +0.0248 g this poll), elapsed 4.0 s
[phase 1 bulk] poll 7 (unstable): mass 0.1433 / 1.0000 g (0.8567 g to go, +0.0817 g this poll), elapsed 4.0 s
[phase 1 bulk] poll 8 (unstable): mass 0.2271 / 1.0000 g (0.7729 g to go, +0.0838 g this poll), elapsed 4.0 s
[phase 1 bulk] poll 9 (unstable): mass 0.2379 / 1.0000 g (0.7621 g to go, +0.0108 g this poll), elapsed 4.0 s
[phase 1 bulk] poll 10 (unstable): mass 0.2699 / 1.0000 g (0.7301 g to go, +0.0320 g this poll), elapsed 5.0 s
[phase 1 bulk] poll 11 (unstable): mass 0.3628 / 1.0000 g (0.6372 g to go, +0.0929 g this poll), elapsed 5.0 s
[phase 1 bulk] poll 12 (unstable): mass 0.4334 / 1.0000 g (0.5666 g to go, +0.0706 g this poll), elapsed 5.0 s
[phase 1 bulk] auger halted at 0.5666 g to go (halt threshold 0.6200 g); settling 800 ms
[phase 1 bulk] settled: mass 0.6109 / 1.0000 g (0.3891 g to go, +0.1775 g while settling), elapsed 7.0 s
=== phase 1/3 'bulk' end (12 cycles): mass 0.6109 / 1.0000 g (0.3891 g to go, +0.6109 g this phase), elapsed 7.0 s
=== phase 2/3 'fine' start: 0.3891 g to go, exit at 0.0500 g to go; angle 22.5 plate deg, 45 auger deg/cycle @ 30 rpm, 0 taps/cycle, settle 1500 ms
[phase 2 fine] cycle 1: mass 0.6221 / 1.0000 g (0.3779 g to go, +0.0112 g this cycle), elapsed 12.0 s
[phase 2 fine] cycle 2: mass 0.6329 / 1.0000 g (0.3671 g to go, +0.0108 g this cycle), elapsed 16.0 s
[phase 2 fine] cycle 3: mass 0.6352 / 1.0000 g (0.3648 g to go, +0.0023 g this cycle), elapsed 20.0 s
[phase 2 fine] cycle 4: mass 0.6368 / 1.0000 g (0.3632 g to go, +0.0016 g this cycle), elapsed 24.0 s
[phase 2 fine] cycle 5: mass 0.6470 / 1.0000 g (0.3530 g to go, +0.0102 g this cycle), elapsed 28.0 s
[phase 2 fine] cycle 6: mass 0.7103 / 1.0000 g (0.2897 g to go, +0.0633 g this cycle), elapsed 32.0 s
[phase 2 fine] cycle 7: mass 0.7805 / 1.0000 g (0.2195 g to go, +0.0702 g this cycle), elapsed 36.0 s
[phase 2 fine] cycle 8: mass 0.8235 / 1.0000 g (0.1765 g to go, +0.0430 g this cycle), elapsed 40.0 s
[phase 2 fine] cycle 9: mass 0.8436 / 1.0000 g (0.1564 g to go, +0.0201 g this cycle), elapsed 44.0 s
[phase 2 fine] cycle 10: mass 0.8566 / 1.0000 g (0.1434 g to go, +0.0130 g this cycle), elapsed 48.0 s
[phase 2 fine] cycle 11: mass 0.8581 / 1.0000 g (0.1419 g to go, +0.0015 g this cycle), elapsed 52.0 s
[phase 2 fine] cycle 12: mass 0.8593 / 1.0000 g (0.1407 g to go, +0.0012 g this cycle), elapsed 56.0 s
[phase 2 fine] cycle 13: mass 0.8806 / 1.0000 g (0.1194 g to go, +0.0213 g this cycle), elapsed 60.0 s
[phase 2 fine] cycle 14: mass 0.9593 / 1.0000 g (0.0407 g to go, +0.0787 g this cycle), elapsed 64.0 s
=== phase 2/3 'fine' end (14 cycles): mass 0.9593 / 1.0000 g (0.0407 g to go, +0.3484 g this phase), elapsed 64.0 s
=== phase 3/3 'tap' start: 0.0407 g to go, exit at 0.0050 g to go; angle 0.0 plate deg, 0 auger deg/cycle @ 0 rpm, 2 taps/cycle, settle 1500 ms
[phase 3 tap] cycle 1: mass 0.9606 / 1.0000 g (0.0394 g to go, +0.0013 g this cycle), elapsed 68.0 s
[phase 3 tap] cycle 2: mass 0.9622 / 1.0000 g (0.0378 g to go, +0.0016 g this cycle), elapsed 72.0 s
[phase 3 tap] cycle 3: mass 0.9641 / 1.0000 g (0.0359 g to go, +0.0019 g this cycle), elapsed 75.0 s
[phase 3 tap] cycle 4: mass 0.9653 / 1.0000 g (0.0347 g to go, +0.0012 g this cycle), elapsed 78.0 s
[phase 3 tap] cycle 5: mass 0.9671 / 1.0000 g (0.0329 g to go, +0.0018 g this cycle), elapsed 81.0 s
[phase 3 tap] cycle 6: mass 0.9673 / 1.0000 g (0.0327 g to go, +0.0002 g this cycle), elapsed 83.0 s
[phase 3 tap] cycle 7: mass 0.9702 / 1.0000 g (0.0298 g to go, +0.0029 g this cycle), elapsed 87.0 s
[phase 3 tap] cycle 8: mass 0.9723 / 1.0000 g (0.0277 g to go, +0.0021 g this cycle), elapsed 90.0 s
[phase 3 tap] cycle 9: mass 0.9740 / 1.0000 g (0.0260 g to go, +0.0017 g this cycle), elapsed 93.0 s
[phase 3 tap] cycle 10: mass 0.9763 / 1.0000 g (0.0237 g to go, +0.0023 g this cycle), elapsed 97.0 s
[phase 3 tap] cycle 11: mass 0.9778 / 1.0000 g (0.0222 g to go, +0.0015 g this cycle), elapsed 100.0 s
[phase 3 tap] cycle 12: mass 0.9796 / 1.0000 g (0.0204 g to go, +0.0018 g this cycle), elapsed 103.0 s
[phase 3 tap] cycle 13: mass 0.9810 / 1.0000 g (0.0190 g to go, +0.0014 g this cycle), elapsed 106.0 s
[phase 3 tap] cycle 14: mass 0.9825 / 1.0000 g (0.0175 g to go, +0.0015 g this cycle), elapsed 110.0 s
[phase 3 tap] cycle 15: mass 0.9844 / 1.0000 g (0.0156 g to go, +0.0019 g this cycle), elapsed 113.0 s
[phase 3 tap] cycle 16: mass 0.9870 / 1.0000 g (0.0130 g to go, +0.0026 g this cycle), elapsed 116.0 s
[phase 3 tap] cycle 17: mass 0.9890 / 1.0000 g (0.0110 g to go, +0.0020 g this cycle), elapsed 119.0 s
[phase 3 tap] cycle 18: mass 0.9903 / 1.0000 g (0.0097 g to go, +0.0013 g this cycle), elapsed 122.0 s
[phase 3 tap] cycle 19: mass 0.9922 / 1.0000 g (0.0078 g to go, +0.0019 g this cycle), elapsed 126.0 s
[phase 3 tap] cycle 20: mass 0.9949 / 1.0000 g (0.0051 g to go, +0.0027 g this cycle), elapsed 129.0 s
[phase 3 tap] cycle 21: mass 0.9968 / 1.0000 g (0.0032 g to go, +0.0019 g this cycle), elapsed 132.0 s
=== phase 3/3 'tap' end (21 cycles): mass 0.9968 / 1.0000 g (0.0032 g to go, +0.0375 g this phase), elapsed 132.0 s
[dose] done: DoseResult(ok: 0.9968/1.0000 g in 132.0s; cycles bulk:12, fine:14, tap:21; 4.50 auger rev, 42 taps)
DOSE,1,1.0000,0.9968,-0.0032,ok,132.0,4.50,42,bulk:12;fine:14;tap:21,706340
PROMPT,dose 2 done -- empty the cup for the next dose, then Enter ('skip'/'abort')
[dose] three-phase dose to 1.0000 g; taring scale
=== phase 1/3 'bulk' start: 1.0000 g to go, exit at 0.5000 g to go; angle 45.0 plate deg, CONTINUOUS @ 55 auger rpm (poll 250 ms, anticipation 0.1200 g), settle 800 ms
[phase 1 bulk] poll 1: mass 0.0000 / 1.0000 g (1.0000 g to go, +0.0000 g this poll), elapsed 3.0 s
[phase 1 bulk] poll 2: mass 0.0000 / 1.0000 g (1.0000 g to go, +0.0000 g this poll), elapsed 3.0 s
[phase 1 bulk] poll 3 (unstable): mass 0.0130 / 1.0000 g (0.9870 g to go, +0.0130 g this poll), elapsed 3.0 s
[phase 1 bulk] poll 4 (unstable): mass 0.0701 / 1.0000 g (0.9299 g to go, +0.0571 g this poll), elapsed 3.0 s
[phase 1 bulk] poll 5 (unstable): mass 0.1127 / 1.0000 g (0.8873 g to go, +0.0426 g this poll), elapsed 4.0 s
[phase 1 bulk] poll 6 (unstable): mass 0.1194 / 1.0000 g (0.8806 g to go, +0.0067 g this poll), elapsed 4.0 s
[phase 1 bulk] poll 7 (unstable): mass 0.1608 / 1.0000 g (0.8392 g to go, +0.0414 g this poll), elapsed 4.0 s
[phase 1 bulk] poll 8 (unstable): mass 0.2527 / 1.0000 g (0.7473 g to go, +0.0919 g this poll), elapsed 5.0 s
[phase 1 bulk] poll 9 (unstable): mass 0.2965 / 1.0000 g (0.7035 g to go, +0.0438 g this poll), elapsed 5.0 s
[phase 1 bulk] poll 10 (unstable): mass 0.3049 / 1.0000 g (0.6951 g to go, +0.0084 g this poll), elapsed 5.0 s
[phase 1 bulk] poll 11 (unstable): mass 0.3704 / 1.0000 g (0.6296 g to go, +0.0655 g this poll), elapsed 5.0 s
[phase 1 bulk] poll 12 (unstable): mass 0.4694 / 1.0000 g (0.5306 g to go, +0.0990 g this poll), elapsed 6.0 s
[phase 1 bulk] auger halted at 0.5306 g to go (halt threshold 0.6200 g); settling 800 ms
[phase 1 bulk] settled: mass 0.6858 / 1.0000 g (0.3142 g to go, +0.2164 g while settling), elapsed 8.0 s
=== phase 1/3 'bulk' end (12 cycles): mass 0.6858 / 1.0000 g (0.3142 g to go, +0.6858 g this phase), elapsed 8.0 s
=== phase 2/3 'fine' start: 0.3142 g to go, exit at 0.0500 g to go; angle 22.5 plate deg, 45 auger deg/cycle @ 30 rpm, 0 taps/cycle, settle 1500 ms
[phase 2 fine] cycle 1: mass 0.7027 / 1.0000 g (0.2973 g to go, +0.0169 g this cycle), elapsed 13.0 s
[phase 2 fine] cycle 2: mass 0.7195 / 1.0000 g (0.2805 g to go, +0.0168 g this cycle), elapsed 17.0 s
[phase 2 fine] cycle 3: mass 0.7319 / 1.0000 g (0.2681 g to go, +0.0124 g this cycle), elapsed 21.0 s
[phase 2 fine] cycle 4: mass 0.7355 / 1.0000 g (0.2645 g to go, +0.0036 g this cycle), elapsed 25.0 s
[phase 2 fine] cycle 5: mass 0.7363 / 1.0000 g (0.2637 g to go, +0.0008 g this cycle), elapsed 29.0 s
[phase 2 fine] cycle 6: mass 0.7444 / 1.0000 g (0.2556 g to go, +0.0081 g this cycle), elapsed 33.0 s
[phase 2 fine] cycle 7: mass 0.8206 / 1.0000 g (0.1794 g to go, +0.0762 g this cycle), elapsed 37.0 s
[phase 2 fine] cycle 8: mass 0.8806 / 1.0000 g (0.1194 g to go, +0.0600 g this cycle), elapsed 41.0 s
[phase 2 fine] cycle 9: mass 0.9237 / 1.0000 g (0.0763 g to go, +0.0431 g this cycle), elapsed 45.0 s
[phase 2 fine] cycle 10: mass 0.9473 / 1.0000 g (0.0527 g to go, +0.0236 g this cycle), elapsed 49.0 s
[phase 2 fine] cycle 11: mass 0.9597 / 1.0000 g (0.0403 g to go, +0.0124 g this cycle), elapsed 53.0 s
=== phase 2/3 'fine' end (11 cycles): mass 0.9597 / 1.0000 g (0.0403 g to go, +0.2739 g this phase), elapsed 53.0 s
=== phase 3/3 'tap' start: 0.0403 g to go, exit at 0.0050 g to go; angle 0.0 plate deg, 0 auger deg/cycle @ 0 rpm, 2 taps/cycle, settle 1500 ms
[phase 3 tap] cycle 1: mass 0.9612 / 1.0000 g (0.0388 g to go, +0.0015 g this cycle), elapsed 57.0 s
[phase 3 tap] cycle 2: mass 0.9621 / 1.0000 g (0.0379 g to go, +0.0009 g this cycle), elapsed 60.0 s
[phase 3 tap] cycle 3: mass 0.9622 / 1.0000 g (0.0378 g to go, +0.0001 g this cycle), elapsed 62.0 s
[phase 3 tap] cycle 4: mass 0.9627 / 1.0000 g (0.0373 g to go, +0.0005 g this cycle), elapsed 64.0 s
[phase 3 tap] cycle 5: mass 0.9628 / 1.0000 g (0.0372 g to go, +0.0001 g this cycle), elapsed 66.0 s
[phase 3 tap] cycle 6: mass 0.9630 / 1.0000 g (0.0370 g to go, +0.0002 g this cycle), elapsed 68.0 s
[phase 3 tap] cycle 7: mass 0.9632 / 1.0000 g (0.0368 g to go, +0.0002 g this cycle), elapsed 70.0 s
[phase 3 tap] lip empty; nudging auger 5.0 deg (nudge 1/10)
[phase 3 tap] cycle 8: mass 0.9635 / 1.0000 g (0.0365 g to go, +0.0003 g this cycle), elapsed 74.0 s
[phase 3 tap] cycle 9: mass 0.9636 / 1.0000 g (0.0364 g to go, +0.0001 g this cycle), elapsed 76.0 s
[phase 3 tap] cycle 10: mass 0.9637 / 1.0000 g (0.0363 g to go, +0.0001 g this cycle), elapsed 78.0 s
[phase 3 tap] cycle 11: mass 0.9639 / 1.0000 g (0.0361 g to go, +0.0002 g this cycle), elapsed 80.0 s
[phase 3 tap] cycle 12: mass 0.9640 / 1.0000 g (0.0360 g to go, +0.0001 g this cycle), elapsed 82.0 s
[phase 3 tap] cycle 13: mass 0.9641 / 1.0000 g (0.0359 g to go, +0.0001 g this cycle), elapsed 84.0 s
[phase 3 tap] cycle 14: mass 0.9643 / 1.0000 g (0.0357 g to go, +0.0002 g this cycle), elapsed 86.0 s
[phase 3 tap] lip empty; nudging auger 5.0 deg (nudge 2/10)
[phase 3 tap] cycle 15: mass 0.9646 / 1.0000 g (0.0354 g to go, +0.0003 g this cycle), elapsed 91.0 s
[phase 3 tap] cycle 16: mass 0.9647 / 1.0000 g (0.0353 g to go, +0.0001 g this cycle), elapsed 93.0 s
[phase 3 tap] cycle 17: mass 0.9649 / 1.0000 g (0.0351 g to go, +0.0002 g this cycle), elapsed 95.0 s
[phase 3 tap] cycle 18: mass 0.9651 / 1.0000 g (0.0349 g to go, +0.0002 g this cycle), elapsed 97.0 s
[phase 3 tap] cycle 19: mass 0.9653 / 1.0000 g (0.0347 g to go, +0.0002 g this cycle), elapsed 99.0 s
[phase 3 tap] cycle 20: mass 0.9656 / 1.0000 g (0.0344 g to go, +0.0003 g this cycle), elapsed 101.0 s
[phase 3 tap] cycle 21: mass 0.9664 / 1.0000 g (0.0336 g to go, +0.0008 g this cycle), elapsed 103.0 s
[phase 3 tap] cycle 22: mass 0.9676 / 1.0000 g (0.0324 g to go, +0.0012 g this cycle), elapsed 106.0 s
[phase 3 tap] cycle 23: mass 0.9676 / 1.0000 g (0.0324 g to go, +0.0000 g this cycle), elapsed 108.0 s
[phase 3 tap] cycle 24: mass 0.9681 / 1.0000 g (0.0319 g to go, +0.0005 g this cycle), elapsed 110.0 s
[phase 3 tap] cycle 25: mass 0.9682 / 1.0000 g (0.0318 g to go, +0.0001 g this cycle), elapsed 112.0 s
[phase 3 tap] cycle 26: mass 0.9695 / 1.0000 g (0.0305 g to go, +0.0013 g this cycle), elapsed 115.0 s
[phase 3 tap] cycle 27: mass 0.9696 / 1.0000 g (0.0304 g to go, +0.0001 g this cycle), elapsed 117.0 s
[phase 3 tap] cycle 28: mass 0.9704 / 1.0000 g (0.0296 g to go, +0.0008 g this cycle), elapsed 119.0 s
[phase 3 tap] cycle 29: mass 0.9705 / 1.0000 g (0.0295 g to go, +0.0001 g this cycle), elapsed 121.0 s
[phase 3 tap] cycle 30: mass 0.9712 / 1.0000 g (0.0288 g to go, +0.0007 g this cycle), elapsed 123.0 s
[phase 3 tap] cycle 31: mass 0.9718 / 1.0000 g (0.0282 g to go, +0.0006 g this cycle), elapsed 125.0 s
[phase 3 tap] cycle 32: mass 0.9727 / 1.0000 g (0.0273 g to go, +0.0009 g this cycle), elapsed 128.0 s
[phase 3 tap] cycle 33: mass 0.9733 / 1.0000 g (0.0267 g to go, +0.0006 g this cycle), elapsed 131.0 s
[phase 3 tap] cycle 34: mass 0.9736 / 1.0000 g (0.0264 g to go, +0.0003 g this cycle), elapsed 133.0 s
[phase 3 tap] cycle 35: mass 0.9747 / 1.0000 g (0.0253 g to go, +0.0011 g this cycle), elapsed 136.0 s
[phase 3 tap] cycle 36: mass 0.9753 / 1.0000 g (0.0247 g to go, +0.0006 g this cycle), elapsed 138.0 s
[phase 3 tap] cycle 37: mass 0.9754 / 1.0000 g (0.0246 g to go, +0.0001 g this cycle), elapsed 140.0 s
[phase 3 tap] cycle 38: mass 0.9762 / 1.0000 g (0.0238 g to go, +0.0008 g this cycle), elapsed 142.0 s
[phase 3 tap] cycle 39: mass 0.9773 / 1.0000 g (0.0227 g to go, +0.0011 g this cycle), elapsed 145.0 s
[phase 3 tap] cycle 40: mass 0.9775 / 1.0000 g (0.0225 g to go, +0.0002 g this cycle), elapsed 147.0 s
[phase 3 tap] cycle 41: mass 0.9782 / 1.0000 g (0.0218 g to go, +0.0007 g this cycle), elapsed 149.0 s
[phase 3 tap] cycle 42: mass 0.9791 / 1.0000 g (0.0209 g to go, +0.0009 g this cycle), elapsed 151.0 s
[phase 3 tap] cycle 43: mass 0.9803 / 1.0000 g (0.0197 g to go, +0.0012 g this cycle), elapsed 154.0 s
[phase 3 tap] cycle 44: mass 0.9802 / 1.0000 g (0.0198 g to go, -0.0001 g this cycle), elapsed 156.0 s
[phase 3 tap] cycle 45: mass 0.9819 / 1.0000 g (0.0181 g to go, +0.0017 g this cycle), elapsed 159.0 s
[phase 3 tap] cycle 46: mass 0.9818 / 1.0000 g (0.0182 g to go, -0.0001 g this cycle), elapsed 161.0 s
[phase 3 tap] cycle 47: mass 0.9831 / 1.0000 g (0.0169 g to go, +0.0013 g this cycle), elapsed 164.0 s
[phase 3 tap] cycle 48: mass 0.9842 / 1.0000 g (0.0158 g to go, +0.0011 g this cycle), elapsed 168.0 s
[phase 3 tap] cycle 49: mass 0.9850 / 1.0000 g (0.0150 g to go, +0.0008 g this cycle), elapsed 171.0 s
[phase 3 tap] cycle 50: mass 0.9852 / 1.0000 g (0.0148 g to go, +0.0002 g this cycle), elapsed 173.0 s
[phase 3 tap] cycle 51: mass 0.9865 / 1.0000 g (0.0135 g to go, +0.0013 g this cycle), elapsed 176.0 s
[phase 3 tap] cycle 52: mass 0.9867 / 1.0000 g (0.0133 g to go, +0.0002 g this cycle), elapsed 178.0 s
[phase 3 tap] cycle 53: mass 0.9882 / 1.0000 g (0.0118 g to go, +0.0015 g this cycle), elapsed 181.0 s
[phase 3 tap] cycle 54: mass 0.9883 / 1.0000 g (0.0117 g to go, +0.0001 g this cycle), elapsed 183.0 s
[phase 3 tap] cycle 55: mass 0.9898 / 1.0000 g (0.0102 g to go, +0.0015 g this cycle), elapsed 186.0 s
[phase 3 tap] cycle 56: mass 0.9904 / 1.0000 g (0.0096 g to go, +0.0006 g this cycle), elapsed 188.0 s
[phase 3 tap] cycle 57: mass 0.9914 / 1.0000 g (0.0086 g to go, +0.0010 g this cycle), elapsed 191.0 s
[phase 3 tap] cycle 58: mass 0.9929 / 1.0000 g (0.0071 g to go, +0.0015 g this cycle), elapsed 195.0 s
[phase 3 tap] cycle 59: mass 0.9938 / 1.0000 g (0.0062 g to go, +0.0009 g this cycle), elapsed 198.0 s
[phase 3 tap] cycle 60: mass 0.9940 / 1.0000 g (0.0060 g to go, +0.0002 g this cycle), elapsed 200.0 s
[phase 3 tap] cycle 61: mass 0.9953 / 1.0000 g (0.0047 g to go, +0.0013 g this cycle), elapsed 203.0 s
=== phase 3/3 'tap' end (61 cycles): mass 0.9953 / 1.0000 g (0.0047 g to go, +0.0356 g this phase), elapsed 203.0 s
[dose] done: DoseResult(ok: 0.9953/1.0000 g in 203.0s; cycles bulk:12, fine:11, tap:61; 5.07 auger rev, 122 taps)
DOSE,2,1.0000,0.9953,-0.0047,ok,203.0,5.07,122,bulk:12;fine:11;tap:61,909177
META,park_tilt_deg,0.0
RUN,END,ok
