import powder_battery
>>> powder_battery.run(powder_id='barium-chloride', attended=False, blocks="ABCDE")
[vib] DRV2605L unavailable ([Errno 5] EIO); skipping init
RUN,BEGIN
META,powder_id,barium-chloride
META,battery_version,2
META,blocks,ABCDE
META,tilts_deg,0.0;45.0;90.0
META,baseline_reads,8
META,hold_s,15
META,rotation_trials,6
META,rotation_step_deg,360.0
META,rotation_rpm,30.0
META,speed_rpms,15.0;45.0;90.0
META,speed_revs,3.0
META,tap_tilts,0.0;45.0
META,tap_trials,8
META,taps_per_point,1
META,refeed_deg,360.0
META,vib_bursts,3
META,dose_repeats,3
META,dose_target_g,1.0
META,settle_ms,2000
META,min_flow_g,0.0005
META,bracket_n,6
META,bracket_ms,400
META,shock_g,0.01
META,max_resid_g,0.0015
META,quiet_tries,8
META,max_trial_retries,2
META,drift_correct,1
META,attended,0
META,config.SCALE_BAUD,19200
META,config.SCALE_BITS,8
META,config.SCALE_PARITY,0
META,config.SCALE_STABLE_TIMEOUT_MS,10000
META,config.SCALE_STOP,1
META,config.SERVO_SPEED_DEG_PER_S,60
META,config.STEPPER_ACCEL_REV_PER_S2,4.0
META,config.STEPPER_FULL_STEPS_REV,200
META,config.STEPPER_MICROSTEPS,8
META,config.STEPPER_SPEED_RPM,60
META,config.TAP_OFF_MS,150
META,config.TAP_ON_MS,60
META,config.TAP_PWM_DUTY,1.0
[battery] block A
META,tare,ok
CSV,A,45.0,baseline,0,,,0.0000,0.0000,0.0000,,18357,0.0000,0.0000,0.0000,0,ok
CSV,A,45.0,baseline,1,,,0.0000,0.0000,0.0000,,22851,0.0000,0.0000,0.0000,0,ok
CSV,A,45.0,baseline,2,,,0.0000,0.0000,0.0000,,27347,0.0000,0.0000,0.0000,0,ok
CSV,A,45.0,baseline,3,,,0.0000,0.0000,0.0000,,31844,0.0000,0.0000,0.0000,0,ok
CSV,A,45.0,baseline,4,,,0.0000,0.0000,0.0000,,36335,0.0000,0.0000,0.0000,0,ok
CSV,A,45.0,baseline,5,,,0.0000,0.0000,0.0000,,40830,0.0000,0.0000,0.0000,0,ok
CSV,A,45.0,baseline,6,,,0.0000,0.0000,0.0000,,45336,0.0000,0.0000,0.0000,0,ok
CSV,A,45.0,baseline,7,,,0.0000,0.0000,0.0000,,49820,0.0000,0.0000,0.0000,0,ok
SUM,A,45.0,baseline,8,0.0000,0.0000,0.0000,0.0000,0.0000
[battery] block B
META,tare,refused
CSV,B,0.0,hold,0,15,,0.0000,0.0000,0.0000,,83786,0.0000,0.0000,0.0000,0,ok
META,tare,refused
CSV,B,45.0,hold,0,15,,0.0000,0.0000,0.0000,,117724,0.0000,0.0000,0.0000,0,ok
META,tare,refused
CSV,B,90.0,hold,0,15,,0.0000,0.0000,0.0000,,151673,0.0000,0.0000,0.0000,0,ok
[battery] block C
PROMPT,block C at tilt 0.0 -- empty the collection cup if it is getting full, then Enter ('skip'/'abort')
META,tare,refused
CSV,C,0.0,rotation,0,360.0,30,0.0000,0.0099,0.0099,,175288,0.0000,0.0000,0.0000,0,ok
CSV,C,0.0,rotation,1,360.0,30,0.0099,0.0197,0.0098,,186860,0.0000,0.0000,0.0000,0,ok
CSV,C,0.0,rotation,2,360.0,30,0.0197,0.0435,0.0238,,198436,0.0000,0.0000,0.0000,0,ok
CSV,C,0.0,rotation,3,360.0,30,0.0435,0.0736,0.0301,,210007,0.0000,0.0000,0.0000,0,ok
CSV,C,0.0,rotation,4,360.0,30,0.0739,0.1068,0.0329,,221575,0.0002,0.0003,0.0000,0,ok
CSV,C,0.0,rotation,5,360.0,30,0.1068,0.1400,0.0332,,233146,0.0000,0.0000,0.0000,0,ok
SUM,C,0.0,rotation,6,0.0233,0.0109,0.0045,0.0098,0.0332
PROMPT,block C at tilt 45.0 -- empty the collection cup if it is getting full, then Enter ('skip'/'abort')
META,tare,ok
CSV,C,45.0,rotation,0,360.0,30,0.0000,0.1431,0.1431,,256003,0.0000,0.0000,0.0000,0,ok
CSV,C,45.0,rotation,1,360.0,30,0.1431,0.3004,0.1573,,267573,0.0000,0.0000,0.0000,0,ok
CSV,C,45.0,rotation,2,360.0,30,0.3004,0.4846,0.1842,,279159,0.0000,0.0000,0.0000,0,ok
CSV,C,45.0,rotation,3,360.0,30,0.4846,0.6992,0.2146,,290720,0.0000,0.0000,0.0000,0,ok
CSV,C,45.0,rotation,4,360.0,30,0.6992,0.8829,0.1837,,302291,0.0000,0.0000,0.0000,0,ok
CSV,C,45.0,rotation,5,360.0,30,0.8832,1.1085,0.2253,,313858,0.0002,0.0003,0.0000,0,ok
SUM,C,45.0,rotation,6,0.1847,0.0317,0.0129,0.1431,0.2253
PROMPT,block C at tilt 90.0 -- empty the collection cup if it is getting full, then Enter ('skip'/'abort')
META,tare,ok
CSV,C,90.0,rotation,0,360.0,30,0.0000,0.3190,0.3190,,336716,0.0000,0.0000,0.0000,0,ok
CSV,C,90.0,rotation,1,360.0,30,0.3190,0.5941,0.2751,,348287,0.0000,0.0000,0.0000,0,ok
CSV,C,90.0,rotation,2,360.0,30,0.5941,0.7548,0.1607,,359870,0.0000,0.0000,0.0000,0,ok
CSV,C,90.0,rotation,3,360.0,30,0.7549,0.9180,0.1631,,371428,0.0000,0.0000,0.0000,0,ok
CSV,C,90.0,rotation,4,360.0,30,0.9180,1.0555,0.1375,,383004,0.0000,0.0000,0.0000,0,ok
CSV,C,90.0,rotation,5,360.0,30,1.0555,1.2024,0.1469,,394590,0.0000,0.0000,0.0000,0,ok
SUM,C,90.0,rotation,6,0.2004,0.0767,0.0313,0.1375,0.3190
[battery] block D
META,tare,ok
POLL,D,45.0,15,408723,0.0000,1
POLL,D,45.0,15,409109,0.0000,1
POLL,D,45.0,15,409481,0.0095,0
POLL,D,45.0,15,409868,0.0146,0
POLL,D,45.0,15,410254,0.0175,0
POLL,D,45.0,15,410627,0.0177,0
POLL,D,45.0,15,411014,0.0183,0
POLL,D,45.0,15,411400,0.0238,0
POLL,D,45.0,15,411786,0.0271,0
POLL,D,45.0,15,412158,0.0342,0
POLL,D,45.0,15,412544,0.0884,0
POLL,D,45.0,15,412930,0.1120,0
POLL,D,45.0,15,413316,0.1309,0
POLL,D,45.0,15,413688,0.1464,0
POLL,D,45.0,15,414074,0.1532,0
POLL,D,45.0,15,414460,0.1539,0
POLL,D,45.0,15,414846,0.1544,0
POLL,D,45.0,15,415217,0.1580,0
POLL,D,45.0,15,415604,0.1615,0
POLL,D,45.0,15,415990,0.1790,0
POLL,D,45.0,15,416376,0.2306,0
POLL,D,45.0,15,416747,0.2734,0
POLL,D,45.0,15,417134,0.2947,0
POLL,D,45.0,15,417520,0.3140,0
POLL,D,45.0,15,417906,0.3234,0
POLL,D,45.0,15,418278,0.3282,0
POLL,D,45.0,15,418664,0.3287,0
POLL,D,45.0,15,419050,0.3328,0
POLL,D,45.0,15,419429,0.3425,0
POLL,D,45.0,15,419816,0.3648,0
POLL,D,45.0,15,420202,0.4186,0
POLL,D,45.0,15,420573,0.4640,0
POLL,D,45.0,15,420960,0.4851,0
POLL,D,45.0,15,421346,0.5087,0
POLL,D,45.0,15,421732,0.5256,0
POLL,D,45.0,15,422103,0.5308,0
POLL,D,45.0,15,422489,0.5307,0
POLL,D,45.0,15,422875,0.5316,0
POLL,D,45.0,15,423261,0.5412,0
POLL,D,45.0,15,423634,0.5545,0
POLL,D,45.0,15,424020,0.5968,0
POLL,D,45.0,15,424406,0.6616,0
POLL,D,45.0,15,424792,0.6889,0
POLL,D,45.0,15,425164,0.7065,0
POLL,D,45.0,15,425550,0.7263,0
POLL,D,45.0,15,425936,0.7348,0
POLL,D,45.0,15,426323,0.7387,0
POLL,D,45.0,15,426693,0.7391,0
CSV,D,45.0,speed,0,3.0,15,0.0000,0.7830,0.7830,,431581,0.0000,0.0000,0.0000,0,ok
POLL,D,45.0,45,434447,0.7830,1
POLL,D,45.0,45,434833,0.7830,1
POLL,D,45.0,45,435205,0.7953,0
POLL,D,45.0,45,435591,0.8477,0
POLL,D,45.0,45,435977,0.8788,0
POLL,D,45.0,45,436363,0.8816,0
POLL,D,45.0,45,436735,0.8935,0
POLL,D,45.0,45,437121,0.8958,0
POLL,D,45.0,45,437507,0.8964,0
POLL,D,45.0,45,437893,0.8970,0
POLL,D,45.0,45,438265,0.8977,0
POLL,D,45.0,45,438651,0.9044,0
POLL,D,45.0,45,439037,0.9056,0
POLL,D,45.0,45,439423,0.9066,0
POLL,D,45.0,45,439794,0.9113,0
POLL,D,45.0,45,440180,0.9116,0
CSV,D,45.0,speed,1,3.0,45,0.7830,0.9183,0.1353,,445062,0.0000,0.0000,0.0000,0,ok
POLL,D,45.0,90,447932,0.9184,1
POLL,D,45.0,90,448318,0.9184,1
POLL,D,45.0,90,448689,0.9184,1
POLL,D,45.0,90,449075,0.9285,0
POLL,D,45.0,90,449461,0.9515,0
POLL,D,45.0,90,449847,1.0326,0
POLL,D,45.0,90,450219,1.0956,0
POLL,D,45.0,90,450605,1.1878,0
CSV,D,45.0,speed,2,3.0,90,0.9183,1.3268,0.4085,,455500,0.0000,0.0000,0.0000,0,ok
SUM,D,45.0,speed,3,0.4423,0.3251,0.1877,0.1353,0.7830
[battery] block E
META,tare,ok
CSV,E,0.0,refeed,0,360.0,30,0.0000,0.0391,0.0391,,478344,0.0000,0.0000,0.0000,0,ok
CSV,E,0.0,tap,0,1,,0.0391,0.0393,0.0002,,485898,0.0000,0.0000,0.0000,0,ok
CSV,E,0.0,refeed,1,360.0,30,0.0399,0.0799,0.0400,,497470,0.0001,0.0004,0.0000,0,ok
CSV,E,0.0,tap,1,1,,0.0799,0.0799,0.0000,,505036,0.0000,0.0000,0.0000,0,ok
CSV,E,0.0,refeed,2,360.0,30,0.0804,0.1150,0.0346,,516597,0.0001,0.0004,0.0000,0,ok
CSV,E,0.0,tap,2,1,,0.1153,0.1151,-0.0001,,524155,0.0001,0.0002,0.0000,0,ok
CSV,E,0.0,refeed,3,360.0,30,0.1157,0.1540,0.0383,,535722,0.0001,0.0004,0.0000,0,ok
CSV,E,0.0,tap,3,1,,0.1542,0.1542,-0.0001,,543290,0.0001,0.0002,0.0000,0,ok
CSV,E,0.0,refeed,4,360.0,30,0.1547,0.1883,0.0336,,554861,0.0001,0.0004,0.0000,0,ok
CSV,E,0.0,tap,4,1,,0.1883,0.1885,0.0002,,562408,0.0000,0.0000,0.0000,0,ok
CSV,E,0.0,refeed,5,360.0,30,0.1891,0.2260,0.0369,,573979,0.0001,0.0004,0.0000,0,ok
CSV,E,0.0,tap,5,1,,0.2260,0.2261,0.0001,,581531,0.0000,0.0000,0.0000,0,ok
CSV,E,0.0,refeed,6,360.0,30,0.2268,0.2662,0.0394,,593102,0.0001,0.0005,0.0000,0,ok
CSV,E,0.0,tap,6,1,,0.2662,0.2663,0.0001,,600656,0.0000,0.0000,0.0000,0,ok
CSV,E,0.0,refeed,7,360.0,30,0.2667,0.3037,0.0370,,612247,0.0002,0.0003,0.0000,0,ok
CSV,E,0.0,tap,7,1,,0.3037,0.3039,0.0001,,619795,0.0000,0.0000,0.0000,0,ok
SUM,E,0.0,refeed,8,0.0374,0.0023,0.0008,0.0336,0.0400
SUM,E,0.0,tap,8,0.0001,0.0001,0.0000,-0.0001,0.0002
META,tare,ok
CSV,E,45.0,refeed,0,360.0,30,0.0000,0.1842,0.1842,,642639,0.0000,0.0000,0.0000,0,ok
CSV,E,45.0,tap,0,1,,0.1844,0.1865,0.0020,,650192,0.0001,0.0002,0.0000,0,ok
CSV,E,45.0,refeed,1,360.0,30,0.1865,0.3698,0.1833,,661768,0.0002,-0.0001,0.0000,0,ok
CSV,E,45.0,tap,1,1,,0.3698,0.3723,0.0025,,669331,0.0000,0.0000,0.0000,0,ok
CSV,E,45.0,refeed,2,360.0,30,0.3724,0.5601,0.1877,,680903,0.0000,0.0000,0.0000,0,ok
CSV,E,45.0,tap,2,1,,0.5601,0.5620,0.0019,,688449,0.0000,0.0000,0.0000,0,ok
CSV,E,45.0,refeed,3,360.0,30,0.5621,0.7684,0.2063,,700016,0.0000,0.0000,0.0000,0,ok
CSV,E,45.0,tap,3,1,,0.7687,0.7702,0.0015,,707572,0.0001,0.0003,0.0000,0,ok
CSV,E,45.0,refeed,4,360.0,30,0.7703,0.9810,0.2107,,719144,0.0000,0.0000,0.0000,0,ok
CSV,E,45.0,tap,4,1,,0.9810,0.9829,0.0019,,726701,0.0000,0.0000,0.0000,0,ok
CSV,E,45.0,refeed,5,360.0,30,0.9830,1.1601,0.1771,,738269,0.0000,0.0000,0.0000,0,ok
CSV,E,45.0,tap,5,1,,1.1601,1.1616,0.0015,,745836,0.0000,0.0000,0.0000,0,ok
CSV,E,45.0,refeed,6,360.0,30,1.1621,1.3519,0.1898,,757408,0.0001,0.0005,0.0000,0,ok
CSV,E,45.0,tap,6,1,,1.3519,1.3564,0.0045,,764954,0.0000,0.0000,0.0000,0,ok
CSV,E,45.0,refeed,7,360.0,30,1.3564,1.5434,0.1870,,776533,0.0000,0.0000,0.0000,0,ok
CSV,E,45.0,tap,7,1,,1.5437,1.5449,0.0012,,784090,0.0001,0.0002,0.0000,0,ok
SUM,E,45.0,refeed,8,0.1908,0.0116,0.0041,0.1771,0.2107
SUM,E,45.0,tap,8,0.0021,0.0010,0.0004,0.0012,0.0045
META,park_tilt_deg,0.0
META,env.brackets,141
META,env.disturbed_trials,0
META,env.drift_corrected_g,0.0051
META,env.quiet_waits,0
META,env.retries,0
META,env.shock_events,0
META,env.shock_total_g,0.0000
META,env.unsettled_brackets,0
RUN,END,ok
