import powder_battery
>>> powder_battery.run(powder_id='fumed-silica', attended=False, blocks="ABCDE")
[vib] DRV2605L unavailable ([Errno 5] EIO); skipping init
RUN,BEGIN
META,powder_id,fumed-silica
META,battery_version,2
META,blocks,ABCDE
META,tilts_deg,0.0;45.0;90.0
META,baseline_reads,8
META,hold_s,15
META,rotation_trials,6
META,rotation_step_deg,360.0
META,rotation_rpm,30.0
META,speed_rpms,15.0;45.0;90.0
META,speed_revs,3.0
META,tap_tilts,0.0;45.0
META,tap_trials,8
META,taps_per_point,1
META,refeed_deg,360.0
META,vib_bursts,3
META,dose_repeats,3
META,dose_target_g,1.0
META,settle_ms,2000
META,min_flow_g,0.0005
META,bracket_n,6
META,bracket_ms,400
META,shock_g,0.01
META,max_resid_g,0.0015
META,quiet_tries,8
META,max_trial_retries,2
META,drift_correct,1
META,attended,0
META,config.SCALE_BAUD,19200
META,config.SCALE_BITS,8
META,config.SCALE_PARITY,0
META,config.SCALE_STABLE_TIMEOUT_MS,10000
META,config.SCALE_STOP,1
META,config.SERVO_SPEED_DEG_PER_S,60
META,config.STEPPER_ACCEL_REV_PER_S2,4.0
META,config.STEPPER_FULL_STEPS_REV,200
META,config.STEPPER_MICROSTEPS,8
META,config.STEPPER_SPEED_RPM,60
META,config.TAP_OFF_MS,150
META,config.TAP_ON_MS,60
META,config.TAP_PWM_DUTY,1.0
[battery] block A
META,tare,skipped-unstable
CSV,A,45.0,baseline,0,,,-4.1771,-4.1815,-0.0044,,14356,0.0027,0.0042,0.0000,0,ok
CSV,A,45.0,baseline,1,,,-4.1760,-4.1822,-0.0061,,18837,0.0006,0.0054,0.0000,0,ok
CSV,A,45.0,baseline,2,,,-4.1796,-4.1818,-0.0022,,23336,0.0005,0.0026,0.0000,0,ok
CSV,A,45.0,baseline,3,,,-4.1859,-4.1845,0.0014,,27827,0.0028,-0.0041,0.0000,0,ok
CSV,A,45.0,baseline,4,,,-4.1888,-4.1844,0.0044,,32322,0.0009,-0.0043,0.0000,0,ok
CSV,A,45.0,baseline,5,,,-4.1843,-4.1856,-0.0014,,36817,0.0009,0.0001,0.0000,0,ok
CSV,A,45.0,baseline,6,,,-4.1832,-4.1866,-0.0035,,41311,0.0014,0.0025,0.0000,0,unsettled
CSV,A,45.0,baseline,7,,,-4.1911,-4.1872,0.0039,,45806,0.0053,-0.0044,0.0000,0,unsettled
SUM,A,45.0,baseline,8,-0.0010,0.0039,0.0014,-0.0061,0.0044
[battery] block B
META,tare,skipped-unstable
CSV,B,0.0,hold,0,15,,-4.1932,-4.1853,0.0079,,75742,0.0017,-0.0125,0.0000,0,ok
META,tare,skipped-unstable
CSV,B,45.0,hold,0,15,,-4.1700,-4.1891,-0.0191,,105675,0.0081,0.0175,0.0000,0,ok
META,tare,refused
CSV,B,90.0,hold,0,15,,-4.1923,-4.1908,0.0015,,153973,0.0017,-0.0023,0.0000,0,ok
[battery] block C
PROMPT,block C at tilt 0.0 -- empty the collection cup if it is getting full, then Enter ('skip'/'abort')
META,tare,skipped-unstable
CSV,C,0.0,rotation,0,360.0,30,-4.1899,-4.1969,-0.0070,lowflow,173574,0.0006,-0.0054,0.0000,0,ok
CSV,C,0.0,rotation,1,360.0,30,-4.2274,-4.1991,0.0283,,185145,0.0081,-0.0265,0.0000,0,unsettled
CSV,C,0.0,rotation,2,360.0,30,-4.1975,-4.1972,0.0003,lowflow,196712,0.0040,0.0020,0.0000,0,unsettled
CSV,C,0.0,rotation,3,360.0,30,-4.1880,-4.2007,-0.0126,lowflow,208288,0.0059,0.0103,0.0000,0,unsettled
CSV,C,0.0,rotation,4,360.0,30,-4.2039,-4.2005,0.0034,,219855,0.0157,-0.0006,0.0000,0,unsettled
CSV,C,0.0,rotation,5,360.0,30,-4.2029,-4.2002,0.0027,,231431,0.0011,-0.0023,0.0000,0,ok
SUM,C,0.0,rotation,6,0.0025,0.0141,0.0057,-0.0126,0.0283
PROMPT,block C at tilt 45.0 -- empty the collection cup if it is getting full, then Enter ('skip'/'abort')
META,tare,refused
CSV,C,45.0,rotation,0,360.0,30,-4.2114,-4.2004,0.0109,,254284,0.0127,-0.0083,0.0000,0,unsettled
CSV,C,45.0,rotation,1,360.0,30,-4.2140,-4.1979,0.0161,,265855,0.0083,-0.0117,0.0000,0,unsettled
CSV,C,45.0,rotation,2,360.0,30,-4.1841,-4.1995,-0.0155,lowflow,277437,0.0016,0.0135,0.0000,0,unsettled
CSV,C,45.0,rotation,3,360.0,30,-4.2146,-4.1961,0.0186,,288996,0.0046,-0.0154,0.0000,0,ok
CSV,C,45.0,rotation,4,360.0,30,-4.1881,-4.1953,-0.0072,lowflow,300567,0.0038,0.0068,0.0000,0,ok
CSV,C,45.0,rotation,5,360.0,30,-4.1983,-4.2049,-0.0066,lowflow,312139,0.0010,-0.0051,0.0000,0,ok
SUM,C,45.0,rotation,6,0.0027,0.0142,0.0058,-0.0155,0.0186
PROMPT,block C at tilt 90.0 -- empty the collection cup if it is getting full, then Enter ('skip'/'abort')
META,tare,skipped-unstable
CSV,C,90.0,rotation,0,360.0,30,-4.2105,-4.1970,0.0135,,330983,0.0038,-0.0036,0.0000,0,ok
CSV,C,90.0,rotation,1,360.0,30,-4.2166,-4.1994,0.0172,,342550,0.0039,-0.0167,0.0000,0,ok
CSV,C,90.0,rotation,2,360.0,30,-4.1988,-4.2039,-0.0051,lowflow,354121,0.0018,0.0019,0.0000,0,unsettled
CSV,C,90.0,rotation,3,360.0,30,-4.1948,-4.2006,-0.0058,lowflow,365693,0.0125,0.0088,0.0000,0,unsettled
CSV,C,90.0,rotation,4,360.0,30,-4.2098,-4.1980,0.0119,,377264,0.0039,-0.0100,0.0000,0,ok
CSV,C,90.0,rotation,5,360.0,30,-4.1997,-4.1980,0.0017,,388836,0.0079,-0.0019,0.0000,0,unsettled
SUM,C,90.0,rotation,6,0.0056,0.0099,0.0041,-0.0058,0.0172
[battery] block D
META,tare,skipped-unstable
POLL,D,45.0,15,398970,-4.1978,1
POLL,D,45.0,15,399357,-4.2044,0
POLL,D,45.0,15,399729,-4.2053,0
POLL,D,45.0,15,400115,-4.1995,0
POLL,D,45.0,15,400502,-4.2006,0
POLL,D,45.0,15,400888,-4.2013,0
POLL,D,45.0,15,401259,-4.2011,0
POLL,D,45.0,15,401646,-4.2063,0
POLL,D,45.0,15,402033,-4.2036,0
POLL,D,45.0,15,402406,-4.2025,0
POLL,D,45.0,15,402792,-4.2022,0
POLL,D,45.0,15,403179,-4.2022,0
POLL,D,45.0,15,403565,-4.2022,0
POLL,D,45.0,15,403936,-4.1952,0
POLL,D,45.0,15,404322,-4.1980,0
POLL,D,45.0,15,404709,-4.1983,0
POLL,D,45.0,15,405096,-4.1981,0
POLL,D,45.0,15,405466,-4.1986,0
POLL,D,45.0,15,405852,-4.2062,0
POLL,D,45.0,15,406239,-4.1956,0
POLL,D,45.0,15,406614,-4.2012,0
POLL,D,45.0,15,407000,-4.2052,0
POLL,D,45.0,15,407386,-4.2024,0
POLL,D,45.0,15,407772,-4.2033,0
POLL,D,45.0,15,408143,-4.2034,0
POLL,D,45.0,15,408530,-4.1958,0
POLL,D,45.0,15,408917,-4.1969,0
POLL,D,45.0,15,409303,-4.1977,0
POLL,D,45.0,15,409675,-4.2044,0
POLL,D,45.0,15,410061,-4.2012,0
POLL,D,45.0,15,410448,-4.2017,0
POLL,D,45.0,15,410821,-4.2011,0
POLL,D,45.0,15,411207,-4.2005,0
POLL,D,45.0,15,411593,-4.1998,0
POLL,D,45.0,15,411979,-4.2005,0
POLL,D,45.0,15,412352,-4.1997,0
POLL,D,45.0,15,412738,-4.2009,0
POLL,D,45.0,15,413118,-4.2018,0
POLL,D,45.0,15,413505,-4.1989,0
POLL,D,45.0,15,413892,-4.1992,0
POLL,D,45.0,15,414266,-4.2020,0
POLL,D,45.0,15,414652,-4.1999,0
POLL,D,45.0,15,415038,-4.2084,0
POLL,D,45.0,15,415411,-4.2018,0
POLL,D,45.0,15,415798,-4.2008,0
POLL,D,45.0,15,416184,-4.2002,0
POLL,D,45.0,15,416570,-4.2005,0
POLL,D,45.0,15,416941,-4.2067,0
CSV,D,45.0,speed,0,3.0,15,-4.1751,-4.1962,-0.0211,,421833,0.0141,0.0231,0.0000,0,unsettled
POLL,D,45.0,45,424695,-4.1966,1
POLL,D,45.0,45,425082,-4.2158,0
POLL,D,45.0,45,425453,-4.2507,0
POLL,D,45.0,45,425839,-4.2391,0
POLL,D,45.0,45,426225,-4.2365,0
POLL,D,45.0,45,426612,-4.2359,0
POLL,D,45.0,45,426983,-4.2344,0
POLL,D,45.0,45,427369,-4.2333,0
POLL,D,45.0,45,427755,-4.2314,0
POLL,D,45.0,45,428141,-4.2333,0
POLL,D,45.0,45,428513,-4.2381,0
POLL,D,45.0,45,428899,-4.2386,0
POLL,D,45.0,45,429285,-4.2390,0
POLL,D,45.0,45,429671,-4.2399,0
POLL,D,45.0,45,430044,-4.2310,0
POLL,D,45.0,45,430430,-4.2356,0
CSV,D,45.0,speed,1,3.0,45,-4.1895,-4.1962,-0.0067,,435313,0.0050,0.0077,0.0000,0,unsettled
POLL,D,45.0,90,438179,-4.1947,0
POLL,D,45.0,90,438566,-4.2003,0
POLL,D,45.0,90,438938,-4.2319,0
POLL,D,45.0,90,439324,-4.2548,0
POLL,D,45.0,90,439711,-4.2562,0
POLL,D,45.0,90,440084,-4.2671,0
POLL,D,45.0,90,440470,-4.2420,0
POLL,D,45.0,90,440857,-4.2461,0
CSV,D,45.0,speed,2,3.0,90,-4.1867,-4.1604,0.0263,,445736,0.0109,0.0093,-0.0141,0,shock
SUM,D,45.0,speed,3,-0.0005,0.0243,0.0140,-0.0211,0.0263
[battery] block E
META,tare,refused
CSV,E,0.0,refeed,0,360.0,30,-4.1739,-4.1802,-0.0062,lowflow,482941,0.0078,0.0004,0.0000,0,unsettled
RETRY,E,0.0,tap,0,shock,-0.0300,0.0553,490491
RETRY,E,0.0,tap,0,shock,-0.0338,0.0397,498049
CSV,E,0.0,tap,0,1,,-4.1605,-4.1282,0.0323,,505602,0.0050,0.0043,-0.0323,2,shock
CSV,E,0.0,refeed,1,360.0,30,-4.1544,-4.1781,-0.0237,lowflow,517185,0.0042,0.0070,0.0000,0,ok
RETRY,E,0.0,tap,1,shock,-0.0256,0.0474,524731
RETRY,E,0.0,tap,1,shock,-0.0376,0.0442,532282
CSV,E,0.0,tap,1,1,,-4.1577,-4.1207,0.0370,,539839,0.0052,0.0002,-0.0374,2,shock
CSV,E,0.0,refeed,2,360.0,30,-4.1649,-4.1701,-0.0052,lowflow,551413,0.0029,-0.0092,0.0000,0,ok
RETRY,E,0.0,tap,2,shock,-0.0250,0.0330,558963
RETRY,E,0.0,tap,2,shock,-0.0369,0.0432,566517
CSV,E,0.0,tap,2,1,,-4.1541,-4.1209,0.0332,,574073,0.0026,0.0035,-0.0398,2,shock
CSV,E,0.0,refeed,3,360.0,30,-4.1671,-4.1683,-0.0012,lowflow,585657,0.0093,-0.0049,0.0000,0,unsettled
PROMPT,4 consecutive trials moved <0.0005 g (block E, tilt 0.0) -- hopper empty?  Refill and press Enter to continue, 'keep' to accept low flow as this powder's behaviour, 'skip'/'abort'
RETRY,E,0.0,tap,3,shock,-0.0316,0.0502,593198
RETRY,E,0.0,tap,3,shock,-0.0362,0.0308,600754
CSV,E,0.0,tap,3,1,,-4.1591,-4.1375,0.0216,,608309,0.0043,0.0011,-0.0182,2,shock
CSV,E,0.0,refeed,4,360.0,30,-4.1715,-4.1713,0.0001,,619880,0.0078,-0.0132,0.0000,0,unsettled
RETRY,E,0.0,tap,4,shock,-0.0261,0.0341,627447
RETRY,E,0.0,tap,4,shock,-0.0217,0.0253,634993
CSV,E,0.0,tap,4,1,,-4.1675,-4.1256,0.0420,,642546,0.0035,-0.0067,-0.0346,2,shock
CSV,E,0.0,refeed,5,360.0,30,-4.1453,-4.1673,-0.0220,,654129,0.0025,0.0139,0.0000,0,unsettled
RETRY,E,0.0,tap,5,shock,-0.0249,0.0336,661670
RETRY,E,0.0,tap,5,shock,-0.0314,0.0187,669226
CSV,E,0.0,tap,5,1,,-4.1738,-4.1392,0.0346,,676781,0.0023,-0.0039,-0.0220,2,shock
CSV,E,0.0,refeed,6,360.0,30,-4.1774,-4.1762,0.0012,,688352,0.0078,-0.0151,0.0000,0,unsettled
RETRY,E,0.0,tap,6,shock,-0.0291,0.0494,695934
RETRY,E,0.0,tap,6,shock,-0.0312,0.0404,703461
CSV,E,0.0,tap,6,1,,-4.1570,-4.1300,0.0271,,711018,0.0015,0.0015,-0.0293,2,shock
CSV,E,0.0,refeed,7,360.0,30,-4.1537,-4.1676,-0.0139,,722601,0.0039,0.0049,0.0000,0,ok
RETRY,E,0.0,tap,7,shock,-0.0230,0.0303,730142
RETRY,E,0.0,tap,7,shock,-0.0253,0.0264,737696
CSV,E,0.0,tap,7,1,,-4.1594,-4.1297,0.0296,,745257,0.0053,0.0007,-0.0271,2,shock
SUM,E,0.0,refeed,8,-0.0089,0.0098,0.0035,-0.0237,0.0012
SUM,E,0.0,tap,8,0.0322,0.0062,0.0022,0.0216,0.0420
META,tare,refused
CSV,E,45.0,refeed,0,360.0,30,-4.1685,-4.1677,0.0008,,782554,0.0110,-0.0078,0.0000,0,unsettled
CSV,E,45.0,tap,0,1,,-4.1724,-4.1696,0.0028,,790104,0.0039,-0.0023,0.0000,0,unsettled
CSV,E,45.0,refeed,1,360.0,30,-4.2144,-4.1701,0.0442,,801674,0.0158,-0.0428,0.0000,0,unsettled
CSV,E,45.0,tap,1,1,,-4.1739,-4.1715,0.0024,,809230,0.0053,-0.0019,0.0000,0,unsettled
CSV,E,45.0,refeed,2,360.0,30,-4.1974,-4.1740,0.0234,,820813,0.0093,-0.0251,0.0000,0,unsettled
CSV,E,45.0,tap,2,1,,-4.1772,-4.1748,0.0025,,828370,0.0045,-0.0025,0.0000,0,unsettled
CSV,E,45.0,refeed,3,360.0,30,-4.1690,-4.1734,-0.0044,lowflow,839927,0.0041,0.0068,0.0000,0,ok
CSV,E,45.0,tap,3,1,,-4.1736,-4.1744,-0.0008,,847494,0.0006,-0.0008,0.0000,0,ok
CSV,E,45.0,refeed,4,360.0,30,-4.1789,-4.1732,0.0057,,859054,0.0010,-0.0036,0.0000,0,ok
CSV,E,45.0,tap,4,1,,-4.1799,-4.1752,0.0047,,866611,0.0018,-0.0030,0.0000,0,ok
CSV,E,45.0,refeed,5,360.0,30,-4.1849,-4.1749,0.0100,,878183,0.0086,-0.0081,0.0000,0,unsettled
CSV,E,45.0,tap,5,1,,-4.1798,-4.1757,0.0041,,885735,0.0013,-0.0036,0.0000,0,unsettled
CSV,E,45.0,refeed,6,360.0,30,-4.1935,-4.1757,0.0177,,897321,0.0060,-0.0180,0.0000,0,unsettled
CSV,E,45.0,tap,6,1,,-4.1762,-4.1774,-0.0012,,904865,0.0065,0.0017,0.0000,0,unsettled
CSV,E,45.0,refeed,7,360.0,30,-4.1790,-4.1750,0.0041,,916433,0.0040,0.0002,0.0000,0,unsettled
CSV,E,45.0,tap,7,1,,-4.1783,-4.1780,0.0003,,923987,0.0078,-0.0005,0.0000,0,unsettled
SUM,E,45.0,refeed,8,0.0127,0.0156,0.0055,-0.0044,0.0442
SUM,E,45.0,tap,8,0.0018,0.0022,0.0008,-0.0012,0.0047
META,park_tilt_deg,0.0
META,env.brackets,167
META,env.disturbed_trials,35
META,env.drift_corrected_g,0.5258
META,env.quiet_waits,0
META,env.retries,16
META,env.shock_events,25
META,env.shock_total_g,-0.7242
META,env.unsettled_brackets,60
RUN,END,ok
