import powder_battery
>>> powder_battery.run(powder_id='silicon-325', attended=False, blocks="GH")
[vib] DRV2605L unavailable ([Errno 5] EIO); skipping init
RUN,BEGIN
META,powder_id,silicon-325
META,battery_version,3
META,blocks,GH
META,tilts_deg,0.0;45.0;90.0
META,baseline_reads,8
META,hold_s,15
META,rotation_trials,6
META,rotation_step_deg,360.0
META,rotation_rpm,30.0
META,speed_rpms,15.0;45.0;90.0
META,speed_revs,3.0
META,tap_tilts,0.0;45.0
META,tap_trials,8
META,taps_per_point,1
META,refeed_deg,360.0
META,vib_bursts,3
META,dose_repeats,3
META,dose_target_g,1.0
META,dose_h_targets_g,0.0500;0.2000
META,dose_h_repeats,3
META,settle_ms,2000
META,min_flow_g,0.0005
META,bracket_n,6
META,bracket_ms,400
META,shock_g,0.01
META,max_resid_g,0.0015
META,quiet_tries,8
META,max_trial_retries,2
META,drift_correct,1
META,attended,0
META,config.SCALE_BAUD,19200
META,config.SCALE_BITS,8
META,config.SCALE_PARITY,0
META,config.SCALE_STABLE_TIMEOUT_MS,10000
META,config.SCALE_STOP,1
META,config.SERVO_SPEED_DEG_PER_S,60
META,config.STEPPER_ACCEL_REV_PER_S2,4.0
META,config.STEPPER_FULL_STEPS_REV,200
META,config.STEPPER_MICROSTEPS,8
META,config.STEPPER_SPEED_RPM,60
META,config.TAP_OFF_MS,150
META,config.TAP_ON_MS,60
META,config.TAP_PWM_DUTY,1.0
META,config.dose_bracket_interval_ms,250
META,config.dose_bracket_n,5
META,config.dose_max_baseline_g,10.0
META,config.dose_read_path,bracket
[battery] block G
PROMPT,block G (three-phase doses): EMPTY the collection cup now, then Enter ('skip'/'abort')
[dose] three-phase dose to 1.0000 g; taring scale
[dose] tared: baseline +0.0 mg (subtracted), drift +0.0 mg/min, read noise 0.00 mg
=== phase 1/3 'bulk' start: 1.0000 g to go, exit at 0.5000 g to go; angle 45.0 plate deg, CONTINUOUS @ 55 auger rpm (poll 250 ms, anticipation 0.1200 g), settle 800 ms
[phase 1 bulk] poll 1: mass 0.0000 / 1.0000 g (1.0000 g to go, +0.0000 g this poll), elapsed 6.0 s
[phase 1 bulk] poll 2: mass 0.0000 / 1.0000 g (1.0000 g to go, +0.0000 g this poll), elapsed 6.0 s
[phase 1 bulk] poll 3: mass 0.0000 / 1.0000 g (1.0000 g to go, +0.0000 g this poll), elapsed 7.0 s
[phase 1 bulk] poll 4: mass 0.0000 / 1.0000 g (1.0000 g to go, +0.0000 g this poll), elapsed 7.0 s
[phase 1 bulk] poll 5: mass 0.0000 / 1.0000 g (1.0000 g to go, +0.0000 g this poll), elapsed 7.0 s
[phase 1 bulk] poll 6: mass 0.0000 / 1.0000 g (1.0000 g to go, +0.0000 g this poll), elapsed 8.0 s
[phase 1 bulk] poll 7: mass 0.0001 / 1.0000 g (0.9999 g to go, +0.0001 g this poll), elapsed 8.0 s
[phase 1 bulk] poll 8: mass 0.0000 / 1.0000 g (1.0000 g to go, -0.0001 g this poll), elapsed 8.0 s
[phase 1 bulk] poll 9: mass 0.0000 / 1.0000 g (1.0000 g to go, +0.0000 g this poll), elapsed 8.0 s
[phase 1 bulk] poll 10 (unstable): mass 0.0006 / 1.0000 g (0.9994 g to go, +0.0006 g this poll), elapsed 9.0 s
[phase 1 bulk] poll 11 (unstable): mass 0.0007 / 1.0000 g (0.9993 g to go, +0.0001 g this poll), elapsed 9.0 s
[phase 1 bulk] poll 12: mass 0.0008 / 1.0000 g (0.9992 g to go, +0.0001 g this poll), elapsed 9.0 s
[phase 1 bulk] poll 13: mass 0.0009 / 1.0000 g (0.9991 g to go, +0.0001 g this poll), elapsed 10.0 s
[phase 1 bulk] poll 14: mass 0.0009 / 1.0000 g (0.9991 g to go, +0.0000 g this poll), elapsed 10.0 s
[phase 1 bulk] poll 15: mass 0.0009 / 1.0000 g (0.9991 g to go, +0.0000 g this poll), elapsed 10.0 s
[phase 1 bulk] poll 16: mass 0.0009 / 1.0000 g (0.9991 g to go, +0.0000 g this poll), elapsed 10.0 s
[phase 1 bulk] poll 17: mass 0.0009 / 1.0000 g (0.9991 g to go, +0.0000 g this poll), elapsed 11.0 s
[phase 1 bulk] no powder flow for 4.0 s while spinning -- hopper empty or jam
=== phase 1/3 'bulk' end (17 cycles): mass 0.0009 / 1.0000 g (0.9991 g to go, +0.0009 g this phase), elapsed 11.0 s
[dose] done: DoseResult(stalled: 0.0009/1.0000 g in 11.0s; cycles bulk:17; 4.58 auger rev, 0 taps)
DOSE,0,1.0000,0.0009,-0.9991,stalled,11.0,4.58,0,bulk:17,10858,G
PROMPT,block G dose 0 done -- empty the cup for the next dose, then Enter ('skip'/'abort')
[dose] three-phase dose to 1.0000 g; taring scale
[dose] tared: baseline +0.0 mg (subtracted), drift +0.0 mg/min, read noise 0.00 mg
=== phase 1/3 'bulk' start: 1.0000 g to go, exit at 0.5000 g to go; angle 45.0 plate deg, CONTINUOUS @ 55 auger rpm (poll 250 ms, anticipation 0.1200 g), settle 800 ms
[phase 1 bulk] poll 1: mass 0.0000 / 1.0000 g (1.0000 g to go, +0.0000 g this poll), elapsed 4.0 s
[phase 1 bulk] poll 2: mass 0.0000 / 1.0000 g (1.0000 g to go, +0.0000 g this poll), elapsed 4.0 s
[phase 1 bulk] poll 3: mass 0.0000 / 1.0000 g (1.0000 g to go, +0.0000 g this poll), elapsed 5.0 s
[phase 1 bulk] poll 4: mass 0.0000 / 1.0000 g (1.0000 g to go, +0.0000 g this poll), elapsed 5.0 s
[phase 1 bulk] poll 5: mass 0.0000 / 1.0000 g (1.0000 g to go, +0.0000 g this poll), elapsed 5.0 s
[phase 1 bulk] poll 6: mass 0.0000 / 1.0000 g (1.0000 g to go, +0.0000 g this poll), elapsed 6.0 s
[phase 1 bulk] poll 7: mass 0.0000 / 1.0000 g (1.0000 g to go, +0.0000 g this poll), elapsed 6.0 s
[phase 1 bulk] poll 8: mass 0.0000 / 1.0000 g (1.0000 g to go, +0.0000 g this poll), elapsed 6.0 s
[phase 1 bulk] poll 9: mass 0.0000 / 1.0000 g (1.0000 g to go, +0.0000 g this poll), elapsed 6.0 s
[phase 1 bulk] poll 10: mass 0.0000 / 1.0000 g (1.0000 g to go, +0.0000 g this poll), elapsed 7.0 s
[phase 1 bulk] poll 11: mass 0.0000 / 1.0000 g (1.0000 g to go, +0.0000 g this poll), elapsed 7.0 s
[phase 1 bulk] poll 12: mass 0.0000 / 1.0000 g (1.0000 g to go, +0.0000 g this poll), elapsed 7.0 s
[phase 1 bulk] poll 13: mass 0.0000 / 1.0000 g (1.0000 g to go, +0.0000 g this poll), elapsed 8.0 s
[phase 1 bulk] poll 14: mass 0.0000 / 1.0000 g (1.0000 g to go, +0.0000 g this poll), elapsed 8.0 s
[phase 1 bulk] poll 15: mass 0.0000 / 1.0000 g (1.0000 g to go, +0.0000 g this poll), elapsed 8.0 s
[phase 1 bulk] poll 16: mass 0.0000 / 1.0000 g (1.0000 g to go, +0.0000 g this poll), elapsed 8.0 s
[phase 1 bulk] poll 17: mass 0.0000 / 1.0000 g (1.0000 g to go, +0.0000 g this poll), elapsed 9.0 s
[phase 1 bulk] no powder flow for 4.0 s while spinning -- hopper empty or jam
=== phase 1/3 'bulk' end (17 cycles): mass 0.0000 / 1.0000 g (1.0000 g to go, +0.0000 g this phase), elapsed 9.0 s
[dose] done: DoseResult(stalled: 0.0000/1.0000 g in 9.0s; cycles bulk:17; 4.58 auger rev, 0 taps)
DOSE,1,1.0000,0.0000,-1.0000,stalled,9.0,4.58,0,bulk:17,19846,G
PROMPT,block G dose 1 done -- empty the cup for the next dose, then Enter ('skip'/'abort')
[dose] three-phase dose to 1.0000 g; taring scale
[dose] tared: baseline +0.0 mg (subtracted), drift +0.0 mg/min, read noise 0.00 mg
=== phase 1/3 'bulk' start: 1.0000 g to go, exit at 0.5000 g to go; angle 45.0 plate deg, CONTINUOUS @ 55 auger rpm (poll 250 ms, anticipation 0.1200 g), settle 800 ms
[phase 1 bulk] poll 1: mass 0.0000 / 1.0000 g (1.0000 g to go, +0.0000 g this poll), elapsed 4.0 s
[phase 1 bulk] poll 2: mass 0.0000 / 1.0000 g (1.0000 g to go, +0.0000 g this poll), elapsed 5.0 s
[phase 1 bulk] poll 3: mass 0.0000 / 1.0000 g (1.0000 g to go, +0.0000 g this poll), elapsed 5.0 s
[phase 1 bulk] poll 4: mass 0.0000 / 1.0000 g (1.0000 g to go, +0.0000 g this poll), elapsed 5.0 s
[phase 1 bulk] poll 5: mass 0.0000 / 1.0000 g (1.0000 g to go, +0.0000 g this poll), elapsed 6.0 s
[phase 1 bulk] poll 6: mass 0.0000 / 1.0000 g (1.0000 g to go, +0.0000 g this poll), elapsed 6.0 s
[phase 1 bulk] poll 7: mass 0.0000 / 1.0000 g (1.0000 g to go, +0.0000 g this poll), elapsed 6.0 s
[phase 1 bulk] poll 8: mass 0.0000 / 1.0000 g (1.0000 g to go, +0.0000 g this poll), elapsed 6.0 s
[phase 1 bulk] poll 9: mass 0.0000 / 1.0000 g (1.0000 g to go, +0.0000 g this poll), elapsed 7.0 s
[phase 1 bulk] poll 10: mass 0.0000 / 1.0000 g (1.0000 g to go, +0.0000 g this poll), elapsed 7.0 s
[phase 1 bulk] poll 11: mass 0.0000 / 1.0000 g (1.0000 g to go, +0.0000 g this poll), elapsed 7.0 s
[phase 1 bulk] poll 12: mass 0.0000 / 1.0000 g (1.0000 g to go, +0.0000 g this poll), elapsed 8.0 s
[phase 1 bulk] poll 13: mass 0.0000 / 1.0000 g (1.0000 g to go, +0.0000 g this poll), elapsed 8.0 s
[phase 1 bulk] poll 14: mass 0.0000 / 1.0000 g (1.0000 g to go, +0.0000 g this poll), elapsed 8.0 s
[phase 1 bulk] poll 15: mass 0.0000 / 1.0000 g (1.0000 g to go, +0.0000 g this poll), elapsed 8.0 s
[phase 1 bulk] poll 16: mass 0.0000 / 1.0000 g (1.0000 g to go, +0.0000 g this poll), elapsed 9.0 s
[phase 1 bulk] no powder flow for 4.0 s while spinning -- hopper empty or jam
=== phase 1/3 'bulk' end (16 cycles): mass 0.0000 / 1.0000 g (1.0000 g to go, +0.0000 g this phase), elapsed 9.0 s
[dose] done: DoseResult(stalled: 0.0000/1.0000 g in 9.0s; cycles bulk:16; 4.58 auger rev, 0 taps)
DOSE,2,1.0000,0.0000,-1.0000,stalled,9.0,4.58,0,bulk:16,28931,G
[battery] block H
PROMPT,block H (small closed-loop doses): EMPTY the collection cup now, then Enter ('skip'/'abort')
META,dose_h.thresholds.0.0500,0.0500;0.0250;0.0050
[battery] dose target 0.0500 g, thresholds 0.0500/0.0250/0.0050
[dose] three-phase dose to 0.0500 g; taring scale
[dose] tared: baseline +0.0 mg (subtracted), drift +0.0 mg/min, read noise 0.00 mg
=== phase 1/3 'bulk' skipped (0.0500 g to go is already <= 0.0500 g threshold)
=== phase 2/3 'fine' start: 0.0500 g to go, exit at 0.0250 g to go; angle 22.5 plate deg, 45 auger deg/cycle @ 30 rpm, 0 taps/cycle, settle 1500 ms
[phase 2 fine] cycle 1: mass 0.0000 / 0.0500 g (0.0500 g to go, +0.0000 g this cycle), elapsed 10.0 s
[phase 2 fine] cycle 2: mass 0.0000 / 0.0500 g (0.0500 g to go, +0.0000 g this cycle), elapsed 15.0 s
[phase 2 fine] cycle 3: mass -0.0000 / 0.0500 g (0.0500 g to go, -0.0000 g this cycle), elapsed 21.0 s
[phase 2 fine] cycle 4: mass 0.0000 / 0.0500 g (0.0500 g to go, +0.0000 g this cycle), elapsed 26.0 s
[phase 2 fine] cycle 5: mass 0.0000 / 0.0500 g (0.0500 g to go, +0.0000 g this cycle), elapsed 31.0 s
[phase 2 fine] no powder flow -- hopper empty, jam, or nudge budget spent
=== phase 2/3 'fine' end (5 cycles): mass 0.0000 / 0.0500 g (0.0500 g to go, +0.0000 g this phase), elapsed 31.0 s
[dose] done: DoseResult(stalled: 0.0000/0.0500 g in 31.0s; cycles bulk:0, fine:5; 0.63 auger rev, 0 taps)
DOSE,0,0.0500,0.0000,-0.0500,stalled,31.0,0.63,0,bulk:0;fine:5,60207,H
PROMPT,block H dose 0 done -- empty the cup for the next dose, then Enter ('skip'/'abort')
[dose] three-phase dose to 0.0500 g; taring scale
[dose] tared: baseline +0.1 mg (subtracted), drift +2.0 mg/min, read noise 0.06 mg
=== phase 1/3 'bulk' start: 0.0500 g to go, exit at 0.0500 g to go; angle 45.0 plate deg, CONTINUOUS @ 55 auger rpm (poll 250 ms, anticipation 0.1200 g), settle 800 ms
[phase 1 bulk] poll 1: mass -0.0001 / 0.0500 g (0.0501 g to go, -0.0000 g this poll), elapsed 5.0 s
[phase 1 bulk] auger halted at 0.0501 g to go (halt threshold 0.1700 g); settling 800 ms
[phase 1 bulk] settled: mass -0.0001 / 0.0500 g (0.0501 g to go, +0.0000 g while settling), elapsed 7.0 s
=== phase 1/3 'bulk' end (1 cycles): mass -0.0001 / 0.0500 g (0.0501 g to go, -0.0000 g this phase), elapsed 7.0 s
=== phase 2/3 'fine' start: 0.0501 g to go, exit at 0.0250 g to go; angle 22.5 plate deg, 45 auger deg/cycle @ 30 rpm, 0 taps/cycle, settle 1500 ms
[phase 2 fine] cycle 1: mass -0.0000 / 0.0500 g (0.0500 g to go, +0.0000 g this cycle), elapsed 14.0 s
[phase 2 fine] cycle 2: mass -0.0001 / 0.0500 g (0.0501 g to go, -0.0000 g this cycle), elapsed 19.0 s
[phase 2 fine] cycle 3: mass -0.0001 / 0.0500 g (0.0501 g to go, +0.0000 g this cycle), elapsed 24.0 s
[phase 2 fine] cycle 4: mass -0.0001 / 0.0500 g (0.0501 g to go, +0.0000 g this cycle), elapsed 30.0 s
[phase 2 fine] cycle 5: mass -0.0001 / 0.0500 g (0.0501 g to go, +0.0000 g this cycle), elapsed 35.0 s
[phase 2 fine] no powder flow -- hopper empty, jam, or nudge budget spent
=== phase 2/3 'fine' end (5 cycles): mass -0.0001 / 0.0500 g (0.0501 g to go, +0.0000 g this phase), elapsed 35.0 s
[dose] done: DoseResult(stalled: -0.0001/0.0500 g in 35.0s; cycles bulk:1, fine:5; 0.63 auger rev, 0 taps)
DOSE,1,0.0500,-0.0001,-0.0501,stalled,35.0,0.63,0,bulk:1;fine:5,95029,H
PROMPT,block H dose 1 done -- empty the cup for the next dose, then Enter ('skip'/'abort')
[dose] three-phase dose to 0.0500 g; taring scale
[dose] tared: baseline +0.0 mg (subtracted), drift +0.0 mg/min, read noise 0.00 mg
=== phase 1/3 'bulk' skipped (0.0500 g to go is already <= 0.0500 g threshold)
=== phase 2/3 'fine' start: 0.0500 g to go, exit at 0.0250 g to go; angle 22.5 plate deg, 45 auger deg/cycle @ 30 rpm, 0 taps/cycle, settle 1500 ms
[phase 2 fine] cycle 1: mass 0.0000 / 0.0500 g (0.0500 g to go, +0.0000 g this cycle), elapsed 10.0 s
[phase 2 fine] cycle 2: mass 0.0000 / 0.0500 g (0.0500 g to go, +0.0000 g this cycle), elapsed 15.0 s
[phase 2 fine] cycle 3: mass 0.0000 / 0.0500 g (0.0500 g to go, +0.0000 g this cycle), elapsed 20.0 s
[phase 2 fine] cycle 4: mass 0.0000 / 0.0500 g (0.0500 g to go, +0.0000 g this cycle), elapsed 26.0 s
[phase 2 fine] cycle 5: mass -0.0000 / 0.0500 g (0.0500 g to go, -0.0000 g this cycle), elapsed 31.0 s
[phase 2 fine] no powder flow -- hopper empty, jam, or nudge budget spent
=== phase 2/3 'fine' end (5 cycles): mass -0.0000 / 0.0500 g (0.0500 g to go, -0.0000 g this phase), elapsed 31.0 s
[dose] done: DoseResult(stalled: -0.0000/0.0500 g in 31.0s; cycles bulk:0, fine:5; 0.63 auger rev, 0 taps)
DOSE,2,0.0500,-0.0000,-0.0500,stalled,31.0,0.63,0,bulk:0;fine:5,126099,H
PROMPT,block H dose 2 done -- empty the cup for the next dose, then Enter ('skip'/'abort')
META,dose_h.thresholds.0.2000,0.2000;0.0500;0.0050
[battery] dose target 0.2000 g, thresholds 0.2000/0.0500/0.0050
[dose] three-phase dose to 0.2000 g; taring scale
[dose] tared: baseline +0.0 mg (subtracted), drift +0.0 mg/min, read noise 0.00 mg
=== phase 1/3 'bulk' skipped (0.2000 g to go is already <= 0.2000 g threshold)
=== phase 2/3 'fine' start: 0.2000 g to go, exit at 0.0500 g to go; angle 22.5 plate deg, 45 auger deg/cycle @ 30 rpm, 0 taps/cycle, settle 1500 ms
[phase 2 fine] cycle 1: mass 0.0001 / 0.2000 g (0.1999 g to go, +0.0001 g this cycle), elapsed 10.0 s
[phase 2 fine] cycle 2: mass 0.0000 / 0.2000 g (0.2000 g to go, -0.0001 g this cycle), elapsed 15.0 s
[phase 2 fine] cycle 3: mass -0.0000 / 0.2000 g (0.2000 g to go, -0.0000 g this cycle), elapsed 20.0 s
[phase 2 fine] cycle 4: mass 0.0000 / 0.2000 g (0.2000 g to go, +0.0000 g this cycle), elapsed 25.0 s
[phase 2 fine] cycle 5: mass 0.0000 / 0.2000 g (0.2000 g to go, +0.0000 g this cycle), elapsed 31.0 s
[phase 2 fine] no powder flow -- hopper empty, jam, or nudge budget spent
=== phase 2/3 'fine' end (5 cycles): mass 0.0000 / 0.2000 g (0.2000 g to go, +0.0000 g this phase), elapsed 31.0 s
[dose] done: DoseResult(stalled: 0.0000/0.2000 g in 31.0s; cycles bulk:0, fine:5; 0.63 auger rev, 0 taps)
DOSE,3,0.2000,0.0000,-0.2000,stalled,31.0,0.63,0,bulk:0;fine:5,156890,H
PROMPT,block H dose 3 done -- empty the cup for the next dose, then Enter ('skip'/'abort')
[dose] three-phase dose to 0.2000 g; taring scale
[dose] tared: baseline +0.0 mg (subtracted), drift +0.0 mg/min, read noise 0.00 mg
=== phase 1/3 'bulk' skipped (0.2000 g to go is already <= 0.2000 g threshold)
=== phase 2/3 'fine' start: 0.2000 g to go, exit at 0.0500 g to go; angle 22.5 plate deg, 45 auger deg/cycle @ 30 rpm, 0 taps/cycle, settle 1500 ms
[phase 2 fine] cycle 1: mass 0.0000 / 0.2000 g (0.2000 g to go, +0.0000 g this cycle), elapsed 9.0 s
[phase 2 fine] cycle 2: mass 0.0000 / 0.2000 g (0.2000 g to go, +0.0000 g this cycle), elapsed 15.0 s
[phase 2 fine] cycle 3: mass 0.0000 / 0.2000 g (0.2000 g to go, -0.0000 g this cycle), elapsed 20.0 s
[phase 2 fine] cycle 4: mass 0.0000 / 0.2000 g (0.2000 g to go, +0.0000 g this cycle), elapsed 25.0 s
[phase 2 fine] cycle 5: mass 0.0000 / 0.2000 g (0.2000 g to go, +0.0000 g this cycle), elapsed 31.0 s
[phase 2 fine] no powder flow -- hopper empty, jam, or nudge budget spent
=== phase 2/3 'fine' end (5 cycles): mass 0.0000 / 0.2000 g (0.2000 g to go, +0.0000 g this phase), elapsed 31.0 s
[dose] done: DoseResult(stalled: 0.0000/0.2000 g in 31.0s; cycles bulk:0, fine:5; 0.63 auger rev, 0 taps)
DOSE,4,0.2000,0.0000,-0.2000,stalled,31.0,0.63,0,bulk:0;fine:5,187982,H
PROMPT,block H dose 4 done -- empty the cup for the next dose, then Enter ('skip'/'abort')
[dose] three-phase dose to 0.2000 g; taring scale
[dose] tared: baseline +0.0 mg (subtracted), drift +0.0 mg/min, read noise 0.00 mg
=== phase 1/3 'bulk' skipped (0.2000 g to go is already <= 0.2000 g threshold)
=== phase 2/3 'fine' start: 0.2000 g to go, exit at 0.0500 g to go; angle 22.5 plate deg, 45 auger deg/cycle @ 30 rpm, 0 taps/cycle, settle 1500 ms
[phase 2 fine] cycle 1: mass 0.0000 / 0.2000 g (0.2000 g to go, +0.0000 g this cycle), elapsed 9.0 s
[phase 2 fine] cycle 2: mass 0.0000 / 0.2000 g (0.2000 g to go, +0.0000 g this cycle), elapsed 15.0 s
[phase 2 fine] cycle 3: mass 0.0000 / 0.2000 g (0.2000 g to go, +0.0000 g this cycle), elapsed 20.0 s
[phase 2 fine] cycle 4: mass 0.0006 / 0.2000 g (0.1994 g to go, +0.0006 g this cycle), elapsed 25.0 s
[phase 2 fine] cycle 5: mass 0.0007 / 0.2000 g (0.1993 g to go, +0.0001 g this cycle), elapsed 31.0 s
[phase 2 fine] cycle 6: mass 0.0007 / 0.2000 g (0.1993 g to go, +0.0000 g this cycle), elapsed 36.0 s
[phase 2 fine] cycle 7: mass 0.0007 / 0.2000 g (0.1993 g to go, +0.0000 g this cycle), elapsed 41.0 s
[phase 2 fine] cycle 8: mass 0.0007 / 0.2000 g (0.1993 g to go, -0.0000 g this cycle), elapsed 47.0 s
[phase 2 fine] cycle 9: mass 0.0008 / 0.2000 g (0.1992 g to go, +0.0001 g this cycle), elapsed 52.0 s
[phase 2 fine] no powder flow -- hopper empty, jam, or nudge budget spent
=== phase 2/3 'fine' end (9 cycles): mass 0.0008 / 0.2000 g (0.1992 g to go, +0.0008 g this phase), elapsed 52.0 s
[dose] done: DoseResult(stalled: 0.0008/0.2000 g in 52.0s; cycles bulk:0, fine:9; 1.13 auger rev, 0 taps)
DOSE,5,0.2000,0.0008,-0.1992,stalled,52.0,1.13,0,bulk:0;fine:9,239995,H
META,park_tilt_deg,0.0
META,env.brackets,0
META,env.disturbed_trials,0
META,env.drift_corrected_g,0.0000
META,env.quiet_waits,0
META,env.retries,0
META,env.shock_events,0
META,env.shock_total_g,0.0000
META,env.unsettled_brackets,0
RUN,END,ok
