--- session 2026-09-29T03:19:44.526331+00:00 ---
>> 
>> s
firmware: trickle_tap/2026-09-25
stepper: 60 auger rpm (max ~109), 1/8 microsteps; plate at 6.0 deg; scale UART0 @ 19200
trickle parameters ('set <key> <value>' to change):
  bulk_anticipation_g = 0.05
  bulk_enabled = True
  bulk_poll_ms = 250
  bulk_rpm = 40.287
  bulk_settle_ms = 1500
  bulk_tap = True
  bulk_tilt_deg = 27.5353
  cutoff_margin_g = 0.035
  dose_timeout_s = 600
  ff_prior_g_per_rev = 0.35
  final_settle_ms = 2000
  goal_mass_g = 0.75
  k_sigma = 1.0
  kf_q_var = 0.0002
  log_max_rows = 2400
  log_to_flash = False
  max_poll_misses = 10
  noisy_sd_g = 0.008
  overshoot_abort_g = 0.1
  post_trickle_settle_ms = 1200
  print_every_n_polls = 2
  quiet_sd_g = 0.0005
  rate_tau_s = 0.5
  stall_bail_s = 8.0
  tap_cadence_off_ms = 440
  tap_cadence_on_ms = 60
  tap_max_cycles = 120
  tap_max_nudges = 20
  tap_nudge_deg = 5.0
  tap_settle_ms = 1500
  tap_tilt_deg = 6.02208
  taps_per_cycle = 1
  tau_afterflow_s = 0.8338
  tau_bal_s = 0.7
  tolerance_g = 0.0124879
  trickle_dt_s = 0.25
  trickle_integ_clamp = 0.5
  trickle_ki = 120.0
  trickle_kp = 250.0
  trickle_max_rate_gps = 0.05
  trickle_min_rate_gps = 0.003
  trickle_rpm_cap = 45.0
  trickle_start_remaining_g = 0.276849
  trickle_tap = True
  trickle_tilt_deg = 22.5136
>> set bulk_anticipation_g 0.05
[set] bulk_anticipation_g = 0.05 (was 0.05)
>> set bulk_enabled 1
[set] bulk_enabled = True (was True)
>> set bulk_poll_ms 250
[set] bulk_poll_ms = 250 (was 250)
>> set bulk_settle_ms 1500
[set] bulk_settle_ms = 1500 (was 1500)
>> set cutoff_margin_g 0.035
[set] cutoff_margin_g = 0.035 (was 0.035)
>> set dose_timeout_s 600
[set] dose_timeout_s = 600 (was 600)
>> set ff_prior_g_per_rev 0.35
[set] ff_prior_g_per_rev = 0.35 (was 0.35)
>> set final_settle_ms 2000
[set] final_settle_ms = 2000 (was 2000)
>> set k_sigma 1
[set] k_sigma = 1.0 (was 1.0)
>> set kf_q_var 0.0002
[set] kf_q_var = 0.0002 (was 0.0002)
>> set log_max_rows 2400
[set] log_max_rows = 2400 (was 2400)
>> set log_to_flash 0
[set] log_to_flash = False (was False)
>> set max_poll_misses 10
[set] max_poll_misses = 10 (was 10)
>> set noisy_sd_g 0.008
[set] noisy_sd_g = 0.008 (was 0.008)
>> set overshoot_abort_g 0.1
[set] overshoot_abort_g = 0.1 (was 0.1)
>> set post_trickle_settle_ms 1200
[set] post_trickle_settle_ms = 1200 (was 1200)
>> set print_every_n_polls 2
[set] print_every_n_polls = 2 (was 2)
>> set quiet_sd_g 0.0005
[set] quiet_sd_g = 0.0005 (was 0.0005)
>> set rate_tau_s 0.5
[set] rate_tau_s = 0.5 (was 0.5)
>> set stall_bail_s 8
[set] stall_bail_s = 8.0 (was 8.0)
>> set tap_cadence_off_ms 440
[set] tap_cadence_off_ms = 440 (was 440)
>> set tap_cadence_on_ms 60
[set] tap_cadence_on_ms = 60 (was 60)
>> set tap_max_cycles 120
[set] tap_max_cycles = 120 (was 120)
>> set tap_max_nudges 20
[set] tap_max_nudges = 20 (was 20)
>> set tap_nudge_deg 5
[set] tap_nudge_deg = 5.0 (was 5.0)
>> set tap_settle_ms 1500
[set] tap_settle_ms = 1500 (was 1500)
>> set taps_per_cycle 1
[set] taps_per_cycle = 1 (was 1)
>> set tau_afterflow_s 0.3
[set] tau_afterflow_s = 0.3 (was 0.8338)
>> set tau_bal_s 0.7
[set] tau_bal_s = 0.7 (was 0.7)
>> set trickle_dt_s 0.25
[set] trickle_dt_s = 0.25 (was 0.25)
>> set trickle_integ_clamp 0.5
[set] trickle_integ_clamp = 0.5 (was 0.5)
>> set trickle_ki 120
[set] trickle_ki = 120.0 (was 120.0)
>> set trickle_kp 250
[set] trickle_kp = 250.0 (was 250.0)
>> set trickle_max_rate_gps 0.05
[set] trickle_max_rate_gps = 0.05 (was 0.05)
>> set trickle_min_rate_gps 0.003
[set] trickle_min_rate_gps = 0.003 (was 0.003)
>> set trickle_rpm_cap 45
[set] trickle_rpm_cap = 45.0 (was 45.0)
>> set bulk_tap 0
[set] bulk_tap = False (was True)
>> set trickle_tap 0
[set] trickle_tap = False (was True)
>> set bulk_tilt_deg 16.5438
[set] bulk_tilt_deg = 16.5438 (was 27.5353)
>> set trickle_tilt_deg 13.3814
[set] trickle_tilt_deg = 13.3814 (was 22.5136)
>> set tap_tilt_deg 13.6978
[set] tap_tilt_deg = 13.6978 (was 6.02208)
>> set bulk_rpm 72.5113
[set] bulk_rpm = 72.5113 (was 40.287)
>> set trickle_start_remaining_g 0.0936646
[set] trickle_start_remaining_g = 0.0936646 (was 0.276849)
>> set tolerance_g 0.00348859
[set] tolerance_g = 0.00348859 (was 0.0124879)
>> set tau_afterflow_s 0.8338
[set] tau_afterflow_s = 0.8338 (was 0.3)
>> g 0.5000
[dose] trickle-tap dose to 0.5000 g (tol 3.5 mg, trickle tilt 13.4 plate deg); taring scale
[dose] tared: baseline +0.0 mg (subtracted), drift +0.0 mg/min, read noise 0.00 mg
=== stage 1 'bulk': 0.5000 g to go, velocity mode @ 73 rpm until 0.1437 g to go
[phase 1 bulk] poll 1: mass 0.0000 / 0.5000 g (0.5000 g to go, +0.0000 g this poll), elapsed 5.0 s
[phase 1 bulk] poll 2: mass 0.0000 / 0.5000 g (0.5000 g to go, +0.0000 g this poll), elapsed 5.0 s
[phase 1 bulk] poll 3: mass 0.0000 / 0.5000 g (0.5000 g to go, +0.0000 g this poll), elapsed 5.0 s
[phase 1 bulk] poll 4 (unstable): mass 0.0292 / 0.5000 g (0.4708 g to go, +0.0292 g this poll), elapsed 6.0 s
[phase 1 bulk] poll 5 (unstable): mass 0.0744 / 0.5000 g (0.4256 g to go, +0.0452 g this poll), elapsed 6.0 s
[phase 1 bulk] poll 6 (unstable): mass 0.1028 / 0.5000 g (0.3972 g to go, +0.0284 g this poll), elapsed 6.0 s
[phase 1 bulk] poll 7 (unstable): mass 0.1362 / 0.5000 g (0.3638 g to go, +0.0334 g this poll), elapsed 7.0 s
[phase 1 bulk] poll 8 (unstable): mass 0.1685 / 0.5000 g (0.3315 g to go, +0.0323 g this poll), elapsed 7.0 s
[phase 1 bulk] poll 9 (unstable): mass 0.1917 / 0.5000 g (0.3083 g to go, +0.0232 g this poll), elapsed 7.0 s
[phase 1 bulk] poll 10 (unstable): mass 0.2251 / 0.5000 g (0.2749 g to go, +0.0334 g this poll), elapsed 7.0 s
[phase 1 bulk] poll 11 (unstable): mass 0.2527 / 0.5000 g (0.2473 g to go, +0.0276 g this poll), elapsed 8.0 s
[phase 1 bulk] poll 12 (unstable): mass 0.2751 / 0.5000 g (0.2249 g to go, +0.0224 g this poll), elapsed 8.0 s
[phase 1 bulk] poll 13 (unstable): mass 0.3071 / 0.5000 g (0.1929 g to go, +0.0320 g this poll), elapsed 8.0 s
[phase 1 bulk] poll 14 (unstable): mass 0.3361 / 0.5000 g (0.1639 g to go, +0.0290 g this poll), elapsed 9.0 s
[phase 1 bulk] poll 15 (unstable): mass 0.3604 / 0.5000 g (0.1396 g to go, +0.0243 g this poll), elapsed 9.0 s
[phase 1 bulk] auger halted at 0.1396 g to go (halt threshold 0.1437 g); settling 1500 ms
[phase 1 bulk] settled: mass 0.4436 / 0.5000 g (0.0564 g to go, +0.0832 g while settling), elapsed 12.0 s
[trickle] seeded at 0.4435 g; cutoff when m+r*0.83s+1.0*sigma >= 0.4650 g
[trickle]  14.6s m 0.4435 r  17.1 mg/s (sp  12.9) rpm   3.8 pred 0.4696/0.4650 sigma 11.8 mg
[trickle] predictive cutoff: m 0.4435 + r*tau 0.0143 + k*sigma 0.0118 >= 0.4650 g
[trickle] halted; settled at 0.4458 g (+2.3 mg vs KF m_hat, 0.0542 g to go), 2 polls, 0 KF clamps, ff 0.350 g/rev
=== stage 3 'tap': 0.0542 g to go, single taps at 13.7 plate deg
[phase 3 tap] cycle 1: mass 0.4484 / 0.5000 g (0.0516 g to go, +0.0026 g this cycle), elapsed 20.0 s
[phase 3 tap] cycle 2: mass 0.4507 / 0.5000 g (0.0493 g to go, +0.0024 g this cycle), elapsed 23.0 s
[phase 3 tap] cycle 3: mass 0.4524 / 0.5000 g (0.0476 g to go, +0.0017 g this cycle), elapsed 26.0 s
[phase 3 tap] cycle 4: mass 0.4542 / 0.5000 g (0.0458 g to go, +0.0018 g this cycle), elapsed 29.0 s
[phase 3 tap] cycle 5: mass 0.4558 / 0.5000 g (0.0442 g to go, +0.0016 g this cycle), elapsed 32.0 s
[phase 3 tap] cycle 6: mass 0.4561 / 0.5000 g (0.0439 g to go, +0.0003 g this cycle), elapsed 35.0 s
[phase 3 tap] cycle 7: mass 0.4565 / 0.5000 g (0.0435 g to go, +0.0004 g this cycle), elapsed 39.0 s
[phase 3 tap] cycle 8: mass 0.4589 / 0.5000 g (0.0411 g to go, +0.0024 g this cycle), elapsed 42.0 s
[phase 3 tap] cycle 9: mass 0.4601 / 0.5000 g (0.0399 g to go, +0.0012 g this cycle), elapsed 45.0 s
[phase 3 tap] cycle 10: mass 0.4607 / 0.5000 g (0.0393 g to go, +0.0006 g this cycle), elapsed 47.0 s
[phase 3 tap] cycle 11: mass 0.4617 / 0.5000 g (0.0383 g to go, +0.0010 g this cycle), elapsed 51.0 s
[phase 3 tap] cycle 12: mass 0.4621 / 0.5000 g (0.0379 g to go, +0.0004 g this cycle), elapsed 54.0 s
[phase 3 tap] cycle 13: mass 0.4624 / 0.5000 g (0.0376 g to go, +0.0003 g this cycle), elapsed 57.0 s
[phase 3 tap] cycle 14: mass 0.4637 / 0.5000 g (0.0363 g to go, +0.0013 g this cycle), elapsed 60.0 s
[phase 3 tap] cycle 15: mass 0.4640 / 0.5000 g (0.0360 g to go, +0.0003 g this cycle), elapsed 63.0 s
[phase 3 tap] cycle 16: mass 0.4650 / 0.5000 g (0.0350 g to go, +0.0010 g this cycle), elapsed 66.0 s
[phase 3 tap] cycle 17: mass 0.4656 / 0.5000 g (0.0344 g to go, +0.0006 g this cycle), elapsed 69.0 s
[phase 3 tap] cycle 18: mass 0.4663 / 0.5000 g (0.0337 g to go, +0.0007 g this cycle), elapsed 72.0 s
[phase 3 tap] cycle 19: mass 0.4674 / 0.5000 g (0.0326 g to go, +0.0011 g this cycle), elapsed 75.0 s
[phase 3 tap] cycle 20: mass 0.4683 / 0.5000 g (0.0317 g to go, +0.0009 g this cycle), elapsed 78.0 s
[phase 3 tap] cycle 21: mass 0.4686 / 0.5000 g (0.0314 g to go, +0.0003 g this cycle), elapsed 81.0 s
[phase 3 tap] cycle 22: mass 0.4687 / 0.5000 g (0.0313 g to go, +0.0002 g this cycle), elapsed 84.0 s
[phase 3 tap] cycle 23: mass 0.4695 / 0.5000 g (0.0305 g to go, +0.0008 g this cycle), elapsed 87.0 s
[phase 3 tap] cycle 24: mass 0.4702 / 0.5000 g (0.0298 g to go, +0.0008 g this cycle), elapsed 90.0 s
[phase 3 tap] cycle 25: mass 0.4703 / 0.5000 g (0.0297 g to go, +0.0001 g this cycle), elapsed 94.0 s
[phase 3 tap] cycle 26: mass 0.4705 / 0.5000 g (0.0295 g to go, +0.0002 g this cycle), elapsed 97.0 s
[phase 3 tap] cycle 27: mass 0.4719 / 0.5000 g (0.0281 g to go, +0.0014 g this cycle), elapsed 100.0 s
[phase 3 tap] cycle 28: mass 0.4724 / 0.5000 g (0.0276 g to go, +0.0005 g this cycle), elapsed 103.0 s
[phase 3 tap] cycle 29: mass 0.4735 / 0.5000 g (0.0265 g to go, +0.0011 g this cycle), elapsed 106.0 s
[phase 3 tap] cycle 30: mass 0.4738 / 0.5000 g (0.0262 g to go, +0.0003 g this cycle), elapsed 109.0 s
[phase 3 tap] cycle 31: mass 0.4741 / 0.5000 g (0.0259 g to go, +0.0002 g this cycle), elapsed 112.0 s
[phase 3 tap] cycle 32: mass 0.4746 / 0.5000 g (0.0254 g to go, +0.0006 g this cycle), elapsed 115.0 s
[phase 3 tap] cycle 33: mass 0.4755 / 0.5000 g (0.0245 g to go, +0.0009 g this cycle), elapsed 118.0 s
[phase 3 tap] cycle 34: mass 0.4765 / 0.5000 g (0.0235 g to go, +0.0010 g this cycle), elapsed 121.0 s
[phase 3 tap] cycle 35: mass 0.4770 / 0.5000 g (0.0230 g to go, +0.0006 g this cycle), elapsed 124.0 s
[phase 3 tap] cycle 36: mass 0.4772 / 0.5000 g (0.0228 g to go, +0.0002 g this cycle), elapsed 127.0 s
[phase 3 tap] cycle 37: mass 0.4783 / 0.5000 g (0.0217 g to go, +0.0011 g this cycle), elapsed 130.0 s
[phase 3 tap] cycle 38: mass 0.4790 / 0.5000 g (0.0210 g to go, +0.0007 g this cycle), elapsed 133.0 s
[phase 3 tap] cycle 39: mass 0.4792 / 0.5000 g (0.0208 g to go, +0.0002 g this cycle), elapsed 136.0 s
[phase 3 tap] cycle 40: mass 0.4791 / 0.5000 g (0.0209 g to go, -0.0001 g this cycle), elapsed 140.0 s
[phase 3 tap] cycle 41: mass 0.4795 / 0.5000 g (0.0205 g to go, +0.0004 g this cycle), elapsed 143.0 s
[phase 3 tap] cycle 42: mass 0.4805 / 0.5000 g (0.0195 g to go, +0.0010 g this cycle), elapsed 146.0 s
[phase 3 tap] cycle 43: mass 0.4810 / 0.5000 g (0.0190 g to go, +0.0006 g this cycle), elapsed 149.0 s
[phase 3 tap] cycle 44: mass 0.4815 / 0.5000 g (0.0185 g to go, +0.0004 g this cycle), elapsed 152.0 s
[phase 3 tap] cycle 45: mass 0.4825 / 0.5000 g (0.0175 g to go, +0.0010 g this cycle), elapsed 155.0 s
[phase 3 tap] cycle 46: mass 0.4832 / 0.5000 g (0.0168 g to go, +0.0007 g this cycle), elapsed 158.0 s
[phase 3 tap] cycle 47: mass 0.4843 / 0.5000 g (0.0157 g to go, +0.0011 g this cycle), elapsed 161.0 s
[phase 3 tap] cycle 48: mass 0.4842 / 0.5000 g (0.0158 g to go, -0.0002 g this cycle), elapsed 164.0 s
[phase 3 tap] cycle 49: mass 0.4837 / 0.5000 g (0.0163 g to go, -0.0005 g this cycle), elapsed 167.0 s
[phase 3 tap] cycle 50: mass 0.4849 / 0.5000 g (0.0151 g to go, +0.0012 g this cycle), elapsed 170.0 s
[phase 3 tap] cycle 51: mass 0.4856 / 0.5000 g (0.0144 g to go, +0.0007 g this cycle), elapsed 173.0 s
[phase 3 tap] cycle 52: mass 0.4855 / 0.5000 g (0.0145 g to go, -0.0001 g this cycle), elapsed 176.0 s
[phase 3 tap] cycle 53: mass 0.4866 / 0.5000 g (0.0134 g to go, +0.0011 g this cycle), elapsed 179.0 s
[phase 3 tap] cycle 54: mass 0.4869 / 0.5000 g (0.0131 g to go, +0.0003 g this cycle), elapsed 182.0 s
[phase 3 tap] cycle 55: mass 0.4878 / 0.5000 g (0.0122 g to go, +0.0009 g this cycle), elapsed 185.0 s
[phase 3 tap] cycle 56: mass 0.4885 / 0.5000 g (0.0115 g to go, +0.0007 g this cycle), elapsed 188.0 s
[phase 3 tap] cycle 57: mass 0.4895 / 0.5000 g (0.0105 g to go, +0.0010 g this cycle), elapsed 191.0 s
[phase 3 tap] cycle 58: mass 0.4898 / 0.5000 g (0.0102 g to go, +0.0003 g this cycle), elapsed 194.0 s
[phase 3 tap] cycle 59: mass 0.4902 / 0.5000 g (0.0098 g to go, +0.0004 g this cycle), elapsed 197.0 s
[phase 3 tap] cycle 60: mass 0.4907 / 0.5000 g (0.0093 g to go, +0.0005 g this cycle), elapsed 200.0 s
[phase 3 tap] cycle 61: mass 0.4910 / 0.5000 g (0.0090 g to go, +0.0003 g this cycle), elapsed 203.0 s
[phase 3 tap] cycle 62: mass 0.4914 / 0.5000 g (0.0086 g to go, +0.0004 g this cycle), elapsed 207.0 s
[phase 3 tap] cycle 63: mass 0.4917 / 0.5000 g (0.0083 g to go, +0.0004 g this cycle), elapsed 210.0 s
[phase 3 tap] cycle 64: mass 0.4925 / 0.5000 g (0.0075 g to go, +0.0008 g this cycle), elapsed 213.0 s
[phase 3 tap] cycle 65: mass 0.4929 / 0.5000 g (0.0071 g to go, +0.0004 g this cycle), elapsed 216.0 s
[phase 3 tap] cycle 66: mass 0.4930 / 0.5000 g (0.0070 g to go, +0.0001 g this cycle), elapsed 219.0 s
[phase 3 tap] cycle 67: mass 0.4939 / 0.5000 g (0.0061 g to go, +0.0009 g this cycle), elapsed 222.0 s
[phase 3 tap] cycle 68: mass 0.4941 / 0.5000 g (0.0059 g to go, +0.0003 g this cycle), elapsed 225.0 s
[phase 3 tap] cycle 69: mass 0.4942 / 0.5000 g (0.0058 g to go, +0.0001 g this cycle), elapsed 228.0 s
[phase 3 tap] cycle 70: mass 0.4945 / 0.5000 g (0.0055 g to go, +0.0002 g this cycle), elapsed 231.0 s
[phase 3 tap] cycle 71: mass 0.4946 / 0.5000 g (0.0054 g to go, +0.0002 g this cycle), elapsed 234.0 s
[phase 3 tap] cycle 72: mass 0.4952 / 0.5000 g (0.0048 g to go, +0.0006 g this cycle), elapsed 237.0 s
[phase 3 tap] cycle 73: mass 0.4963 / 0.5000 g (0.0037 g to go, +0.0011 g this cycle), elapsed 240.0 s
[phase 3 tap] cycle 74: mass 0.4966 / 0.5000 g (0.0034 g to go, +0.0003 g this cycle), elapsed 243.0 s
[dose] final settle 2000 ms before the scoring reading
[dose] done: DoseResult(ok: 0.4966/0.5000 g in 247.0s; cycles bulk:15, trickle:2, tap:74; 6.07 auger rev, 74 taps)
RESULT {"fw": "trickle_tap/2026-09-25", "t_total_s": 246.83, "t_bulk_s": 7.56, "taps": 74, "t_trickle_s": 5.56, "t_settle_s": 3.45, "phase_cycles": {"tap": 74, "bulk": 15, "trickle": 2}, "ff_g_per_rev": 0.35, "error_mg": -3.4, "params": {"tap_cadence_off_ms": 440, "trickle_tap": false, "trickle_tilt_deg": 13.3814, "tolerance_g": 0.00348859, "goal_mass_g": 0.75, "trickle_start_remaining_g": 0.0936646, "bulk_tilt_deg": 16.5438, "tau_afterflow_s": 0.8338, "tap_tilt_deg": 13.6978, "bulk_tap": false, "overshoot_abort_g": 0.1, "final_settle_ms": 2000, "bulk_rpm": 72.5113, "tap_cadence_on_ms": 60}, "telemetry_rows": 93, "nudges": 0, "log_path": null, "settled_final": 1, "baseline_g": 0.0, "t_tap_s": 226.25, "auger_rev": 6.067, "status": "ok", "final_g": 0.4966, "v": 1, "target_g": 0.5, "stop_events": [{"settled_g": 0.44364, "rate_slope_gps": 0.09743, "rpm": 72.5113, "rate_kf_gps": null, "t_stop_s": 11.56, "m_stop_g": 0.3604, "tau_s": 0.8338, "afterflow_g": 0.08324, "stalled": 0, "phase": "bulk"}, {"phase": "trickle", "rate_kf_gps": 0.0171, "settled_g": 0.4458, "stalled": 0, "tau_s": 0.8338, "m_stop_g": 0.4435, "afterflow_g": 0.0023, "rate_slope_gps": null, "t_stop_s": 14.63}], "read_retries": 0, "dose_n": 30}
>> log
--- BEGIN trickle telemetry CSV ---
t_s,phase,z_g,fresh,m_g,r_gps,sigma_g,ff_gpr,r_sp_gps,err_gps,integ,rpm_cmd,pred_g,cutoff_g,clamp_hits
4.68,bulk,0.00000,1,0.00000,,,,,,,,,,
5.05,bulk,0.00000,1,0.00000,,,,,,,,,,
5.34,bulk,0.00000,1,0.00000,,,,,,,,,,
5.63,bulk,0.02920,1,0.02920,,,,,,,,,,
5.92,bulk,0.07440,1,0.07440,,,,,,,,,,
6.20,bulk,0.10280,1,0.10280,,,,,,,,,,
6.49,bulk,0.13620,1,0.13620,,,,,,,,,,
6.78,bulk,0.16850,1,0.16850,,,,,,,,,,
7.06,bulk,0.19170,1,0.19170,,,,,,,,,,
7.35,bulk,0.22510,1,0.22510,,,,,,,,,,
7.64,bulk,0.25270,1,0.25270,,,,,,,,,,
7.92,bulk,0.27510,1,0.27510,,,,,,,,,,
8.21,bulk,0.30710,1,0.30710,,,,,,,,,,
8.50,bulk,0.33610,1,0.33610,,,,,,,,,,
8.78,bulk,0.36040,1,0.36040,,,,,,,,,,
11.56,bulk,0.44364,1,0.44364,,,,,,,,,,
14.25,trickle,0.44350,1,0.44350,0.00000,0.01295,0.3500,0.01289,0.01289,0.0000,0.00,0.45645,0.46500,0
14.62,trickle,0.44350,1,0.44350,0.01710,0.01184,0.3500,0.01289,-0.00421,0.0047,3.79,0.46960,0.46500,0
17.12,trickle_end,0.44580,1,0.44580,,,,,,,,,,0
20.07,tap,0.44836,1,0.44836,,,,,,,,,,
23.04,tap,0.45074,1,0.45074,,,,,,,,,,
26.30,tap,0.45240,1,0.45240,,,,,,,,,,
29.26,tap,0.45420,1,0.45420,,,,,,,,,,
32.32,tap,0.45582,1,0.45582,,,,,,,,,,
35.28,tap,0.45610,1,0.45610,,,,,,,,,,
38.44,tap,0.45652,1,0.45652,,,,,,,,,,
41.49,tap,0.45892,1,0.45892,,,,,,,,,,
44.47,tap,0.46014,1,0.46014,,,,,,,,,,
47.42,tap,0.46070,1,0.46070,,,,,,,,,,
50.59,tap,0.46174,1,0.46174,,,,,,,,,,
53.54,tap,0.46210,1,0.46210,,,,,,,,,,
56.71,tap,0.46238,1,0.46238,,,,,,,,,,
59.77,tap,0.46370,1,0.46370,,,,,,,,,,
62.72,tap,0.46402,1,0.46402,,,,,,,,,,
65.70,tap,0.46500,1,0.46500,,,,,,,,,,
68.65,tap,0.46564,1,0.46564,,,,,,,,,,
71.82,tap,0.46632,1,0.46632,,,,,,,,,,
74.88,tap,0.46738,1,0.46738,,,,,,,,,,
77.85,tap,0.46826,1,0.46826,,,,,,,,,,
81.00,tap,0.46856,1,0.46856,,,,,,,,,,
84.17,tap,0.46872,1,0.46872,,,,,,,,,,
87.11,tap,0.46948,1,0.46948,,,,,,,,,,
90.28,tap,0.47024,1,0.47024,,,,,,,,,,
93.43,tap,0.47030,1,0.47030,,,,,,,,,,
96.58,tap,0.47046,1,0.47046,,,,,,,,,,
99.73,tap,0.47188,1,0.47188,,,,,,,,,,
103.00,tap,0.47242,1,0.47242,,,,,,,,,,
105.96,tap,0.47350,1,0.47350,,,,,,,,,,
109.11,tap,0.47384,1,0.47384,,,,,,,,,,
112.18,tap,0.47406,1,0.47406,,,,,,,,,,
115.24,tap,0.47464,1,0.47464,,,,,,,,,,
118.19,tap,0.47552,1,0.47552,,,,,,,,,,
121.26,tap,0.47648,1,0.47648,,,,,,,,,,
124.21,tap,0.47704,1,0.47704,,,,,,,,,,
127.18,tap,0.47720,1,0.47720,,,,,,,,,,
130.35,tap,0.47826,1,0.47826,,,,,,,,,,
133.30,tap,0.47898,1,0.47898,,,,,,,,,,
136.36,tap,0.47918,1,0.47918,,,,,,,,,,
139.61,tap,0.47908,1,0.47908,,,,,,,,,,
142.77,tap,0.47950,1,0.47950,,,,,,,,,,
145.73,tap,0.48048,1,0.48048,,,,,,,,,,
148.71,tap,0.48104,1,0.48104,,,,,,,,,,
151.66,tap,0.48146,1,0.48146,,,,,,,,,,
154.62,tap,0.48246,1,0.48246,,,,,,,,,,
157.70,tap,0.48320,1,0.48320,,,,,,,,,,
160.75,tap,0.48434,1,0.48434,,,,,,,,,,
163.72,tap,0.48416,1,0.48416,,,,,,,,,,
166.68,tap,0.48368,1,0.48368,,,,,,,,,,
169.64,tap,0.48488,1,0.48488,,,,,,,,,,
172.90,tap,0.48560,1,0.48560,,,,,,,,,,
175.85,tap,0.48550,1,0.48550,,,,,,,,,,
178.91,tap,0.48656,1,0.48656,,,,,,,,,,
182.17,tap,0.48686,1,0.48686,,,,,,,,,,
185.23,tap,0.48778,1,0.48778,,,,,,,,,,
188.19,tap,0.48850,1,0.48850,,,,,,,,,,
191.35,tap,0.48950,1,0.48950,,,,,,,,,,
194.32,tap,0.48980,1,0.48980,,,,,,,,,,
197.29,tap,0.49020,1,0.49020,,,,,,,,,,
200.24,tap,0.49074,1,0.49074,,,,,,,,,,
203.30,tap,0.49100,1,0.49100,,,,,,,,,,
206.56,tap,0.49136,1,0.49136,,,,,,,,,,
209.72,tap,0.49174,1,0.49174,,,,,,,,,,
212.67,tap,0.49252,1,0.49252,,,,,,,,,,
215.64,tap,0.49290,1,0.49290,,,,,,,,,,
218.90,tap,0.49296,1,0.49296,,,,,,,,,,
221.85,tap,0.49386,1,0.49386,,,,,,,,,,
225.01,tap,0.49414,1,0.49414,,,,,,,,,,
228.16,tap,0.49424,1,0.49424,,,,,,,,,,
231.33,tap,0.49446,1,0.49446,,,,,,,,,,
234.39,tap,0.49462,1,0.49462,,,,,,,,,,
237.35,tap,0.49518,1,0.49518,,,,,,,,,,
240.31,tap,0.49626,1,0.49626,,,,,,,,,,
243.37,tap,0.49658,1,0.49658,,,,,,,,,,
--- END trickle telemetry CSV ---
