--- session 2026-09-29T01:53:37.449298+00:00 ---
>> 
>> s
firmware: trickle_tap/2026-09-25
stepper: 60 auger rpm (max ~109), 1/8 microsteps; plate at 10.0 deg; scale UART0 @ 19200
trickle parameters ('set <key> <value>' to change):
  bulk_anticipation_g = 0.05
  bulk_enabled = True
  bulk_poll_ms = 250
  bulk_rpm = 55.0
  bulk_settle_ms = 1500
  bulk_tap = False
  bulk_tilt_deg = 30.0
  cutoff_margin_g = 0.035
  dose_timeout_s = 600
  ff_prior_g_per_rev = 0.35
  final_settle_ms = 2000
  goal_mass_g = 0.75
  k_sigma = 1.0
  kf_q_var = 0.0002
  log_max_rows = 2400
  log_to_flash = False
  max_poll_misses = 10
  noisy_sd_g = 0.008
  overshoot_abort_g = 0.1
  post_trickle_settle_ms = 1200
  print_every_n_polls = 2
  quiet_sd_g = 0.0005
  rate_tau_s = 0.5
  stall_bail_s = 8.0
  tap_cadence_off_ms = 440
  tap_cadence_on_ms = 60
  tap_max_cycles = 120
  tap_max_nudges = 20
  tap_nudge_deg = 5.0
  tap_settle_ms = 1500
  tap_tilt_deg = 10.0
  taps_per_cycle = 1
  tau_afterflow_s = 0.3
  tau_bal_s = 0.7
  tolerance_g = 0.005
  trickle_dt_s = 0.25
  trickle_integ_clamp = 0.5
  trickle_ki = 120.0
  trickle_kp = 250.0
  trickle_max_rate_gps = 0.05
  trickle_min_rate_gps = 0.003
  trickle_rpm_cap = 45.0
  trickle_start_remaining_g = 0.25
  trickle_tap = False
  trickle_tilt_deg = 15.0
>> set bulk_anticipation_g 0.05
[set] bulk_anticipation_g = 0.05 (was 0.05)
>> set bulk_enabled 1
[set] bulk_enabled = True (was True)
>> set bulk_poll_ms 250
[set] bulk_poll_ms = 250 (was 250)
>> set bulk_settle_ms 1500
[set] bulk_settle_ms = 1500 (was 1500)
>> set cutoff_margin_g 0.035
[set] cutoff_margin_g = 0.035 (was 0.035)
>> set dose_timeout_s 600
[set] dose_timeout_s = 600 (was 600)
>> set ff_prior_g_per_rev 0.35
[set] ff_prior_g_per_rev = 0.35 (was 0.35)
>> set final_settle_ms 2000
[set] final_settle_ms = 2000 (was 2000)
>> set k_sigma 1
[set] k_sigma = 1.0 (was 1.0)
>> set kf_q_var 0.0002
[set] kf_q_var = 0.0002 (was 0.0002)
>> set log_max_rows 2400
[set] log_max_rows = 2400 (was 2400)
>> set log_to_flash 0
[set] log_to_flash = False (was False)
>> set max_poll_misses 10
[set] max_poll_misses = 10 (was 10)
>> set noisy_sd_g 0.008
[set] noisy_sd_g = 0.008 (was 0.008)
>> set overshoot_abort_g 0.1
[set] overshoot_abort_g = 0.1 (was 0.1)
>> set post_trickle_settle_ms 1200
[set] post_trickle_settle_ms = 1200 (was 1200)
>> set print_every_n_polls 2
[set] print_every_n_polls = 2 (was 2)
>> set quiet_sd_g 0.0005
[set] quiet_sd_g = 0.0005 (was 0.0005)
>> set rate_tau_s 0.5
[set] rate_tau_s = 0.5 (was 0.5)
>> set stall_bail_s 8
[set] stall_bail_s = 8.0 (was 8.0)
>> set tap_cadence_off_ms 440
[set] tap_cadence_off_ms = 440 (was 440)
>> set tap_cadence_on_ms 60
[set] tap_cadence_on_ms = 60 (was 60)
>> set tap_max_cycles 120
[set] tap_max_cycles = 120 (was 120)
>> set tap_max_nudges 20
[set] tap_max_nudges = 20 (was 20)
>> set tap_nudge_deg 5
[set] tap_nudge_deg = 5.0 (was 5.0)
>> set tap_settle_ms 1500
[set] tap_settle_ms = 1500 (was 1500)
>> set taps_per_cycle 1
[set] taps_per_cycle = 1 (was 1)
>> set tau_afterflow_s 0.3
[set] tau_afterflow_s = 0.3 (was 0.3)
>> set tau_bal_s 0.7
[set] tau_bal_s = 0.7 (was 0.7)
>> set trickle_dt_s 0.25
[set] trickle_dt_s = 0.25 (was 0.25)
>> set trickle_integ_clamp 0.5
[set] trickle_integ_clamp = 0.5 (was 0.5)
>> set trickle_ki 120
[set] trickle_ki = 120.0 (was 120.0)
>> set trickle_kp 250
[set] trickle_kp = 250.0 (was 250.0)
>> set trickle_max_rate_gps 0.05
[set] trickle_max_rate_gps = 0.05 (was 0.05)
>> set trickle_min_rate_gps 0.003
[set] trickle_min_rate_gps = 0.003 (was 0.003)
>> set trickle_rpm_cap 45
[set] trickle_rpm_cap = 45.0 (was 45.0)
>> set bulk_tap 1
[set] bulk_tap = True (was False)
>> set trickle_tap 1
[set] trickle_tap = True (was False)
>> set bulk_tilt_deg 40
[set] bulk_tilt_deg = 40.0 (was 30.0)
>> set trickle_tilt_deg 10
[set] trickle_tilt_deg = 10.0 (was 15.0)
>> set tap_tilt_deg 0
[set] tap_tilt_deg = 0.0 (was 10.0)
>> set bulk_rpm 20
[set] bulk_rpm = 20.0 (was 55.0)
>> set trickle_start_remaining_g 0.05
[set] trickle_start_remaining_g = 0.05 (was 0.25)
>> set tolerance_g 0.015
[set] tolerance_g = 0.015 (was 0.005)
>> g 0.5000
[dose] trickle-tap dose to 0.5000 g (tol 15.0 mg, trickle tilt 10.0 plate deg); taring scale
[dose] tared: baseline +0.0 mg (subtracted), drift +0.0 mg/min, read noise 0.00 mg
=== stage 1 'bulk': 0.5000 g to go, velocity mode @ 20 rpm until 0.1000 g to go
[phase 1 bulk] cadence taps on: one 60 ms pulse per 500 ms
[phase 1 bulk] poll 1: mass 0.0000 / 0.5000 g (0.5000 g to go, +0.0000 g this poll), elapsed 6.0 s
[phase 1 bulk] poll 2: mass 0.0000 / 0.5000 g (0.5000 g to go, +0.0000 g this poll), elapsed 6.0 s
[phase 1 bulk] poll 3: mass 0.0000 / 0.5000 g (0.5000 g to go, +0.0000 g this poll), elapsed 7.0 s
[phase 1 bulk] poll 4 (unstable): mass 0.0359 / 0.5000 g (0.4641 g to go, +0.0359 g this poll), elapsed 7.0 s
[phase 1 bulk] poll 5 (unstable): mass 0.0865 / 0.5000 g (0.4135 g to go, +0.0506 g this poll), elapsed 7.0 s
[phase 1 bulk] poll 6 (unstable): mass 0.1137 / 0.5000 g (0.3863 g to go, +0.0272 g this poll), elapsed 8.0 s
[phase 1 bulk] poll 7 (unstable): mass 0.1392 / 0.5000 g (0.3608 g to go, +0.0255 g this poll), elapsed 8.0 s
[phase 1 bulk] poll 8 (unstable): mass 0.1732 / 0.5000 g (0.3268 g to go, +0.0340 g this poll), elapsed 9.0 s
[phase 1 bulk] poll 9 (unstable): mass 0.1849 / 0.5000 g (0.3151 g to go, +0.0117 g this poll), elapsed 9.0 s
[phase 1 bulk] poll 10 (unstable): mass 0.2002 / 0.5000 g (0.2998 g to go, +0.0153 g this poll), elapsed 9.0 s
[phase 1 bulk] poll 11 (unstable): mass 0.2120 / 0.5000 g (0.2880 g to go, +0.0118 g this poll), elapsed 10.0 s
[phase 1 bulk] poll 12 (unstable): mass 0.2409 / 0.5000 g (0.2591 g to go, +0.0289 g this poll), elapsed 10.0 s
[phase 1 bulk] poll 13 (unstable): mass 0.2685 / 0.5000 g (0.2315 g to go, +0.0276 g this poll), elapsed 10.0 s
[phase 1 bulk] poll 14 (unstable): mass 0.2920 / 0.5000 g (0.2080 g to go, +0.0235 g this poll), elapsed 11.0 s
[phase 1 bulk] poll 15 (unstable): mass 0.3068 / 0.5000 g (0.1932 g to go, +0.0148 g this poll), elapsed 11.0 s
[phase 1 bulk] poll 16 (unstable): mass 0.3381 / 0.5000 g (0.1619 g to go, +0.0313 g this poll), elapsed 11.0 s
[phase 1 bulk] poll 17 (unstable): mass 0.3443 / 0.5000 g (0.1557 g to go, +0.0062 g this poll), elapsed 12.0 s
[phase 1 bulk] poll 18 (unstable): mass 0.3531 / 0.5000 g (0.1469 g to go, +0.0088 g this poll), elapsed 12.0 s
[phase 1 bulk] poll 19 (unstable): mass 0.3719 / 0.5000 g (0.1281 g to go, +0.0188 g this poll), elapsed 13.0 s
[phase 1 bulk] poll 20 (unstable): mass 0.3910 / 0.5000 g (0.1090 g to go, +0.0191 g this poll), elapsed 13.0 s
[phase 1 bulk] poll 21 (unstable): mass 0.4284 / 0.5000 g (0.0716 g to go, +0.0374 g this poll), elapsed 13.0 s
[phase 1 bulk] auger halted at 0.0716 g to go (halt threshold 0.1000 g); settling 1500 ms
[phase 1 bulk] settled: mass 0.5723 / 0.5000 g (0.0000 g to go, +0.1439 g while settling), elapsed 16.0 s
=== stage 2 'trickle' skipped (-0.0723 g to go is inside tolerance)
=== stage 3 'tap' skipped (-0.0723 g to go is inside tolerance)
[dose] final settle 2000 ms before the scoring reading
[dose] done: DoseResult(overshoot: 0.5832/0.5000 g in 20.0s; cycles bulk:21, trickle:0, tap:0; 2.33 auger rev, 15 taps)
RESULT {"fw": "trickle_tap/2026-09-25", "t_total_s": 19.27, "t_bulk_s": 11.66, "taps": 15, "t_trickle_s": 0.0, "t_settle_s": 3.34, "phase_cycles": {"tap": 0, "bulk": 21, "trickle": 0}, "ff_g_per_rev": null, "error_mg": 83.2, "params": {"tap_cadence_off_ms": 440, "trickle_tap": true, "trickle_tilt_deg": 10.0, "tolerance_g": 0.015, "goal_mass_g": 0.75, "trickle_start_remaining_g": 0.05, "bulk_tilt_deg": 40.0, "tau_afterflow_s": 0.3, "tap_tilt_deg": 0.0, "bulk_tap": true, "overshoot_abort_g": 0.1, "final_settle_ms": 2000, "bulk_rpm": 20.0, "tap_cadence_on_ms": 60}, "telemetry_rows": 22, "nudges": 0, "log_path": null, "settled_final": 1, "baseline_g": 0.0, "t_tap_s": 0.0, "auger_rev": 2.333, "status": "overshoot", "final_g": 0.5832, "v": 1, "target_g": 0.5, "stop_events": [{"settled_g": 0.57226, "rate_slope_gps": 0.04556, "rpm": 20.0, "rate_kf_gps": null, "t_stop_s": 15.92, "m_stop_g": 0.4284, "tau_s": 0.3, "afterflow_g": 0.14386, "stalled": 0, "phase": "bulk"}], "read_retries": 0, "dose_n": 2}
>> log
--- BEGIN trickle telemetry CSV ---
t_s,phase,z_g,fresh,m_g,r_gps,sigma_g,ff_gpr,r_sp_gps,err_gps,integ,rpm_cmd,pred_g,cutoff_g,clamp_hits
5.59,bulk,0.00000,1,0.00000,,,,,,,,,,
5.98,bulk,0.00000,1,0.00000,,,,,,,,,,
6.34,bulk,0.00000,1,0.00000,,,,,,,,,,
6.73,bulk,0.03590,1,0.03590,,,,,,,,,,
7.12,bulk,0.08650,1,0.08650,,,,,,,,,,
7.50,bulk,0.11370,1,0.11370,,,,,,,,,,
7.88,bulk,0.13920,1,0.13920,,,,,,,,,,
8.26,bulk,0.17320,1,0.17320,,,,,,,,,,
8.65,bulk,0.18490,1,0.18490,,,,,,,,,,
9.03,bulk,0.20020,1,0.20020,,,,,,,,,,
9.32,bulk,0.21200,1,0.21200,,,,,,,,,,
9.70,bulk,0.24090,1,0.24090,,,,,,,,,,
10.09,bulk,0.26850,1,0.26850,,,,,,,,,,
10.46,bulk,0.29200,1,0.29200,,,,,,,,,,
10.74,bulk,0.30680,1,0.30680,,,,,,,,,,
11.13,bulk,0.33810,1,0.33810,,,,,,,,,,
11.52,bulk,0.34430,1,0.34430,,,,,,,,,,
11.90,bulk,0.35310,1,0.35310,,,,,,,,,,
12.27,bulk,0.37190,1,0.37190,,,,,,,,,,
12.66,bulk,0.39100,1,0.39100,,,,,,,,,,
13.05,bulk,0.42840,1,0.42840,,,,,,,,,,
15.91,bulk,0.57226,1,0.57226,,,,,,,,,,
--- END trickle telemetry CSV ---
