--- session 2026-10-06T03:57:45.722014+00:00 ---
>> 
>> s
firmware: trickle_tap/2026-09-30b
heap: 118016 bytes free, 87424 used
stepper: 60 auger rpm (max ~109), 1/8 microsteps; plate at 15.0 deg; scale UART0 @ 19200
trickle parameters ('set <key> <value>' to change):
  bulk_anticipation_g = 0.05
  bulk_boost_s = 3.0
  bulk_enabled = True
  bulk_max_passes = 8
  bulk_min_rpm = 20.0
  bulk_only = False
  bulk_poll_ms = 250
  bulk_rpm = 20.0
  bulk_settle_ms = 1500
  bulk_tap = True
  bulk_taper_start_g = 0.1
  bulk_tilt_deg = 40.0
  cutoff_margin_g = 0.035
  dose_timeout_s = 600
  ff_prior_g_per_rev = 0.35
  final_settle_ms = 2000
  goal_mass_g = 0.75
  k_sigma = 1.0
  kf_q_var = 0.0002
  log_max_rows = 1200
  log_min_free_bytes = 24000
  log_to_flash = False
  max_poll_misses = 10
  noisy_sd_g = 0.008
  overshoot_abort_g = 0.1
  post_trickle_settle_ms = 1200
  print_every_n_polls = 2
  quiet_sd_g = 0.0005
  rate_tau_s = 0.5
  stall_bail_s = 8.0
  tap_burst_above_g = 0.0
  tap_burst_taps = 2
  tap_cadence_off_ms = 440
  tap_cadence_on_ms = 60
  tap_max_cycles = 120
  tap_max_nudges = 20
  tap_nudge_deg = 5.0
  tap_settle_ms = 1500
  tap_tilt_deg = 15.0
  taps_per_cycle = 1
  tau_afterflow_s = 0.8338
  tau_bal_s = 0.7
  tolerance_g = 0.003
  trickle_dt_s = 0.25
  trickle_integ_clamp = 0.5
  trickle_ki = 120.0
  trickle_kp = 250.0
  trickle_max_rate_gps = 0.05
  trickle_min_rate_gps = 0.003
  trickle_rpm_cap = 45.0
  trickle_start_remaining_g = 0.05
  trickle_tap = False
  trickle_tilt_deg = 30.0
>> set bulk_anticipation_g 0.05
[set] bulk_anticipation_g = 0.05 (was 0.05)
>> set bulk_enabled 1
[set] bulk_enabled = True (was True)
>> set bulk_poll_ms 250
[set] bulk_poll_ms = 250 (was 250)
>> set bulk_settle_ms 1500
[set] bulk_settle_ms = 1500 (was 1500)
>> set cutoff_margin_g 0.035
[set] cutoff_margin_g = 0.035 (was 0.035)
>> set dose_timeout_s 600
[set] dose_timeout_s = 600 (was 600)
>> set ff_prior_g_per_rev 0.35
[set] ff_prior_g_per_rev = 0.35 (was 0.35)
>> set final_settle_ms 2000
[set] final_settle_ms = 2000 (was 2000)
>> set k_sigma 1
[set] k_sigma = 1.0 (was 1.0)
>> set kf_q_var 0.0002
[set] kf_q_var = 0.0002 (was 0.0002)
>> set log_max_rows 1200
[set] log_max_rows = 1200 (was 1200)
>> set log_to_flash 0
[set] log_to_flash = False (was False)
>> set max_poll_misses 10
[set] max_poll_misses = 10 (was 10)
>> set noisy_sd_g 0.008
[set] noisy_sd_g = 0.008 (was 0.008)
>> set overshoot_abort_g 0.1
[set] overshoot_abort_g = 0.1 (was 0.1)
>> set post_trickle_settle_ms 1200
[set] post_trickle_settle_ms = 1200 (was 1200)
>> set print_every_n_polls 2
[set] print_every_n_polls = 2 (was 2)
>> set quiet_sd_g 0.0005
[set] quiet_sd_g = 0.0005 (was 0.0005)
>> set rate_tau_s 0.5
[set] rate_tau_s = 0.5 (was 0.5)
>> set stall_bail_s 8
[set] stall_bail_s = 8.0 (was 8.0)
>> set tap_cadence_off_ms 440
[set] tap_cadence_off_ms = 440 (was 440)
>> set tap_cadence_on_ms 60
[set] tap_cadence_on_ms = 60 (was 60)
>> set tap_max_cycles 120
[set] tap_max_cycles = 120 (was 120)
>> set tap_max_nudges 20
[set] tap_max_nudges = 20 (was 20)
>> set tap_nudge_deg 5
[set] tap_nudge_deg = 5.0 (was 5.0)
>> set tap_settle_ms 1500
[set] tap_settle_ms = 1500 (was 1500)
>> set taps_per_cycle 1
[set] taps_per_cycle = 1 (was 1)
>> set tau_afterflow_s 0.3
[set] tau_afterflow_s = 0.3 (was 0.8338)
>> set tau_bal_s 0.7
[set] tau_bal_s = 0.7 (was 0.7)
>> set trickle_dt_s 0.25
[set] trickle_dt_s = 0.25 (was 0.25)
>> set trickle_integ_clamp 0.5
[set] trickle_integ_clamp = 0.5 (was 0.5)
>> set trickle_ki 120
[set] trickle_ki = 120.0 (was 120.0)
>> set trickle_kp 250
[set] trickle_kp = 250.0 (was 250.0)
>> set trickle_max_rate_gps 0.05
[set] trickle_max_rate_gps = 0.05 (was 0.05)
>> set trickle_min_rate_gps 0.003
[set] trickle_min_rate_gps = 0.003 (was 0.003)
>> set trickle_rpm_cap 45
[set] trickle_rpm_cap = 45.0 (was 45.0)
>> set bulk_tap 1
[set] bulk_tap = True (was True)
>> set trickle_tap 0
[set] trickle_tap = False (was False)
>> set bulk_tilt_deg 40
[set] bulk_tilt_deg = 40.0 (was 40.0)
>> set trickle_tilt_deg 30
[set] trickle_tilt_deg = 30.0 (was 30.0)
>> set tap_tilt_deg 15
[set] tap_tilt_deg = 15.0 (was 15.0)
>> set bulk_rpm 20
[set] bulk_rpm = 20.0 (was 20.0)
>> set trickle_start_remaining_g 0.05
[set] trickle_start_remaining_g = 0.05 (was 0.05)
>> set tolerance_g 0.003
[set] tolerance_g = 0.003 (was 0.003)
>> set tau_afterflow_s 0.8338
[set] tau_afterflow_s = 0.8338 (was 0.3)
>> g 0.5000
[dose] trickle-tap dose to 0.5000 g (tol 3.0 mg, trickle tilt 30.0 plate deg); taring scale
[dose] tared: baseline +0.0 mg (subtracted), drift +0.0 mg/min, read noise 0.00 mg
=== stage 1 'bulk': 0.5000 g to go, velocity mode @ 20 rpm until 0.1000 g to go
[phase 1 bulk] cadence taps on: one 60 ms pulse per 500 ms
[phase 1 bulk] poll 1: mass 0.0000 / 0.5000 g (0.5000 g to go, +0.0000 g this poll), elapsed 6.0 s
[phase 1 bulk] poll 2: mass 0.0000 / 0.5000 g (0.5000 g to go, +0.0000 g this poll), elapsed 7.0 s
[phase 1 bulk] poll 3 (unstable): mass 0.0053 / 0.5000 g (0.4947 g to go, +0.0053 g this poll), elapsed 7.0 s
[phase 1 bulk] poll 4 (unstable): mass 0.0178 / 0.5000 g (0.4822 g to go, +0.0125 g this poll), elapsed 7.0 s
[phase 1 bulk] poll 5 (unstable): mass 0.0416 / 0.5000 g (0.4584 g to go, +0.0238 g this poll), elapsed 8.0 s
[phase 1 bulk] poll 6 (unstable): mass 0.0493 / 0.5000 g (0.4507 g to go, +0.0077 g this poll), elapsed 8.0 s
[phase 1 bulk] poll 7 (unstable): mass 0.0611 / 0.5000 g (0.4389 g to go, +0.0118 g this poll), elapsed 8.0 s
[phase 1 bulk] poll 8 (unstable): mass 0.0766 / 0.5000 g (0.4234 g to go, +0.0155 g this poll), elapsed 9.0 s
[phase 1 bulk] poll 9 (unstable): mass 0.1031 / 0.5000 g (0.3969 g to go, +0.0265 g this poll), elapsed 9.0 s
[phase 1 bulk] poll 10 (unstable): mass 0.1298 / 0.5000 g (0.3702 g to go, +0.0267 g this poll), elapsed 10.0 s
[phase 1 bulk] poll 11 (unstable): mass 0.1514 / 0.5000 g (0.3486 g to go, +0.0216 g this poll), elapsed 10.0 s
[phase 1 bulk] poll 12 (unstable): mass 0.1739 / 0.5000 g (0.3261 g to go, +0.0225 g this poll), elapsed 10.0 s
[phase 1 bulk] poll 13 (unstable): mass 0.1941 / 0.5000 g (0.3059 g to go, +0.0202 g this poll), elapsed 11.0 s
[phase 1 bulk] poll 14 (unstable): mass 0.2013 / 0.5000 g (0.2987 g to go, +0.0072 g this poll), elapsed 11.0 s
[phase 1 bulk] poll 15 (unstable): mass 0.2169 / 0.5000 g (0.2831 g to go, +0.0156 g this poll), elapsed 11.0 s
[phase 1 bulk] poll 16 (unstable): mass 0.2403 / 0.5000 g (0.2597 g to go, +0.0234 g this poll), elapsed 12.0 s
[phase 1 bulk] poll 17 (unstable): mass 0.2653 / 0.5000 g (0.2347 g to go, +0.0250 g this poll), elapsed 12.0 s
[phase 1 bulk] poll 18 (unstable): mass 0.2910 / 0.5000 g (0.2090 g to go, +0.0257 g this poll), elapsed 13.0 s
[phase 1 bulk] poll 19 (unstable): mass 0.3040 / 0.5000 g (0.1960 g to go, +0.0130 g this poll), elapsed 13.0 s
[phase 1 bulk] poll 20 (unstable): mass 0.3352 / 0.5000 g (0.1648 g to go, +0.0312 g this poll), elapsed 13.0 s
[phase 1 bulk] poll 21 (unstable): mass 0.3692 / 0.5000 g (0.1308 g to go, +0.0340 g this poll), elapsed 14.0 s
[phase 1 bulk] poll 22 (unstable): mass 0.3858 / 0.5000 g (0.1142 g to go, +0.0166 g this poll), elapsed 14.0 s
[phase 1 bulk] poll 23 (unstable): mass 0.3936 / 0.5000 g (0.1064 g to go, +0.0078 g this poll), elapsed 14.0 s
[phase 1 bulk] poll 24 (unstable): mass 0.4092 / 0.5000 g (0.0908 g to go, +0.0156 g this poll), elapsed 15.0 s
[phase 1 bulk] auger halted at 0.0908 g to go (halt threshold 0.1000 g); settling 1500 ms
[phase 1 bulk] settled: mass 0.4781 / 0.5000 g (0.0219 g to go, +0.0689 g while settling), elapsed 17.0 s
[trickle] seeded at 0.4780 g; cutoff when m+r*0.83s+1.0*sigma >= 0.4650 g
[trickle] predictive cutoff: m 0.4780 + r*tau 0.0000 + k*sigma 0.0130 >= 0.4650 g
[trickle] halted; settled at 0.4780 g (+0.0 mg vs KF m_hat, 0.0220 g to go), 1 polls, 0 KF clamps, ff 0.350 g/rev
=== stage 3 'tap': 0.0220 g to go, single taps at 15.0 plate deg
[phase 3 tap] cycle 1: mass 0.4781 / 0.5000 g (0.0219 g to go, +0.0001 g this cycle), elapsed 27.0 s
[phase 3 tap] cycle 2: mass 0.4790 / 0.5000 g (0.0210 g to go, +0.0009 g this cycle), elapsed 30.0 s
[phase 3 tap] cycle 3: mass 0.4794 / 0.5000 g (0.0206 g to go, +0.0004 g this cycle), elapsed 33.0 s
[phase 3 tap] cycle 4: mass 0.4807 / 0.5000 g (0.0193 g to go, +0.0012 g this cycle), elapsed 36.0 s
[phase 3 tap] cycle 5: mass 0.4818 / 0.5000 g (0.0182 g to go, +0.0012 g this cycle), elapsed 39.0 s
[phase 3 tap] cycle 6: mass 0.4824 / 0.5000 g (0.0176 g to go, +0.0006 g this cycle), elapsed 42.0 s
[phase 3 tap] cycle 7: mass 0.4833 / 0.5000 g (0.0167 g to go, +0.0009 g this cycle), elapsed 45.0 s
[phase 3 tap] cycle 8: mass 0.4841 / 0.5000 g (0.0159 g to go, +0.0008 g this cycle), elapsed 48.0 s
[phase 3 tap] cycle 9: mass 0.4843 / 0.5000 g (0.0157 g to go, +0.0002 g this cycle), elapsed 51.0 s
[phase 3 tap] cycle 10: mass 0.4849 / 0.5000 g (0.0151 g to go, +0.0006 g this cycle), elapsed 54.0 s
[phase 3 tap] cycle 11: mass 0.4863 / 0.5000 g (0.0137 g to go, +0.0014 g this cycle), elapsed 57.0 s
[phase 3 tap] cycle 12: mass 0.4876 / 0.5000 g (0.0124 g to go, +0.0013 g this cycle), elapsed 61.0 s
[phase 3 tap] cycle 13: mass 0.4886 / 0.5000 g (0.0114 g to go, +0.0010 g this cycle), elapsed 63.0 s
[phase 3 tap] cycle 14: mass 0.4890 / 0.5000 g (0.0110 g to go, +0.0004 g this cycle), elapsed 67.0 s
[phase 3 tap] cycle 15: mass 0.4903 / 0.5000 g (0.0097 g to go, +0.0013 g this cycle), elapsed 70.0 s
[phase 3 tap] cycle 16: mass 0.4910 / 0.5000 g (0.0090 g to go, +0.0007 g this cycle), elapsed 73.0 s
[phase 3 tap] cycle 17: mass 0.4918 / 0.5000 g (0.0082 g to go, +0.0008 g this cycle), elapsed 76.0 s
[phase 3 tap] cycle 18: mass 0.4926 / 0.5000 g (0.0074 g to go, +0.0008 g this cycle), elapsed 79.0 s
[phase 3 tap] cycle 19: mass 0.4939 / 0.5000 g (0.0061 g to go, +0.0012 g this cycle), elapsed 82.0 s
[phase 3 tap] cycle 20: mass 0.4943 / 0.5000 g (0.0057 g to go, +0.0004 g this cycle), elapsed 85.0 s
[phase 3 tap] cycle 21: mass 0.4947 / 0.5000 g (0.0053 g to go, +0.0005 g this cycle), elapsed 88.0 s
[phase 3 tap] cycle 22: mass 0.4953 / 0.5000 g (0.0047 g to go, +0.0006 g this cycle), elapsed 92.0 s
[phase 3 tap] cycle 23: mass 0.4962 / 0.5000 g (0.0038 g to go, +0.0009 g this cycle), elapsed 95.0 s
[phase 3 tap] cycle 24: mass 0.4965 / 0.5000 g (0.0035 g to go, +0.0003 g this cycle), elapsed 98.0 s
[phase 3 tap] cycle 25: mass 0.4971 / 0.5000 g (0.0029 g to go, +0.0005 g this cycle), elapsed 101.0 s
[dose] final settle 2000 ms before the scoring reading
[dose] done: DoseResult(ok: 0.4973/0.5000 g in 104.0s; cycles bulk:24, trickle:1, tap:25; 3.00 auger rev, 42 taps)
RESULT {"phase_cycles": {"tap": 25, "bulk": 24, "trickle": 1}, "t_total_s": 103.5, "ff_g_per_rev": 0.35, "stop_events": [{"settled_g": 0.47812, "rate_slope_gps": 0.0573, "rpm": 20.0, "rate_kf_gps": null, "t_stop_s": 17.04, "m_stop_g": 0.4092, "tau_s": 0.8338, "afterflow_g": 0.06892, "stalled": 0, "phase": "bulk"}, {"phase": "trickle", "rate_kf_gps": 0.0, "settled_g": 0.478, "stalled": 0, "tau_s": 0.8338, "m_stop_g": 0.478, "afterflow_g": 0.0, "rate_slope_gps": null, "t_stop_s": 19.91}], "error_mg": -2.7, "t_settle_s": 3.34, "t_tap_s": 77.65, "nudges": 0, "telemetry_rows": 52, "telemetry_truncated": 0, "fw": "trickle_tap/2026-09-30b", "v": 1, "target_g": 0.5, "status": "ok", "settled_final": 1, "auger_rev": 3.0, "baseline_g": 0.0, "final_g": 0.4973, "t_bulk_s": 12.42, "read_retries": 0, "dose_n": 12, "params": {"tau_afterflow_s": 0.8338, "goal_mass_g": 0.75, "taps_per_cycle": 1, "tap_cadence_on_ms": 60, "tap_burst_above_g": 0.0, "bulk_taper_start_g": 0.1, "bulk_boost_s": 3.0, "bulk_max_passes": 8, "final_settle_ms": 2000, "tap_cadence_off_ms": 440, "tap_burst_taps": 2, "tap_tilt_deg": 15.0, "trickle_tilt_deg": 30.0, "trickle_start_remaining_g": 0.05, "bulk_only": false, "bulk_min_rpm": 20.0, "trickle_tap": false, "overshoot_abort_g": 0.1, "bulk_tap": true, "tolerance_g": 0.003, "bulk_rpm": 20.0, "bulk_tilt_deg": 40.0}, "t_trickle_s": 5.45, "taps": 42, "log_path": null}
>> log
--- BEGIN trickle telemetry CSV ---
t_s,phase,z_g,fresh,m_g,r_gps,sigma_g,ff_gpr,r_sp_gps,err_gps,integ,rpm_cmd,pred_g,cutoff_g,clamp_hits
5.75,bulk,0.00000,1,0.00000,,,,,,,,,,
6.13,bulk,0.00000,1,0.00000,,,,,,,,,,
6.42,bulk,0.00530,1,0.00530,,,,,,,,,,
6.80,bulk,0.01780,1,0.01780,,,,,,,,,,
7.19,bulk,0.04160,1,0.04160,,,,,,,,,,
7.57,bulk,0.04930,1,0.04930,,,,,,,,,,
7.95,bulk,0.06110,1,0.06110,,,,,,,,,,
8.34,bulk,0.07660,1,0.07660,,,,,,,,,,
8.71,bulk,0.10310,1,0.10310,,,,,,,,,,
9.10,bulk,0.12980,1,0.12980,,,,,,,,,,
9.49,bulk,0.15140,1,0.15140,,,,,,,,,,
9.86,bulk,0.17390,1,0.17390,,,,,,,,,,
10.25,bulk,0.19410,1,0.19410,,,,,,,,,,
10.64,bulk,0.20130,1,0.20130,,,,,,,,,,
11.01,bulk,0.21690,1,0.21690,,,,,,,,,,
11.39,bulk,0.24030,1,0.24030,,,,,,,,,,
11.78,bulk,0.26530,1,0.26530,,,,,,,,,,
12.16,bulk,0.29100,1,0.29100,,,,,,,,,,
12.44,bulk,0.30400,1,0.30400,,,,,,,,,,
12.83,bulk,0.33520,1,0.33520,,,,,,,,,,
13.22,bulk,0.36920,1,0.36920,,,,,,,,,,
13.59,bulk,0.38580,1,0.38580,,,,,,,,,,
13.88,bulk,0.39360,1,0.39360,,,,,,,,,,
14.26,bulk,0.40920,1,0.40920,,,,,,,,,,
17.04,bulk,0.47812,1,0.47812,,,,,,,,,,
19.90,trickle,0.47800,1,0.47800,0.00000,0.01304,0.3500,0.00300,0.00300,0.0000,0.00,0.49104,0.46500,0
22.49,trickle_end,0.47800,1,0.47800,,,,,,,,,,0
26.12,tap,0.47810,1,0.47810,,,,,,,,,,
29.18,tap,0.47904,1,0.47904,,,,,,,,,,
32.34,tap,0.47942,1,0.47942,,,,,,,,,,
35.31,tap,0.48066,1,0.48066,,,,,,,,,,
38.27,tap,0.48182,1,0.48182,,,,,,,,,,
41.43,tap,0.48242,1,0.48242,,,,,,,,,,
44.48,tap,0.48328,1,0.48328,,,,,,,,,,
47.65,tap,0.48410,1,0.48410,,,,,,,,,,
50.79,tap,0.48434,1,0.48434,,,,,,,,,,
53.96,tap,0.48492,1,0.48492,,,,,,,,,,
56.91,tap,0.48634,1,0.48634,,,,,,,,,,
60.08,tap,0.48760,1,0.48760,,,,,,,,,,
63.03,tap,0.48856,1,0.48856,,,,,,,,,,
66.20,tap,0.48900,1,0.48900,,,,,,,,,,
69.25,tap,0.49032,1,0.49032,,,,,,,,,,
72.42,tap,0.49104,1,0.49104,,,,,,,,,,
75.56,tap,0.49184,1,0.49184,,,,,,,,,,
78.73,tap,0.49262,1,0.49262,,,,,,,,,,
81.68,tap,0.49386,1,0.49386,,,,,,,,,,
84.85,tap,0.49426,1,0.49426,,,,,,,,,,
87.99,tap,0.49474,1,0.49474,,,,,,,,,,
91.16,tap,0.49534,1,0.49534,,,,,,,,,,
94.11,tap,0.49620,1,0.49620,,,,,,,,,,
97.09,tap,0.49654,1,0.49654,,,,,,,,,,
100.14,tap,0.49706,1,0.49706,,,,,,,,,,
--- END trickle telemetry CSV ---
