--- session 2026-10-06T03:47:34.769094+00:00 ---
>> 
>> s
firmware: trickle_tap/2026-09-30b
heap: 116496 bytes free, 88944 used
stepper: 60 auger rpm (max ~109), 1/8 microsteps; plate at 15.0 deg; scale UART0 @ 19200
trickle parameters ('set <key> <value>' to change):
  bulk_anticipation_g = 0.05
  bulk_boost_s = 3.0
  bulk_enabled = True
  bulk_max_passes = 8
  bulk_min_rpm = 20.0
  bulk_only = False
  bulk_poll_ms = 250
  bulk_rpm = 100.0
  bulk_settle_ms = 1500
  bulk_tap = True
  bulk_taper_start_g = 0.1
  bulk_tilt_deg = 40.0
  cutoff_margin_g = 0.035
  dose_timeout_s = 600
  ff_prior_g_per_rev = 0.35
  final_settle_ms = 2000
  goal_mass_g = 0.75
  k_sigma = 1.0
  kf_q_var = 0.0002
  log_max_rows = 1200
  log_min_free_bytes = 24000
  log_to_flash = False
  max_poll_misses = 10
  noisy_sd_g = 0.008
  overshoot_abort_g = 0.1
  post_trickle_settle_ms = 1200
  print_every_n_polls = 2
  quiet_sd_g = 0.0005
  rate_tau_s = 0.5
  stall_bail_s = 8.0
  tap_burst_above_g = 0.0
  tap_burst_taps = 2
  tap_cadence_off_ms = 440
  tap_cadence_on_ms = 60
  tap_max_cycles = 120
  tap_max_nudges = 20
  tap_nudge_deg = 5.0
  tap_settle_ms = 1500
  tap_tilt_deg = 15.0
  taps_per_cycle = 1
  tau_afterflow_s = 0.8338
  tau_bal_s = 0.7
  tolerance_g = 0.003
  trickle_dt_s = 0.25
  trickle_integ_clamp = 0.5
  trickle_ki = 120.0
  trickle_kp = 250.0
  trickle_max_rate_gps = 0.05
  trickle_min_rate_gps = 0.003
  trickle_rpm_cap = 45.0
  trickle_start_remaining_g = 0.3
  trickle_tap = False
  trickle_tilt_deg = 10.0
>> set bulk_anticipation_g 0.05
[set] bulk_anticipation_g = 0.05 (was 0.05)
>> set bulk_enabled 1
[set] bulk_enabled = True (was True)
>> set bulk_poll_ms 250
[set] bulk_poll_ms = 250 (was 250)
>> set bulk_settle_ms 1500
[set] bulk_settle_ms = 1500 (was 1500)
>> set cutoff_margin_g 0.035
[set] cutoff_margin_g = 0.035 (was 0.035)
>> set dose_timeout_s 600
[set] dose_timeout_s = 600 (was 600)
>> set ff_prior_g_per_rev 0.35
[set] ff_prior_g_per_rev = 0.35 (was 0.35)
>> set final_settle_ms 2000
[set] final_settle_ms = 2000 (was 2000)
>> set k_sigma 1
[set] k_sigma = 1.0 (was 1.0)
>> set kf_q_var 0.0002
[set] kf_q_var = 0.0002 (was 0.0002)
>> set log_max_rows 1200
[set] log_max_rows = 1200 (was 1200)
>> set log_to_flash 0
[set] log_to_flash = False (was False)
>> set max_poll_misses 10
[set] max_poll_misses = 10 (was 10)
>> set noisy_sd_g 0.008
[set] noisy_sd_g = 0.008 (was 0.008)
>> set overshoot_abort_g 0.1
[set] overshoot_abort_g = 0.1 (was 0.1)
>> set post_trickle_settle_ms 1200
[set] post_trickle_settle_ms = 1200 (was 1200)
>> set print_every_n_polls 2
[set] print_every_n_polls = 2 (was 2)
>> set quiet_sd_g 0.0005
[set] quiet_sd_g = 0.0005 (was 0.0005)
>> set rate_tau_s 0.5
[set] rate_tau_s = 0.5 (was 0.5)
>> set stall_bail_s 8
[set] stall_bail_s = 8.0 (was 8.0)
>> set tap_cadence_off_ms 440
[set] tap_cadence_off_ms = 440 (was 440)
>> set tap_cadence_on_ms 60
[set] tap_cadence_on_ms = 60 (was 60)
>> set tap_max_cycles 120
[set] tap_max_cycles = 120 (was 120)
>> set tap_max_nudges 20
[set] tap_max_nudges = 20 (was 20)
>> set tap_nudge_deg 5
[set] tap_nudge_deg = 5.0 (was 5.0)
>> set tap_settle_ms 1500
[set] tap_settle_ms = 1500 (was 1500)
>> set taps_per_cycle 1
[set] taps_per_cycle = 1 (was 1)
>> set tau_afterflow_s 0.3
[set] tau_afterflow_s = 0.3 (was 0.8338)
>> set tau_bal_s 0.7
[set] tau_bal_s = 0.7 (was 0.7)
>> set trickle_dt_s 0.25
[set] trickle_dt_s = 0.25 (was 0.25)
>> set trickle_integ_clamp 0.5
[set] trickle_integ_clamp = 0.5 (was 0.5)
>> set trickle_ki 120
[set] trickle_ki = 120.0 (was 120.0)
>> set trickle_kp 250
[set] trickle_kp = 250.0 (was 250.0)
>> set trickle_max_rate_gps 0.05
[set] trickle_max_rate_gps = 0.05 (was 0.05)
>> set trickle_min_rate_gps 0.003
[set] trickle_min_rate_gps = 0.003 (was 0.003)
>> set trickle_rpm_cap 45
[set] trickle_rpm_cap = 45.0 (was 45.0)
>> set bulk_tap 1
[set] bulk_tap = True (was True)
>> set trickle_tap 0
[set] trickle_tap = False (was False)
>> set bulk_tilt_deg 40
[set] bulk_tilt_deg = 40.0 (was 40.0)
>> set trickle_tilt_deg 10
[set] trickle_tilt_deg = 10.0 (was 10.0)
>> set tap_tilt_deg 15
[set] tap_tilt_deg = 15.0 (was 15.0)
>> set bulk_rpm 100
[set] bulk_rpm = 100.0 (was 100.0)
>> set trickle_start_remaining_g 0.3
[set] trickle_start_remaining_g = 0.3 (was 0.3)
>> set tolerance_g 0.003
[set] tolerance_g = 0.003 (was 0.003)
>> set tau_afterflow_s 0.8338
[set] tau_afterflow_s = 0.8338 (was 0.3)
>> g 0.5000
[dose] trickle-tap dose to 0.5000 g (tol 3.0 mg, trickle tilt 10.0 plate deg); taring scale
[dose] tared: baseline +0.0 mg (subtracted), drift +0.0 mg/min, read noise 0.00 mg
=== stage 1 'bulk': 0.5000 g to go, velocity mode @ 100 rpm until 0.3500 g to go
[phase 1 bulk] cadence taps on: one 60 ms pulse per 500 ms
[phase 1 bulk] poll 1: mass 0.0000 / 0.5000 g (0.5000 g to go, +0.0000 g this poll), elapsed 5.0 s
[phase 1 bulk] poll 2: mass 0.0000 / 0.5000 g (0.5000 g to go, +0.0000 g this poll), elapsed 5.0 s
[phase 1 bulk] poll 3 (unstable): mass 0.0055 / 0.5000 g (0.4945 g to go, +0.0055 g this poll), elapsed 6.0 s
[phase 1 bulk] poll 4 (unstable): mass 0.0442 / 0.5000 g (0.4558 g to go, +0.0387 g this poll), elapsed 6.0 s
[phase 1 bulk] poll 5 (unstable): mass 0.1032 / 0.5000 g (0.3968 g to go, +0.0590 g this poll), elapsed 6.0 s
[phase 1 bulk] poll 6 (unstable): mass 0.1529 / 0.5000 g (0.3471 g to go, +0.0497 g this poll), elapsed 7.0 s
[phase 1 bulk] auger halted at 0.3471 g to go (halt threshold 0.3500 g); settling 1500 ms
[phase 1 bulk] settled: mass 0.2944 / 0.5000 g (0.2056 g to go, +0.1415 g while settling), elapsed 10.0 s
[trickle] seeded at 0.2945 g; cutoff when m+r*0.83s+1.0*sigma >= 0.4650 g
[trickle]  14.0s m 0.2944 r  67.7 mg/s (sp  50.0) rpm  14.7 pred 0.3628/0.4650 sigma 11.8 mg
[trickle]  14.8s m 0.3254 r  53.3 mg/s (sp  50.0) rpm  11.2 pred 0.3774/0.4650 sigma 7.6 mg
[trickle]  15.5s m 0.3458 r  45.8 mg/s (sp  50.0) rpm   8.9 pred 0.3924/0.4650 sigma 8.4 mg
[trickle]  16.1s m 0.3652 r  43.8 mg/s (sp  50.0) rpm   9.1 pred 0.4101/0.4650 sigma 8.4 mg
[trickle]  16.8s m 0.3785 r  42.2 mg/s (sp  50.0) rpm   8.5 pred 0.4219/0.4650 sigma 8.3 mg
[trickle]  17.6s m 0.3910 r  39.6 mg/s (sp  44.4) rpm   7.8 pred 0.4328/0.4650 sigma 8.9 mg
[trickle]  18.2s m 0.3959 r  36.0 mg/s (sp  41.4) rpm   7.7 pred 0.4344/0.4650 sigma 8.5 mg
[trickle]  19.0s m 0.4074 r  32.9 mg/s (sp  34.5) rpm   7.3 pred 0.4438/0.4650 sigma 8.9 mg
[trickle]  19.8s m 0.4182 r  28.9 mg/s (sp  28.1) rpm   7.0 pred 0.4513/0.4650 sigma 9.1 mg
[trickle]  20.4s m 0.4363 r  23.5 mg/s (sp  17.2) rpm   5.5 pred 0.4645/0.4650 sigma 8.6 mg
[trickle] predictive cutoff: m 0.4504 + r*tau 0.0162 + k*sigma 0.0088 >= 0.4650 g
[trickle] halted; settled at 0.4574 g (+7.0 mg vs KF m_hat, 0.0426 g to go), 21 polls, 0 KF clamps, ff 0.220 g/rev
=== stage 3 'tap': 0.0426 g to go, single taps at 15.0 plate deg
[phase 3 tap] cycle 1: mass 0.4632 / 0.5000 g (0.0368 g to go, +0.0058 g this cycle), elapsed 26.0 s
[phase 3 tap] cycle 2: mass 0.4683 / 0.5000 g (0.0317 g to go, +0.0051 g this cycle), elapsed 29.0 s
[phase 3 tap] cycle 3: mass 0.4724 / 0.5000 g (0.0276 g to go, +0.0041 g this cycle), elapsed 32.0 s
[phase 3 tap] cycle 4: mass 0.4747 / 0.5000 g (0.0253 g to go, +0.0023 g this cycle), elapsed 35.0 s
[phase 3 tap] cycle 5: mass 0.4790 / 0.5000 g (0.0210 g to go, +0.0043 g this cycle), elapsed 38.0 s
[phase 3 tap] cycle 6: mass 0.4812 / 0.5000 g (0.0188 g to go, +0.0022 g this cycle), elapsed 41.0 s
[phase 3 tap] cycle 7: mass 0.4833 / 0.5000 g (0.0167 g to go, +0.0020 g this cycle), elapsed 44.0 s
[phase 3 tap] cycle 8: mass 0.4850 / 0.5000 g (0.0150 g to go, +0.0017 g this cycle), elapsed 47.0 s
[phase 3 tap] cycle 9: mass 0.4867 / 0.5000 g (0.0133 g to go, +0.0018 g this cycle), elapsed 50.0 s
[phase 3 tap] cycle 10: mass 0.4880 / 0.5000 g (0.0120 g to go, +0.0012 g this cycle), elapsed 53.0 s
[phase 3 tap] cycle 11: mass 0.4892 / 0.5000 g (0.0108 g to go, +0.0012 g this cycle), elapsed 56.0 s
[phase 3 tap] cycle 12: mass 0.4910 / 0.5000 g (0.0090 g to go, +0.0018 g this cycle), elapsed 59.0 s
[phase 3 tap] cycle 13: mass 0.4925 / 0.5000 g (0.0075 g to go, +0.0016 g this cycle), elapsed 62.0 s
[phase 3 tap] cycle 14: mass 0.4946 / 0.5000 g (0.0054 g to go, +0.0020 g this cycle), elapsed 66.0 s
[phase 3 tap] cycle 15: mass 0.4968 / 0.5000 g (0.0032 g to go, +0.0022 g this cycle), elapsed 69.0 s
[phase 3 tap] cycle 16: mass 0.4981 / 0.5000 g (0.0019 g to go, +0.0013 g this cycle), elapsed 72.0 s
[dose] final settle 2000 ms before the scoring reading
[dose] done: DoseResult(ok: 0.4982/0.5000 g in 75.0s; cycles bulk:6, trickle:21, tap:16; 4.19 auger rev, 19 taps)
RESULT {"phase_cycles": {"tap": 16, "bulk": 6, "trickle": 21}, "t_total_s": 75.83, "ff_g_per_rev": 0.2202, "stop_events": [{"settled_g": 0.29444, "rate_slope_gps": 0.08889, "rpm": 100.0, "rate_kf_gps": null, "t_stop_s": 10.12, "m_stop_g": 0.1529, "tau_s": 0.8338, "afterflow_g": 0.14154, "stalled": 0, "phase": "bulk"}, {"phase": "trickle", "rate_kf_gps": 0.01942, "settled_g": 0.45742, "stalled": 0, "tau_s": 0.8338, "m_stop_g": 0.45041, "afterflow_g": 0.00701, "rate_slope_gps": 0.03926, "t_stop_s": 20.83}], "error_mg": -1.76, "t_settle_s": 3.53, "t_tap_s": 49.07, "nudges": 0, "telemetry_rows": 45, "telemetry_truncated": 0, "fw": "trickle_tap/2026-09-30b", "v": 1, "target_g": 0.5, "status": "ok", "settled_final": 1, "auger_rev": 4.188, "baseline_g": 0.0, "final_g": 0.49824, "t_bulk_s": 5.73, "read_retries": 0, "dose_n": 8, "params": {"tau_afterflow_s": 0.8338, "goal_mass_g": 0.75, "taps_per_cycle": 1, "tap_cadence_on_ms": 60, "tap_burst_above_g": 0.0, "bulk_taper_start_g": 0.1, "bulk_boost_s": 3.0, "bulk_max_passes": 8, "final_settle_ms": 2000, "tap_cadence_off_ms": 440, "tap_burst_taps": 2, "tap_tilt_deg": 15.0, "trickle_tilt_deg": 10.0, "trickle_start_remaining_g": 0.3, "bulk_only": false, "bulk_min_rpm": 20.0, "trickle_tap": false, "overshoot_abort_g": 0.1, "bulk_tap": true, "tolerance_g": 0.003, "bulk_rpm": 100.0, "bulk_tilt_deg": 40.0}, "t_trickle_s": 13.1, "taps": 19, "log_path": null}
>> log
--- BEGIN trickle telemetry CSV ---
t_s,phase,z_g,fresh,m_g,r_gps,sigma_g,ff_gpr,r_sp_gps,err_gps,integ,rpm_cmd,pred_g,cutoff_g,clamp_hits
5.52,bulk,0.00000,1,0.00000,,,,,,,,,,
5.91,bulk,0.00000,1,0.00000,,,,,,,,,,
6.19,bulk,0.00550,1,0.00550,,,,,,,,,,
6.58,bulk,0.04420,1,0.04420,,,,,,,,,,
6.96,bulk,0.10320,1,0.10320,,,,,,,,,,
7.34,bulk,0.15290,1,0.15290,,,,,,,,,,
10.12,bulk,0.29444,1,0.29444,,,,,,,,,,
13.65,trickle,0.29440,1,0.29444,0.00000,0.01290,0.3500,0.05000,0.05000,0.0000,0.00,0.30734,0.46500,0
14.05,trickle,0.29440,1,0.29442,0.06774,0.01185,0.3500,0.05000,-0.01774,0.0187,14.74,0.36275,0.46500,0
14.42,trickle,0.29440,1,0.31978,0.01693,0.00662,0.3500,0.05000,0.03307,0.0117,0.00,0.34052,0.46500,0
14.80,trickle,0.29450,1,0.32538,0.05327,0.00763,0.3500,0.05000,-0.00327,0.0241,11.15,0.37743,0.46500,0
15.11,trickle,0.30010,1,0.33903,0.02842,0.00771,0.3500,0.05000,0.02158,0.0228,1.92,0.37044,0.46500,0
15.47,trickle,0.30720,1,0.34579,0.04579,0.00840,0.3500,0.05000,0.00421,0.0291,8.89,0.39236,0.46500,0
15.85,trickle,0.32060,1,0.36005,0.03175,0.00878,0.3500,0.05000,0.01825,0.0307,4.74,0.39531,0.46500,0
16.14,trickle,0.32710,1,0.36517,0.04379,0.00839,0.3381,0.05000,0.00621,0.0377,9.09,0.41007,0.46500,0
16.52,trickle,0.33020,1,0.37538,0.03720,0.00874,0.3276,0.05000,0.01280,0.0395,6.29,0.41513,0.46500,0
16.81,trickle,0.33210,1,0.37847,0.04218,0.00831,0.3166,0.05000,0.00782,0.0444,8.52,0.42195,0.46500,0
17.20,trickle,0.33550,1,0.38570,0.04004,0.00874,0.3058,0.04756,0.00751,0.0466,7.55,0.42782,0.46500,0
17.57,trickle,0.33990,1,0.39097,0.03956,0.00886,0.2952,0.04439,0.00483,0.0495,7.82,0.43282,0.46500,0
17.95,trickle,0.34340,1,0.39529,0.03665,0.00899,0.2846,0.04180,0.00516,0.0513,7.37,0.43483,0.46500,0
18.24,trickle,0.34720,1,0.39593,0.03599,0.00849,0.2740,0.04142,0.00543,0.0533,7.69,0.43443,0.46500,0
18.63,trickle,0.35540,1,0.40088,0.03588,0.00879,0.2637,0.03845,0.00257,0.0549,7.94,0.43959,0.46500,0
19.01,trickle,0.36520,1,0.40743,0.03291,0.00893,0.2543,0.03452,0.00161,0.0559,7.35,0.44380,0.46500,0
19.39,trickle,0.37090,1,0.41254,0.03076,0.00903,0.2455,0.03146,0.00070,0.0565,7.18,0.44721,0.46500,0
19.77,trickle,0.38060,1,0.41816,0.02888,0.00908,0.2373,0.02809,-0.00079,0.0567,6.98,0.45132,0.46500,0
20.15,trickle,0.39910,1,0.42765,0.02662,0.00911,0.2302,0.02240,-0.00423,0.0564,6.57,0.45896,0.46500,0
20.44,trickle,0.41330,1,0.43630,0.02353,0.00856,0.2244,0.01721,-0.00632,0.0548,5.52,0.46448,0.46500,0
20.82,trickle,0.43580,1,0.45041,0.01942,0.00881,0.2202,0.00875,-0.01067,0.0530,4.78,0.47541,0.46500,0
23.22,trickle_end,0.45742,1,0.45742,,,,,,,,,,0
26.47,tap,0.46320,1,0.46320,,,,,,,,,,
29.62,tap,0.46830,1,0.46830,,,,,,,,,,
32.69,tap,0.47240,1,0.47240,,,,,,,,,,
35.65,tap,0.47470,1,0.47470,,,,,,,,,,
38.72,tap,0.47900,1,0.47900,,,,,,,,,,
41.68,tap,0.48124,1,0.48124,,,,,,,,,,
44.65,tap,0.48328,1,0.48328,,,,,,,,,,
47.60,tap,0.48498,1,0.48498,,,,,,,,,,
50.57,tap,0.48674,1,0.48674,,,,,,,,,,
53.75,tap,0.48798,1,0.48798,,,,,,,,,,
56.78,tap,0.48916,1,0.48916,,,,,,,,,,
59.95,tap,0.49096,1,0.49096,,,,,,,,,,
62.90,tap,0.49254,1,0.49254,,,,,,,,,,
66.07,tap,0.49458,1,0.49458,,,,,,,,,,
69.12,tap,0.49682,1,0.49682,,,,,,,,,,
72.29,tap,0.49812,1,0.49812,,,,,,,,,,
--- END trickle telemetry CSV ---
