--- session 2026-09-29T03:25:18.274477+00:00 ---
>> 
>> s
firmware: trickle_tap/2026-09-25
stepper: 60 auger rpm (max ~109), 1/8 microsteps; plate at 13.7 deg; scale UART0 @ 19200
trickle parameters ('set <key> <value>' to change):
  bulk_anticipation_g = 0.05
  bulk_enabled = True
  bulk_poll_ms = 250
  bulk_rpm = 72.5113
  bulk_settle_ms = 1500
  bulk_tap = False
  bulk_tilt_deg = 16.5438
  cutoff_margin_g = 0.035
  dose_timeout_s = 600
  ff_prior_g_per_rev = 0.35
  final_settle_ms = 2000
  goal_mass_g = 0.75
  k_sigma = 1.0
  kf_q_var = 0.0002
  log_max_rows = 2400
  log_to_flash = False
  max_poll_misses = 10
  noisy_sd_g = 0.008
  overshoot_abort_g = 0.1
  post_trickle_settle_ms = 1200
  print_every_n_polls = 2
  quiet_sd_g = 0.0005
  rate_tau_s = 0.5
  stall_bail_s = 8.0
  tap_cadence_off_ms = 440
  tap_cadence_on_ms = 60
  tap_max_cycles = 120
  tap_max_nudges = 20
  tap_nudge_deg = 5.0
  tap_settle_ms = 1500
  tap_tilt_deg = 13.6978
  taps_per_cycle = 1
  tau_afterflow_s = 0.8338
  tau_bal_s = 0.7
  tolerance_g = 0.00348859
  trickle_dt_s = 0.25
  trickle_integ_clamp = 0.5
  trickle_ki = 120.0
  trickle_kp = 250.0
  trickle_max_rate_gps = 0.05
  trickle_min_rate_gps = 0.003
  trickle_rpm_cap = 45.0
  trickle_start_remaining_g = 0.0936646
  trickle_tap = False
  trickle_tilt_deg = 13.3814
>> set bulk_anticipation_g 0.05
[set] bulk_anticipation_g = 0.05 (was 0.05)
>> set bulk_enabled 1
[set] bulk_enabled = True (was True)
>> set bulk_poll_ms 250
[set] bulk_poll_ms = 250 (was 250)
>> set bulk_settle_ms 1500
[set] bulk_settle_ms = 1500 (was 1500)
>> set cutoff_margin_g 0.035
[set] cutoff_margin_g = 0.035 (was 0.035)
>> set dose_timeout_s 600
[set] dose_timeout_s = 600 (was 600)
>> set ff_prior_g_per_rev 0.35
[set] ff_prior_g_per_rev = 0.35 (was 0.35)
>> set final_settle_ms 2000
[set] final_settle_ms = 2000 (was 2000)
>> set k_sigma 1
[set] k_sigma = 1.0 (was 1.0)
>> set kf_q_var 0.0002
[set] kf_q_var = 0.0002 (was 0.0002)
>> set log_max_rows 2400
[set] log_max_rows = 2400 (was 2400)
>> set log_to_flash 0
[set] log_to_flash = False (was False)
>> set max_poll_misses 10
[set] max_poll_misses = 10 (was 10)
>> set noisy_sd_g 0.008
[set] noisy_sd_g = 0.008 (was 0.008)
>> set overshoot_abort_g 0.1
[set] overshoot_abort_g = 0.1 (was 0.1)
>> set post_trickle_settle_ms 1200
[set] post_trickle_settle_ms = 1200 (was 1200)
>> set print_every_n_polls 2
[set] print_every_n_polls = 2 (was 2)
>> set quiet_sd_g 0.0005
[set] quiet_sd_g = 0.0005 (was 0.0005)
>> set rate_tau_s 0.5
[set] rate_tau_s = 0.5 (was 0.5)
>> set stall_bail_s 8
[set] stall_bail_s = 8.0 (was 8.0)
>> set tap_cadence_off_ms 440
[set] tap_cadence_off_ms = 440 (was 440)
>> set tap_cadence_on_ms 60
[set] tap_cadence_on_ms = 60 (was 60)
>> set tap_max_cycles 120
[set] tap_max_cycles = 120 (was 120)
>> set tap_max_nudges 20
[set] tap_max_nudges = 20 (was 20)
>> set tap_nudge_deg 5
[set] tap_nudge_deg = 5.0 (was 5.0)
>> set tap_settle_ms 1500
[set] tap_settle_ms = 1500 (was 1500)
>> set taps_per_cycle 1
[set] taps_per_cycle = 1 (was 1)
>> set tau_afterflow_s 0.3
[set] tau_afterflow_s = 0.3 (was 0.8338)
>> set tau_bal_s 0.7
[set] tau_bal_s = 0.7 (was 0.7)
>> set trickle_dt_s 0.25
[set] trickle_dt_s = 0.25 (was 0.25)
>> set trickle_integ_clamp 0.5
[set] trickle_integ_clamp = 0.5 (was 0.5)
>> set trickle_ki 120
[set] trickle_ki = 120.0 (was 120.0)
>> set trickle_kp 250
[set] trickle_kp = 250.0 (was 250.0)
>> set trickle_max_rate_gps 0.05
[set] trickle_max_rate_gps = 0.05 (was 0.05)
>> set trickle_min_rate_gps 0.003
[set] trickle_min_rate_gps = 0.003 (was 0.003)
>> set trickle_rpm_cap 45
[set] trickle_rpm_cap = 45.0 (was 45.0)
>> set bulk_tap 0
[set] bulk_tap = False (was False)
>> set trickle_tap 0
[set] trickle_tap = False (was False)
>> set bulk_tilt_deg 40
[set] bulk_tilt_deg = 40.0 (was 16.5438)
>> set trickle_tilt_deg 30
[set] trickle_tilt_deg = 30.0 (was 13.3814)
>> set tap_tilt_deg 15
[set] tap_tilt_deg = 15.0 (was 13.6978)
>> set bulk_rpm 20
[set] bulk_rpm = 20.0 (was 72.5113)
>> set trickle_start_remaining_g 0.05
[set] trickle_start_remaining_g = 0.05 (was 0.0936646)
>> set tolerance_g 0.003
[set] tolerance_g = 0.003 (was 0.00348859)
>> set tau_afterflow_s 0.8338
[set] tau_afterflow_s = 0.8338 (was 0.3)
>> g 0.5000
[dose] trickle-tap dose to 0.5000 g (tol 3.0 mg, trickle tilt 30.0 plate deg); taring scale
[dose] tared: baseline +0.0 mg (subtracted), drift +0.0 mg/min, read noise 0.00 mg
=== stage 1 'bulk': 0.5000 g to go, velocity mode @ 20 rpm until 0.1000 g to go
[phase 1 bulk] poll 1: mass 0.0000 / 0.5000 g (0.5000 g to go, +0.0000 g this poll), elapsed 6.0 s
[phase 1 bulk] poll 2: mass 0.0000 / 0.5000 g (0.5000 g to go, +0.0000 g this poll), elapsed 6.0 s
[phase 1 bulk] poll 3: mass 0.0000 / 0.5000 g (0.5000 g to go, +0.0000 g this poll), elapsed 6.0 s
[phase 1 bulk] poll 4 (unstable): mass 0.0075 / 0.5000 g (0.4925 g to go, +0.0075 g this poll), elapsed 7.0 s
[phase 1 bulk] poll 5 (unstable): mass 0.0309 / 0.5000 g (0.4691 g to go, +0.0234 g this poll), elapsed 7.0 s
[phase 1 bulk] poll 6 (unstable): mass 0.0520 / 0.5000 g (0.4480 g to go, +0.0211 g this poll), elapsed 7.0 s
[phase 1 bulk] poll 7 (unstable): mass 0.0600 / 0.5000 g (0.4400 g to go, +0.0080 g this poll), elapsed 7.0 s
[phase 1 bulk] poll 8 (unstable): mass 0.0830 / 0.5000 g (0.4170 g to go, +0.0230 g this poll), elapsed 8.0 s
[phase 1 bulk] poll 9 (unstable): mass 0.1146 / 0.5000 g (0.3854 g to go, +0.0316 g this poll), elapsed 8.0 s
[phase 1 bulk] poll 10 (unstable): mass 0.1417 / 0.5000 g (0.3583 g to go, +0.0271 g this poll), elapsed 8.0 s
[phase 1 bulk] poll 11 (unstable): mass 0.1504 / 0.5000 g (0.3496 g to go, +0.0087 g this poll), elapsed 9.0 s
[phase 1 bulk] poll 12 (unstable): mass 0.1549 / 0.5000 g (0.3451 g to go, +0.0045 g this poll), elapsed 9.0 s
[phase 1 bulk] poll 13 (unstable): mass 0.1622 / 0.5000 g (0.3378 g to go, +0.0073 g this poll), elapsed 9.0 s
[phase 1 bulk] poll 14 (unstable): mass 0.1732 / 0.5000 g (0.3268 g to go, +0.0110 g this poll), elapsed 9.0 s
[phase 1 bulk] poll 15 (unstable): mass 0.1840 / 0.5000 g (0.3160 g to go, +0.0108 g this poll), elapsed 10.0 s
[phase 1 bulk] poll 16 (unstable): mass 0.1958 / 0.5000 g (0.3042 g to go, +0.0118 g this poll), elapsed 10.0 s
[phase 1 bulk] poll 17 (unstable): mass 0.2037 / 0.5000 g (0.2963 g to go, +0.0079 g this poll), elapsed 10.0 s
[phase 1 bulk] poll 18 (unstable): mass 0.2118 / 0.5000 g (0.2882 g to go, +0.0081 g this poll), elapsed 11.0 s
[phase 1 bulk] poll 19 (unstable): mass 0.2367 / 0.5000 g (0.2633 g to go, +0.0249 g this poll), elapsed 11.0 s
[phase 1 bulk] poll 20 (unstable): mass 0.2652 / 0.5000 g (0.2348 g to go, +0.0285 g this poll), elapsed 11.0 s
[phase 1 bulk] poll 21 (unstable): mass 0.2726 / 0.5000 g (0.2274 g to go, +0.0074 g this poll), elapsed 11.0 s
[phase 1 bulk] poll 22 (unstable): mass 0.2758 / 0.5000 g (0.2242 g to go, +0.0032 g this poll), elapsed 12.0 s
[phase 1 bulk] poll 23 (unstable): mass 0.2830 / 0.5000 g (0.2170 g to go, +0.0072 g this poll), elapsed 12.0 s
[phase 1 bulk] poll 24 (unstable): mass 0.2970 / 0.5000 g (0.2030 g to go, +0.0140 g this poll), elapsed 12.0 s
[phase 1 bulk] poll 25 (unstable): mass 0.3066 / 0.5000 g (0.1934 g to go, +0.0096 g this poll), elapsed 13.0 s
[phase 1 bulk] poll 26 (unstable): mass 0.3158 / 0.5000 g (0.1842 g to go, +0.0092 g this poll), elapsed 13.0 s
[phase 1 bulk] poll 27 (unstable): mass 0.3201 / 0.5000 g (0.1799 g to go, +0.0043 g this poll), elapsed 13.0 s
[phase 1 bulk] poll 28 (unstable): mass 0.3348 / 0.5000 g (0.1652 g to go, +0.0147 g this poll), elapsed 13.0 s
[phase 1 bulk] poll 29 (unstable): mass 0.3552 / 0.5000 g (0.1448 g to go, +0.0204 g this poll), elapsed 14.0 s
[phase 1 bulk] poll 30 (unstable): mass 0.3946 / 0.5000 g (0.1054 g to go, +0.0394 g this poll), elapsed 14.0 s
[phase 1 bulk] poll 31 (unstable): mass 0.4175 / 0.5000 g (0.0825 g to go, +0.0229 g this poll), elapsed 14.0 s
[phase 1 bulk] auger halted at 0.0825 g to go (halt threshold 0.1000 g); settling 1500 ms
[phase 1 bulk] settled: mass 0.4389 / 0.5000 g (0.0611 g to go, +0.0214 g while settling), elapsed 17.0 s
[trickle] seeded at 0.4388 g; cutoff when m+r*0.83s+1.0*sigma >= 0.4650 g
[trickle]  19.9s m 0.4388 r  15.0 mg/s (sp  15.7) rpm   4.5 pred 0.4633/0.4650 sigma 12.1 mg
[trickle]  20.6s m 0.4459 r  11.4 mg/s (sp  11.5) rpm   2.2 pred 0.4655/0.4650 sigma 10.2 mg
[trickle] predictive cutoff: m 0.4459 + r*tau 0.0095 + k*sigma 0.0102 >= 0.4650 g
[trickle] halted; settled at 0.4458 g (-0.0 mg vs KF m_hat, 0.0542 g to go), 4 polls, 0 KF clamps, ff 0.350 g/rev
=== stage 3 'tap': 0.0542 g to go, single taps at 15.0 plate deg
[phase 3 tap] cycle 1: mass 0.4471 / 0.5000 g (0.0529 g to go, +0.0012 g this cycle), elapsed 27.0 s
[phase 3 tap] cycle 2: mass 0.4480 / 0.5000 g (0.0520 g to go, +0.0009 g this cycle), elapsed 30.0 s
[phase 3 tap] cycle 3: mass 0.4482 / 0.5000 g (0.0518 g to go, +0.0002 g this cycle), elapsed 34.0 s
[phase 3 tap] cycle 4: mass 0.4483 / 0.5000 g (0.0517 g to go, +0.0001 g this cycle), elapsed 37.0 s
[phase 3 tap] cycle 5: mass 0.4489 / 0.5000 g (0.0511 g to go, +0.0006 g this cycle), elapsed 40.0 s
[phase 3 tap] cycle 6: mass 0.4494 / 0.5000 g (0.0506 g to go, +0.0005 g this cycle), elapsed 43.0 s
[phase 3 tap] cycle 7: mass 0.4496 / 0.5000 g (0.0504 g to go, +0.0002 g this cycle), elapsed 46.0 s
[phase 3 tap] cycle 8: mass 0.4498 / 0.5000 g (0.0502 g to go, +0.0002 g this cycle), elapsed 49.0 s
[phase 3 tap] cycle 9: mass 0.4502 / 0.5000 g (0.0498 g to go, +0.0003 g this cycle), elapsed 52.0 s
[phase 3 tap] cycle 10: mass 0.4506 / 0.5000 g (0.0494 g to go, +0.0005 g this cycle), elapsed 55.0 s
[phase 3 tap] cycle 11: mass 0.4515 / 0.5000 g (0.0485 g to go, +0.0009 g this cycle), elapsed 58.0 s
[phase 3 tap] cycle 12: mass 0.4522 / 0.5000 g (0.0478 g to go, +0.0007 g this cycle), elapsed 61.0 s
[phase 3 tap] cycle 13: mass 0.4524 / 0.5000 g (0.0476 g to go, +0.0002 g this cycle), elapsed 65.0 s
[phase 3 tap] cycle 14: mass 0.4526 / 0.5000 g (0.0474 g to go, +0.0001 g this cycle), elapsed 68.0 s
[phase 3 tap] cycle 15: mass 0.4535 / 0.5000 g (0.0465 g to go, +0.0009 g this cycle), elapsed 71.0 s
[phase 3 tap] cycle 16: mass 0.4538 / 0.5000 g (0.0462 g to go, +0.0003 g this cycle), elapsed 74.0 s
[phase 3 tap] cycle 17: mass 0.4547 / 0.5000 g (0.0453 g to go, +0.0009 g this cycle), elapsed 77.0 s
[phase 3 tap] cycle 18: mass 0.4548 / 0.5000 g (0.0452 g to go, +0.0002 g this cycle), elapsed 80.0 s
[phase 3 tap] cycle 19: mass 0.4549 / 0.5000 g (0.0451 g to go, +0.0001 g this cycle), elapsed 83.0 s
[phase 3 tap] cycle 20: mass 0.4549 / 0.5000 g (0.0451 g to go, +0.0000 g this cycle), elapsed 86.0 s
[phase 3 tap] lip empty; nudging auger 5.0 deg (nudge 1/20)
[phase 3 tap] cycle 21: mass 0.4557 / 0.5000 g (0.0443 g to go, +0.0008 g this cycle), elapsed 91.0 s
[phase 3 tap] cycle 22: mass 0.4562 / 0.5000 g (0.0438 g to go, +0.0005 g this cycle), elapsed 94.0 s
[phase 3 tap] cycle 23: mass 0.4565 / 0.5000 g (0.0435 g to go, +0.0003 g this cycle), elapsed 98.0 s
[phase 3 tap] cycle 24: mass 0.4572 / 0.5000 g (0.0428 g to go, +0.0007 g this cycle), elapsed 101.0 s
[phase 3 tap] cycle 25: mass 0.4576 / 0.5000 g (0.0424 g to go, +0.0004 g this cycle), elapsed 104.0 s
[phase 3 tap] cycle 26: mass 0.4581 / 0.5000 g (0.0419 g to go, +0.0004 g this cycle), elapsed 107.0 s
[phase 3 tap] cycle 27: mass 0.4582 / 0.5000 g (0.0418 g to go, +0.0001 g this cycle), elapsed 110.0 s
[phase 3 tap] cycle 28: mass 0.4589 / 0.5000 g (0.0411 g to go, +0.0007 g this cycle), elapsed 113.0 s
[phase 3 tap] cycle 29: mass 0.4595 / 0.5000 g (0.0405 g to go, +0.0006 g this cycle), elapsed 116.0 s
[phase 3 tap] cycle 30: mass 0.4603 / 0.5000 g (0.0397 g to go, +0.0008 g this cycle), elapsed 119.0 s
[phase 3 tap] cycle 31: mass 0.4603 / 0.5000 g (0.0397 g to go, -0.0000 g this cycle), elapsed 122.0 s
[phase 3 tap] cycle 32: mass 0.4603 / 0.5000 g (0.0397 g to go, +0.0000 g this cycle), elapsed 125.0 s
[phase 3 tap] cycle 33: mass 0.4615 / 0.5000 g (0.0385 g to go, +0.0012 g this cycle), elapsed 128.0 s
[phase 3 tap] cycle 34: mass 0.4621 / 0.5000 g (0.0379 g to go, +0.0006 g this cycle), elapsed 131.0 s
[phase 3 tap] cycle 35: mass 0.4628 / 0.5000 g (0.0372 g to go, +0.0008 g this cycle), elapsed 135.0 s
[phase 3 tap] cycle 36: mass 0.4631 / 0.5000 g (0.0369 g to go, +0.0002 g this cycle), elapsed 138.0 s
[phase 3 tap] cycle 37: mass 0.4632 / 0.5000 g (0.0368 g to go, +0.0002 g this cycle), elapsed 141.0 s
[phase 3 tap] cycle 38: mass 0.4633 / 0.5000 g (0.0367 g to go, +0.0001 g this cycle), elapsed 144.0 s
[phase 3 tap] cycle 39: mass 0.4639 / 0.5000 g (0.0361 g to go, +0.0006 g this cycle), elapsed 147.0 s
[phase 3 tap] cycle 40: mass 0.4648 / 0.5000 g (0.0352 g to go, +0.0010 g this cycle), elapsed 150.0 s
[phase 3 tap] cycle 41: mass 0.4653 / 0.5000 g (0.0347 g to go, +0.0004 g this cycle), elapsed 153.0 s
[phase 3 tap] cycle 42: mass 0.4655 / 0.5000 g (0.0345 g to go, +0.0002 g this cycle), elapsed 156.0 s
[phase 3 tap] cycle 43: mass 0.4661 / 0.5000 g (0.0339 g to go, +0.0007 g this cycle), elapsed 159.0 s
[phase 3 tap] cycle 44: mass 0.4668 / 0.5000 g (0.0332 g to go, +0.0007 g this cycle), elapsed 162.0 s
[phase 3 tap] cycle 45: mass 0.4672 / 0.5000 g (0.0328 g to go, +0.0003 g this cycle), elapsed 165.0 s
[phase 3 tap] cycle 46: mass 0.4673 / 0.5000 g (0.0327 g to go, +0.0002 g this cycle), elapsed 168.0 s
[phase 3 tap] cycle 47: mass 0.4682 / 0.5000 g (0.0318 g to go, +0.0008 g this cycle), elapsed 171.0 s
[phase 3 tap] cycle 48: mass 0.4685 / 0.5000 g (0.0315 g to go, +0.0004 g this cycle), elapsed 174.0 s
[phase 3 tap] cycle 49: mass 0.4696 / 0.5000 g (0.0304 g to go, +0.0010 g this cycle), elapsed 177.0 s
[phase 3 tap] cycle 50: mass 0.4703 / 0.5000 g (0.0297 g to go, +0.0007 g this cycle), elapsed 180.0 s
[phase 3 tap] cycle 51: mass 0.4707 / 0.5000 g (0.0293 g to go, +0.0004 g this cycle), elapsed 183.0 s
[phase 3 tap] cycle 52: mass 0.4709 / 0.5000 g (0.0291 g to go, +0.0002 g this cycle), elapsed 186.0 s
[phase 3 tap] cycle 53: mass 0.4710 / 0.5000 g (0.0290 g to go, +0.0001 g this cycle), elapsed 189.0 s
[phase 3 tap] cycle 54: mass 0.4714 / 0.5000 g (0.0286 g to go, +0.0003 g this cycle), elapsed 193.0 s
[phase 3 tap] cycle 55: mass 0.4717 / 0.5000 g (0.0283 g to go, +0.0003 g this cycle), elapsed 196.0 s
[phase 3 tap] cycle 56: mass 0.4719 / 0.5000 g (0.0281 g to go, +0.0003 g this cycle), elapsed 199.0 s
[phase 3 tap] cycle 57: mass 0.4725 / 0.5000 g (0.0275 g to go, +0.0005 g this cycle), elapsed 202.0 s
[phase 3 tap] cycle 58: mass 0.4728 / 0.5000 g (0.0272 g to go, +0.0003 g this cycle), elapsed 205.0 s
[phase 3 tap] cycle 59: mass 0.4730 / 0.5000 g (0.0270 g to go, +0.0002 g this cycle), elapsed 208.0 s
[phase 3 tap] cycle 60: mass 0.4733 / 0.5000 g (0.0267 g to go, +0.0004 g this cycle), elapsed 211.0 s
[phase 3 tap] cycle 61: mass 0.4738 / 0.5000 g (0.0262 g to go, +0.0005 g this cycle), elapsed 214.0 s
[phase 3 tap] cycle 62: mass 0.4748 / 0.5000 g (0.0252 g to go, +0.0010 g this cycle), elapsed 217.0 s
[phase 3 tap] cycle 63: mass 0.4753 / 0.5000 g (0.0247 g to go, +0.0005 g this cycle), elapsed 220.0 s
[phase 3 tap] cycle 64: mass 0.4756 / 0.5000 g (0.0244 g to go, +0.0003 g this cycle), elapsed 223.0 s
[phase 3 tap] cycle 65: mass 0.4757 / 0.5000 g (0.0243 g to go, +0.0001 g this cycle), elapsed 226.0 s
[phase 3 tap] cycle 66: mass 0.4759 / 0.5000 g (0.0241 g to go, +0.0002 g this cycle), elapsed 229.0 s
[phase 3 tap] cycle 67: mass 0.4764 / 0.5000 g (0.0236 g to go, +0.0005 g this cycle), elapsed 232.0 s
[phase 3 tap] cycle 68: mass 0.4774 / 0.5000 g (0.0226 g to go, +0.0010 g this cycle), elapsed 235.0 s
[phase 3 tap] cycle 69: mass 0.4780 / 0.5000 g (0.0220 g to go, +0.0007 g this cycle), elapsed 238.0 s
[phase 3 tap] cycle 70: mass 0.4783 / 0.5000 g (0.0217 g to go, +0.0003 g this cycle), elapsed 241.0 s
[phase 3 tap] cycle 71: mass 0.4785 / 0.5000 g (0.0215 g to go, +0.0002 g this cycle), elapsed 245.0 s
[phase 3 tap] cycle 72: mass 0.4799 / 0.5000 g (0.0201 g to go, +0.0014 g this cycle), elapsed 248.0 s
[phase 3 tap] cycle 73: mass 0.4801 / 0.5000 g (0.0199 g to go, +0.0002 g this cycle), elapsed 251.0 s
[phase 3 tap] cycle 74: mass 0.4805 / 0.5000 g (0.0195 g to go, +0.0004 g this cycle), elapsed 254.0 s
[phase 3 tap] cycle 75: mass 0.4807 / 0.5000 g (0.0193 g to go, +0.0003 g this cycle), elapsed 257.0 s
[phase 3 tap] cycle 76: mass 0.4808 / 0.5000 g (0.0192 g to go, +0.0001 g this cycle), elapsed 259.0 s
[phase 3 tap] cycle 77: mass 0.4810 / 0.5000 g (0.0190 g to go, +0.0002 g this cycle), elapsed 263.0 s
[phase 3 tap] cycle 78: mass 0.4816 / 0.5000 g (0.0184 g to go, +0.0006 g this cycle), elapsed 266.0 s
[phase 3 tap] cycle 79: mass 0.4818 / 0.5000 g (0.0182 g to go, +0.0002 g this cycle), elapsed 269.0 s
[phase 3 tap] cycle 80: mass 0.4819 / 0.5000 g (0.0181 g to go, +0.0001 g this cycle), elapsed 272.0 s
[phase 3 tap] cycle 81: mass 0.4821 / 0.5000 g (0.0179 g to go, +0.0003 g this cycle), elapsed 275.0 s
[phase 3 tap] cycle 82: mass 0.4827 / 0.5000 g (0.0173 g to go, +0.0006 g this cycle), elapsed 278.0 s
[phase 3 tap] cycle 83: mass 0.4835 / 0.5000 g (0.0165 g to go, +0.0008 g this cycle), elapsed 281.0 s
[phase 3 tap] cycle 84: mass 0.4837 / 0.5000 g (0.0163 g to go, +0.0002 g this cycle), elapsed 284.0 s
[phase 3 tap] cycle 85: mass 0.4837 / 0.5000 g (0.0163 g to go, +0.0000 g this cycle), elapsed 287.0 s
[phase 3 tap] cycle 86: mass 0.4840 / 0.5000 g (0.0160 g to go, +0.0002 g this cycle), elapsed 290.0 s
[phase 3 tap] cycle 87: mass 0.4844 / 0.5000 g (0.0156 g to go, +0.0004 g this cycle), elapsed 293.0 s
[phase 3 tap] cycle 88: mass 0.4850 / 0.5000 g (0.0150 g to go, +0.0006 g this cycle), elapsed 296.0 s
[phase 3 tap] cycle 89: mass 0.4854 / 0.5000 g (0.0146 g to go, +0.0004 g this cycle), elapsed 299.0 s
[phase 3 tap] cycle 90: mass 0.4866 / 0.5000 g (0.0134 g to go, +0.0012 g this cycle), elapsed 303.0 s
[phase 3 tap] cycle 91: mass 0.4868 / 0.5000 g (0.0132 g to go, +0.0002 g this cycle), elapsed 306.0 s
[phase 3 tap] cycle 92: mass 0.4869 / 0.5000 g (0.0131 g to go, +0.0001 g this cycle), elapsed 309.0 s
[phase 3 tap] cycle 93: mass 0.4870 / 0.5000 g (0.0130 g to go, +0.0001 g this cycle), elapsed 312.0 s
[phase 3 tap] cycle 94: mass 0.4877 / 0.5000 g (0.0123 g to go, +0.0007 g this cycle), elapsed 315.0 s
[phase 3 tap] cycle 95: mass 0.4880 / 0.5000 g (0.0120 g to go, +0.0003 g this cycle), elapsed 318.0 s
[phase 3 tap] cycle 96: mass 0.4882 / 0.5000 g (0.0118 g to go, +0.0002 g this cycle), elapsed 321.0 s
[phase 3 tap] cycle 97: mass 0.4884 / 0.5000 g (0.0116 g to go, +0.0002 g this cycle), elapsed 324.0 s
[phase 3 tap] cycle 98: mass 0.4887 / 0.5000 g (0.0113 g to go, +0.0003 g this cycle), elapsed 327.0 s
[phase 3 tap] cycle 99: mass 0.4893 / 0.5000 g (0.0107 g to go, +0.0005 g this cycle), elapsed 330.0 s
[phase 3 tap] cycle 100: mass 0.4897 / 0.5000 g (0.0103 g to go, +0.0004 g this cycle), elapsed 333.0 s
[phase 3 tap] cycle 101: mass 0.4900 / 0.5000 g (0.0100 g to go, +0.0004 g this cycle), elapsed 336.0 s
[phase 3 tap] cycle 102: mass 0.4902 / 0.5000 g (0.0098 g to go, +0.0001 g this cycle), elapsed 339.0 s
[phase 3 tap] cycle 103: mass 0.4906 / 0.5000 g (0.0094 g to go, +0.0004 g this cycle), elapsed 342.0 s
[phase 3 tap] cycle 104: mass 0.4910 / 0.5000 g (0.0090 g to go, +0.0004 g this cycle), elapsed 345.0 s
[phase 3 tap] cycle 105: mass 0.4917 / 0.5000 g (0.0083 g to go, +0.0007 g this cycle), elapsed 348.0 s
[phase 3 tap] cycle 106: mass 0.4922 / 0.5000 g (0.0078 g to go, +0.0005 g this cycle), elapsed 351.0 s
[phase 3 tap] cycle 107: mass 0.4923 / 0.5000 g (0.0077 g to go, +0.0001 g this cycle), elapsed 354.0 s
[phase 3 tap] cycle 108: mass 0.4924 / 0.5000 g (0.0076 g to go, +0.0002 g this cycle), elapsed 357.0 s
[phase 3 tap] cycle 109: mass 0.4927 / 0.5000 g (0.0073 g to go, +0.0002 g this cycle), elapsed 360.0 s
[phase 3 tap] cycle 110: mass 0.4930 / 0.5000 g (0.0070 g to go, +0.0003 g this cycle), elapsed 364.0 s
[phase 3 tap] cycle 111: mass 0.4933 / 0.5000 g (0.0067 g to go, +0.0004 g this cycle), elapsed 367.0 s
[phase 3 tap] cycle 112: mass 0.4944 / 0.5000 g (0.0056 g to go, +0.0010 g this cycle), elapsed 370.0 s
[phase 3 tap] cycle 113: mass 0.4947 / 0.5000 g (0.0053 g to go, +0.0003 g this cycle), elapsed 373.0 s
[phase 3 tap] cycle 114: mass 0.4948 / 0.5000 g (0.0052 g to go, +0.0001 g this cycle), elapsed 376.0 s
[phase 3 tap] cycle 115: mass 0.4950 / 0.5000 g (0.0050 g to go, +0.0002 g this cycle), elapsed 379.0 s
[phase 3 tap] cycle 116: mass 0.4952 / 0.5000 g (0.0048 g to go, +0.0003 g this cycle), elapsed 382.0 s
[phase 3 tap] cycle 117: mass 0.4961 / 0.5000 g (0.0039 g to go, +0.0008 g this cycle), elapsed 385.0 s
[phase 3 tap] cycle 118: mass 0.4963 / 0.5000 g (0.0037 g to go, +0.0002 g this cycle), elapsed 388.0 s
[phase 3 tap] cycle 119: mass 0.4966 / 0.5000 g (0.0034 g to go, +0.0003 g this cycle), elapsed 391.0 s
[phase 3 tap] cycle 120: mass 0.4973 / 0.5000 g (0.0027 g to go, +0.0007 g this cycle), elapsed 394.0 s
[dose] final settle 2000 ms before the scoring reading
[dose] done: DoseResult(ok: 0.4975/0.5000 g in 398.0s; cycles bulk:31, trickle:4, tap:120; 3.05 auger rev, 120 taps)
RESULT {"fw": "trickle_tap/2026-09-25", "t_total_s": 397.23, "t_bulk_s": 12.72, "taps": 120, "t_trickle_s": 6.61, "t_settle_s": 3.53, "phase_cycles": {"tap": 120, "bulk": 31, "trickle": 4}, "ff_g_per_rev": 0.35, "error_mg": -2.5, "params": {"tap_cadence_off_ms": 440, "trickle_tap": false, "trickle_tilt_deg": 30.0, "tolerance_g": 0.003, "goal_mass_g": 0.75, "trickle_start_remaining_g": 0.05, "bulk_tilt_deg": 40.0, "tau_afterflow_s": 0.8338, "tap_tilt_deg": 15.0, "bulk_tap": false, "overshoot_abort_g": 0.1, "final_settle_ms": 2000, "bulk_rpm": 20.0, "tap_cadence_on_ms": 60}, "telemetry_rows": 157, "nudges": 1, "log_path": null, "settled_final": 1, "baseline_g": 0.0, "t_tap_s": 370.37, "auger_rev": 3.054, "status": "ok", "final_g": 0.4975, "v": 1, "target_g": 0.5, "stop_events": [{"settled_g": 0.43886, "rate_slope_gps": 0.06338, "rpm": 20.0, "rate_kf_gps": null, "t_stop_s": 16.7, "m_stop_g": 0.4175, "tau_s": 0.8338, "afterflow_g": 0.02136, "stalled": 0, "phase": "bulk"}, {"phase": "trickle", "rate_kf_gps": 0.01136, "settled_g": 0.44582, "stalled": 0, "tau_s": 0.8338, "m_stop_g": 0.44586, "afterflow_g": -4e-05, "rate_slope_gps": 0.0, "t_stop_s": 20.64}], "read_retries": 0, "dose_n": 31}
>> log
--- BEGIN trickle telemetry CSV ---
t_s,phase,z_g,fresh,m_g,r_gps,sigma_g,ff_gpr,r_sp_gps,err_gps,integ,rpm_cmd,pred_g,cutoff_g,clamp_hits
5.22,bulk,0.00000,1,0.00000,,,,,,,,,,
5.50,bulk,0.00000,1,0.00000,,,,,,,,,,
5.79,bulk,0.00000,1,0.00000,,,,,,,,,,
6.08,bulk,0.00750,1,0.00750,,,,,,,,,,
6.36,bulk,0.03090,1,0.03090,,,,,,,,,,
6.65,bulk,0.05200,1,0.05200,,,,,,,,,,
6.94,bulk,0.06000,1,0.06000,,,,,,,,,,
7.23,bulk,0.08300,1,0.08300,,,,,,,,,,
7.51,bulk,0.11460,1,0.11460,,,,,,,,,,
7.80,bulk,0.14170,1,0.14170,,,,,,,,,,
8.09,bulk,0.15040,1,0.15040,,,,,,,,,,
8.37,bulk,0.15490,1,0.15490,,,,,,,,,,
8.66,bulk,0.16220,1,0.16220,,,,,,,,,,
8.95,bulk,0.17320,1,0.17320,,,,,,,,,,
9.23,bulk,0.18400,1,0.18400,,,,,,,,,,
9.52,bulk,0.19580,1,0.19580,,,,,,,,,,
9.81,bulk,0.20370,1,0.20370,,,,,,,,,,
10.10,bulk,0.21180,1,0.21180,,,,,,,,,,
10.38,bulk,0.23670,1,0.23670,,,,,,,,,,
10.67,bulk,0.26520,1,0.26520,,,,,,,,,,
10.96,bulk,0.27260,1,0.27260,,,,,,,,,,
11.24,bulk,0.27580,1,0.27580,,,,,,,,,,
11.53,bulk,0.28300,1,0.28300,,,,,,,,,,
11.82,bulk,0.29700,1,0.29700,,,,,,,,,,
12.10,bulk,0.30660,1,0.30660,,,,,,,,,,
12.39,bulk,0.31580,1,0.31580,,,,,,,,,,
12.68,bulk,0.32010,1,0.32010,,,,,,,,,,
12.96,bulk,0.33480,1,0.33480,,,,,,,,,,
13.25,bulk,0.35520,1,0.35520,,,,,,,,,,
13.55,bulk,0.39460,1,0.39460,,,,,,,,,,
13.92,bulk,0.41750,1,0.41750,,,,,,,,,,
16.70,bulk,0.43886,1,0.43886,,,,,,,,,,
19.56,trickle,0.43880,1,0.43880,0.00000,0.01352,0.3500,0.01571,0.01571,0.0000,0.00,0.45232,0.46500,0
19.85,trickle,0.43880,1,0.43880,0.01498,0.01206,0.3500,0.01571,0.00073,0.0044,4.46,0.46335,0.46500,0
20.23,trickle,0.43880,1,0.44451,0.00685,0.01098,0.3500,0.01229,0.00544,0.0046,0.74,0.46120,0.46500,0
20.63,trickle,0.43880,1,0.44586,0.01136,0.01016,0.3500,0.01148,0.00012,0.0067,2.17,0.46549,0.46500,0
23.31,trickle_end,0.44582,1,0.44582,,,,,,,,,,0
26.94,tap,0.44706,1,0.44706,,,,,,,,,,
29.91,tap,0.44798,1,0.44798,,,,,,,,,,
33.06,tap,0.44822,1,0.44822,,,,,,,,,,
36.22,tap,0.44834,1,0.44834,,,,,,,,,,
39.27,tap,0.44894,1,0.44894,,,,,,,,,,
42.23,tap,0.44940,1,0.44940,,,,,,,,,,
45.49,tap,0.44958,1,0.44958,,,,,,,,,,
48.65,tap,0.44982,1,0.44982,,,,,,,,,,
51.60,tap,0.45016,1,0.45016,,,,,,,,,,
54.67,tap,0.45064,1,0.45064,,,,,,,,,,
57.72,tap,0.45154,1,0.45154,,,,,,,,,,
60.89,tap,0.45222,1,0.45222,,,,,,,,,,
64.05,tap,0.45242,1,0.45242,,,,,,,,,,
67.20,tap,0.45256,1,0.45256,,,,,,,,,,
70.15,tap,0.45346,1,0.45346,,,,,,,,,,
73.12,tap,0.45378,1,0.45378,,,,,,,,,,
76.28,tap,0.45466,1,0.45466,,,,,,,,,,
79.34,tap,0.45484,1,0.45484,,,,,,,,,,
82.60,tap,0.45490,1,0.45490,,,,,,,,,,
85.56,tap,0.45492,1,0.45492,,,,,,,,,,
91.01,tap,0.45568,1,0.45568,,,,,,,,,,
93.97,tap,0.45620,1,0.45620,,,,,,,,,,
97.13,tap,0.45650,1,0.45650,,,,,,,,,,
100.19,tap,0.45722,1,0.45722,,,,,,,,,,
103.15,tap,0.45762,1,0.45762,,,,,,,,,,
106.41,tap,0.45806,1,0.45806,,,,,,,,,,
109.36,tap,0.45820,1,0.45820,,,,,,,,,,
112.63,tap,0.45890,1,0.45890,,,,,,,,,,
115.59,tap,0.45952,1,0.45952,,,,,,,,,,
118.75,tap,0.46032,1,0.46032,,,,,,,,,,
121.90,tap,0.46030,1,0.46030,,,,,,,,,,
124.96,tap,0.46034,1,0.46034,,,,,,,,,,
127.92,tap,0.46152,1,0.46152,,,,,,,,,,
130.98,tap,0.46208,1,0.46208,,,,,,,,,,
134.14,tap,0.46284,1,0.46284,,,,,,,,,,
137.20,tap,0.46308,1,0.46308,,,,,,,,,,
140.16,tap,0.46324,1,0.46324,,,,,,,,,,
143.41,tap,0.46330,1,0.46330,,,,,,,,,,
146.37,tap,0.46386,1,0.46386,,,,,,,,,,
149.35,tap,0.46484,1,0.46484,,,,,,,,,,
152.30,tap,0.46526,1,0.46526,,,,,,,,,,
155.27,tap,0.46548,1,0.46548,,,,,,,,,,
158.53,tap,0.46614,1,0.46614,,,,,,,,,,
161.48,tap,0.46682,1,0.46682,,,,,,,,,,
164.54,tap,0.46716,1,0.46716,,,,,,,,,,
167.60,tap,0.46734,1,0.46734,,,,,,,,,,
170.67,tap,0.46818,1,0.46818,,,,,,,,,,
173.63,tap,0.46854,1,0.46854,,,,,,,,,,
176.59,tap,0.46956,1,0.46956,,,,,,,,,,
179.56,tap,0.47026,1,0.47026,,,,,,,,,,
182.72,tap,0.47068,1,0.47068,,,,,,,,,,
185.88,tap,0.47092,1,0.47092,,,,,,,,,,
188.93,tap,0.47104,1,0.47104,,,,,,,,,,
192.19,tap,0.47138,1,0.47138,,,,,,,,,,
195.16,tap,0.47166,1,0.47166,,,,,,,,,,
198.31,tap,0.47194,1,0.47194,,,,,,,,,,
201.26,tap,0.47246,1,0.47246,,,,,,,,,,
204.34,tap,0.47276,1,0.47276,,,,,,,,,,
207.29,tap,0.47296,1,0.47296,,,,,,,,,,
210.55,tap,0.47332,1,0.47332,,,,,,,,,,
213.60,tap,0.47384,1,0.47384,,,,,,,,,,
216.57,tap,0.47482,1,0.47482,,,,,,,,,,
219.53,tap,0.47534,1,0.47534,,,,,,,,,,
222.70,tap,0.47560,1,0.47560,,,,,,,,,,
225.65,tap,0.47570,1,0.47570,,,,,,,,,,
228.82,tap,0.47592,1,0.47592,,,,,,,,,,
231.88,tap,0.47638,1,0.47638,,,,,,,,,,
235.03,tap,0.47738,1,0.47738,,,,,,,,,,
237.99,tap,0.47804,1,0.47804,,,,,,,,,,
240.96,tap,0.47830,1,0.47830,,,,,,,,,,
244.12,tap,0.47848,1,0.47848,,,,,,,,,,
247.08,tap,0.47990,1,0.47990,,,,,,,,,,
250.14,tap,0.48010,1,0.48010,,,,,,,,,,
253.10,tap,0.48046,1,0.48046,,,,,,,,,,
256.06,tap,0.48072,1,0.48072,,,,,,,,,,
259.04,tap,0.48082,1,0.48082,,,,,,,,,,
262.10,tap,0.48100,1,0.48100,,,,,,,,,,
265.16,tap,0.48160,1,0.48160,,,,,,,,,,
268.11,tap,0.48180,1,0.48180,,,,,,,,,,
271.27,tap,0.48188,1,0.48188,,,,,,,,,,
274.43,tap,0.48214,1,0.48214,,,,,,,,,,
277.49,tap,0.48274,1,0.48274,,,,,,,,,,
280.45,tap,0.48352,1,0.48352,,,,,,,,,,
283.44,tap,0.48370,1,0.48370,,,,,,,,,,
286.47,tap,0.48374,1,0.48374,,,,,,,,,,
289.64,tap,0.48396,1,0.48396,,,,,,,,,,
292.70,tap,0.48440,1,0.48440,,,,,,,,,,
295.65,tap,0.48498,1,0.48498,,,,,,,,,,
298.91,tap,0.48536,1,0.48536,,,,,,,,,,
302.07,tap,0.48660,1,0.48660,,,,,,,,,,
305.12,tap,0.48682,1,0.48682,,,,,,,,,,
308.10,tap,0.48690,1,0.48690,,,,,,,,,,
311.25,tap,0.48702,1,0.48702,,,,,,,,,,
314.20,tap,0.48770,1,0.48770,,,,,,,,,,
317.36,tap,0.48804,1,0.48804,,,,,,,,,,
320.53,tap,0.48824,1,0.48824,,,,,,,,,,
323.59,tap,0.48840,1,0.48840,,,,,,,,,,
326.54,tap,0.48872,1,0.48872,,,,,,,,,,
329.52,tap,0.48926,1,0.48926,,,,,,,,,,
332.48,tap,0.48968,1,0.48968,,,,,,,,,,
335.43,tap,0.49004,1,0.49004,,,,,,,,,,
338.70,tap,0.49018,1,0.49018,,,,,,,,,,
341.66,tap,0.49056,1,0.49056,,,,,,,,,,
344.82,tap,0.49100,1,0.49100,,,,,,,,,,
347.77,tap,0.49172,1,0.49172,,,,,,,,,,
350.76,tap,0.49220,1,0.49220,,,,,,,,,,
353.81,tap,0.49226,1,0.49226,,,,,,,,,,
356.96,tap,0.49242,1,0.49242,,,,,,,,,,
359.92,tap,0.49266,1,0.49266,,,,,,,,,,
363.08,tap,0.49296,1,0.49296,,,,,,,,,,
366.14,tap,0.49334,1,0.49334,,,,,,,,,,
369.09,tap,0.49438,1,0.49438,,,,,,,,,,
372.25,tap,0.49472,1,0.49472,,,,,,,,,,
375.23,tap,0.49482,1,0.49482,,,,,,,,,,
378.38,tap,0.49498,1,0.49498,,,,,,,,,,
381.34,tap,0.49524,1,0.49524,,,,,,,,,,
384.31,tap,0.49608,1,0.49608,,,,,,,,,,
387.37,tap,0.49628,1,0.49628,,,,,,,,,,
390.42,tap,0.49660,1,0.49660,,,,,,,,,,
393.68,tap,0.49734,1,0.49734,,,,,,,,,,
--- END trickle telemetry CSV ---
