--- session 2026-10-06T03:42:39.133674+00:00 ---
>> 
>> s
firmware: trickle_tap/2026-09-30b
heap: 116688 bytes free, 88752 used
stepper: 60 auger rpm (max ~109), 1/8 microsteps; plate at 15.0 deg; scale UART0 @ 19200
trickle parameters ('set <key> <value>' to change):
  bulk_anticipation_g = 0.05
  bulk_boost_s = 3.0
  bulk_enabled = True
  bulk_max_passes = 8
  bulk_min_rpm = 20.0
  bulk_only = False
  bulk_poll_ms = 250
  bulk_rpm = 100.0
  bulk_settle_ms = 1500
  bulk_tap = True
  bulk_taper_start_g = 0.1
  bulk_tilt_deg = 40.0
  cutoff_margin_g = 0.035
  dose_timeout_s = 600
  ff_prior_g_per_rev = 0.35
  final_settle_ms = 2000
  goal_mass_g = 0.75
  k_sigma = 1.0
  kf_q_var = 0.0002
  log_max_rows = 1200
  log_min_free_bytes = 24000
  log_to_flash = False
  max_poll_misses = 10
  noisy_sd_g = 0.008
  overshoot_abort_g = 0.1
  post_trickle_settle_ms = 1200
  print_every_n_polls = 2
  quiet_sd_g = 0.0005
  rate_tau_s = 0.5
  stall_bail_s = 8.0
  tap_burst_above_g = 0.0
  tap_burst_taps = 2
  tap_cadence_off_ms = 440
  tap_cadence_on_ms = 60
  tap_max_cycles = 120
  tap_max_nudges = 20
  tap_nudge_deg = 5.0
  tap_settle_ms = 1500
  tap_tilt_deg = 15.0
  taps_per_cycle = 1
  tau_afterflow_s = 0.8338
  tau_bal_s = 0.7
  tolerance_g = 0.003
  trickle_dt_s = 0.25
  trickle_integ_clamp = 0.5
  trickle_ki = 120.0
  trickle_kp = 250.0
  trickle_max_rate_gps = 0.05
  trickle_min_rate_gps = 0.003
  trickle_rpm_cap = 45.0
  trickle_start_remaining_g = 0.3
  trickle_tap = False
  trickle_tilt_deg = 10.0
>> set bulk_anticipation_g 0.05
[set] bulk_anticipation_g = 0.05 (was 0.05)
>> set bulk_enabled 1
[set] bulk_enabled = True (was True)
>> set bulk_poll_ms 250
[set] bulk_poll_ms = 250 (was 250)
>> set bulk_settle_ms 1500
[set] bulk_settle_ms = 1500 (was 1500)
>> set cutoff_margin_g 0.035
[set] cutoff_margin_g = 0.035 (was 0.035)
>> set dose_timeout_s 600
[set] dose_timeout_s = 600 (was 600)
>> set ff_prior_g_per_rev 0.35
[set] ff_prior_g_per_rev = 0.35 (was 0.35)
>> set final_settle_ms 2000
[set] final_settle_ms = 2000 (was 2000)
>> set k_sigma 1
[set] k_sigma = 1.0 (was 1.0)
>> set kf_q_var 0.0002
[set] kf_q_var = 0.0002 (was 0.0002)
>> set log_max_rows 1200
[set] log_max_rows = 1200 (was 1200)
>> set log_to_flash 0
[set] log_to_flash = False (was False)
>> set max_poll_misses 10
[set] max_poll_misses = 10 (was 10)
>> set noisy_sd_g 0.008
[set] noisy_sd_g = 0.008 (was 0.008)
>> set overshoot_abort_g 0.1
[set] overshoot_abort_g = 0.1 (was 0.1)
>> set post_trickle_settle_ms 1200
[set] post_trickle_settle_ms = 1200 (was 1200)
>> set print_every_n_polls 2
[set] print_every_n_polls = 2 (was 2)
>> set quiet_sd_g 0.0005
[set] quiet_sd_g = 0.0005 (was 0.0005)
>> set rate_tau_s 0.5
[set] rate_tau_s = 0.5 (was 0.5)
>> set stall_bail_s 8
[set] stall_bail_s = 8.0 (was 8.0)
>> set tap_cadence_off_ms 440
[set] tap_cadence_off_ms = 440 (was 440)
>> set tap_cadence_on_ms 60
[set] tap_cadence_on_ms = 60 (was 60)
>> set tap_max_cycles 120
[set] tap_max_cycles = 120 (was 120)
>> set tap_max_nudges 20
[set] tap_max_nudges = 20 (was 20)
>> set tap_nudge_deg 5
[set] tap_nudge_deg = 5.0 (was 5.0)
>> set tap_settle_ms 1500
[set] tap_settle_ms = 1500 (was 1500)
>> set taps_per_cycle 1
[set] taps_per_cycle = 1 (was 1)
>> set tau_afterflow_s 0.3
[set] tau_afterflow_s = 0.3 (was 0.8338)
>> set tau_bal_s 0.7
[set] tau_bal_s = 0.7 (was 0.7)
>> set trickle_dt_s 0.25
[set] trickle_dt_s = 0.25 (was 0.25)
>> set trickle_integ_clamp 0.5
[set] trickle_integ_clamp = 0.5 (was 0.5)
>> set trickle_ki 120
[set] trickle_ki = 120.0 (was 120.0)
>> set trickle_kp 250
[set] trickle_kp = 250.0 (was 250.0)
>> set trickle_max_rate_gps 0.05
[set] trickle_max_rate_gps = 0.05 (was 0.05)
>> set trickle_min_rate_gps 0.003
[set] trickle_min_rate_gps = 0.003 (was 0.003)
>> set trickle_rpm_cap 45
[set] trickle_rpm_cap = 45.0 (was 45.0)
>> set bulk_tap 1
[set] bulk_tap = True (was True)
>> set trickle_tap 0
[set] trickle_tap = False (was False)
>> set bulk_tilt_deg 40
[set] bulk_tilt_deg = 40.0 (was 40.0)
>> set trickle_tilt_deg 10
[set] trickle_tilt_deg = 10.0 (was 10.0)
>> set tap_tilt_deg 15
[set] tap_tilt_deg = 15.0 (was 15.0)
>> set bulk_rpm 100
[set] bulk_rpm = 100.0 (was 100.0)
>> set trickle_start_remaining_g 0.3
[set] trickle_start_remaining_g = 0.3 (was 0.3)
>> set tolerance_g 0.003
[set] tolerance_g = 0.003 (was 0.003)
>> set tau_afterflow_s 0.8338
[set] tau_afterflow_s = 0.8338 (was 0.3)
>> g 0.5000
[dose] trickle-tap dose to 0.5000 g (tol 3.0 mg, trickle tilt 10.0 plate deg); taring scale
[dose] tared: baseline +0.0 mg (subtracted), drift +0.0 mg/min, read noise 0.00 mg
=== stage 1 'bulk': 0.5000 g to go, velocity mode @ 100 rpm until 0.3500 g to go
[phase 1 bulk] cadence taps on: one 60 ms pulse per 500 ms
[phase 1 bulk] poll 1: mass 0.0000 / 0.5000 g (0.5000 g to go, +0.0000 g this poll), elapsed 5.0 s
[phase 1 bulk] poll 2: mass 0.0000 / 0.5000 g (0.5000 g to go, +0.0000 g this poll), elapsed 6.0 s
[phase 1 bulk] poll 3 (unstable): mass 0.0065 / 0.5000 g (0.4935 g to go, +0.0065 g this poll), elapsed 6.0 s
[phase 1 bulk] poll 4 (unstable): mass 0.0363 / 0.5000 g (0.4637 g to go, +0.0298 g this poll), elapsed 6.0 s
[phase 1 bulk] poll 5 (unstable): mass 0.0858 / 0.5000 g (0.4142 g to go, +0.0495 g this poll), elapsed 7.0 s
[phase 1 bulk] poll 6 (unstable): mass 0.1313 / 0.5000 g (0.3687 g to go, +0.0455 g this poll), elapsed 7.0 s
[phase 1 bulk] poll 7 (unstable): mass 0.1851 / 0.5000 g (0.3149 g to go, +0.0538 g this poll), elapsed 8.0 s
[phase 1 bulk] auger halted at 0.3149 g to go (halt threshold 0.3500 g); settling 1500 ms
[phase 1 bulk] settled: mass 0.2928 / 0.5000 g (0.2072 g to go, +0.1077 g while settling), elapsed 11.0 s
[trickle] seeded at 0.2928 g; cutoff when m+r*0.83s+1.0*sigma >= 0.4650 g
[trickle]  14.6s m 0.2928 r  64.3 mg/s (sp  50.0) rpm  14.8 pred 0.3582/0.4650 sigma 11.8 mg
[trickle]  15.4s m 0.3225 r  58.2 mg/s (sp  50.0) rpm  12.0 pred 0.3788/0.4650 sigma 7.8 mg
[trickle]  16.1s m 0.3397 r  59.4 mg/s (sp  50.0) rpm  12.2 pred 0.3981/0.4650 sigma 8.9 mg
[trickle]  16.9s m 0.3495 r  59.4 mg/s (sp  50.0) rpm  12.4 pred 0.4081/0.4650 sigma 9.0 mg
[trickle]  17.6s m 0.3594 r  56.1 mg/s (sp  50.0) rpm  12.5 pred 0.4153/0.4650 sigma 9.1 mg
[trickle]  18.3s m 0.3686 r  44.0 mg/s (sp  50.0) rpm   9.9 pred 0.4141/0.4650 sigma 8.8 mg
[trickle]  19.0s m 0.3746 r  40.6 mg/s (sp  50.0) rpm  10.1 pred 0.4169/0.4650 sigma 8.4 mg
[trickle]  19.6s m 0.3817 r  39.8 mg/s (sp  50.0) rpm  10.4 pred 0.4232/0.4650 sigma 8.3 mg
[trickle]  20.4s m 0.3953 r  36.0 mg/s (sp  41.8) rpm  10.0 pred 0.4343/0.4650 sigma 9.0 mg
[trickle]  21.2s m 0.4023 r  33.3 mg/s (sp  37.6) rpm  10.3 pred 0.4391/0.4650 sigma 9.0 mg
[trickle]  21.9s m 0.4130 r  30.4 mg/s (sp  31.2) rpm  10.1 pred 0.4475/0.4650 sigma 9.2 mg
[trickle]  22.7s m 0.4275 r  25.8 mg/s (sp  22.5) rpm   9.2 pred 0.4581/0.4650 sigma 9.1 mg
[trickle] predictive cutoff: m 0.4373 + r*tau 0.0192 + k*sigma 0.0091 >= 0.4650 g
[trickle] halted; settled at 0.4458 g (+8.5 mg vs KF m_hat, 0.0542 g to go), 25 polls, 0 KF clamps, ff 0.154 g/rev
=== stage 3 'tap': 0.0542 g to go, single taps at 15.0 plate deg
[phase 3 tap] cycle 1: mass 0.4568 / 0.5000 g (0.0432 g to go, +0.0110 g this cycle), elapsed 29.0 s
[phase 3 tap] cycle 2: mass 0.4619 / 0.5000 g (0.0381 g to go, +0.0051 g this cycle), elapsed 32.0 s
[phase 3 tap] cycle 3: mass 0.4661 / 0.5000 g (0.0339 g to go, +0.0042 g this cycle), elapsed 35.0 s
[phase 3 tap] cycle 4: mass 0.4704 / 0.5000 g (0.0296 g to go, +0.0043 g this cycle), elapsed 38.0 s
[phase 3 tap] cycle 5: mass 0.4730 / 0.5000 g (0.0270 g to go, +0.0026 g this cycle), elapsed 41.0 s
[phase 3 tap] cycle 6: mass 0.4754 / 0.5000 g (0.0246 g to go, +0.0024 g this cycle), elapsed 44.0 s
[phase 3 tap] cycle 7: mass 0.4783 / 0.5000 g (0.0217 g to go, +0.0029 g this cycle), elapsed 47.0 s
[phase 3 tap] cycle 8: mass 0.4812 / 0.5000 g (0.0188 g to go, +0.0029 g this cycle), elapsed 50.0 s
[phase 3 tap] cycle 9: mass 0.4833 / 0.5000 g (0.0167 g to go, +0.0021 g this cycle), elapsed 53.0 s
[phase 3 tap] cycle 10: mass 0.4857 / 0.5000 g (0.0143 g to go, +0.0024 g this cycle), elapsed 56.0 s
[phase 3 tap] cycle 11: mass 0.4878 / 0.5000 g (0.0122 g to go, +0.0021 g this cycle), elapsed 59.0 s
[phase 3 tap] cycle 12: mass 0.4896 / 0.5000 g (0.0104 g to go, +0.0018 g this cycle), elapsed 62.0 s
[phase 3 tap] cycle 13: mass 0.4919 / 0.5000 g (0.0081 g to go, +0.0023 g this cycle), elapsed 65.0 s
[phase 3 tap] cycle 14: mass 0.4938 / 0.5000 g (0.0062 g to go, +0.0020 g this cycle), elapsed 69.0 s
[phase 3 tap] cycle 15: mass 0.4954 / 0.5000 g (0.0046 g to go, +0.0015 g this cycle), elapsed 72.0 s
[phase 3 tap] cycle 16: mass 0.4968 / 0.5000 g (0.0032 g to go, +0.0014 g this cycle), elapsed 75.0 s
[phase 3 tap] cycle 17: mass 0.4988 / 0.5000 g (0.0012 g to go, +0.0020 g this cycle), elapsed 77.0 s
[dose] final settle 2000 ms before the scoring reading
[dose] done: DoseResult(ok: 0.4992/0.5000 g in 81.0s; cycles bulk:7, trickle:25, tap:17; 6.30 auger rev, 21 taps)
RESULT {"phase_cycles": {"tap": 17, "bulk": 7, "trickle": 25}, "t_total_s": 80.95, "ff_g_per_rev": 0.1544, "stop_events": [{"settled_g": 0.2928, "rate_slope_gps": 0.10494, "rpm": 100.0, "rate_kf_gps": null, "t_stop_s": 10.67, "m_stop_g": 0.1851, "tau_s": 0.8338, "afterflow_g": 0.1077, "stalled": 0, "phase": "bulk"}, {"phase": "trickle", "rate_kf_gps": 0.02299, "settled_g": 0.44576, "stalled": 0, "tau_s": 0.8338, "m_stop_g": 0.43726, "afterflow_g": 0.0085, "rate_slope_gps": 0.02938, "t_stop_s": 23.1}], "error_mg": -0.8, "t_settle_s": 3.34, "t_tap_s": 52.01, "nudges": 0, "telemetry_rows": 51, "telemetry_truncated": 0, "fw": "trickle_tap/2026-09-30b", "v": 1, "target_g": 0.5, "status": "ok", "settled_final": 1, "auger_rev": 6.296, "baseline_g": 0.0, "final_g": 0.4992, "t_bulk_s": 6.22, "read_retries": 0, "dose_n": 5, "params": {"tau_afterflow_s": 0.8338, "goal_mass_g": 0.75, "taps_per_cycle": 1, "tap_cadence_on_ms": 60, "tap_burst_above_g": 0.0, "bulk_taper_start_g": 0.1, "bulk_boost_s": 3.0, "bulk_max_passes": 8, "final_settle_ms": 2000, "tap_cadence_off_ms": 440, "tap_burst_taps": 2, "tap_tilt_deg": 15.0, "trickle_tilt_deg": 10.0, "trickle_start_remaining_g": 0.3, "bulk_only": false, "bulk_min_rpm": 20.0, "trickle_tap": false, "overshoot_abort_g": 0.1, "bulk_tap": true, "tolerance_g": 0.003, "bulk_rpm": 100.0, "bulk_tilt_deg": 40.0}, "t_trickle_s": 14.92, "taps": 21, "log_path": null}
>> log
--- BEGIN trickle telemetry CSV ---
t_s,phase,z_g,fresh,m_g,r_gps,sigma_g,ff_gpr,r_sp_gps,err_gps,integ,rpm_cmd,pred_g,cutoff_g,clamp_hits
5.58,bulk,0.00000,1,0.00000,,,,,,,,,,
5.96,bulk,0.00000,1,0.00000,,,,,,,,,,
6.25,bulk,0.00650,1,0.00650,,,,,,,,,,
6.64,bulk,0.03630,1,0.03630,,,,,,,,,,
7.02,bulk,0.08580,1,0.08580,,,,,,,,,,
7.40,bulk,0.13130,1,0.13130,,,,,,,,,,
7.78,bulk,0.18510,1,0.18510,,,,,,,,,,
10.66,bulk,0.29280,1,0.29280,,,,,,,,,,
14.20,trickle,0.29280,1,0.29280,0.00000,0.01284,0.3500,0.05000,0.05000,0.0000,0.00,0.30564,0.46500,0
14.57,trickle,0.29280,1,0.29280,0.06430,0.01178,0.3500,0.05000,-0.01430,0.0193,14.82,0.35820,0.46500,0
14.95,trickle,0.29280,1,0.31736,0.01518,0.00661,0.3500,0.05000,0.03482,0.0140,0.00,0.33663,0.46500,0
15.35,trickle,0.29280,1,0.32251,0.05816,0.00777,0.3500,0.05000,-0.00816,0.0273,11.98,0.37877,0.46500,0
15.72,trickle,0.29320,1,0.34072,0.01847,0.00833,0.3500,0.05000,0.03153,0.0241,0.85,0.36445,0.46500,0
16.11,trickle,0.29380,1,0.33966,0.05944,0.00889,0.3500,0.05000,-0.00944,0.0357,12.17,0.39811,0.46500,0
16.49,trickle,0.30060,1,0.35296,0.02085,0.00900,0.3500,0.05000,0.02915,0.0320,1.48,0.37936,0.46500,0
16.86,trickle,0.30380,1,0.34953,0.05944,0.00905,0.3315,0.05000,-0.00944,0.0430,12.44,0.40814,0.46500,0
17.25,trickle,0.30920,1,0.36201,0.02369,0.00909,0.3177,0.05000,0.02631,0.0394,2.37,0.39086,0.46500,0
17.63,trickle,0.31220,1,0.35941,0.05609,0.00913,0.3011,0.05000,-0.00609,0.0495,12.51,0.41531,0.46500,0
17.92,trickle,0.31610,1,0.36601,0.03494,0.00858,0.2870,0.05000,0.01506,0.0471,4.13,0.40373,0.46500,0
18.30,trickle,0.31960,1,0.36858,0.04403,0.00878,0.2728,0.05000,0.00597,0.0515,9.95,0.41408,0.46500,0
18.68,trickle,0.32230,1,0.37450,0.03761,0.00894,0.2598,0.05000,0.01239,0.0538,7.94,0.41480,0.46500,0
18.97,trickle,0.32360,1,0.37457,0.04062,0.00845,0.2470,0.05000,0.00938,0.0585,10.12,0.41689,0.46500,0
19.35,trickle,0.32730,1,0.37895,0.03967,0.00875,0.2350,0.05000,0.01033,0.0612,9.69,0.42077,0.46500,0
19.64,trickle,0.33420,1,0.38166,0.03981,0.00831,0.2236,0.04998,0.01016,0.0651,10.40,0.42317,0.46500,0
20.02,trickle,0.34220,1,0.38880,0.03960,0.00868,0.2133,0.04569,0.00610,0.0681,10.71,0.43049,0.46500,0
20.41,trickle,0.34610,1,0.39528,0.03604,0.00898,0.2038,0.04181,0.00577,0.0704,9.97,0.43431,0.46500,0
20.79,trickle,0.34980,1,0.39873,0.03453,0.00900,0.1948,0.03974,0.00521,0.0727,10.16,0.43652,0.46500,0
21.17,trickle,0.35680,1,0.40235,0.03327,0.00903,0.1864,0.03757,0.00430,0.0746,10.26,0.43912,0.46500,0
21.57,trickle,0.36340,1,0.40633,0.03182,0.00909,0.1784,0.03518,0.00336,0.0763,10.23,0.44196,0.46500,0
21.94,trickle,0.37640,1,0.41302,0.03036,0.00916,0.1713,0.03117,0.00081,0.0775,10.15,0.44750,0.46500,0
22.32,trickle,0.38460,1,0.41935,0.02785,0.00910,0.1648,0.02737,-0.00048,0.0779,9.55,0.45168,0.46500,0
22.70,trickle,0.39820,1,0.42748,0.02581,0.00911,0.1592,0.02250,-0.00331,0.0777,9.20,0.45811,0.46500,0
23.08,trickle,0.41290,1,0.43726,0.02299,0.00912,0.1544,0.01664,-0.00636,0.0764,8.34,0.46555,0.46500,0
25.58,trickle_end,0.44576,1,0.44576,,,,,,,,,,0
28.92,tap,0.45680,1,0.45680,,,,,,,,,,
31.89,tap,0.46188,1,0.46188,,,,,,,,,,
34.85,tap,0.46610,1,0.46610,,,,,,,,,,
37.81,tap,0.47044,1,0.47044,,,,,,,,,,
40.79,tap,0.47300,1,0.47300,,,,,,,,,,
43.93,tap,0.47540,1,0.47540,,,,,,,,,,
47.00,tap,0.47830,1,0.47830,,,,,,,,,,
50.15,tap,0.48116,1,0.48116,,,,,,,,,,
53.21,tap,0.48326,1,0.48326,,,,,,,,,,
56.17,tap,0.48570,1,0.48570,,,,,,,,,,
59.34,tap,0.48780,1,0.48780,,,,,,,,,,
62.39,tap,0.48956,1,0.48956,,,,,,,,,,
65.56,tap,0.49186,1,0.49186,,,,,,,,,,
68.70,tap,0.49384,1,0.49384,,,,,,,,,,
71.68,tap,0.49538,1,0.49538,,,,,,,,,,
74.64,tap,0.49676,1,0.49676,,,,,,,,,,
77.59,tap,0.49876,1,0.49876,,,,,,,,,,
--- END trickle telemetry CSV ---
