--- session 2026-10-06T03:26:32.088465+00:00 ---
>> 
>> s
firmware: trickle_tap/2026-09-30b
heap: 125952 bytes free, 79488 used
stepper: 60 auger rpm (max ~109), 1/8 microsteps; plate at 15.0 deg; scale UART0 @ 19200
trickle parameters ('set <key> <value>' to change):
  bulk_anticipation_g = 0.05
  bulk_boost_s = 3.0
  bulk_enabled = True
  bulk_max_passes = 8
  bulk_min_rpm = 20.0
  bulk_only = False
  bulk_poll_ms = 250
  bulk_rpm = 100.0
  bulk_settle_ms = 1500
  bulk_tap = True
  bulk_taper_start_g = 0.1
  bulk_tilt_deg = 40.0
  cutoff_margin_g = 0.035
  dose_timeout_s = 600
  ff_prior_g_per_rev = 0.35
  final_settle_ms = 2000
  goal_mass_g = 0.75
  k_sigma = 1.0
  kf_q_var = 0.0002
  log_max_rows = 2400
  log_min_free_bytes = 24000
  log_to_flash = False
  max_poll_misses = 10
  noisy_sd_g = 0.008
  overshoot_abort_g = 0.1
  post_trickle_settle_ms = 1200
  print_every_n_polls = 2
  quiet_sd_g = 0.0005
  rate_tau_s = 0.5
  stall_bail_s = 8.0
  tap_burst_above_g = 0.0
  tap_burst_taps = 2
  tap_cadence_off_ms = 440
  tap_cadence_on_ms = 60
  tap_max_cycles = 120
  tap_max_nudges = 20
  tap_nudge_deg = 5.0
  tap_settle_ms = 1500
  tap_tilt_deg = 15.0
  taps_per_cycle = 1
  tau_afterflow_s = 0.8338
  tau_bal_s = 0.7
  tolerance_g = 0.003
  trickle_dt_s = 0.25
  trickle_integ_clamp = 0.5
  trickle_ki = 120.0
  trickle_kp = 250.0
  trickle_max_rate_gps = 0.05
  trickle_min_rate_gps = 0.003
  trickle_rpm_cap = 45.0
  trickle_start_remaining_g = 0.3
  trickle_tap = False
  trickle_tilt_deg = 10.0
>> set bulk_anticipation_g 0.05
[set] bulk_anticipation_g = 0.05 (was 0.05)
>> set bulk_enabled 1
[set] bulk_enabled = True (was True)
>> set bulk_poll_ms 250
[set] bulk_poll_ms = 250 (was 250)
>> set bulk_settle_ms 1500
[set] bulk_settle_ms = 1500 (was 1500)
>> set cutoff_margin_g 0.035
[set] cutoff_margin_g = 0.035 (was 0.035)
>> set dose_timeout_s 600
[set] dose_timeout_s = 600 (was 600)
>> set ff_prior_g_per_rev 0.35
[set] ff_prior_g_per_rev = 0.35 (was 0.35)
>> set final_settle_ms 2000
[set] final_settle_ms = 2000 (was 2000)
>> set k_sigma 1
[set] k_sigma = 1.0 (was 1.0)
>> set kf_q_var 0.0002
[set] kf_q_var = 0.0002 (was 0.0002)
>> set log_max_rows 2400
[set] log_max_rows = 2400 (was 2400)
>> set log_to_flash 0
[set] log_to_flash = False (was False)
>> set max_poll_misses 10
[set] max_poll_misses = 10 (was 10)
>> set noisy_sd_g 0.008
[set] noisy_sd_g = 0.008 (was 0.008)
>> set overshoot_abort_g 0.1
[set] overshoot_abort_g = 0.1 (was 0.1)
>> set post_trickle_settle_ms 1200
[set] post_trickle_settle_ms = 1200 (was 1200)
>> set print_every_n_polls 2
[set] print_every_n_polls = 2 (was 2)
>> set quiet_sd_g 0.0005
[set] quiet_sd_g = 0.0005 (was 0.0005)
>> set rate_tau_s 0.5
[set] rate_tau_s = 0.5 (was 0.5)
>> set stall_bail_s 8
[set] stall_bail_s = 8.0 (was 8.0)
>> set tap_cadence_off_ms 440
[set] tap_cadence_off_ms = 440 (was 440)
>> set tap_cadence_on_ms 60
[set] tap_cadence_on_ms = 60 (was 60)
>> set tap_max_cycles 120
[set] tap_max_cycles = 120 (was 120)
>> set tap_max_nudges 20
[set] tap_max_nudges = 20 (was 20)
>> set tap_nudge_deg 5
[set] tap_nudge_deg = 5.0 (was 5.0)
>> set tap_settle_ms 1500
[set] tap_settle_ms = 1500 (was 1500)
>> set taps_per_cycle 1
[set] taps_per_cycle = 1 (was 1)
>> set tau_afterflow_s 0.3
[set] tau_afterflow_s = 0.3 (was 0.8338)
>> set tau_bal_s 0.7
[set] tau_bal_s = 0.7 (was 0.7)
>> set trickle_dt_s 0.25
[set] trickle_dt_s = 0.25 (was 0.25)
>> set trickle_integ_clamp 0.5
[set] trickle_integ_clamp = 0.5 (was 0.5)
>> set trickle_ki 120
[set] trickle_ki = 120.0 (was 120.0)
>> set trickle_kp 250
[set] trickle_kp = 250.0 (was 250.0)
>> set trickle_max_rate_gps 0.05
[set] trickle_max_rate_gps = 0.05 (was 0.05)
>> set trickle_min_rate_gps 0.003
[set] trickle_min_rate_gps = 0.003 (was 0.003)
>> set trickle_rpm_cap 45
[set] trickle_rpm_cap = 45.0 (was 45.0)
>> set bulk_tap 1
[set] bulk_tap = True (was True)
>> set trickle_tap 0
[set] trickle_tap = False (was False)
>> set bulk_tilt_deg 40
[set] bulk_tilt_deg = 40.0 (was 40.0)
>> set trickle_tilt_deg 10
[set] trickle_tilt_deg = 10.0 (was 10.0)
>> set tap_tilt_deg 15
[set] tap_tilt_deg = 15.0 (was 15.0)
>> set bulk_rpm 100
[set] bulk_rpm = 100.0 (was 100.0)
>> set trickle_start_remaining_g 0.3
[set] trickle_start_remaining_g = 0.3 (was 0.3)
>> set tolerance_g 0.003
[set] tolerance_g = 0.003 (was 0.003)
>> set tau_afterflow_s 0.8338
[set] tau_afterflow_s = 0.8338 (was 0.3)
>> g 0.5000
[dose] no room for 2400 telemetry rows; logging off for this dose
[dose] trickle-tap dose to 0.5000 g (tol 3.0 mg, trickle tilt 10.0 plate deg); taring scale
[dose] tared: baseline +0.0 mg (subtracted), drift +0.0 mg/min, read noise 0.00 mg
=== stage 1 'bulk': 0.5000 g to go, velocity mode @ 100 rpm until 0.3500 g to go
[phase 1 bulk] cadence taps on: one 60 ms pulse per 500 ms
[phase 1 bulk] poll 1: mass 0.0000 / 0.5000 g (0.5000 g to go, +0.0000 g this poll), elapsed 5.0 s
[phase 1 bulk] poll 2: mass 0.0000 / 0.5000 g (0.5000 g to go, +0.0000 g this poll), elapsed 6.0 s
[phase 1 bulk] poll 3 (unstable): mass 0.0106 / 0.5000 g (0.4894 g to go, +0.0106 g this poll), elapsed 6.0 s
[phase 1 bulk] poll 4 (unstable): mass 0.0555 / 0.5000 g (0.4445 g to go, +0.0449 g this poll), elapsed 6.0 s
[phase 1 bulk] poll 5 (unstable): mass 0.1104 / 0.5000 g (0.3896 g to go, +0.0549 g this poll), elapsed 7.0 s
[phase 1 bulk] poll 6 (unstable): mass 0.1599 / 0.5000 g (0.3401 g to go, +0.0495 g this poll), elapsed 7.0 s
[phase 1 bulk] auger halted at 0.3401 g to go (halt threshold 0.3500 g); settling 1500 ms
[phase 1 bulk] settled: mass 0.2936 / 0.5000 g (0.2064 g to go, +0.1337 g while settling), elapsed 10.0 s
[trickle] seeded at 0.2935 g; cutoff when m+r*0.83s+1.0*sigma >= 0.4650 g
[trickle]  14.0s m 0.2935 r  67.3 mg/s (sp  50.0) rpm  14.7 pred 0.3615/0.4650 sigma 11.9 mg
[trickle]  14.8s m 0.3243 r  53.2 mg/s (sp  50.0) rpm  11.1 pred 0.3763/0.4650 sigma 7.6 mg
[trickle]  15.6s m 0.3411 r  57.6 mg/s (sp  50.0) rpm  11.4 pred 0.3981/0.4650 sigma 9.0 mg
[trickle]  16.3s m 0.3490 r  56.0 mg/s (sp  50.0) rpm  11.4 pred 0.4048/0.4650 sigma 9.1 mg
[trickle]  17.1s m 0.3595 r  53.1 mg/s (sp  50.0) rpm  11.8 pred 0.4129/0.4650 sigma 9.1 mg
[trickle]  17.8s m 0.3794 r  48.4 mg/s (sp  50.0) rpm  11.3 pred 0.4288/0.4650 sigma 9.1 mg
[trickle]  18.5s m 0.3934 r  38.4 mg/s (sp  42.9) rpm   8.8 pred 0.4342/0.4650 sigma 8.8 mg
[trickle]  19.2s m 0.4020 r  33.6 mg/s (sp  37.8) rpm   8.2 pred 0.4385/0.4650 sigma 8.4 mg
[trickle]  20.0s m 0.4123 r  30.8 mg/s (sp  31.6) rpm   8.1 pred 0.4470/0.4650 sigma 9.0 mg
[trickle]  20.7s m 0.4239 r  26.1 mg/s (sp  24.6) rpm   7.3 pred 0.4548/0.4650 sigma 9.0 mg
[trickle]  21.5s m 0.4418 r  21.1 mg/s (sp  13.9) rpm   6.1 pred 0.4685/0.4650 sigma 9.1 mg
[trickle] predictive cutoff: m 0.4418 + r*tau 0.0176 + k*sigma 0.0091 >= 0.4650 g
[trickle] halted; settled at 0.4647 g (+22.9 mg vs KF m_hat, 0.0353 g to go), 22 polls, 0 KF clamps, ff 0.192 g/rev
=== stage 3 'tap': 0.0353 g to go, single taps at 15.0 plate deg
[phase 3 tap] cycle 1: mass 0.4708 / 0.5000 g (0.0292 g to go, +0.0061 g this cycle), elapsed 27.0 s
[phase 3 tap] cycle 2: mass 0.4748 / 0.5000 g (0.0252 g to go, +0.0040 g this cycle), elapsed 30.0 s
[phase 3 tap] cycle 3: mass 0.4793 / 0.5000 g (0.0207 g to go, +0.0045 g this cycle), elapsed 33.0 s
[phase 3 tap] cycle 4: mass 0.4819 / 0.5000 g (0.0181 g to go, +0.0026 g this cycle), elapsed 36.0 s
[phase 3 tap] cycle 5: mass 0.4850 / 0.5000 g (0.0150 g to go, +0.0031 g this cycle), elapsed 39.0 s
[phase 3 tap] cycle 6: mass 0.4877 / 0.5000 g (0.0123 g to go, +0.0027 g this cycle), elapsed 42.0 s
[phase 3 tap] cycle 7: mass 0.4894 / 0.5000 g (0.0106 g to go, +0.0017 g this cycle), elapsed 45.0 s
[phase 3 tap] cycle 8: mass 0.4919 / 0.5000 g (0.0081 g to go, +0.0024 g this cycle), elapsed 48.0 s
[phase 3 tap] cycle 9: mass 0.4939 / 0.5000 g (0.0061 g to go, +0.0021 g this cycle), elapsed 51.0 s
[phase 3 tap] cycle 10: mass 0.4954 / 0.5000 g (0.0046 g to go, +0.0015 g this cycle), elapsed 54.0 s
[phase 3 tap] cycle 11: mass 0.4970 / 0.5000 g (0.0030 g to go, +0.0015 g this cycle), elapsed 58.0 s
[phase 3 tap] cycle 12: mass 0.4990 / 0.5000 g (0.0010 g to go, +0.0021 g this cycle), elapsed 61.0 s
[dose] final settle 2000 ms before the scoring reading
[dose] done: DoseResult(ok: 0.4994/0.5000 g in 64.0s; cycles bulk:6, trickle:22, tap:12; 4.33 auger rev, 15 taps)
RESULT {"phase_cycles": {"tap": 12, "bulk": 6, "trickle": 22}, "t_total_s": 64.15, "ff_g_per_rev": 0.1925, "stop_events": [{"settled_g": 0.2936, "rate_slope_gps": 0.0939, "rpm": 100.0, "rate_kf_gps": null, "t_stop_s": 10.0, "m_stop_g": 0.1599, "tau_s": 0.8338, "afterflow_g": 0.1337, "stalled": 0, "phase": "bulk"}, {"phase": "trickle", "rate_kf_gps": 0.02109, "settled_g": 0.4647, "stalled": 0, "tau_s": 0.8338, "m_stop_g": 0.44179, "afterflow_g": 0.02291, "rate_slope_gps": 0.02967, "t_stop_s": 21.48}], "error_mg": -0.6, "t_settle_s": 3.25, "t_tap_s": 36.92, "nudges": 0, "telemetry_rows": 0, "telemetry_truncated": 1, "fw": "trickle_tap/2026-09-30b", "v": 1, "target_g": 0.5, "status": "ok", "settled_final": 1, "auger_rev": 4.334, "baseline_g": 0.0, "final_g": 0.4994, "t_bulk_s": 5.82, "read_retries": 0, "dose_n": 2, "params": {"tau_afterflow_s": 0.8338, "goal_mass_g": 0.75, "taps_per_cycle": 1, "tap_cadence_on_ms": 60, "tap_burst_above_g": 0.0, "bulk_taper_start_g": 0.1, "bulk_boost_s": 3.0, "bulk_max_passes": 8, "final_settle_ms": 2000, "tap_cadence_off_ms": 440, "tap_burst_taps": 2, "tap_tilt_deg": 15.0, "trickle_tilt_deg": 10.0, "trickle_start_remaining_g": 0.3, "bulk_only": false, "bulk_min_rpm": 20.0, "trickle_tap": false, "overshoot_abort_g": 0.1, "bulk_tap": true, "tolerance_g": 0.003, "bulk_rpm": 100.0, "bulk_tilt_deg": 40.0}, "t_trickle_s": 13.96, "taps": 15, "log_path": null}
>> log
[log] no telemetry yet -- run a dose first
