--- session 2026-09-29T03:41:49.640220+00:00 ---
>> 
>> s
firmware: trickle_tap/2026-09-25
stepper: 60 auger rpm (max ~109), 1/8 microsteps; plate at 15.0 deg; scale UART0 @ 19200
trickle parameters ('set <key> <value>' to change):
  bulk_anticipation_g = 0.05
  bulk_enabled = True
  bulk_poll_ms = 250
  bulk_rpm = 100.0
  bulk_settle_ms = 1500
  bulk_tap = True
  bulk_tilt_deg = 40.0
  cutoff_margin_g = 0.035
  dose_timeout_s = 600
  ff_prior_g_per_rev = 0.35
  final_settle_ms = 2000
  goal_mass_g = 0.75
  k_sigma = 1.0
  kf_q_var = 0.0002
  log_max_rows = 2400
  log_to_flash = False
  max_poll_misses = 10
  noisy_sd_g = 0.008
  overshoot_abort_g = 0.1
  post_trickle_settle_ms = 1200
  print_every_n_polls = 2
  quiet_sd_g = 0.0005
  rate_tau_s = 0.5
  stall_bail_s = 8.0
  tap_cadence_off_ms = 440
  tap_cadence_on_ms = 60
  tap_max_cycles = 120
  tap_max_nudges = 20
  tap_nudge_deg = 5.0
  tap_settle_ms = 1500
  tap_tilt_deg = 15.0
  taps_per_cycle = 1
  tau_afterflow_s = 0.8338
  tau_bal_s = 0.7
  tolerance_g = 0.003
  trickle_dt_s = 0.25
  trickle_integ_clamp = 0.5
  trickle_ki = 120.0
  trickle_kp = 250.0
  trickle_max_rate_gps = 0.05
  trickle_min_rate_gps = 0.003
  trickle_rpm_cap = 45.0
  trickle_start_remaining_g = 0.3
  trickle_tap = False
  trickle_tilt_deg = 10.0
>> set bulk_anticipation_g 0.05
[set] bulk_anticipation_g = 0.05 (was 0.05)
>> set bulk_enabled 1
[set] bulk_enabled = True (was True)
>> set bulk_poll_ms 250
[set] bulk_poll_ms = 250 (was 250)
>> set bulk_settle_ms 1500
[set] bulk_settle_ms = 1500 (was 1500)
>> set cutoff_margin_g 0.035
[set] cutoff_margin_g = 0.035 (was 0.035)
>> set dose_timeout_s 600
[set] dose_timeout_s = 600 (was 600)
>> set ff_prior_g_per_rev 0.35
[set] ff_prior_g_per_rev = 0.35 (was 0.35)
>> set final_settle_ms 2000
[set] final_settle_ms = 2000 (was 2000)
>> set k_sigma 1
[set] k_sigma = 1.0 (was 1.0)
>> set kf_q_var 0.0002
[set] kf_q_var = 0.0002 (was 0.0002)
>> set log_max_rows 2400
[set] log_max_rows = 2400 (was 2400)
>> set log_to_flash 0
[set] log_to_flash = False (was False)
>> set max_poll_misses 10
[set] max_poll_misses = 10 (was 10)
>> set noisy_sd_g 0.008
[set] noisy_sd_g = 0.008 (was 0.008)
>> set overshoot_abort_g 0.1
[set] overshoot_abort_g = 0.1 (was 0.1)
>> set post_trickle_settle_ms 1200
[set] post_trickle_settle_ms = 1200 (was 1200)
>> set print_every_n_polls 2
[set] print_every_n_polls = 2 (was 2)
>> set quiet_sd_g 0.0005
[set] quiet_sd_g = 0.0005 (was 0.0005)
>> set rate_tau_s 0.5
[set] rate_tau_s = 0.5 (was 0.5)
>> set stall_bail_s 8
[set] stall_bail_s = 8.0 (was 8.0)
>> set tap_cadence_off_ms 440
[set] tap_cadence_off_ms = 440 (was 440)
>> set tap_cadence_on_ms 60
[set] tap_cadence_on_ms = 60 (was 60)
>> set tap_max_cycles 120
[set] tap_max_cycles = 120 (was 120)
>> set tap_max_nudges 20
[set] tap_max_nudges = 20 (was 20)
>> set tap_nudge_deg 5
[set] tap_nudge_deg = 5.0 (was 5.0)
>> set tap_settle_ms 1500
[set] tap_settle_ms = 1500 (was 1500)
>> set taps_per_cycle 1
[set] taps_per_cycle = 1 (was 1)
>> set tau_afterflow_s 0.3
[set] tau_afterflow_s = 0.3 (was 0.8338)
>> set tau_bal_s 0.7
[set] tau_bal_s = 0.7 (was 0.7)
>> set trickle_dt_s 0.25
[set] trickle_dt_s = 0.25 (was 0.25)
>> set trickle_integ_clamp 0.5
[set] trickle_integ_clamp = 0.5 (was 0.5)
>> set trickle_ki 120
[set] trickle_ki = 120.0 (was 120.0)
>> set trickle_kp 250
[set] trickle_kp = 250.0 (was 250.0)
>> set trickle_max_rate_gps 0.05
[set] trickle_max_rate_gps = 0.05 (was 0.05)
>> set trickle_min_rate_gps 0.003
[set] trickle_min_rate_gps = 0.003 (was 0.003)
>> set trickle_rpm_cap 45
[set] trickle_rpm_cap = 45.0 (was 45.0)
>> set bulk_tap 1
[set] bulk_tap = True (was True)
>> set trickle_tap 0
[set] trickle_tap = False (was False)
>> set bulk_tilt_deg 40
[set] bulk_tilt_deg = 40.0 (was 40.0)
>> set trickle_tilt_deg 10
[set] trickle_tilt_deg = 10.0 (was 10.0)
>> set tap_tilt_deg 15
[set] tap_tilt_deg = 15.0 (was 15.0)
>> set bulk_rpm 20
[set] bulk_rpm = 20.0 (was 100.0)
>> set trickle_start_remaining_g 0.3
[set] trickle_start_remaining_g = 0.3 (was 0.3)
>> set tolerance_g 0.003
[set] tolerance_g = 0.003 (was 0.003)
>> set tau_afterflow_s 0.8338
[set] tau_afterflow_s = 0.8338 (was 0.3)
>> g 0.5000
[dose] trickle-tap dose to 0.5000 g (tol 3.0 mg, trickle tilt 10.0 plate deg); taring scale
[dose] tared: baseline +0.0 mg (subtracted), drift +0.0 mg/min, read noise 0.00 mg
=== stage 1 'bulk': 0.5000 g to go, velocity mode @ 20 rpm until 0.3500 g to go
[phase 1 bulk] cadence taps on: one 60 ms pulse per 500 ms
[phase 1 bulk] poll 1: mass 0.0000 / 0.5000 g (0.5000 g to go, +0.0000 g this poll), elapsed 5.0 s
[phase 1 bulk] poll 2: mass 0.0000 / 0.5000 g (0.5000 g to go, +0.0000 g this poll), elapsed 5.0 s
[phase 1 bulk] poll 3: mass 0.0000 / 0.5000 g (0.5000 g to go, +0.0000 g this poll), elapsed 6.0 s
[phase 1 bulk] poll 4 (unstable): mass 0.0172 / 0.5000 g (0.4828 g to go, +0.0172 g this poll), elapsed 6.0 s
[phase 1 bulk] poll 5 (unstable): mass 0.0469 / 0.5000 g (0.4531 g to go, +0.0297 g this poll), elapsed 7.0 s
[phase 1 bulk] poll 6 (unstable): mass 0.0695 / 0.5000 g (0.4305 g to go, +0.0226 g this poll), elapsed 7.0 s
[phase 1 bulk] poll 7 (unstable): mass 0.0817 / 0.5000 g (0.4183 g to go, +0.0122 g this poll), elapsed 7.0 s
[phase 1 bulk] poll 8 (unstable): mass 0.0952 / 0.5000 g (0.4048 g to go, +0.0135 g this poll), elapsed 8.0 s
[phase 1 bulk] poll 9 (unstable): mass 0.1115 / 0.5000 g (0.3885 g to go, +0.0163 g this poll), elapsed 8.0 s
[phase 1 bulk] poll 10 (unstable): mass 0.1424 / 0.5000 g (0.3576 g to go, +0.0309 g this poll), elapsed 9.0 s
[phase 1 bulk] poll 11 (unstable): mass 0.1606 / 0.5000 g (0.3394 g to go, +0.0182 g this poll), elapsed 9.0 s
[phase 1 bulk] auger halted at 0.3394 g to go (halt threshold 0.3500 g); settling 1500 ms
[phase 1 bulk] settled: mass 0.2733 / 0.5000 g (0.2267 g to go, +0.1127 g while settling), elapsed 12.0 s
[trickle] seeded at 0.2734 g; cutoff when m+r*0.83s+1.0*sigma >= 0.4650 g
[trickle]  15.6s m 0.2734 r  49.4 mg/s (sp  50.0) rpm  14.7 pred 0.3264/0.4650 sigma 11.8 mg
[trickle]  16.2s m 0.2953 r  44.3 mg/s (sp  50.0) rpm  10.4 pred 0.3417/0.4650 sigma 9.5 mg
[trickle]  17.0s m 0.3180 r  46.3 mg/s (sp  50.0) rpm   8.7 pred 0.3657/0.4650 sigma 9.1 mg
[trickle]  17.8s m 0.3321 r  48.0 mg/s (sp  50.0) rpm   9.0 pred 0.3811/0.4650 sigma 9.1 mg
[trickle]  18.5s m 0.3414 r  46.7 mg/s (sp  50.0) rpm   9.5 pred 0.3895/0.4650 sigma 9.1 mg
[trickle]  19.2s m 0.3487 r  42.6 mg/s (sp  50.0) rpm   9.1 pred 0.3931/0.4650 sigma 8.8 mg
[trickle]  19.9s m 0.3560 r  41.1 mg/s (sp  50.0) rpm   9.8 pred 0.3987/0.4650 sigma 8.4 mg
[trickle]  20.7s m 0.3668 r  40.8 mg/s (sp  50.0) rpm  10.4 pred 0.4098/0.4650 sigma 9.0 mg
[trickle]  21.4s m 0.3792 r  40.4 mg/s (sp  50.0) rpm  11.3 pred 0.4220/0.4650 sigma 9.0 mg
[trickle]  22.2s m 0.3908 r  38.4 mg/s (sp  44.5) rpm  11.6 pred 0.4319/0.4650 sigma 9.1 mg
[trickle]  22.8s m 0.4028 r  34.6 mg/s (sp  37.3) rpm  11.1 pred 0.4402/0.4650 sigma 8.6 mg
[trickle]  23.5s m 0.4098 r  30.6 mg/s (sp  33.1) rpm  10.7 pred 0.4436/0.4650 sigma 8.3 mg
[trickle]  24.2s m 0.4126 r  28.8 mg/s (sp  31.4) rpm  11.1 pred 0.4448/0.4650 sigma 8.3 mg
[trickle]  24.9s m 0.4215 r  27.0 mg/s (sp  26.1) rpm  11.1 pred 0.4529/0.4650 sigma 8.9 mg
[trickle]  25.7s m 0.4366 r  22.4 mg/s (sp  17.0) rpm   9.6 pred 0.4644/0.4650 sigma 9.1 mg
[trickle] predictive cutoff: m 0.4440 + r*tau 0.0168 + k*sigma 0.0091 >= 0.4650 g
[trickle] halted; settled at 0.4386 g (-5.4 mg vs KF m_hat, 0.0614 g to go), 31 polls, 0 KF clamps, ff 0.129 g/rev
=== stage 3 'tap': 0.0614 g to go, single taps at 15.0 plate deg
[phase 3 tap] cycle 1: mass 0.4483 / 0.5000 g (0.0517 g to go, +0.0097 g this cycle), elapsed 31.0 s
[phase 3 tap] cycle 2: mass 0.4565 / 0.5000 g (0.0435 g to go, +0.0082 g this cycle), elapsed 35.0 s
[phase 3 tap] cycle 3: mass 0.4617 / 0.5000 g (0.0383 g to go, +0.0052 g this cycle), elapsed 38.0 s
[phase 3 tap] cycle 4: mass 0.4639 / 0.5000 g (0.0361 g to go, +0.0022 g this cycle), elapsed 41.0 s
[phase 3 tap] cycle 5: mass 0.4671 / 0.5000 g (0.0329 g to go, +0.0032 g this cycle), elapsed 44.0 s
[phase 3 tap] cycle 6: mass 0.4697 / 0.5000 g (0.0303 g to go, +0.0026 g this cycle), elapsed 47.0 s
[phase 3 tap] cycle 7: mass 0.4722 / 0.5000 g (0.0278 g to go, +0.0025 g this cycle), elapsed 50.0 s
[phase 3 tap] cycle 8: mass 0.4742 / 0.5000 g (0.0258 g to go, +0.0020 g this cycle), elapsed 53.0 s
[phase 3 tap] cycle 9: mass 0.4764 / 0.5000 g (0.0236 g to go, +0.0022 g this cycle), elapsed 56.0 s
[phase 3 tap] cycle 10: mass 0.4788 / 0.5000 g (0.0212 g to go, +0.0024 g this cycle), elapsed 59.0 s
[phase 3 tap] cycle 11: mass 0.4817 / 0.5000 g (0.0183 g to go, +0.0029 g this cycle), elapsed 62.0 s
[phase 3 tap] cycle 12: mass 0.4831 / 0.5000 g (0.0169 g to go, +0.0015 g this cycle), elapsed 65.0 s
[phase 3 tap] cycle 13: mass 0.4842 / 0.5000 g (0.0158 g to go, +0.0011 g this cycle), elapsed 68.0 s
[phase 3 tap] cycle 14: mass 0.4864 / 0.5000 g (0.0136 g to go, +0.0022 g this cycle), elapsed 71.0 s
[phase 3 tap] cycle 15: mass 0.4883 / 0.5000 g (0.0117 g to go, +0.0019 g this cycle), elapsed 74.0 s
[phase 3 tap] cycle 16: mass 0.4891 / 0.5000 g (0.0109 g to go, +0.0007 g this cycle), elapsed 77.0 s
[phase 3 tap] cycle 17: mass 0.4906 / 0.5000 g (0.0094 g to go, +0.0015 g this cycle), elapsed 80.0 s
[phase 3 tap] cycle 18: mass 0.4927 / 0.5000 g (0.0073 g to go, +0.0021 g this cycle), elapsed 83.0 s
[phase 3 tap] cycle 19: mass 0.4944 / 0.5000 g (0.0056 g to go, +0.0017 g this cycle), elapsed 86.0 s
[phase 3 tap] cycle 20: mass 0.4958 / 0.5000 g (0.0042 g to go, +0.0014 g this cycle), elapsed 90.0 s
[phase 3 tap] cycle 21: mass 0.4980 / 0.5000 g (0.0020 g to go, +0.0022 g this cycle), elapsed 93.0 s
[dose] final settle 2000 ms before the scoring reading
[dose] done: DoseResult(ok: 0.4985/0.5000 g in 96.0s; cycles bulk:11, trickle:31, tap:21; 3.06 auger rev, 28 taps)
RESULT {"fw": "trickle_tap/2026-09-25", "t_total_s": 96.2, "t_bulk_s": 7.76, "taps": 28, "t_trickle_s": 16.64, "t_settle_s": 3.52, "phase_cycles": {"tap": 21, "bulk": 11, "trickle": 31}, "ff_g_per_rev": 0.1287, "error_mg": -1.5, "params": {"tap_cadence_off_ms": 440, "trickle_tap": false, "trickle_tilt_deg": 10.0, "tolerance_g": 0.003, "goal_mass_g": 0.75, "trickle_start_remaining_g": 0.3, "bulk_tilt_deg": 40.0, "tau_afterflow_s": 0.8338, "tap_tilt_deg": 15.0, "bulk_tap": true, "overshoot_abort_g": 0.1, "final_settle_ms": 2000, "bulk_rpm": 20.0, "tap_cadence_on_ms": 60}, "telemetry_rows": 65, "nudges": 0, "log_path": null, "settled_final": 1, "baseline_g": 0.0, "t_tap_s": 64.17, "auger_rev": 3.06, "status": "ok", "final_g": 0.4985, "v": 1, "target_g": 0.5, "stop_events": [{"settled_g": 0.27328, "rate_slope_gps": 0.04901, "rpm": 20.0, "rate_kf_gps": null, "t_stop_s": 11.86, "m_stop_g": 0.1606, "tau_s": 0.8338, "afterflow_g": 0.11268, "stalled": 0, "phase": "bulk"}, {"phase": "trickle", "rate_kf_gps": 0.02021, "settled_g": 0.43864, "stalled": 0, "tau_s": 0.8338, "m_stop_g": 0.44401, "afterflow_g": -0.00537, "rate_slope_gps": 0.02667, "t_stop_s": 26.1}], "read_retries": 0, "dose_n": 35}
>> log
--- BEGIN trickle telemetry CSV ---
t_s,phase,z_g,fresh,m_g,r_gps,sigma_g,ff_gpr,r_sp_gps,err_gps,integ,rpm_cmd,pred_g,cutoff_g,clamp_hits
5.25,bulk,0.00000,1,0.00000,,,,,,,,,,
5.63,bulk,0.00000,1,0.00000,,,,,,,,,,
6.02,bulk,0.00000,1,0.00000,,,,,,,,,,
6.39,bulk,0.01720,1,0.01720,,,,,,,,,,
6.77,bulk,0.04690,1,0.04690,,,,,,,,,,
7.16,bulk,0.06950,1,0.06950,,,,,,,,,,
7.55,bulk,0.08170,1,0.08170,,,,,,,,,,
7.92,bulk,0.09520,1,0.09520,,,,,,,,,,
8.30,bulk,0.11150,1,0.11150,,,,,,,,,,
8.69,bulk,0.14240,1,0.14240,,,,,,,,,,
9.06,bulk,0.16060,1,0.16060,,,,,,,,,,
11.85,bulk,0.27328,1,0.27328,,,,,,,,,,
15.28,trickle,0.27340,1,0.27339,0.00000,0.01295,0.3500,0.05000,0.05000,0.0000,0.00,0.28634,0.46500,0
15.57,trickle,0.27340,1,0.27339,0.04936,0.01180,0.3500,0.05000,0.00064,0.0183,14.69,0.32635,0.46500,0
15.95,trickle,0.27340,1,0.29220,0.02229,0.01076,0.3500,0.05000,0.02771,0.0184,2.37,0.32156,0.46500,0
16.24,trickle,0.27340,1,0.29531,0.04426,0.00948,0.3500,0.05000,0.00574,0.0290,10.41,0.34169,0.46500,0
16.62,trickle,0.28090,1,0.31028,0.03318,0.00923,0.3500,0.05000,0.01682,0.0306,5.11,0.34717,0.46500,0
17.00,trickle,0.28290,1,0.31798,0.04626,0.00911,0.3500,0.05000,0.00374,0.0371,8.65,0.36567,0.46500,0
17.40,trickle,0.28370,1,0.32879,0.03510,0.00919,0.3500,0.05000,0.01490,0.0385,5.55,0.36725,0.46500,0
17.77,trickle,0.28460,1,0.33208,0.04796,0.00908,0.3336,0.05000,0.00204,0.0444,9.05,0.38115,0.46500,0
18.15,trickle,0.28560,1,0.33900,0.03617,0.00909,0.3188,0.05000,0.01383,0.0451,5.93,0.37825,0.46500,0
18.53,trickle,0.29060,1,0.34142,0.04671,0.00909,0.3033,0.05000,0.00329,0.0504,9.50,0.38947,0.46500,0
18.82,trickle,0.29370,1,0.34471,0.03964,0.00855,0.2889,0.05000,0.01036,0.0516,7.02,0.38632,0.46500,0
19.20,trickle,0.29700,1,0.34873,0.04260,0.00881,0.2749,0.05000,0.00740,0.0547,9.15,0.39306,0.46500,0
19.58,trickle,0.30180,1,0.35418,0.04032,0.00894,0.2618,0.05000,0.00968,0.0575,8.75,0.39674,0.46500,0
19.87,trickle,0.30570,1,0.35600,0.04110,0.00845,0.2492,0.05000,0.00890,0.0612,9.76,0.39871,0.46500,0
20.25,trickle,0.30830,1,0.36070,0.04063,0.00875,0.2373,0.05000,0.00937,0.0637,9.87,0.40333,0.46500,0
20.65,trickle,0.31620,1,0.36680,0.04079,0.00901,0.2262,0.05000,0.00921,0.0673,10.42,0.40982,0.46500,0
21.02,trickle,0.32280,1,0.37252,0.04044,0.00901,0.2159,0.05000,0.00956,0.0709,10.82,0.41525,0.46500,0
21.42,trickle,0.33160,1,0.37923,0.04039,0.00905,0.2063,0.05000,0.00961,0.0745,11.33,0.42195,0.46500,0
21.79,trickle,0.33620,1,0.38534,0.04019,0.00915,0.1974,0.04777,0.00758,0.0782,11.78,0.42800,0.46500,0
22.17,trickle,0.34200,1,0.39078,0.03841,0.00909,0.1891,0.04451,0.00610,0.0811,11.63,0.43189,0.46500,0
22.55,trickle,0.35260,1,0.39765,0.03657,0.00911,0.1815,0.04039,0.00382,0.0834,11.53,0.43726,0.46500,0
22.84,trickle,0.36270,1,0.40281,0.03462,0.00856,0.1745,0.03730,0.00267,0.0849,11.14,0.44023,0.46500,0
23.22,trickle,0.36580,1,0.40859,0.03224,0.00881,0.1681,0.03382,0.00158,0.0856,10.95,0.44429,0.46500,0
23.51,trickle,0.36660,1,0.40977,0.03058,0.00835,0.1620,0.03312,0.00253,0.0862,10.74,0.44362,0.46500,0
23.89,trickle,0.36770,1,0.41188,0.02971,0.00869,0.1561,0.03186,0.00215,0.0870,11.07,0.44534,0.46500,0
24.18,trickle,0.37240,1,0.41256,0.02876,0.00828,0.1504,0.03144,0.00269,0.0878,11.07,0.44482,0.46500,0
24.56,trickle,0.37570,1,0.41536,0.02813,0.00868,0.1450,0.02977,0.00164,0.0886,11.30,0.44749,0.46500,0
24.94,trickle,0.38950,1,0.42152,0.02700,0.00887,0.1401,0.02608,-0.00093,0.0892,11.11,0.45290,0.46500,0
25.32,trickle,0.40160,1,0.42936,0.02489,0.00900,0.1358,0.02137,-0.00352,0.0888,10.43,0.45911,0.46500,0
25.70,trickle,0.41010,1,0.43660,0.02243,0.00906,0.1320,0.01703,-0.00540,0.0875,9.62,0.46437,0.46500,0
26.09,trickle,0.42070,1,0.44401,0.02021,0.00911,0.1287,0.01259,-0.00762,0.0854,8.90,0.46997,0.46500,0
28.49,trickle_end,0.43864,1,0.43864,,,,,,,,,,0
31.64,tap,0.44832,1,0.44832,,,,,,,,,,
34.71,tap,0.45652,1,0.45652,,,,,,,,,,
37.86,tap,0.46174,1,0.46174,,,,,,,,,,
41.01,tap,0.46390,1,0.46390,,,,,,,,,,
44.17,tap,0.46710,1,0.46710,,,,,,,,,,
47.14,tap,0.46970,1,0.46970,,,,,,,,,,
50.10,tap,0.47222,1,0.47222,,,,,,,,,,
53.06,tap,0.47418,1,0.47418,,,,,,,,,,
56.03,tap,0.47640,1,0.47640,,,,,,,,,,
59.19,tap,0.47876,1,0.47876,,,,,,,,,,
62.24,tap,0.48168,1,0.48168,,,,,,,,,,
65.39,tap,0.48314,1,0.48314,,,,,,,,,,
68.46,tap,0.48420,1,0.48420,,,,,,,,,,
71.61,tap,0.48644,1,0.48644,,,,,,,,,,
74.59,tap,0.48834,1,0.48834,,,,,,,,,,
77.54,tap,0.48906,1,0.48906,,,,,,,,,,
80.61,tap,0.49056,1,0.49056,,,,,,,,,,
83.57,tap,0.49266,1,0.49266,,,,,,,,,,
86.53,tap,0.49438,1,0.49438,,,,,,,,,,
89.69,tap,0.49582,1,0.49582,,,,,,,,,,
92.66,tap,0.49802,1,0.49802,,,,,,,,,,
--- END trickle telemetry CSV ---
