--- session 2026-09-29T02:03:57.447630+00:00 ---
>> 
>> s
firmware: trickle_tap/2026-09-25
stepper: 60 auger rpm (max ~109), 1/8 microsteps; plate at 15.0 deg; scale UART0 @ 19200
trickle parameters ('set <key> <value>' to change):
  bulk_anticipation_g = 0.05
  bulk_enabled = True
  bulk_poll_ms = 250
  bulk_rpm = 100.0
  bulk_settle_ms = 1500
  bulk_tap = True
  bulk_tilt_deg = 15.0
  cutoff_margin_g = 0.035
  dose_timeout_s = 600
  ff_prior_g_per_rev = 0.35
  final_settle_ms = 2000
  goal_mass_g = 0.75
  k_sigma = 1.0
  kf_q_var = 0.0002
  log_max_rows = 2400
  log_to_flash = False
  max_poll_misses = 10
  noisy_sd_g = 0.008
  overshoot_abort_g = 0.1
  post_trickle_settle_ms = 1200
  print_every_n_polls = 2
  quiet_sd_g = 0.0005
  rate_tau_s = 0.5
  stall_bail_s = 8.0
  tap_cadence_off_ms = 440
  tap_cadence_on_ms = 60
  tap_max_cycles = 120
  tap_max_nudges = 20
  tap_nudge_deg = 5.0
  tap_settle_ms = 1500
  tap_tilt_deg = 0.0
  taps_per_cycle = 1
  tau_afterflow_s = 0.3
  tau_bal_s = 0.7
  tolerance_g = 0.015
  trickle_dt_s = 0.25
  trickle_integ_clamp = 0.5
  trickle_ki = 120.0
  trickle_kp = 250.0
  trickle_max_rate_gps = 0.05
  trickle_min_rate_gps = 0.003
  trickle_rpm_cap = 45.0
  trickle_start_remaining_g = 0.05
  trickle_tap = False
  trickle_tilt_deg = 30.0
>> set bulk_anticipation_g 0.05
[set] bulk_anticipation_g = 0.05 (was 0.05)
>> set bulk_enabled 1
[set] bulk_enabled = True (was True)
>> set bulk_poll_ms 250
[set] bulk_poll_ms = 250 (was 250)
>> set bulk_settle_ms 1500
[set] bulk_settle_ms = 1500 (was 1500)
>> set cutoff_margin_g 0.035
[set] cutoff_margin_g = 0.035 (was 0.035)
>> set dose_timeout_s 600
[set] dose_timeout_s = 600 (was 600)
>> set ff_prior_g_per_rev 0.35
[set] ff_prior_g_per_rev = 0.35 (was 0.35)
>> set final_settle_ms 2000
[set] final_settle_ms = 2000 (was 2000)
>> set k_sigma 1
[set] k_sigma = 1.0 (was 1.0)
>> set kf_q_var 0.0002
[set] kf_q_var = 0.0002 (was 0.0002)
>> set log_max_rows 2400
[set] log_max_rows = 2400 (was 2400)
>> set log_to_flash 0
[set] log_to_flash = False (was False)
>> set max_poll_misses 10
[set] max_poll_misses = 10 (was 10)
>> set noisy_sd_g 0.008
[set] noisy_sd_g = 0.008 (was 0.008)
>> set overshoot_abort_g 0.1
[set] overshoot_abort_g = 0.1 (was 0.1)
>> set post_trickle_settle_ms 1200
[set] post_trickle_settle_ms = 1200 (was 1200)
>> set print_every_n_polls 2
[set] print_every_n_polls = 2 (was 2)
>> set quiet_sd_g 0.0005
[set] quiet_sd_g = 0.0005 (was 0.0005)
>> set rate_tau_s 0.5
[set] rate_tau_s = 0.5 (was 0.5)
>> set stall_bail_s 8
[set] stall_bail_s = 8.0 (was 8.0)
>> set tap_cadence_off_ms 440
[set] tap_cadence_off_ms = 440 (was 440)
>> set tap_cadence_on_ms 60
[set] tap_cadence_on_ms = 60 (was 60)
>> set tap_max_cycles 120
[set] tap_max_cycles = 120 (was 120)
>> set tap_max_nudges 20
[set] tap_max_nudges = 20 (was 20)
>> set tap_nudge_deg 5
[set] tap_nudge_deg = 5.0 (was 5.0)
>> set tap_settle_ms 1500
[set] tap_settle_ms = 1500 (was 1500)
>> set taps_per_cycle 1
[set] taps_per_cycle = 1 (was 1)
>> set tau_afterflow_s 0.3
[set] tau_afterflow_s = 0.3 (was 0.3)
>> set tau_bal_s 0.7
[set] tau_bal_s = 0.7 (was 0.7)
>> set trickle_dt_s 0.25
[set] trickle_dt_s = 0.25 (was 0.25)
>> set trickle_integ_clamp 0.5
[set] trickle_integ_clamp = 0.5 (was 0.5)
>> set trickle_ki 120
[set] trickle_ki = 120.0 (was 120.0)
>> set trickle_kp 250
[set] trickle_kp = 250.0 (was 250.0)
>> set trickle_max_rate_gps 0.05
[set] trickle_max_rate_gps = 0.05 (was 0.05)
>> set trickle_min_rate_gps 0.003
[set] trickle_min_rate_gps = 0.003 (was 0.003)
>> set trickle_rpm_cap 45
[set] trickle_rpm_cap = 45.0 (was 45.0)
>> set bulk_tap 0
[set] bulk_tap = False (was True)
>> set trickle_tap 1
[set] trickle_tap = True (was False)
>> set bulk_tilt_deg 40
[set] bulk_tilt_deg = 40.0 (was 15.0)
>> set trickle_tilt_deg 10
[set] trickle_tilt_deg = 10.0 (was 30.0)
>> set tap_tilt_deg 15
[set] tap_tilt_deg = 15.0 (was 0.0)
>> set bulk_rpm 20
[set] bulk_rpm = 20.0 (was 100.0)
>> set trickle_start_remaining_g 0.3
[set] trickle_start_remaining_g = 0.3 (was 0.05)
>> set tolerance_g 0.003
[set] tolerance_g = 0.003 (was 0.015)
>> g 0.5000
[dose] trickle-tap dose to 0.5000 g (tol 3.0 mg, trickle tilt 10.0 plate deg); taring scale
[dose] tared: baseline +0.0 mg (subtracted), drift +0.0 mg/min, read noise 0.00 mg
=== stage 1 'bulk': 0.5000 g to go, velocity mode @ 20 rpm until 0.3500 g to go
[phase 1 bulk] poll 1: mass 0.0000 / 0.5000 g (0.5000 g to go, +0.0000 g this poll), elapsed 5.0 s
[phase 1 bulk] poll 2: mass 0.0000 / 0.5000 g (0.5000 g to go, +0.0000 g this poll), elapsed 6.0 s
[phase 1 bulk] poll 3 (unstable): mass 0.0133 / 0.5000 g (0.4867 g to go, +0.0133 g this poll), elapsed 6.0 s
[phase 1 bulk] poll 4 (unstable): mass 0.0402 / 0.5000 g (0.4598 g to go, +0.0269 g this poll), elapsed 6.0 s
[phase 1 bulk] poll 5 (unstable): mass 0.0562 / 0.5000 g (0.4438 g to go, +0.0160 g this poll), elapsed 7.0 s
[phase 1 bulk] poll 6 (unstable): mass 0.0767 / 0.5000 g (0.4233 g to go, +0.0205 g this poll), elapsed 7.0 s
[phase 1 bulk] poll 7 (unstable): mass 0.0976 / 0.5000 g (0.4024 g to go, +0.0209 g this poll), elapsed 7.0 s
[phase 1 bulk] poll 8 (unstable): mass 0.1202 / 0.5000 g (0.3798 g to go, +0.0226 g this poll), elapsed 7.0 s
[phase 1 bulk] poll 9 (unstable): mass 0.1464 / 0.5000 g (0.3536 g to go, +0.0262 g this poll), elapsed 8.0 s
[phase 1 bulk] poll 10 (unstable): mass 0.1739 / 0.5000 g (0.3261 g to go, +0.0275 g this poll), elapsed 8.0 s
[phase 1 bulk] auger halted at 0.3261 g to go (halt threshold 0.3500 g); settling 1500 ms
[phase 1 bulk] settled: mass 0.3033 / 0.5000 g (0.1967 g to go, +0.1294 g while settling), elapsed 11.0 s
[trickle] cadence taps on: one 60 ms pulse per 500 ms
[trickle] seeded at 0.3130 g; cutoff when m+r*0.30s+1.0*sigma >= 0.4650 g
[trickle]  14.4s m 0.3131 r  64.7 mg/s (sp  50.0) rpm  14.2 pred 0.3424/0.4650 sigma 9.9 mg
[trickle]  15.1s m 0.3382 r  53.3 mg/s (sp  50.0) rpm  10.9 pred 0.3626/0.4650 sigma 8.4 mg
[trickle]  15.9s m 0.3506 r  55.3 mg/s (sp  50.0) rpm  11.2 pred 0.3748/0.4650 sigma 7.5 mg
[trickle]  16.7s m 0.3700 r  55.8 mg/s (sp  50.0) rpm  11.4 pred 0.3940/0.4650 sigma 7.3 mg
[trickle]  17.4s m 0.3839 r  53.5 mg/s (sp  50.0) rpm  12.0 pred 0.4073/0.4650 sigma 7.3 mg
[trickle]  18.2s m 0.3949 r  49.3 mg/s (sp  50.0) rpm  11.3 pred 0.4170/0.4650 sigma 7.3 mg
[trickle]  19.0s m 0.4077 r  45.0 mg/s (sp  50.0) rpm  10.9 pred 0.4285/0.4650 sigma 7.3 mg
[trickle]  19.6s m 0.4276 r  41.3 mg/s (sp  50.0) rpm  10.7 pred 0.4470/0.4650 sigma 7.0 mg
[trickle]  20.4s m 0.4560 r  32.6 mg/s (sp  15.0) rpm   7.9 pred 0.4729/0.4650 sigma 7.1 mg
[trickle] predictive cutoff: m 0.4560 + r*tau 0.0098 + k*sigma 0.0071 >= 0.4650 g
[trickle] halted; settled at 0.4561 g (+0.1 mg vs KF m_hat, 0.0439 g to go), 18 polls, 0 KF clamps, ff 0.221 g/rev
=== stage 3 'tap': 0.0439 g to go, single taps at 15.0 plate deg
[phase 3 tap] cycle 1: mass 0.4618 / 0.5000 g (0.0382 g to go, +0.0057 g this cycle), elapsed 27.0 s
[phase 3 tap] cycle 2: mass 0.4668 / 0.5000 g (0.0332 g to go, +0.0050 g this cycle), elapsed 30.0 s
[phase 3 tap] cycle 3: mass 0.4717 / 0.5000 g (0.0283 g to go, +0.0049 g this cycle), elapsed 33.0 s
[phase 3 tap] cycle 4: mass 0.4756 / 0.5000 g (0.0244 g to go, +0.0039 g this cycle), elapsed 36.0 s
[phase 3 tap] cycle 5: mass 0.4792 / 0.5000 g (0.0208 g to go, +0.0036 g this cycle), elapsed 39.0 s
[phase 3 tap] cycle 6: mass 0.4813 / 0.5000 g (0.0187 g to go, +0.0021 g this cycle), elapsed 42.0 s
[phase 3 tap] cycle 7: mass 0.4840 / 0.5000 g (0.0160 g to go, +0.0028 g this cycle), elapsed 45.0 s
[phase 3 tap] cycle 8: mass 0.4870 / 0.5000 g (0.0130 g to go, +0.0030 g this cycle), elapsed 48.0 s
[phase 3 tap] cycle 9: mass 0.4883 / 0.5000 g (0.0117 g to go, +0.0013 g this cycle), elapsed 51.0 s
[phase 3 tap] cycle 10: mass 0.4920 / 0.5000 g (0.0080 g to go, +0.0037 g this cycle), elapsed 54.0 s
[phase 3 tap] cycle 11: mass 0.4936 / 0.5000 g (0.0064 g to go, +0.0016 g this cycle), elapsed 57.0 s
[phase 3 tap] cycle 12: mass 0.4964 / 0.5000 g (0.0036 g to go, +0.0028 g this cycle), elapsed 60.0 s
[phase 3 tap] cycle 13: mass 0.4990 / 0.5000 g (0.0010 g to go, +0.0026 g this cycle), elapsed 63.0 s
[dose] final settle 2000 ms before the scoring reading
[dose] done: DoseResult(ok: 0.4994/0.5000 g in 66.0s; cycles bulk:10, trickle:18, tap:13; 1.86 auger rev, 26 taps)
RESULT {"fw": "trickle_tap/2026-09-25", "t_total_s": 65.54, "t_bulk_s": 6.71, "taps": 26, "t_trickle_s": 12.32, "t_settle_s": 3.25, "phase_cycles": {"tap": 13, "bulk": 10, "trickle": 18}, "ff_g_per_rev": 0.2213, "error_mg": -0.6, "params": {"tap_cadence_off_ms": 440, "trickle_tap": true, "trickle_tilt_deg": 10.0, "tolerance_g": 0.003, "goal_mass_g": 0.75, "trickle_start_remaining_g": 0.3, "bulk_tilt_deg": 40.0, "tau_afterflow_s": 0.3, "tap_tilt_deg": 15.0, "bulk_tap": false, "overshoot_abort_g": 0.1, "final_settle_ms": 2000, "bulk_rpm": 20.0, "tap_cadence_on_ms": 60}, "telemetry_rows": 43, "nudges": 0, "log_path": null, "settled_final": 1, "baseline_g": 0.0, "t_tap_s": 39.3, "auger_rev": 1.862, "status": "ok", "final_g": 0.4994, "v": 1, "target_g": 0.5, "stop_events": [{"settled_g": 0.30326, "rate_slope_gps": 0.07781, "rpm": 20.0, "rate_kf_gps": null, "t_stop_s": 10.65, "m_stop_g": 0.1739, "tau_s": 0.3, "afterflow_g": 0.12936, "stalled": 0, "phase": "bulk"}, {"phase": "trickle", "rate_kf_gps": 0.03256, "settled_g": 0.45606, "stalled": 0, "tau_s": 0.3, "m_stop_g": 0.45598, "afterflow_g": 8e-05, "rate_slope_gps": 0.03781, "t_stop_s": 20.4}], "read_retries": 0, "dose_n": 7}
>> log
--- BEGIN trickle telemetry CSV ---
t_s,phase,z_g,fresh,m_g,r_gps,sigma_g,ff_gpr,r_sp_gps,err_gps,integ,rpm_cmd,pred_g,cutoff_g,clamp_hits
5.09,bulk,0.00000,1,0.00000,,,,,,,,,,
5.37,bulk,0.00000,1,0.00000,,,,,,,,,,
5.66,bulk,0.01330,1,0.01330,,,,,,,,,,
5.95,bulk,0.04020,1,0.04020,,,,,,,,,,
6.23,bulk,0.05620,1,0.05620,,,,,,,,,,
6.52,bulk,0.07670,1,0.07670,,,,,,,,,,
6.81,bulk,0.09760,1,0.09760,,,,,,,,,,
7.09,bulk,0.12020,1,0.12020,,,,,,,,,,
7.38,bulk,0.14640,1,0.14640,,,,,,,,,,
7.67,bulk,0.17390,1,0.17390,,,,,,,,,,
10.65,bulk,0.30326,1,0.30326,,,,,,,,,,
13.98,trickle,0.31340,1,0.31296,0.00000,0.00849,0.3500,0.05000,0.05000,0.0000,0.00,0.32145,0.46500,0
14.37,trickle,0.31340,1,0.31310,0.06474,0.00991,0.3500,0.05000,-0.01474,0.0140,14.19,0.34244,0.46500,0
14.75,trickle,0.31330,1,0.33746,0.01632,0.00931,0.3500,0.05000,0.03368,0.0083,0.00,0.35166,0.46500,0
15.14,trickle,0.31330,1,0.33823,0.05334,0.00840,0.3500,0.05000,-0.00334,0.0209,10.92,0.36263,0.46500,0
15.51,trickle,0.31380,1,0.35161,0.01996,0.00779,0.3500,0.05000,0.03004,0.0196,1.51,0.36538,0.46500,0
15.90,trickle,0.31470,1,0.35063,0.05532,0.00753,0.3500,0.05000,-0.00532,0.0308,11.20,0.37476,0.46500,0
16.28,trickle,0.32780,1,0.36744,0.02295,0.00738,0.3500,0.05000,0.02705,0.0287,2.11,0.38170,0.46500,0
16.66,trickle,0.33270,1,0.37000,0.05577,0.00731,0.3322,0.05000,-0.00577,0.0388,11.42,0.39404,0.46500,0
17.05,trickle,0.33590,1,0.38454,0.02450,0.00734,0.3194,0.05000,0.02550,0.0367,2.95,0.39923,0.46500,0
17.42,trickle,0.33870,1,0.38394,0.05346,0.00731,0.3041,0.05000,-0.00346,0.0467,11.98,0.40729,0.46500,0
17.80,trickle,0.34240,1,0.39439,0.03010,0.00730,0.2916,0.05000,0.01990,0.0454,4.59,0.41072,0.46500,0
18.19,trickle,0.34600,1,0.39490,0.04935,0.00734,0.2780,0.05000,0.00065,0.0530,11.33,0.41704,0.46500,0
18.57,trickle,0.35270,1,0.40342,0.03484,0.00731,0.2661,0.05000,0.01516,0.0532,6.55,0.42118,0.46500,0
18.96,trickle,0.36060,1,0.40765,0.04499,0.00734,0.2542,0.05000,0.00501,0.0589,10.86,0.42849,0.46500,0
19.33,trickle,0.37780,1,0.41967,0.03831,0.00731,0.2442,0.05000,0.01169,0.0609,8.56,0.43847,0.46500,0
19.62,trickle,0.38920,1,0.42759,0.04129,0.00701,0.2352,0.05000,0.00871,0.0652,10.75,0.44699,0.46500,0
20.02,trickle,0.40220,1,0.44123,0.04050,0.00707,0.2274,0.03962,-0.00088,0.0677,10.31,0.46045,0.46500,0
20.39,trickle,0.42050,1,0.45598,0.03256,0.00711,0.2213,0.01503,-0.01753,0.0674,7.87,0.47286,0.46500,0
22.97,trickle_end,0.45606,1,0.45606,,,,,,,,,,0
26.32,tap,0.46180,1,0.46180,,,,,,,,,,
29.28,tap,0.46678,1,0.46678,,,,,,,,,,
32.44,tap,0.47170,1,0.47170,,,,,,,,,,
35.40,tap,0.47562,1,0.47562,,,,,,,,,,
38.38,tap,0.47920,1,0.47920,,,,,,,,,,
41.34,tap,0.48126,1,0.48126,,,,,,,,,,
44.39,tap,0.48404,1,0.48404,,,,,,,,,,
47.37,tap,0.48702,1,0.48702,,,,,,,,,,
50.32,tap,0.48834,1,0.48834,,,,,,,,,,
53.30,tap,0.49204,1,0.49204,,,,,,,,,,
56.25,tap,0.49360,1,0.49360,,,,,,,,,,
59.32,tap,0.49642,1,0.49642,,,,,,,,,,
62.28,tap,0.49902,1,0.49902,,,,,,,,,,
--- END trickle telemetry CSV ---
