--- session 2026-10-06T03:35:19.999290+00:00 ---
>> 

>>> 

>>> 
raw REPL; CTRL-B to exit
>OK
MPY: soft reboot
raw REPL; CTRL-B to exit
>
MicroPython v1.28.0 on 2026-04-06; Raspberry Pi Pico W with RP2040
Type "help()" for more information.
>>> 
>> import sys; sys.path.insert(0, '/trickle_tap'); import main_trickle; main_trickle.main()
import sys; sys.path.insert(0, '/trickle_tap'); import main_trickle; main_trickle.main()
[rig] bringing up powder-doser test module (TRICKLE-TAP manual runner, PR #154; no haptics)
[rig] ready -- 'h' for help, 'g' doses 0.75 g
firmware: trickle_tap/2026-09-30b
heap: 123680 bytes free, 81760 used
stepper: 60 auger rpm (max ~109), 1/8 microsteps; plate at 0.0 deg; scale UART0 @ 19200
trickle parameters ('set <key> <value>' to change):
  bulk_anticipation_g = 0.05
  bulk_boost_s = 3.0
  bulk_enabled = True
  bulk_max_passes = 8
  bulk_min_rpm = 20.0
  bulk_only = False
  bulk_poll_ms = 250
  bulk_rpm = 55.0
  bulk_settle_ms = 1500
  bulk_tap = False
  bulk_taper_start_g = 0.1
  bulk_tilt_deg = 30.0
  cutoff_margin_g = 0.035
  dose_timeout_s = 600
  ff_prior_g_per_rev = 0.35
  final_settle_ms = 2000
  goal_mass_g = 0.75
  k_sigma = 1.0
  kf_q_var = 0.0002
  log_max_rows = 1200
  log_min_free_bytes = 24000
  log_to_flash = True
  max_poll_misses = 10
  noisy_sd_g = 0.008
  overshoot_abort_g = 0.1
  post_trickle_settle_ms = 1200
  print_every_n_polls = 2
  quiet_sd_g = 0.0005
  rate_tau_s = 0.5
  stall_bail_s = 8.0
  tap_burst_above_g = 0.0
  tap_burst_taps = 2
  tap_cadence_off_ms = 440
  tap_cadence_on_ms = 60
  tap_max_cycles = 120
  tap_max_nudges = 20
  tap_nudge_deg = 5.0
  tap_settle_ms = 1500
  tap_tilt_deg = 10.0
  taps_per_cycle = 1
  tau_afterflow_s = 0.3
  tau_bal_s = 0.7
  tolerance_g = 0.005
  trickle_dt_s = 0.25
  trickle_integ_clamp = 0.5
  trickle_ki = 120.0
  trickle_kp = 250.0
  trickle_max_rate_gps = 0.05
  trickle_min_rate_gps = 0.003
  trickle_rpm_cap = 45.0
  trickle_start_remaining_g = 0.25
  trickle_tap = False
  trickle_tilt_deg = 15.0
>> set bulk_anticipation_g 0.05
[set] bulk_anticipation_g = 0.05 (was 0.05)
>> set bulk_enabled 1
[set] bulk_enabled = True (was True)
>> set bulk_poll_ms 250
[set] bulk_poll_ms = 250 (was 250)
>> set bulk_settle_ms 1500
[set] bulk_settle_ms = 1500 (was 1500)
>> set cutoff_margin_g 0.035
[set] cutoff_margin_g = 0.035 (was 0.035)
>> set dose_timeout_s 600
[set] dose_timeout_s = 600 (was 600)
>> set ff_prior_g_per_rev 0.35
[set] ff_prior_g_per_rev = 0.35 (was 0.35)
>> set final_settle_ms 2000
[set] final_settle_ms = 2000 (was 2000)
>> set k_sigma 1
[set] k_sigma = 1.0 (was 1.0)
>> set kf_q_var 0.0002
[set] kf_q_var = 0.0002 (was 0.0002)
>> set log_max_rows 1200
[set] log_max_rows = 1200 (was 1200)
>> set log_to_flash 0
[set] log_to_flash = False (was True)
>> set max_poll_misses 10
[set] max_poll_misses = 10 (was 10)
>> set noisy_sd_g 0.008
[set] noisy_sd_g = 0.008 (was 0.008)
>> set overshoot_abort_g 0.1
[set] overshoot_abort_g = 0.1 (was 0.1)
>> set post_trickle_settle_ms 1200
[set] post_trickle_settle_ms = 1200 (was 1200)
>> set print_every_n_polls 2
[set] print_every_n_polls = 2 (was 2)
>> set quiet_sd_g 0.0005
[set] quiet_sd_g = 0.0005 (was 0.0005)
>> set rate_tau_s 0.5
[set] rate_tau_s = 0.5 (was 0.5)
>> set stall_bail_s 8
[set] stall_bail_s = 8.0 (was 8.0)
>> set tap_cadence_off_ms 440
[set] tap_cadence_off_ms = 440 (was 440)
>> set tap_cadence_on_ms 60
[set] tap_cadence_on_ms = 60 (was 60)
>> set tap_max_cycles 120
[set] tap_max_cycles = 120 (was 120)
>> set tap_max_nudges 20
[set] tap_max_nudges = 20 (was 20)
>> set tap_nudge_deg 5
[set] tap_nudge_deg = 5.0 (was 5.0)
>> set tap_settle_ms 1500
[set] tap_settle_ms = 1500 (was 1500)
>> set taps_per_cycle 1
[set] taps_per_cycle = 1 (was 1)
>> set tau_afterflow_s 0.3
[set] tau_afterflow_s = 0.3 (was 0.3)
>> set tau_bal_s 0.7
[set] tau_bal_s = 0.7 (was 0.7)
>> set trickle_dt_s 0.25
[set] trickle_dt_s = 0.25 (was 0.25)
>> set trickle_integ_clamp 0.5
[set] trickle_integ_clamp = 0.5 (was 0.5)
>> set trickle_ki 120
[set] trickle_ki = 120.0 (was 120.0)
>> set trickle_kp 250
[set] trickle_kp = 250.0 (was 250.0)
>> set trickle_max_rate_gps 0.05
[set] trickle_max_rate_gps = 0.05 (was 0.05)
>> set trickle_min_rate_gps 0.003
[set] trickle_min_rate_gps = 0.003 (was 0.003)
>> set trickle_rpm_cap 45
[set] trickle_rpm_cap = 45.0 (was 45.0)
>> set bulk_tap 1
[set] bulk_tap = True (was False)
>> set trickle_tap 0
[set] trickle_tap = False (was False)
>> set bulk_tilt_deg 40
[set] bulk_tilt_deg = 40.0 (was 30.0)
>> set trickle_tilt_deg 10
[set] trickle_tilt_deg = 10.0 (was 15.0)
>> set tap_tilt_deg 15
[set] tap_tilt_deg = 15.0 (was 10.0)
>> set bulk_rpm 100
[set] bulk_rpm = 100.0 (was 55.0)
>> set trickle_start_remaining_g 0.3
[set] trickle_start_remaining_g = 0.3 (was 0.25)
>> set tolerance_g 0.003
[set] tolerance_g = 0.003 (was 0.005)
>> set tau_afterflow_s 0.8338
[set] tau_afterflow_s = 0.8338 (was 0.3)
>> g 0.5000
[dose] trickle-tap dose to 0.5000 g (tol 3.0 mg, trickle tilt 10.0 plate deg); taring scale
[dose] tared: baseline +0.0 mg (subtracted), drift +0.0 mg/min, read noise 0.00 mg
=== stage 1 'bulk': 0.5000 g to go, velocity mode @ 100 rpm until 0.3500 g to go
[phase 1 bulk] cadence taps on: one 60 ms pulse per 500 ms
[phase 1 bulk] poll 1: mass 0.0000 / 0.5000 g (0.5000 g to go, +0.0000 g this poll), elapsed 6.0 s
[phase 1 bulk] poll 2: mass 0.0000 / 0.5000 g (0.5000 g to go, +0.0000 g this poll), elapsed 7.0 s
[phase 1 bulk] poll 3 (unstable): mass 0.0088 / 0.5000 g (0.4912 g to go, +0.0088 g this poll), elapsed 7.0 s
[phase 1 bulk] poll 4 (unstable): mass 0.0467 / 0.5000 g (0.4533 g to go, +0.0379 g this poll), elapsed 7.0 s
[phase 1 bulk] poll 5 (unstable): mass 0.0993 / 0.5000 g (0.4007 g to go, +0.0526 g this poll), elapsed 8.0 s
[phase 1 bulk] poll 6 (unstable): mass 0.1478 / 0.5000 g (0.3522 g to go, +0.0485 g this poll), elapsed 8.0 s
[phase 1 bulk] poll 7 (unstable): mass 0.1929 / 0.5000 g (0.3071 g to go, +0.0451 g this poll), elapsed 8.0 s
[phase 1 bulk] auger halted at 0.3071 g to go (halt threshold 0.3500 g); settling 1500 ms
[phase 1 bulk] settled: mass 0.2973 / 0.5000 g (0.2027 g to go, +0.1044 g while settling), elapsed 11.0 s
[trickle] seeded at 0.2972 g; cutoff when m+r*0.83s+1.0*sigma >= 0.4650 g
[trickle]  15.2s m 0.2972 r  67.3 mg/s (sp  50.0) rpm  14.7 pred 0.3652/0.4650 sigma 11.9 mg
[trickle]  15.9s m 0.3282 r  54.6 mg/s (sp  50.0) rpm  11.1 pred 0.3815/0.4650 sigma 7.8 mg
[trickle]  16.7s m 0.3441 r  54.9 mg/s (sp  50.0) rpm  11.6 pred 0.3986/0.4650 sigma 8.7 mg
[trickle]  17.4s m 0.3491 r  47.7 mg/s (sp  50.0) rpm   9.2 pred 0.3977/0.4650 sigma 8.7 mg
[trickle]  18.1s m 0.3595 r  46.5 mg/s (sp  50.0) rpm   9.7 pred 0.4073/0.4650 sigma 9.0 mg
[trickle]  18.8s m 0.3677 r  41.5 mg/s (sp  50.0) rpm   9.9 pred 0.4108/0.4650 sigma 8.5 mg
[trickle]  19.5s m 0.3772 r  40.1 mg/s (sp  50.0) rpm   9.7 pred 0.4190/0.4650 sigma 8.3 mg
[trickle]  20.1s m 0.3847 r  38.9 mg/s (sp  48.1) rpm  10.2 pred 0.4255/0.4650 sigma 8.3 mg
[trickle]  20.8s m 0.3943 r  35.9 mg/s (sp  42.4) rpm   9.9 pred 0.4325/0.4650 sigma 8.3 mg
[trickle]  21.5s m 0.3991 r  32.9 mg/s (sp  39.5) rpm  10.2 pred 0.4348/0.4650 sigma 8.3 mg
[trickle]  22.2s m 0.4084 r  31.0 mg/s (sp  33.9) rpm  10.5 pred 0.4432/0.4650 sigma 8.9 mg
[trickle]  22.9s m 0.4191 r  27.3 mg/s (sp  27.5) rpm   9.8 pred 0.4503/0.4650 sigma 8.5 mg
[trickle]  23.7s m 0.4380 r  22.5 mg/s (sp  16.2) rpm   8.6 pred 0.4658/0.4650 sigma 9.0 mg
[trickle] predictive cutoff: m 0.4380 + r*tau 0.0188 + k*sigma 0.0090 >= 0.4650 g
[trickle] halted; settled at 0.4464 g (+8.4 mg vs KF m_hat, 0.0536 g to go), 26 polls, 0 KF clamps, ff 0.147 g/rev
=== stage 3 'tap': 0.0536 g to go, single taps at 15.0 plate deg
[phase 3 tap] cycle 1: mass 0.4594 / 0.5000 g (0.0406 g to go, +0.0130 g this cycle), elapsed 30.0 s
[phase 3 tap] cycle 2: mass 0.4651 / 0.5000 g (0.0349 g to go, +0.0057 g this cycle), elapsed 33.0 s
[phase 3 tap] cycle 3: mass 0.4706 / 0.5000 g (0.0294 g to go, +0.0055 g this cycle), elapsed 36.0 s
[phase 3 tap] cycle 4: mass 0.4765 / 0.5000 g (0.0235 g to go, +0.0059 g this cycle), elapsed 39.0 s
[phase 3 tap] cycle 5: mass 0.4788 / 0.5000 g (0.0212 g to go, +0.0023 g this cycle), elapsed 42.0 s
[phase 3 tap] cycle 6: mass 0.4812 / 0.5000 g (0.0188 g to go, +0.0024 g this cycle), elapsed 45.0 s
[phase 3 tap] cycle 7: mass 0.4856 / 0.5000 g (0.0144 g to go, +0.0044 g this cycle), elapsed 48.0 s
[phase 3 tap] cycle 8: mass 0.4866 / 0.5000 g (0.0134 g to go, +0.0011 g this cycle), elapsed 51.0 s
[phase 3 tap] cycle 9: mass 0.4888 / 0.5000 g (0.0112 g to go, +0.0022 g this cycle), elapsed 54.0 s
[phase 3 tap] cycle 10: mass 0.4913 / 0.5000 g (0.0087 g to go, +0.0025 g this cycle), elapsed 57.0 s
[phase 3 tap] cycle 11: mass 0.4931 / 0.5000 g (0.0069 g to go, +0.0018 g this cycle), elapsed 60.0 s
[phase 3 tap] cycle 12: mass 0.4955 / 0.5000 g (0.0045 g to go, +0.0023 g this cycle), elapsed 63.0 s
[phase 3 tap] cycle 13: mass 0.4976 / 0.5000 g (0.0024 g to go, +0.0021 g this cycle), elapsed 66.0 s
[dose] final settle 2000 ms before the scoring reading
[dose] done: DoseResult(ok: 0.4980/0.5000 g in 70.0s; cycles bulk:7, trickle:26, tap:13; 4.64 auger rev, 17 taps)
RESULT {"phase_cycles": {"tap": 13, "bulk": 7, "trickle": 26}, "t_total_s": 69.78, "ff_g_per_rev": 0.1468, "stop_events": [{"settled_g": 0.2973, "rate_slope_gps": 0.11557, "rpm": 100.0, "rate_kf_gps": null, "t_stop_s": 11.04, "m_stop_g": 0.1929, "tau_s": 0.8338, "afterflow_g": 0.1044, "stalled": 0, "phase": "bulk"}, {"phase": "trickle", "rate_kf_gps": 0.02253, "settled_g": 0.44642, "stalled": 0, "tau_s": 0.8338, "m_stop_g": 0.43804, "afterflow_g": 0.00838, "rate_slope_gps": 0.03122, "t_stop_s": 23.67}], "error_mg": -2.0, "t_settle_s": 3.53, "t_tap_s": 40.08, "nudges": 0, "telemetry_rows": 48, "telemetry_truncated": 0, "fw": "trickle_tap/2026-09-30b", "v": 1, "target_g": 0.5, "status": "ok", "settled_final": 1, "auger_rev": 4.641, "baseline_g": 0.0, "final_g": 0.498, "t_bulk_s": 6.59, "read_retries": 0, "dose_n": 1, "params": {"tau_afterflow_s": 0.8338, "goal_mass_g": 0.75, "taps_per_cycle": 1, "tap_cadence_on_ms": 60, "tap_burst_above_g": 0.0, "bulk_taper_start_g": 0.1, "bulk_boost_s": 3.0, "bulk_max_passes": 8, "final_settle_ms": 2000, "tap_cadence_off_ms": 440, "tap_burst_taps": 2, "tap_tilt_deg": 15.0, "trickle_tilt_deg": 10.0, "trickle_start_remaining_g": 0.3, "bulk_only": false, "bulk_min_rpm": 20.0, "trickle_tap": false, "overshoot_abort_g": 0.1, "bulk_tap": true, "tolerance_g": 0.003, "bulk_rpm": 100.0, "bulk_tilt_deg": 40.0}, "t_trickle_s": 15.11, "taps": 17, "log_path": null}
>> log
--- BEGIN trickle telemetry CSV ---
t_s,phase,z_g,fresh,m_g,r_gps,sigma_g,ff_gpr,r_sp_gps,err_gps,integ,rpm_cmd,pred_g,cutoff_g,clamp_hits
6.16,bulk,0.00000,1,0.00000,,,,,,,,,,
6.54,bulk,0.00000,1,0.00000,,,,,,,,,,
6.83,bulk,0.00880,1,0.00880,,,,,,,,,,
7.21,bulk,0.04670,1,0.04670,,,,,,,,,,
7.60,bulk,0.09930,1,0.09930,,,,,,,,,,
7.97,bulk,0.14780,1,0.14780,,,,,,,,,,
8.26,bulk,0.19290,1,0.19290,,,,,,,,,,
11.04,bulk,0.29730,1,0.29730,,,,,,,,,,
14.77,trickle,0.29720,1,0.29720,0.00000,0.01295,0.3500,0.05000,0.05000,0.0000,0.00,0.31015,0.46500,0
15.16,trickle,0.29720,1,0.29720,0.06733,0.01185,0.3500,0.05000,-0.01733,0.0182,14.68,0.36519,0.46500,0
15.53,trickle,0.29720,1,0.32238,0.01697,0.00660,0.3500,0.05000,0.03303,0.0114,0.00,0.34312,0.46500,0
15.93,trickle,0.29720,1,0.32821,0.05462,0.00778,0.3500,0.05000,-0.00462,0.0237,11.11,0.38153,0.46500,0
16.30,trickle,0.29720,1,0.34515,0.01970,0.00839,0.3500,0.05000,0.03030,0.0219,1.47,0.36996,0.46500,0
16.68,trickle,0.29770,1,0.34414,0.05488,0.00874,0.3500,0.05000,-0.00488,0.0333,11.57,0.39863,0.46500,0
16.97,trickle,0.29800,1,0.34995,0.03086,0.00841,0.3500,0.05000,0.01914,0.0315,2.56,0.38409,0.46500,0
17.35,trickle,0.29880,1,0.34915,0.04771,0.00873,0.3312,0.05000,0.00229,0.0371,9.23,0.39765,0.46500,0
17.73,trickle,0.30760,1,0.35742,0.03251,0.00892,0.3151,0.05000,0.01749,0.0379,5.13,0.39344,0.46500,0
18.11,trickle,0.31210,1,0.35952,0.04648,0.00904,0.2986,0.05000,0.00352,0.0446,9.73,0.40731,0.46500,0
18.49,trickle,0.31760,1,0.36732,0.03502,0.00907,0.2841,0.05000,0.01498,0.0460,6.40,0.40559,0.46500,0
18.78,trickle,0.32010,1,0.36771,0.04148,0.00853,0.2696,0.05000,0.00852,0.0517,9.95,0.41082,0.46500,0
19.16,trickle,0.32530,1,0.37385,0.03908,0.00880,0.2564,0.05000,0.01092,0.0542,8.63,0.41524,0.46500,0
19.45,trickle,0.33160,1,0.37721,0.04010,0.00834,0.2439,0.05000,0.00990,0.0583,9.73,0.41899,0.46500,0
19.83,trickle,0.33370,1,0.38307,0.03961,0.00871,0.2324,0.04913,0.00952,0.0612,9.82,0.42480,0.46500,0
20.12,trickle,0.33450,1,0.38471,0.03893,0.00829,0.2213,0.04815,0.00922,0.0648,10.16,0.42545,0.46500,0
20.50,trickle,0.34360,1,0.39104,0.03819,0.00867,0.2112,0.04435,0.00616,0.0675,10.40,0.43154,0.46500,0
20.79,trickle,0.34850,1,0.39433,0.03587,0.00827,0.2017,0.04238,0.00651,0.0698,9.92,0.43250,0.46500,0
21.17,trickle,0.35070,1,0.39865,0.03440,0.00866,0.1929,0.03979,0.00539,0.0717,10.23,0.43599,0.46500,0
21.46,trickle,0.35170,1,0.39907,0.03294,0.00826,0.1844,0.03954,0.00660,0.0737,10.20,0.43479,0.46500,0
21.86,trickle,0.35790,1,0.40261,0.03262,0.00864,0.1764,0.03741,0.00479,0.0756,10.73,0.43845,0.46500,0
22.23,trickle,0.36850,1,0.40844,0.03102,0.00892,0.1690,0.03392,0.00290,0.0775,10.49,0.44322,0.46500,0
22.60,trickle,0.37830,1,0.41462,0.02901,0.00897,0.1624,0.03021,0.00121,0.0786,10.16,0.44777,0.46500,0
22.89,trickle,0.38680,1,0.41907,0.02733,0.00848,0.1564,0.02754,0.00021,0.0790,9.79,0.45034,0.46500,0
23.28,trickle,0.40020,1,0.42772,0.02539,0.00879,0.1511,0.02235,-0.00304,0.0791,9.55,0.45769,0.46500,0
23.66,trickle,0.41540,1,0.43804,0.02253,0.00896,0.1468,0.01617,-0.00636,0.0779,8.59,0.46578,0.46500,0
26.15,trickle_end,0.44642,1,0.44642,,,,,,,,,,0
29.40,tap,0.45940,1,0.45940,,,,,,,,,,
32.36,tap,0.46510,1,0.46510,,,,,,,,,,
35.53,tap,0.47060,1,0.47060,,,,,,,,,,
38.48,tap,0.47650,1,0.47650,,,,,,,,,,
41.65,tap,0.47880,1,0.47880,,,,,,,,,,
44.61,tap,0.48120,1,0.48120,,,,,,,,,,
47.68,tap,0.48556,1,0.48556,,,,,,,,,,
50.63,tap,0.48664,1,0.48664,,,,,,,,,,
53.69,tap,0.48884,1,0.48884,,,,,,,,,,
56.86,tap,0.49134,1,0.49134,,,,,,,,,,
60.00,tap,0.49314,1,0.49314,,,,,,,,,,
63.17,tap,0.49546,1,0.49546,,,,,,,,,,
66.23,tap,0.49758,1,0.49758,,,,,,,,,,
--- END trickle telemetry CSV ---
