--- session 2026-09-29T02:07:29.647408+00:00 ---
>> 
>> s
firmware: trickle_tap/2026-09-25
stepper: 60 auger rpm (max ~109), 1/8 microsteps; plate at 15.0 deg; scale UART0 @ 19200
trickle parameters ('set <key> <value>' to change):
  bulk_anticipation_g = 0.05
  bulk_enabled = True
  bulk_poll_ms = 250
  bulk_rpm = 20.0
  bulk_settle_ms = 1500
  bulk_tap = False
  bulk_tilt_deg = 15.0
  cutoff_margin_g = 0.035
  dose_timeout_s = 600
  ff_prior_g_per_rev = 0.35
  final_settle_ms = 2000
  goal_mass_g = 0.75
  k_sigma = 1.0
  kf_q_var = 0.0002
  log_max_rows = 2400
  log_to_flash = False
  max_poll_misses = 10
  noisy_sd_g = 0.008
  overshoot_abort_g = 0.1
  post_trickle_settle_ms = 1200
  print_every_n_polls = 2
  quiet_sd_g = 0.0005
  rate_tau_s = 0.5
  stall_bail_s = 8.0
  tap_cadence_off_ms = 440
  tap_cadence_on_ms = 60
  tap_max_cycles = 120
  tap_max_nudges = 20
  tap_nudge_deg = 5.0
  tap_settle_ms = 1500
  tap_tilt_deg = 15.0
  taps_per_cycle = 1
  tau_afterflow_s = 0.3
  tau_bal_s = 0.7
  tolerance_g = 0.015
  trickle_dt_s = 0.25
  trickle_integ_clamp = 0.5
  trickle_ki = 120.0
  trickle_kp = 250.0
  trickle_max_rate_gps = 0.05
  trickle_min_rate_gps = 0.003
  trickle_rpm_cap = 45.0
  trickle_start_remaining_g = 0.05
  trickle_tap = True
  trickle_tilt_deg = 30.0
>> set bulk_anticipation_g 0.05
[set] bulk_anticipation_g = 0.05 (was 0.05)
>> set bulk_enabled 1
[set] bulk_enabled = True (was True)
>> set bulk_poll_ms 250
[set] bulk_poll_ms = 250 (was 250)
>> set bulk_settle_ms 1500
[set] bulk_settle_ms = 1500 (was 1500)
>> set cutoff_margin_g 0.035
[set] cutoff_margin_g = 0.035 (was 0.035)
>> set dose_timeout_s 600
[set] dose_timeout_s = 600 (was 600)
>> set ff_prior_g_per_rev 0.35
[set] ff_prior_g_per_rev = 0.35 (was 0.35)
>> set final_settle_ms 2000
[set] final_settle_ms = 2000 (was 2000)
>> set k_sigma 1
[set] k_sigma = 1.0 (was 1.0)
>> set kf_q_var 0.0002
[set] kf_q_var = 0.0002 (was 0.0002)
>> set log_max_rows 2400
[set] log_max_rows = 2400 (was 2400)
>> set log_to_flash 0
[set] log_to_flash = False (was False)
>> set max_poll_misses 10
[set] max_poll_misses = 10 (was 10)
>> set noisy_sd_g 0.008
[set] noisy_sd_g = 0.008 (was 0.008)
>> set overshoot_abort_g 0.1
[set] overshoot_abort_g = 0.1 (was 0.1)
>> set post_trickle_settle_ms 1200
[set] post_trickle_settle_ms = 1200 (was 1200)
>> set print_every_n_polls 2
[set] print_every_n_polls = 2 (was 2)
>> set quiet_sd_g 0.0005
[set] quiet_sd_g = 0.0005 (was 0.0005)
>> set rate_tau_s 0.5
[set] rate_tau_s = 0.5 (was 0.5)
>> set stall_bail_s 8
[set] stall_bail_s = 8.0 (was 8.0)
>> set tap_cadence_off_ms 440
[set] tap_cadence_off_ms = 440 (was 440)
>> set tap_cadence_on_ms 60
[set] tap_cadence_on_ms = 60 (was 60)
>> set tap_max_cycles 120
[set] tap_max_cycles = 120 (was 120)
>> set tap_max_nudges 20
[set] tap_max_nudges = 20 (was 20)
>> set tap_nudge_deg 5
[set] tap_nudge_deg = 5.0 (was 5.0)
>> set tap_settle_ms 1500
[set] tap_settle_ms = 1500 (was 1500)
>> set taps_per_cycle 1
[set] taps_per_cycle = 1 (was 1)
>> set tau_afterflow_s 0.3
[set] tau_afterflow_s = 0.3 (was 0.3)
>> set tau_bal_s 0.7
[set] tau_bal_s = 0.7 (was 0.7)
>> set trickle_dt_s 0.25
[set] trickle_dt_s = 0.25 (was 0.25)
>> set trickle_integ_clamp 0.5
[set] trickle_integ_clamp = 0.5 (was 0.5)
>> set trickle_ki 120
[set] trickle_ki = 120.0 (was 120.0)
>> set trickle_kp 250
[set] trickle_kp = 250.0 (was 250.0)
>> set trickle_max_rate_gps 0.05
[set] trickle_max_rate_gps = 0.05 (was 0.05)
>> set trickle_min_rate_gps 0.003
[set] trickle_min_rate_gps = 0.003 (was 0.003)
>> set trickle_rpm_cap 45
[set] trickle_rpm_cap = 45.0 (was 45.0)
>> set bulk_tap 1
[set] bulk_tap = True (was False)
>> set trickle_tap 1
[set] trickle_tap = True (was True)
>> set bulk_tilt_deg 40
[set] bulk_tilt_deg = 40.0 (was 15.0)
>> set trickle_tilt_deg 30
[set] trickle_tilt_deg = 30.0 (was 30.0)
>> set tap_tilt_deg 15
[set] tap_tilt_deg = 15.0 (was 15.0)
>> set bulk_rpm 100
[set] bulk_rpm = 100.0 (was 20.0)
>> set trickle_start_remaining_g 0.3
[set] trickle_start_remaining_g = 0.3 (was 0.05)
>> set tolerance_g 0.015
[set] tolerance_g = 0.015 (was 0.015)
>> g 0.5000
[dose] trickle-tap dose to 0.5000 g (tol 15.0 mg, trickle tilt 30.0 plate deg); taring scale
[dose] tared: baseline +0.0 mg (subtracted), drift +0.0 mg/min, read noise 0.00 mg
=== stage 1 'bulk': 0.5000 g to go, velocity mode @ 100 rpm until 0.3500 g to go
[phase 1 bulk] cadence taps on: one 60 ms pulse per 500 ms
[phase 1 bulk] poll 1: mass 0.0000 / 0.5000 g (0.5000 g to go, +0.0000 g this poll), elapsed 5.0 s
[phase 1 bulk] poll 2: mass 0.0000 / 0.5000 g (0.5000 g to go, +0.0000 g this poll), elapsed 5.0 s
[phase 1 bulk] poll 3 (unstable): mass 0.0053 / 0.5000 g (0.4947 g to go, +0.0053 g this poll), elapsed 6.0 s
[phase 1 bulk] poll 4 (unstable): mass 0.0615 / 0.5000 g (0.4385 g to go, +0.0562 g this poll), elapsed 6.0 s
[phase 1 bulk] poll 5 (unstable): mass 0.1369 / 0.5000 g (0.3631 g to go, +0.0754 g this poll), elapsed 6.0 s
[phase 1 bulk] poll 6 (unstable): mass 0.2048 / 0.5000 g (0.2952 g to go, +0.0679 g this poll), elapsed 7.0 s
[phase 1 bulk] auger halted at 0.2952 g to go (halt threshold 0.3500 g); settling 1500 ms
[phase 1 bulk] settled: mass 0.3437 / 0.5000 g (0.1563 g to go, +0.1389 g while settling), elapsed 10.0 s
[trickle] cadence taps on: one 60 ms pulse per 500 ms
[trickle] seeded at 0.3437 g; cutoff when m+r*0.30s+1.0*sigma >= 0.4650 g
[trickle]  13.1s m 0.3437 r  67.1 mg/s (sp  50.0) rpm  14.7 pred 0.3739/0.4650 sigma 10.0 mg
[trickle]  13.9s m 0.3763 r  53.6 mg/s (sp  50.0) rpm  11.2 pred 0.4006/0.4650 sigma 8.2 mg
[trickle]  14.6s m 0.4017 r  55.6 mg/s (sp  50.0) rpm  11.7 pred 0.4258/0.4650 sigma 7.5 mg
[trickle]  15.4s m 0.4241 r  57.4 mg/s (sp  50.0) rpm  11.9 pred 0.4487/0.4650 sigma 7.3 mg
[trickle]  16.2s m 0.4491 r  38.8 mg/s (sp  26.5) rpm   7.9 pred 0.4680/0.4650 sigma 7.3 mg
[trickle] predictive cutoff: m 0.4491 + r*tau 0.0117 + k*sigma 0.0073 >= 0.4650 g
[trickle] halted; settled at 0.5226 g (+73.5 mg vs KF m_hat, 0.0000 g to go), 10 polls, 0 KF clamps, ff 0.325 g/rev
=== stage 3 'tap' skipped (-0.0226 g to go is inside tolerance)
[dose] final settle 2000 ms before the scoring reading
[dose] done: DoseResult(overshoot: 0.5221/0.5000 g in 22.0s; cycles bulk:6, trickle:10, tap:0; 3.74 auger rev, 10 taps)
RESULT {"fw": "trickle_tap/2026-09-25", "t_total_s": 22.11, "t_bulk_s": 5.73, "taps": 10, "t_trickle_s": 8.72, "t_settle_s": 3.43, "phase_cycles": {"tap": 0, "bulk": 6, "trickle": 10}, "ff_g_per_rev": 0.3249, "error_mg": 22.1, "params": {"tap_cadence_off_ms": 440, "trickle_tap": true, "trickle_tilt_deg": 30.0, "tolerance_g": 0.015, "goal_mass_g": 0.75, "trickle_start_remaining_g": 0.3, "bulk_tilt_deg": 40.0, "tau_afterflow_s": 0.3, "tap_tilt_deg": 15.0, "bulk_tap": true, "overshoot_abort_g": 0.1, "final_settle_ms": 2000, "bulk_rpm": 100.0, "tap_cadence_on_ms": 60}, "telemetry_rows": 18, "nudges": 0, "log_path": null, "settled_final": 1, "baseline_g": 0.0, "t_tap_s": 0.0, "auger_rev": 3.743, "status": "overshoot", "final_g": 0.5221, "v": 1, "target_g": 0.5, "stop_events": [{"settled_g": 0.34372, "rate_slope_gps": 0.11888, "rpm": 100.0, "rate_kf_gps": null, "t_stop_s": 9.95, "m_stop_g": 0.2048, "tau_s": 0.3, "afterflow_g": 0.13892, "stalled": 0, "phase": "bulk"}, {"phase": "trickle", "rate_kf_gps": 0.03885, "settled_g": 0.5226, "stalled": 0, "tau_s": 0.3, "m_stop_g": 0.44907, "afterflow_g": 0.07353, "rate_slope_gps": 0.02443, "t_stop_s": 16.17}], "read_retries": 0, "dose_n": 9}
>> log
--- BEGIN trickle telemetry CSV ---
t_s,phase,z_g,fresh,m_g,r_gps,sigma_g,ff_gpr,r_sp_gps,err_gps,integ,rpm_cmd,pred_g,cutoff_g,clamp_hits
5.35,bulk,0.00000,1,0.00000,,,,,,,,,,
5.74,bulk,0.00000,1,0.00000,,,,,,,,,,
6.02,bulk,0.00530,1,0.00530,,,,,,,,,,
6.40,bulk,0.06150,1,0.06150,,,,,,,,,,
6.79,bulk,0.13690,1,0.13690,,,,,,,,,,
7.18,bulk,0.20480,1,0.20480,,,,,,,,,,
9.94,bulk,0.34372,1,0.34372,,,,,,,,,,
12.72,trickle,0.34370,1,0.34370,0.00000,0.00934,0.3500,0.05000,0.05000,0.0000,0.00,0.35304,0.46500,0
13.11,trickle,0.34370,1,0.34370,0.06707,0.01003,0.3500,0.05000,-0.01707,0.0184,14.70,0.37385,0.46500,0
13.48,trickle,0.34370,1,0.36878,0.01690,0.00914,0.3500,0.05000,0.03310,0.0117,0.00,0.38299,0.46500,0
13.86,trickle,0.35620,1,0.37627,0.05357,0.00822,0.3500,0.05000,-0.00357,0.0241,11.16,0.40056,0.46500,0
14.25,trickle,0.36500,1,0.39779,0.01979,0.00774,0.3500,0.05000,0.03021,0.0227,1.83,0.41146,0.46500,0
14.62,trickle,0.37000,1,0.40166,0.05557,0.00746,0.3500,0.05000,-0.00557,0.0346,11.71,0.42579,0.46500,0
15.02,trickle,0.37900,1,0.42047,0.02316,0.00740,0.3500,0.05000,0.02684,0.0325,2.51,0.43482,0.46500,0
15.39,trickle,0.38650,1,0.42410,0.05744,0.00733,0.3386,0.05000,-0.00744,0.0431,11.89,0.44866,0.46500,0
15.79,trickle,0.40000,1,0.44359,0.02552,0.00735,0.3324,0.03568,0.01017,0.0404,2.98,0.45859,0.46500,0
16.16,trickle,0.41080,1,0.44907,0.03885,0.00731,0.3249,0.02654,-0.01230,0.0444,7.86,0.46804,0.46500,0
18.66,trickle_end,0.52260,1,0.52260,,,,,,,,,,0
--- END trickle telemetry CSV ---
