--- session 2026-10-06T03:55:47.686996+00:00 ---
>> 
>> s
firmware: trickle_tap/2026-09-30b
heap: 119104 bytes free, 86336 used
stepper: 60 auger rpm (max ~109), 1/8 microsteps; plate at 15.0 deg; scale UART0 @ 19200
trickle parameters ('set <key> <value>' to change):
  bulk_anticipation_g = 0.05
  bulk_boost_s = 3.0
  bulk_enabled = True
  bulk_max_passes = 8
  bulk_min_rpm = 20.0
  bulk_only = False
  bulk_poll_ms = 250
  bulk_rpm = 20.0
  bulk_settle_ms = 1500
  bulk_tap = True
  bulk_taper_start_g = 0.1
  bulk_tilt_deg = 40.0
  cutoff_margin_g = 0.035
  dose_timeout_s = 600
  ff_prior_g_per_rev = 0.35
  final_settle_ms = 2000
  goal_mass_g = 0.75
  k_sigma = 1.0
  kf_q_var = 0.0002
  log_max_rows = 1200
  log_min_free_bytes = 24000
  log_to_flash = False
  max_poll_misses = 10
  noisy_sd_g = 0.008
  overshoot_abort_g = 0.1
  post_trickle_settle_ms = 1200
  print_every_n_polls = 2
  quiet_sd_g = 0.0005
  rate_tau_s = 0.5
  stall_bail_s = 8.0
  tap_burst_above_g = 0.0
  tap_burst_taps = 2
  tap_cadence_off_ms = 440
  tap_cadence_on_ms = 60
  tap_max_cycles = 120
  tap_max_nudges = 20
  tap_nudge_deg = 5.0
  tap_settle_ms = 1500
  tap_tilt_deg = 15.0
  taps_per_cycle = 1
  tau_afterflow_s = 0.8338
  tau_bal_s = 0.7
  tolerance_g = 0.003
  trickle_dt_s = 0.25
  trickle_integ_clamp = 0.5
  trickle_ki = 120.0
  trickle_kp = 250.0
  trickle_max_rate_gps = 0.05
  trickle_min_rate_gps = 0.003
  trickle_rpm_cap = 45.0
  trickle_start_remaining_g = 0.05
  trickle_tap = False
  trickle_tilt_deg = 30.0
>> set bulk_anticipation_g 0.05
[set] bulk_anticipation_g = 0.05 (was 0.05)
>> set bulk_enabled 1
[set] bulk_enabled = True (was True)
>> set bulk_poll_ms 250
[set] bulk_poll_ms = 250 (was 250)
>> set bulk_settle_ms 1500
[set] bulk_settle_ms = 1500 (was 1500)
>> set cutoff_margin_g 0.035
[set] cutoff_margin_g = 0.035 (was 0.035)
>> set dose_timeout_s 600
[set] dose_timeout_s = 600 (was 600)
>> set ff_prior_g_per_rev 0.35
[set] ff_prior_g_per_rev = 0.35 (was 0.35)
>> set final_settle_ms 2000
[set] final_settle_ms = 2000 (was 2000)
>> set k_sigma 1
[set] k_sigma = 1.0 (was 1.0)
>> set kf_q_var 0.0002
[set] kf_q_var = 0.0002 (was 0.0002)
>> set log_max_rows 1200
[set] log_max_rows = 1200 (was 1200)
>> set log_to_flash 0
[set] log_to_flash = False (was False)
>> set max_poll_misses 10
[set] max_poll_misses = 10 (was 10)
>> set noisy_sd_g 0.008
[set] noisy_sd_g = 0.008 (was 0.008)
>> set overshoot_abort_g 0.1
[set] overshoot_abort_g = 0.1 (was 0.1)
>> set post_trickle_settle_ms 1200
[set] post_trickle_settle_ms = 1200 (was 1200)
>> set print_every_n_polls 2
[set] print_every_n_polls = 2 (was 2)
>> set quiet_sd_g 0.0005
[set] quiet_sd_g = 0.0005 (was 0.0005)
>> set rate_tau_s 0.5
[set] rate_tau_s = 0.5 (was 0.5)
>> set stall_bail_s 8
[set] stall_bail_s = 8.0 (was 8.0)
>> set tap_cadence_off_ms 440
[set] tap_cadence_off_ms = 440 (was 440)
>> set tap_cadence_on_ms 60
[set] tap_cadence_on_ms = 60 (was 60)
>> set tap_max_cycles 120
[set] tap_max_cycles = 120 (was 120)
>> set tap_max_nudges 20
[set] tap_max_nudges = 20 (was 20)
>> set tap_nudge_deg 5
[set] tap_nudge_deg = 5.0 (was 5.0)
>> set tap_settle_ms 1500
[set] tap_settle_ms = 1500 (was 1500)
>> set taps_per_cycle 1
[set] taps_per_cycle = 1 (was 1)
>> set tau_afterflow_s 0.3
[set] tau_afterflow_s = 0.3 (was 0.8338)
>> set tau_bal_s 0.7
[set] tau_bal_s = 0.7 (was 0.7)
>> set trickle_dt_s 0.25
[set] trickle_dt_s = 0.25 (was 0.25)
>> set trickle_integ_clamp 0.5
[set] trickle_integ_clamp = 0.5 (was 0.5)
>> set trickle_ki 120
[set] trickle_ki = 120.0 (was 120.0)
>> set trickle_kp 250
[set] trickle_kp = 250.0 (was 250.0)
>> set trickle_max_rate_gps 0.05
[set] trickle_max_rate_gps = 0.05 (was 0.05)
>> set trickle_min_rate_gps 0.003
[set] trickle_min_rate_gps = 0.003 (was 0.003)
>> set trickle_rpm_cap 45
[set] trickle_rpm_cap = 45.0 (was 45.0)
>> set bulk_tap 1
[set] bulk_tap = True (was True)
>> set trickle_tap 0
[set] trickle_tap = False (was False)
>> set bulk_tilt_deg 40
[set] bulk_tilt_deg = 40.0 (was 40.0)
>> set trickle_tilt_deg 30
[set] trickle_tilt_deg = 30.0 (was 30.0)
>> set tap_tilt_deg 15
[set] tap_tilt_deg = 15.0 (was 15.0)
>> set bulk_rpm 20
[set] bulk_rpm = 20.0 (was 20.0)
>> set trickle_start_remaining_g 0.05
[set] trickle_start_remaining_g = 0.05 (was 0.05)
>> set tolerance_g 0.003
[set] tolerance_g = 0.003 (was 0.003)
>> set tau_afterflow_s 0.8338
[set] tau_afterflow_s = 0.8338 (was 0.3)
>> g 0.5000
[dose] trickle-tap dose to 0.5000 g (tol 3.0 mg, trickle tilt 30.0 plate deg); taring scale
[dose] tared: baseline +0.0 mg (subtracted), drift +0.0 mg/min, read noise 0.00 mg
=== stage 1 'bulk': 0.5000 g to go, velocity mode @ 20 rpm until 0.1000 g to go
[phase 1 bulk] cadence taps on: one 60 ms pulse per 500 ms
[phase 1 bulk] poll 1: mass 0.0000 / 0.5000 g (0.5000 g to go, +0.0000 g this poll), elapsed 6.0 s
[phase 1 bulk] poll 2: mass 0.0000 / 0.5000 g (0.5000 g to go, +0.0000 g this poll), elapsed 6.0 s
[phase 1 bulk] poll 3: mass 0.0000 / 0.5000 g (0.5000 g to go, +0.0000 g this poll), elapsed 7.0 s
[phase 1 bulk] poll 4 (unstable): mass 0.0091 / 0.5000 g (0.4909 g to go, +0.0091 g this poll), elapsed 7.0 s
[phase 1 bulk] poll 5 (unstable): mass 0.0277 / 0.5000 g (0.4723 g to go, +0.0186 g this poll), elapsed 8.0 s
[phase 1 bulk] poll 6 (unstable): mass 0.0685 / 0.5000 g (0.4315 g to go, +0.0408 g this poll), elapsed 8.0 s
[phase 1 bulk] poll 7 (unstable): mass 0.1133 / 0.5000 g (0.3867 g to go, +0.0448 g this poll), elapsed 8.0 s
[phase 1 bulk] poll 8 (unstable): mass 0.1390 / 0.5000 g (0.3610 g to go, +0.0257 g this poll), elapsed 9.0 s
[phase 1 bulk] poll 9 (unstable): mass 0.1585 / 0.5000 g (0.3415 g to go, +0.0195 g this poll), elapsed 9.0 s
[phase 1 bulk] poll 10 (unstable): mass 0.1986 / 0.5000 g (0.3014 g to go, +0.0401 g this poll), elapsed 9.0 s
[phase 1 bulk] poll 11 (unstable): mass 0.2128 / 0.5000 g (0.2872 g to go, +0.0142 g this poll), elapsed 10.0 s
[phase 1 bulk] poll 12 (unstable): mass 0.2215 / 0.5000 g (0.2785 g to go, +0.0087 g this poll), elapsed 10.0 s
[phase 1 bulk] poll 13 (unstable): mass 0.2352 / 0.5000 g (0.2648 g to go, +0.0137 g this poll), elapsed 11.0 s
[phase 1 bulk] poll 14 (unstable): mass 0.2632 / 0.5000 g (0.2368 g to go, +0.0280 g this poll), elapsed 11.0 s
[phase 1 bulk] poll 15 (unstable): mass 0.2919 / 0.5000 g (0.2081 g to go, +0.0287 g this poll), elapsed 11.0 s
[phase 1 bulk] poll 16 (unstable): mass 0.3068 / 0.5000 g (0.1932 g to go, +0.0149 g this poll), elapsed 12.0 s
[phase 1 bulk] poll 17 (unstable): mass 0.3306 / 0.5000 g (0.1694 g to go, +0.0238 g this poll), elapsed 12.0 s
[phase 1 bulk] poll 18 (unstable): mass 0.3584 / 0.5000 g (0.1416 g to go, +0.0278 g this poll), elapsed 12.0 s
[phase 1 bulk] poll 19 (unstable): mass 0.3741 / 0.5000 g (0.1259 g to go, +0.0157 g this poll), elapsed 13.0 s
[phase 1 bulk] poll 20 (unstable): mass 0.3802 / 0.5000 g (0.1198 g to go, +0.0061 g this poll), elapsed 13.0 s
[phase 1 bulk] poll 21 (unstable): mass 0.3965 / 0.5000 g (0.1035 g to go, +0.0163 g this poll), elapsed 14.0 s
[phase 1 bulk] poll 22 (unstable): mass 0.4177 / 0.5000 g (0.0823 g to go, +0.0212 g this poll), elapsed 14.0 s
[phase 1 bulk] auger halted at 0.0823 g to go (halt threshold 0.1000 g); settling 1500 ms
[phase 1 bulk] settled: mass 0.4729 / 0.5000 g (0.0271 g to go, +0.0552 g while settling), elapsed 17.0 s
[trickle] seeded at 0.4728 g; cutoff when m+r*0.83s+1.0*sigma >= 0.4650 g
[trickle] predictive cutoff: m 0.4728 + r*tau 0.0000 + k*sigma 0.0130 >= 0.4650 g
[trickle] halted; settled at 0.4728 g (-0.0 mg vs KF m_hat, 0.0272 g to go), 1 polls, 0 KF clamps, ff 0.350 g/rev
=== stage 3 'tap': 0.0272 g to go, single taps at 15.0 plate deg
[phase 3 tap] cycle 1: mass 0.4739 / 0.5000 g (0.0261 g to go, +0.0011 g this cycle), elapsed 26.0 s
[phase 3 tap] cycle 2: mass 0.4753 / 0.5000 g (0.0247 g to go, +0.0014 g this cycle), elapsed 29.0 s
[phase 3 tap] cycle 3: mass 0.4776 / 0.5000 g (0.0224 g to go, +0.0023 g this cycle), elapsed 32.0 s
[phase 3 tap] cycle 4: mass 0.4788 / 0.5000 g (0.0212 g to go, +0.0012 g this cycle), elapsed 35.0 s
[phase 3 tap] cycle 5: mass 0.4801 / 0.5000 g (0.0199 g to go, +0.0012 g this cycle), elapsed 38.0 s
[phase 3 tap] cycle 6: mass 0.4810 / 0.5000 g (0.0190 g to go, +0.0010 g this cycle), elapsed 41.0 s
[phase 3 tap] cycle 7: mass 0.4818 / 0.5000 g (0.0182 g to go, +0.0008 g this cycle), elapsed 44.0 s
[phase 3 tap] cycle 8: mass 0.4824 / 0.5000 g (0.0176 g to go, +0.0007 g this cycle), elapsed 47.0 s
[phase 3 tap] cycle 9: mass 0.4839 / 0.5000 g (0.0161 g to go, +0.0015 g this cycle), elapsed 50.0 s
[phase 3 tap] cycle 10: mass 0.4844 / 0.5000 g (0.0156 g to go, +0.0005 g this cycle), elapsed 53.0 s
[phase 3 tap] cycle 11: mass 0.4856 / 0.5000 g (0.0144 g to go, +0.0011 g this cycle), elapsed 57.0 s
[phase 3 tap] cycle 12: mass 0.4864 / 0.5000 g (0.0136 g to go, +0.0008 g this cycle), elapsed 60.0 s
[phase 3 tap] cycle 13: mass 0.4869 / 0.5000 g (0.0131 g to go, +0.0006 g this cycle), elapsed 63.0 s
[phase 3 tap] cycle 14: mass 0.4887 / 0.5000 g (0.0113 g to go, +0.0017 g this cycle), elapsed 66.0 s
[phase 3 tap] cycle 15: mass 0.4893 / 0.5000 g (0.0107 g to go, +0.0007 g this cycle), elapsed 69.0 s
[phase 3 tap] cycle 16: mass 0.4903 / 0.5000 g (0.0097 g to go, +0.0009 g this cycle), elapsed 72.0 s
[phase 3 tap] cycle 17: mass 0.4911 / 0.5000 g (0.0089 g to go, +0.0008 g this cycle), elapsed 75.0 s
[phase 3 tap] cycle 18: mass 0.4913 / 0.5000 g (0.0087 g to go, +0.0002 g this cycle), elapsed 78.0 s
[phase 3 tap] cycle 19: mass 0.4918 / 0.5000 g (0.0082 g to go, +0.0005 g this cycle), elapsed 81.0 s
[phase 3 tap] cycle 20: mass 0.4930 / 0.5000 g (0.0070 g to go, +0.0012 g this cycle), elapsed 84.0 s
[phase 3 tap] cycle 21: mass 0.4945 / 0.5000 g (0.0055 g to go, +0.0015 g this cycle), elapsed 87.0 s
[phase 3 tap] cycle 22: mass 0.4956 / 0.5000 g (0.0044 g to go, +0.0012 g this cycle), elapsed 90.0 s
[phase 3 tap] cycle 23: mass 0.4970 / 0.5000 g (0.0030 g to go, +0.0013 g this cycle), elapsed 93.0 s
[phase 3 tap] cycle 24: mass 0.4978 / 0.5000 g (0.0022 g to go, +0.0009 g this cycle), elapsed 96.0 s
[dose] final settle 2000 ms before the scoring reading
[dose] done: DoseResult(ok: 0.4980/0.5000 g in 100.0s; cycles bulk:22, trickle:1, tap:24; 2.67 auger rev, 40 taps)
RESULT {"phase_cycles": {"tap": 24, "bulk": 22, "trickle": 1}, "t_total_s": 99.24, "ff_g_per_rev": 0.35, "stop_events": [{"settled_g": 0.47288, "rate_slope_gps": 0.04144, "rpm": 20.0, "rate_kf_gps": null, "t_stop_s": 16.52, "m_stop_g": 0.4177, "tau_s": 0.8338, "afterflow_g": 0.05518, "stalled": 0, "phase": "bulk"}, {"phase": "trickle", "rate_kf_gps": 0.0, "settled_g": 0.4728, "stalled": 0, "tau_s": 0.8338, "m_stop_g": 0.4728, "afterflow_g": -0.0, "rate_slope_gps": null, "t_stop_s": 19.38}], "error_mg": -2.0, "t_settle_s": 3.33, "t_tap_s": 73.94, "nudges": 0, "telemetry_rows": 49, "telemetry_truncated": 0, "fw": "trickle_tap/2026-09-30b", "v": 1, "target_g": 0.5, "status": "ok", "settled_final": 1, "auger_rev": 2.667, "baseline_g": 0.0, "final_g": 0.498, "t_bulk_s": 11.96, "read_retries": 0, "dose_n": 11, "params": {"tau_afterflow_s": 0.8338, "goal_mass_g": 0.75, "taps_per_cycle": 1, "tap_cadence_on_ms": 60, "tap_burst_above_g": 0.0, "bulk_taper_start_g": 0.1, "bulk_boost_s": 3.0, "bulk_max_passes": 8, "final_settle_ms": 2000, "tap_cadence_off_ms": 440, "tap_burst_taps": 2, "tap_tilt_deg": 15.0, "trickle_tilt_deg": 30.0, "trickle_start_remaining_g": 0.05, "bulk_only": false, "bulk_min_rpm": 20.0, "trickle_tap": false, "overshoot_abort_g": 0.1, "bulk_tap": true, "tolerance_g": 0.003, "bulk_rpm": 20.0, "bulk_tilt_deg": 40.0}, "t_trickle_s": 5.44, "taps": 40, "log_path": null}
>> log
--- BEGIN trickle telemetry CSV ---
t_s,phase,z_g,fresh,m_g,r_gps,sigma_g,ff_gpr,r_sp_gps,err_gps,integ,rpm_cmd,pred_g,cutoff_g,clamp_hits
5.69,bulk,0.00000,1,0.00000,,,,,,,,,,
6.07,bulk,0.00000,1,0.00000,,,,,,,,,,
6.36,bulk,0.00000,1,0.00000,,,,,,,,,,
6.75,bulk,0.00910,1,0.00910,,,,,,,,,,
7.14,bulk,0.02770,1,0.02770,,,,,,,,,,
7.51,bulk,0.06850,1,0.06850,,,,,,,,,,
7.90,bulk,0.11330,1,0.11330,,,,,,,,,,
8.28,bulk,0.13900,1,0.13900,,,,,,,,,,
8.66,bulk,0.15850,1,0.15850,,,,,,,,,,
9.04,bulk,0.19860,1,0.19860,,,,,,,,,,
9.33,bulk,0.21280,1,0.21280,,,,,,,,,,
9.71,bulk,0.22150,1,0.22150,,,,,,,,,,
10.10,bulk,0.23520,1,0.23520,,,,,,,,,,
10.47,bulk,0.26320,1,0.26320,,,,,,,,,,
10.86,bulk,0.29190,1,0.29190,,,,,,,,,,
11.25,bulk,0.30680,1,0.30680,,,,,,,,,,
11.62,bulk,0.33060,1,0.33060,,,,,,,,,,
12.00,bulk,0.35840,1,0.35840,,,,,,,,,,
12.39,bulk,0.37410,1,0.37410,,,,,,,,,,
12.78,bulk,0.38020,1,0.38020,,,,,,,,,,
13.15,bulk,0.39650,1,0.39650,,,,,,,,,,
13.54,bulk,0.41770,1,0.41770,,,,,,,,,,
16.51,bulk,0.47288,1,0.47288,,,,,,,,,,
19.37,trickle,0.47280,1,0.47280,0.00000,0.01304,0.3500,0.00300,0.00300,0.0000,0.00,0.48584,0.46500,0
21.95,trickle_end,0.47280,1,0.47280,,,,,,,,,,0
25.59,tap,0.47390,1,0.47390,,,,,,,,,,
28.56,tap,0.47528,1,0.47528,,,,,,,,,,
31.52,tap,0.47762,1,0.47762,,,,,,,,,,
34.48,tap,0.47884,1,0.47884,,,,,,,,,,
37.65,tap,0.48006,1,0.48006,,,,,,,,,,
40.60,tap,0.48102,1,0.48102,,,,,,,,,,
43.66,tap,0.48178,1,0.48178,,,,,,,,,,
46.82,tap,0.48244,1,0.48244,,,,,,,,,,
49.89,tap,0.48392,1,0.48392,,,,,,,,,,
53.03,tap,0.48444,1,0.48444,,,,,,,,,,
56.10,tap,0.48558,1,0.48558,,,,,,,,,,
59.25,tap,0.48636,1,0.48636,,,,,,,,,,
62.42,tap,0.48694,1,0.48694,,,,,,,,,,
65.37,tap,0.48866,1,0.48866,,,,,,,,,,
68.35,tap,0.48934,1,0.48934,,,,,,,,,,
71.41,tap,0.49026,1,0.49026,,,,,,,,,,
74.47,tap,0.49110,1,0.49110,,,,,,,,,,
77.53,tap,0.49134,1,0.49134,,,,,,,,,,
80.58,tap,0.49184,1,0.49184,,,,,,,,,,
83.65,tap,0.49300,1,0.49300,,,,,,,,,,
86.60,tap,0.49448,1,0.49448,,,,,,,,,,
89.77,tap,0.49564,1,0.49564,,,,,,,,,,
92.72,tap,0.49696,1,0.49696,,,,,,,,,,
95.89,tap,0.49782,1,0.49782,,,,,,,,,,
--- END trickle telemetry CSV ---
