--- session 2026-09-29T03:07:16.276544+00:00 ---
>> 
>> s
firmware: trickle_tap/2026-09-25
stepper: 60 auger rpm (max ~109), 1/8 microsteps; plate at 7.5 deg; scale UART0 @ 19200
trickle parameters ('set <key> <value>' to change):
  bulk_anticipation_g = 0.05
  bulk_enabled = True
  bulk_poll_ms = 250
  bulk_rpm = 60.0
  bulk_settle_ms = 1500
  bulk_tap = False
  bulk_tilt_deg = 27.5
  cutoff_margin_g = 0.035
  dose_timeout_s = 600
  ff_prior_g_per_rev = 0.35
  final_settle_ms = 2000
  goal_mass_g = 0.75
  k_sigma = 1.0
  kf_q_var = 0.0002
  log_max_rows = 2400
  log_to_flash = False
  max_poll_misses = 10
  noisy_sd_g = 0.008
  overshoot_abort_g = 0.1
  post_trickle_settle_ms = 1200
  print_every_n_polls = 2
  quiet_sd_g = 0.0005
  rate_tau_s = 0.5
  stall_bail_s = 8.0
  tap_cadence_off_ms = 440
  tap_cadence_on_ms = 60
  tap_max_cycles = 120
  tap_max_nudges = 20
  tap_nudge_deg = 5.0
  tap_settle_ms = 1500
  tap_tilt_deg = 7.5
  taps_per_cycle = 1
  tau_afterflow_s = 0.8338
  tau_bal_s = 0.7
  tolerance_g = 0.009
  trickle_dt_s = 0.25
  trickle_integ_clamp = 0.5
  trickle_ki = 120.0
  trickle_kp = 250.0
  trickle_max_rate_gps = 0.05
  trickle_min_rate_gps = 0.003
  trickle_rpm_cap = 45.0
  trickle_start_remaining_g = 0.175
  trickle_tap = False
  trickle_tilt_deg = 20.0
>> set bulk_anticipation_g 0.05
[set] bulk_anticipation_g = 0.05 (was 0.05)
>> set bulk_enabled 1
[set] bulk_enabled = True (was True)
>> set bulk_poll_ms 250
[set] bulk_poll_ms = 250 (was 250)
>> set bulk_settle_ms 1500
[set] bulk_settle_ms = 1500 (was 1500)
>> set cutoff_margin_g 0.035
[set] cutoff_margin_g = 0.035 (was 0.035)
>> set dose_timeout_s 600
[set] dose_timeout_s = 600 (was 600)
>> set ff_prior_g_per_rev 0.35
[set] ff_prior_g_per_rev = 0.35 (was 0.35)
>> set final_settle_ms 2000
[set] final_settle_ms = 2000 (was 2000)
>> set k_sigma 1
[set] k_sigma = 1.0 (was 1.0)
>> set kf_q_var 0.0002
[set] kf_q_var = 0.0002 (was 0.0002)
>> set log_max_rows 2400
[set] log_max_rows = 2400 (was 2400)
>> set log_to_flash 0
[set] log_to_flash = False (was False)
>> set max_poll_misses 10
[set] max_poll_misses = 10 (was 10)
>> set noisy_sd_g 0.008
[set] noisy_sd_g = 0.008 (was 0.008)
>> set overshoot_abort_g 0.1
[set] overshoot_abort_g = 0.1 (was 0.1)
>> set post_trickle_settle_ms 1200
[set] post_trickle_settle_ms = 1200 (was 1200)
>> set print_every_n_polls 2
[set] print_every_n_polls = 2 (was 2)
>> set quiet_sd_g 0.0005
[set] quiet_sd_g = 0.0005 (was 0.0005)
>> set rate_tau_s 0.5
[set] rate_tau_s = 0.5 (was 0.5)
>> set stall_bail_s 8
[set] stall_bail_s = 8.0 (was 8.0)
>> set tap_cadence_off_ms 440
[set] tap_cadence_off_ms = 440 (was 440)
>> set tap_cadence_on_ms 60
[set] tap_cadence_on_ms = 60 (was 60)
>> set tap_max_cycles 120
[set] tap_max_cycles = 120 (was 120)
>> set tap_max_nudges 20
[set] tap_max_nudges = 20 (was 20)
>> set tap_nudge_deg 5
[set] tap_nudge_deg = 5.0 (was 5.0)
>> set tap_settle_ms 1500
[set] tap_settle_ms = 1500 (was 1500)
>> set taps_per_cycle 1
[set] taps_per_cycle = 1 (was 1)
>> set tau_afterflow_s 0.3
[set] tau_afterflow_s = 0.3 (was 0.8338)
>> set tau_bal_s 0.7
[set] tau_bal_s = 0.7 (was 0.7)
>> set trickle_dt_s 0.25
[set] trickle_dt_s = 0.25 (was 0.25)
>> set trickle_integ_clamp 0.5
[set] trickle_integ_clamp = 0.5 (was 0.5)
>> set trickle_ki 120
[set] trickle_ki = 120.0 (was 120.0)
>> set trickle_kp 250
[set] trickle_kp = 250.0 (was 250.0)
>> set trickle_max_rate_gps 0.05
[set] trickle_max_rate_gps = 0.05 (was 0.05)
>> set trickle_min_rate_gps 0.003
[set] trickle_min_rate_gps = 0.003 (was 0.003)
>> set trickle_rpm_cap 45
[set] trickle_rpm_cap = 45.0 (was 45.0)
>> set bulk_tap 0
[set] bulk_tap = False (was False)
>> set trickle_tap 0
[set] trickle_tap = False (was False)
>> set bulk_tilt_deg 27.5
[set] bulk_tilt_deg = 27.5 (was 27.5)
>> set trickle_tilt_deg 20
[set] trickle_tilt_deg = 20.0 (was 20.0)
>> set tap_tilt_deg 7.5
[set] tap_tilt_deg = 7.5 (was 7.5)
>> set bulk_rpm 60
[set] bulk_rpm = 60.0 (was 60.0)
>> set trickle_start_remaining_g 0.175
[set] trickle_start_remaining_g = 0.175 (was 0.175)
>> set tolerance_g 0.009
[set] tolerance_g = 0.009 (was 0.009)
>> set tau_afterflow_s 0.8338
[set] tau_afterflow_s = 0.8338 (was 0.3)
>> g 0.5000
[dose] trickle-tap dose to 0.5000 g (tol 9.0 mg, trickle tilt 20.0 plate deg); taring scale
[dose] tared: baseline +0.0 mg (subtracted), drift +0.0 mg/min, read noise 0.00 mg
=== stage 1 'bulk': 0.5000 g to go, velocity mode @ 60 rpm until 0.2250 g to go
[phase 1 bulk] poll 1: mass 0.0000 / 0.5000 g (0.5000 g to go, +0.0000 g this poll), elapsed 5.0 s
[phase 1 bulk] poll 2: mass 0.0000 / 0.5000 g (0.5000 g to go, +0.0000 g this poll), elapsed 5.0 s
[phase 1 bulk] poll 3: mass 0.0000 / 0.5000 g (0.5000 g to go, +0.0000 g this poll), elapsed 5.0 s
[phase 1 bulk] poll 4 (unstable): mass 0.0076 / 0.5000 g (0.4924 g to go, +0.0076 g this poll), elapsed 6.0 s
[phase 1 bulk] poll 5 (unstable): mass 0.0229 / 0.5000 g (0.4771 g to go, +0.0153 g this poll), elapsed 6.0 s
[phase 1 bulk] poll 6 (unstable): mass 0.0490 / 0.5000 g (0.4510 g to go, +0.0261 g this poll), elapsed 6.0 s
[phase 1 bulk] poll 7 (unstable): mass 0.0883 / 0.5000 g (0.4117 g to go, +0.0393 g this poll), elapsed 7.0 s
[phase 1 bulk] poll 8 (unstable): mass 0.1110 / 0.5000 g (0.3890 g to go, +0.0227 g this poll), elapsed 7.0 s
[phase 1 bulk] poll 9 (unstable): mass 0.1339 / 0.5000 g (0.3661 g to go, +0.0229 g this poll), elapsed 7.0 s
[phase 1 bulk] poll 10 (unstable): mass 0.1701 / 0.5000 g (0.3299 g to go, +0.0362 g this poll), elapsed 7.0 s
[phase 1 bulk] poll 11 (unstable): mass 0.2049 / 0.5000 g (0.2951 g to go, +0.0348 g this poll), elapsed 8.0 s
[phase 1 bulk] poll 12 (unstable): mass 0.2281 / 0.5000 g (0.2719 g to go, +0.0232 g this poll), elapsed 8.0 s
[phase 1 bulk] poll 13 (unstable): mass 0.2593 / 0.5000 g (0.2407 g to go, +0.0312 g this poll), elapsed 8.0 s
[phase 1 bulk] poll 14 (unstable): mass 0.2961 / 0.5000 g (0.2039 g to go, +0.0368 g this poll), elapsed 9.0 s
[phase 1 bulk] auger halted at 0.2039 g to go (halt threshold 0.2250 g); settling 1500 ms
[phase 1 bulk] settled: mass 0.3790 / 0.5000 g (0.1210 g to go, +0.0829 g while settling), elapsed 11.0 s
[trickle] seeded at 0.3789 g; cutoff when m+r*0.83s+1.0*sigma >= 0.4650 g
[trickle]  14.7s m 0.3789 r  47.6 mg/s (sp  50.0) rpm  14.2 pred 0.4307/0.4650 sigma 12.1 mg
[trickle]  15.3s m 0.4002 r  33.8 mg/s (sp  38.9) rpm   6.2 pred 0.4384/0.4650 sigma 10.0 mg
[trickle]  16.1s m 0.4214 r  25.8 mg/s (sp  26.1) rpm   4.5 pred 0.4522/0.4650 sigma 9.2 mg
[trickle]  16.8s m 0.4293 r  20.5 mg/s (sp  21.4) rpm   3.8 pred 0.4550/0.4650 sigma 8.6 mg
[trickle]  17.4s m 0.4339 r  18.3 mg/s (sp  18.7) rpm   3.1 pred 0.4575/0.4650 sigma 8.3 mg
[trickle]  18.2s m 0.4439 r  16.1 mg/s (sp  12.7) rpm   2.6 pred 0.4662/0.4650 sigma 8.9 mg
[trickle] predictive cutoff: m 0.4439 + r*tau 0.0134 + k*sigma 0.0089 >= 0.4650 g
[trickle] halted; settled at 0.4937 g (+49.8 mg vs KF m_hat, 0.0063 g to go), 12 polls, 0 KF clamps, ff 0.350 g/rev
=== stage 3 'tap' skipped (0.0063 g to go is inside tolerance)
[dose] final settle 2000 ms before the scoring reading
[dose] done: DoseResult(ok: 0.4932/0.5000 g in 24.0s; cycles bulk:14, trickle:12, tap:0; 5.28 auger rev, 0 taps)
RESULT {"fw": "trickle_tap/2026-09-25", "t_total_s": 24.04, "t_bulk_s": 7.56, "taps": 0, "t_trickle_s": 8.8, "t_settle_s": 3.45, "phase_cycles": {"tap": 0, "bulk": 14, "trickle": 12}, "ff_g_per_rev": 0.35, "error_mg": -6.8, "params": {"tap_cadence_off_ms": 440, "trickle_tap": false, "trickle_tilt_deg": 20.0, "tolerance_g": 0.009, "goal_mass_g": 0.75, "trickle_start_remaining_g": 0.175, "bulk_tilt_deg": 27.5, "tau_afterflow_s": 0.8338, "tap_tilt_deg": 7.5, "bulk_tap": false, "overshoot_abort_g": 0.1, "final_settle_ms": 2000, "bulk_rpm": 60.0, "tap_cadence_on_ms": 60}, "telemetry_rows": 28, "nudges": 0, "log_path": null, "settled_final": 1, "baseline_g": 0.0, "t_tap_s": 0.0, "auger_rev": 5.28, "status": "ok", "final_g": 0.4932, "v": 1, "target_g": 0.5, "stop_events": [{"settled_g": 0.37902, "rate_slope_gps": 0.10752, "rpm": 60.0, "rate_kf_gps": null, "t_stop_s": 11.78, "m_stop_g": 0.2961, "tau_s": 0.8338, "afterflow_g": 0.08292, "stalled": 0, "phase": "bulk"}, {"phase": "trickle", "rate_kf_gps": 0.01611, "settled_g": 0.49366, "stalled": 0, "tau_s": 0.8338, "m_stop_g": 0.4439, "afterflow_g": 0.04976, "rate_slope_gps": 0.0147, "t_stop_s": 18.2}], "read_retries": 0, "dose_n": 26}
>> log
--- BEGIN trickle telemetry CSV ---
t_s,phase,z_g,fresh,m_g,r_gps,sigma_g,ff_gpr,r_sp_gps,err_gps,integ,rpm_cmd,pred_g,cutoff_g,clamp_hits
5.28,bulk,0.00000,1,0.00000,,,,,,,,,,
5.56,bulk,0.00000,1,0.00000,,,,,,,,,,
5.85,bulk,0.00000,1,0.00000,,,,,,,,,,
6.14,bulk,0.00760,1,0.00760,,,,,,,,,,
6.42,bulk,0.02290,1,0.02290,,,,,,,,,,
6.71,bulk,0.04900,1,0.04900,,,,,,,,,,
7.00,bulk,0.08830,1,0.08830,,,,,,,,,,
7.28,bulk,0.11100,1,0.11100,,,,,,,,,,
7.57,bulk,0.13390,1,0.13390,,,,,,,,,,
7.86,bulk,0.17010,1,0.17010,,,,,,,,,,
8.14,bulk,0.20490,1,0.20490,,,,,,,,,,
8.43,bulk,0.22810,1,0.22810,,,,,,,,,,
8.72,bulk,0.25930,1,0.25930,,,,,,,,,,
9.00,bulk,0.29610,1,0.29610,,,,,,,,,,
11.78,bulk,0.37902,1,0.37902,,,,,,,,,,
14.36,trickle,0.37890,1,0.37891,0.00000,0.01353,0.3500,0.05000,0.05000,0.0000,0.00,0.39244,0.46500,0
14.65,trickle,0.37890,1,0.37891,0.04764,0.01206,0.3500,0.05000,0.00236,0.0140,14.18,0.43070,0.46500,0
14.94,trickle,0.37890,1,0.39277,0.02789,0.01079,0.3500,0.04331,0.01542,0.0147,2.35,0.42681,0.46500,0
15.32,trickle,0.37890,1,0.40020,0.03379,0.00998,0.3500,0.03886,0.00506,0.0192,6.15,0.43836,0.46500,0
15.70,trickle,0.38890,1,0.41252,0.02488,0.00949,0.3500,0.03147,0.00659,0.0211,3.80,0.44275,0.46500,0
16.08,trickle,0.39790,1,0.42141,0.02582,0.00924,0.3500,0.02614,0.00032,0.0236,4.48,0.45218,0.46500,0
16.47,trickle,0.40050,1,0.42814,0.01901,0.00917,0.3500,0.02210,0.00309,0.0237,2.93,0.45316,0.46500,0
16.75,trickle,0.40190,1,0.42931,0.02049,0.00857,0.3500,0.02140,0.00091,0.0249,3.76,0.45497,0.46500,0
17.14,trickle,0.40620,1,0.43264,0.01916,0.00881,0.3500,0.01941,0.00024,0.0252,3.25,0.45743,0.46500,0
17.44,trickle,0.40860,1,0.43388,0.01829,0.00835,0.3500,0.01866,0.00037,0.0253,3.09,0.45747,0.46500,0
17.81,trickle,0.41320,1,0.43698,0.01817,0.00878,0.3500,0.01680,-0.00136,0.0254,3.14,0.46091,0.46500,0
18.19,trickle,0.42830,1,0.44390,0.01611,0.00886,0.3500,0.01265,-0.00346,0.0248,2.64,0.46619,0.46500,0
20.58,trickle_end,0.49366,1,0.49366,,,,,,,,,,0
--- END trickle telemetry CSV ---
