--- session 2026-09-29T03:09:55.613405+00:00 ---
>> 
>> s
firmware: trickle_tap/2026-09-25
stepper: 60 auger rpm (max ~109), 1/8 microsteps; plate at 7.5 deg; scale UART0 @ 19200
trickle parameters ('set <key> <value>' to change):
  bulk_anticipation_g = 0.05
  bulk_enabled = True
  bulk_poll_ms = 250
  bulk_rpm = 60.0
  bulk_settle_ms = 1500
  bulk_tap = False
  bulk_tilt_deg = 27.5
  cutoff_margin_g = 0.035
  dose_timeout_s = 600
  ff_prior_g_per_rev = 0.35
  final_settle_ms = 2000
  goal_mass_g = 0.75
  k_sigma = 1.0
  kf_q_var = 0.0002
  log_max_rows = 2400
  log_to_flash = False
  max_poll_misses = 10
  noisy_sd_g = 0.008
  overshoot_abort_g = 0.1
  post_trickle_settle_ms = 1200
  print_every_n_polls = 2
  quiet_sd_g = 0.0005
  rate_tau_s = 0.5
  stall_bail_s = 8.0
  tap_cadence_off_ms = 440
  tap_cadence_on_ms = 60
  tap_max_cycles = 120
  tap_max_nudges = 20
  tap_nudge_deg = 5.0
  tap_settle_ms = 1500
  tap_tilt_deg = 7.5
  taps_per_cycle = 1
  tau_afterflow_s = 0.8338
  tau_bal_s = 0.7
  tolerance_g = 0.009
  trickle_dt_s = 0.25
  trickle_integ_clamp = 0.5
  trickle_ki = 120.0
  trickle_kp = 250.0
  trickle_max_rate_gps = 0.05
  trickle_min_rate_gps = 0.003
  trickle_rpm_cap = 45.0
  trickle_start_remaining_g = 0.175
  trickle_tap = False
  trickle_tilt_deg = 20.0
>> set bulk_anticipation_g 0.05
[set] bulk_anticipation_g = 0.05 (was 0.05)
>> set bulk_enabled 1
[set] bulk_enabled = True (was True)
>> set bulk_poll_ms 250
[set] bulk_poll_ms = 250 (was 250)
>> set bulk_settle_ms 1500
[set] bulk_settle_ms = 1500 (was 1500)
>> set cutoff_margin_g 0.035
[set] cutoff_margin_g = 0.035 (was 0.035)
>> set dose_timeout_s 600
[set] dose_timeout_s = 600 (was 600)
>> set ff_prior_g_per_rev 0.35
[set] ff_prior_g_per_rev = 0.35 (was 0.35)
>> set final_settle_ms 2000
[set] final_settle_ms = 2000 (was 2000)
>> set k_sigma 1
[set] k_sigma = 1.0 (was 1.0)
>> set kf_q_var 0.0002
[set] kf_q_var = 0.0002 (was 0.0002)
>> set log_max_rows 2400
[set] log_max_rows = 2400 (was 2400)
>> set log_to_flash 0
[set] log_to_flash = False (was False)
>> set max_poll_misses 10
[set] max_poll_misses = 10 (was 10)
>> set noisy_sd_g 0.008
[set] noisy_sd_g = 0.008 (was 0.008)
>> set overshoot_abort_g 0.1
[set] overshoot_abort_g = 0.1 (was 0.1)
>> set post_trickle_settle_ms 1200
[set] post_trickle_settle_ms = 1200 (was 1200)
>> set print_every_n_polls 2
[set] print_every_n_polls = 2 (was 2)
>> set quiet_sd_g 0.0005
[set] quiet_sd_g = 0.0005 (was 0.0005)
>> set rate_tau_s 0.5
[set] rate_tau_s = 0.5 (was 0.5)
>> set stall_bail_s 8
[set] stall_bail_s = 8.0 (was 8.0)
>> set tap_cadence_off_ms 440
[set] tap_cadence_off_ms = 440 (was 440)
>> set tap_cadence_on_ms 60
[set] tap_cadence_on_ms = 60 (was 60)
>> set tap_max_cycles 120
[set] tap_max_cycles = 120 (was 120)
>> set tap_max_nudges 20
[set] tap_max_nudges = 20 (was 20)
>> set tap_nudge_deg 5
[set] tap_nudge_deg = 5.0 (was 5.0)
>> set tap_settle_ms 1500
[set] tap_settle_ms = 1500 (was 1500)
>> set taps_per_cycle 1
[set] taps_per_cycle = 1 (was 1)
>> set tau_afterflow_s 0.3
[set] tau_afterflow_s = 0.3 (was 0.8338)
>> set tau_bal_s 0.7
[set] tau_bal_s = 0.7 (was 0.7)
>> set trickle_dt_s 0.25
[set] trickle_dt_s = 0.25 (was 0.25)
>> set trickle_integ_clamp 0.5
[set] trickle_integ_clamp = 0.5 (was 0.5)
>> set trickle_ki 120
[set] trickle_ki = 120.0 (was 120.0)
>> set trickle_kp 250
[set] trickle_kp = 250.0 (was 250.0)
>> set trickle_max_rate_gps 0.05
[set] trickle_max_rate_gps = 0.05 (was 0.05)
>> set trickle_min_rate_gps 0.003
[set] trickle_min_rate_gps = 0.003 (was 0.003)
>> set trickle_rpm_cap 45
[set] trickle_rpm_cap = 45.0 (was 45.0)
>> set bulk_tap 0
[set] bulk_tap = False (was False)
>> set trickle_tap 0
[set] trickle_tap = False (was False)
>> set bulk_tilt_deg 30
[set] bulk_tilt_deg = 30.0 (was 27.5)
>> set trickle_tilt_deg 15
[set] trickle_tilt_deg = 15.0 (was 20.0)
>> set tap_tilt_deg 10
[set] tap_tilt_deg = 10.0 (was 7.5)
>> set bulk_rpm 55
[set] bulk_rpm = 55.0 (was 60.0)
>> set trickle_start_remaining_g 0.25
[set] trickle_start_remaining_g = 0.25 (was 0.175)
>> set tolerance_g 0.005
[set] tolerance_g = 0.005 (was 0.009)
>> set tau_afterflow_s 0.8338
[set] tau_afterflow_s = 0.8338 (was 0.3)
>> g 0.5000
[dose] trickle-tap dose to 0.5000 g (tol 5.0 mg, trickle tilt 15.0 plate deg); taring scale
[dose] tared: baseline +0.0 mg (subtracted), drift +0.0 mg/min, read noise 0.00 mg
=== stage 1 'bulk': 0.5000 g to go, velocity mode @ 55 rpm until 0.3000 g to go
[phase 1 bulk] poll 1: mass 0.0000 / 0.5000 g (0.5000 g to go, +0.0000 g this poll), elapsed 5.0 s
[phase 1 bulk] poll 2: mass 0.0000 / 0.5000 g (0.5000 g to go, +0.0000 g this poll), elapsed 5.0 s
[phase 1 bulk] poll 3 (unstable): mass 0.0073 / 0.5000 g (0.4927 g to go, +0.0073 g this poll), elapsed 6.0 s
[phase 1 bulk] poll 4 (unstable): mass 0.0319 / 0.5000 g (0.4681 g to go, +0.0246 g this poll), elapsed 6.0 s
[phase 1 bulk] poll 5 (unstable): mass 0.0608 / 0.5000 g (0.4392 g to go, +0.0289 g this poll), elapsed 6.0 s
[phase 1 bulk] poll 6 (unstable): mass 0.0984 / 0.5000 g (0.4016 g to go, +0.0376 g this poll), elapsed 6.0 s
[phase 1 bulk] poll 7 (unstable): mass 0.1323 / 0.5000 g (0.3677 g to go, +0.0339 g this poll), elapsed 7.0 s
[phase 1 bulk] poll 8 (unstable): mass 0.1512 / 0.5000 g (0.3488 g to go, +0.0189 g this poll), elapsed 7.0 s
[phase 1 bulk] poll 9 (unstable): mass 0.1668 / 0.5000 g (0.3332 g to go, +0.0156 g this poll), elapsed 7.0 s
[phase 1 bulk] poll 10 (unstable): mass 0.1955 / 0.5000 g (0.3045 g to go, +0.0287 g this poll), elapsed 8.0 s
[phase 1 bulk] poll 11 (unstable): mass 0.2329 / 0.5000 g (0.2671 g to go, +0.0374 g this poll), elapsed 8.0 s
[phase 1 bulk] auger halted at 0.2671 g to go (halt threshold 0.3000 g); settling 1500 ms
[phase 1 bulk] settled: mass 0.3226 / 0.5000 g (0.1774 g to go, +0.0897 g while settling), elapsed 11.0 s
[trickle] seeded at 0.3224 g; cutoff when m+r*0.83s+1.0*sigma >= 0.4650 g
[trickle]  14.2s m 0.3224 r  67.4 mg/s (sp  50.0) rpm  14.7 pred 0.3905/0.4650 sigma 11.9 mg
[trickle]  15.0s m 0.3533 r  53.1 mg/s (sp  50.0) rpm  11.1 pred 0.4052/0.4650 sigma 7.6 mg
[trickle]  15.7s m 0.3722 r  55.0 mg/s (sp  50.0) rpm  11.5 pred 0.4269/0.4650 sigma 8.8 mg
[trickle]  16.5s m 0.3838 r  53.6 mg/s (sp  48.7) rpm  11.0 pred 0.4375/0.4650 sigma 9.1 mg
[trickle]  17.2s m 0.4029 r  37.8 mg/s (sp  37.2) rpm   8.5 pred 0.4430/0.4650 sigma 8.5 mg
[trickle]  17.8s m 0.4242 r  27.6 mg/s (sp  24.4) rpm   5.3 pred 0.4556/0.4650 sigma 8.3 mg
[trickle]  18.6s m 0.4383 r  20.3 mg/s (sp  16.0) rpm   4.1 pred 0.4641/0.4650 sigma 8.9 mg
[trickle]  19.4s m 0.4408 r  17.3 mg/s (sp  14.5) rpm   3.8 pred 0.4643/0.4650 sigma 9.1 mg
[trickle]  20.0s m 0.4395 r  16.9 mg/s (sp  15.3) rpm   4.0 pred 0.4621/0.4650 sigma 8.6 mg
[trickle]  20.7s m 0.4411 r  16.0 mg/s (sp  14.3) rpm   3.8 pred 0.4628/0.4650 sigma 8.3 mg
[trickle]  21.4s m 0.4441 r  14.5 mg/s (sp  12.5) rpm   3.6 pred 0.4645/0.4650 sigma 8.3 mg
[trickle] predictive cutoff: m 0.4463 + r*tau 0.0115 + k*sigma 0.0087 >= 0.4650 g
[trickle] halted; settled at 0.4349 g (-11.4 mg vs KF m_hat, 0.0651 g to go), 23 polls, 0 KF clamps, ff 0.223 g/rev
=== stage 3 'tap': 0.0651 g to go, single taps at 10.0 plate deg
[phase 3 tap] cycle 1: mass 0.4384 / 0.5000 g (0.0616 g to go, +0.0036 g this cycle), elapsed 27.0 s
[phase 3 tap] cycle 2: mass 0.4397 / 0.5000 g (0.0603 g to go, +0.0012 g this cycle), elapsed 30.0 s
[phase 3 tap] cycle 3: mass 0.4426 / 0.5000 g (0.0574 g to go, +0.0029 g this cycle), elapsed 33.0 s
[phase 3 tap] cycle 4: mass 0.4450 / 0.5000 g (0.0550 g to go, +0.0024 g this cycle), elapsed 36.0 s
[phase 3 tap] cycle 5: mass 0.4463 / 0.5000 g (0.0537 g to go, +0.0013 g this cycle), elapsed 39.0 s
[phase 3 tap] cycle 6: mass 0.4487 / 0.5000 g (0.0513 g to go, +0.0024 g this cycle), elapsed 42.0 s
[phase 3 tap] cycle 7: mass 0.4498 / 0.5000 g (0.0502 g to go, +0.0010 g this cycle), elapsed 45.0 s
[phase 3 tap] cycle 8: mass 0.4509 / 0.5000 g (0.0491 g to go, +0.0012 g this cycle), elapsed 48.0 s
[phase 3 tap] cycle 9: mass 0.4516 / 0.5000 g (0.0484 g to go, +0.0007 g this cycle), elapsed 51.0 s
[phase 3 tap] cycle 10: mass 0.4534 / 0.5000 g (0.0466 g to go, +0.0018 g this cycle), elapsed 54.0 s
[phase 3 tap] cycle 11: mass 0.4544 / 0.5000 g (0.0456 g to go, +0.0010 g this cycle), elapsed 57.0 s
[phase 3 tap] cycle 12: mass 0.4553 / 0.5000 g (0.0447 g to go, +0.0009 g this cycle), elapsed 60.0 s
[phase 3 tap] cycle 13: mass 0.4557 / 0.5000 g (0.0443 g to go, +0.0004 g this cycle), elapsed 64.0 s
[phase 3 tap] cycle 14: mass 0.4567 / 0.5000 g (0.0433 g to go, +0.0011 g this cycle), elapsed 67.0 s
[phase 3 tap] cycle 15: mass 0.4582 / 0.5000 g (0.0418 g to go, +0.0015 g this cycle), elapsed 70.0 s
[phase 3 tap] cycle 16: mass 0.4594 / 0.5000 g (0.0406 g to go, +0.0012 g this cycle), elapsed 73.0 s
[phase 3 tap] cycle 17: mass 0.4605 / 0.5000 g (0.0395 g to go, +0.0012 g this cycle), elapsed 76.0 s
[phase 3 tap] cycle 18: mass 0.4610 / 0.5000 g (0.0390 g to go, +0.0005 g this cycle), elapsed 79.0 s
[phase 3 tap] cycle 19: mass 0.4619 / 0.5000 g (0.0381 g to go, +0.0009 g this cycle), elapsed 82.0 s
[phase 3 tap] cycle 20: mass 0.4632 / 0.5000 g (0.0368 g to go, +0.0013 g this cycle), elapsed 85.0 s
[phase 3 tap] cycle 21: mass 0.4642 / 0.5000 g (0.0358 g to go, +0.0011 g this cycle), elapsed 88.0 s
[phase 3 tap] cycle 22: mass 0.4650 / 0.5000 g (0.0350 g to go, +0.0007 g this cycle), elapsed 91.0 s
[phase 3 tap] cycle 23: mass 0.4656 / 0.5000 g (0.0344 g to go, +0.0007 g this cycle), elapsed 94.0 s
[phase 3 tap] cycle 24: mass 0.4663 / 0.5000 g (0.0337 g to go, +0.0007 g this cycle), elapsed 97.0 s
[phase 3 tap] cycle 25: mass 0.4669 / 0.5000 g (0.0331 g to go, +0.0006 g this cycle), elapsed 100.0 s
[phase 3 tap] cycle 26: mass 0.4674 / 0.5000 g (0.0326 g to go, +0.0006 g this cycle), elapsed 104.0 s
[phase 3 tap] cycle 27: mass 0.4678 / 0.5000 g (0.0322 g to go, +0.0003 g this cycle), elapsed 107.0 s
[phase 3 tap] cycle 28: mass 0.4688 / 0.5000 g (0.0312 g to go, +0.0010 g this cycle), elapsed 110.0 s
[phase 3 tap] cycle 29: mass 0.4690 / 0.5000 g (0.0310 g to go, +0.0003 g this cycle), elapsed 113.0 s
[phase 3 tap] cycle 30: mass 0.4692 / 0.5000 g (0.0308 g to go, +0.0002 g this cycle), elapsed 116.0 s
[phase 3 tap] cycle 31: mass 0.4699 / 0.5000 g (0.0301 g to go, +0.0007 g this cycle), elapsed 119.0 s
[phase 3 tap] cycle 32: mass 0.4715 / 0.5000 g (0.0285 g to go, +0.0016 g this cycle), elapsed 122.0 s
[phase 3 tap] cycle 33: mass 0.4720 / 0.5000 g (0.0280 g to go, +0.0006 g this cycle), elapsed 125.0 s
[phase 3 tap] cycle 34: mass 0.4722 / 0.5000 g (0.0278 g to go, +0.0002 g this cycle), elapsed 128.0 s
[phase 3 tap] cycle 35: mass 0.4733 / 0.5000 g (0.0267 g to go, +0.0011 g this cycle), elapsed 131.0 s
[phase 3 tap] cycle 36: mass 0.4736 / 0.5000 g (0.0264 g to go, +0.0003 g this cycle), elapsed 134.0 s
[phase 3 tap] cycle 37: mass 0.4738 / 0.5000 g (0.0262 g to go, +0.0001 g this cycle), elapsed 137.0 s
[phase 3 tap] cycle 38: mass 0.4750 / 0.5000 g (0.0250 g to go, +0.0012 g this cycle), elapsed 140.0 s
[phase 3 tap] cycle 39: mass 0.4760 / 0.5000 g (0.0240 g to go, +0.0010 g this cycle), elapsed 143.0 s
[phase 3 tap] cycle 40: mass 0.4776 / 0.5000 g (0.0224 g to go, +0.0016 g this cycle), elapsed 146.0 s
[phase 3 tap] cycle 41: mass 0.4780 / 0.5000 g (0.0220 g to go, +0.0004 g this cycle), elapsed 150.0 s
[phase 3 tap] cycle 42: mass 0.4784 / 0.5000 g (0.0216 g to go, +0.0003 g this cycle), elapsed 153.0 s
[phase 3 tap] cycle 43: mass 0.4791 / 0.5000 g (0.0209 g to go, +0.0007 g this cycle), elapsed 156.0 s
[phase 3 tap] cycle 44: mass 0.4793 / 0.5000 g (0.0207 g to go, +0.0003 g this cycle), elapsed 159.0 s
[phase 3 tap] cycle 45: mass 0.4804 / 0.5000 g (0.0196 g to go, +0.0010 g this cycle), elapsed 162.0 s
[phase 3 tap] cycle 46: mass 0.4812 / 0.5000 g (0.0188 g to go, +0.0008 g this cycle), elapsed 165.0 s
[phase 3 tap] cycle 47: mass 0.4814 / 0.5000 g (0.0186 g to go, +0.0002 g this cycle), elapsed 168.0 s
[phase 3 tap] cycle 48: mass 0.4827 / 0.5000 g (0.0173 g to go, +0.0014 g this cycle), elapsed 171.0 s
[phase 3 tap] cycle 49: mass 0.4830 / 0.5000 g (0.0170 g to go, +0.0003 g this cycle), elapsed 174.0 s
[phase 3 tap] cycle 50: mass 0.4832 / 0.5000 g (0.0168 g to go, +0.0002 g this cycle), elapsed 177.0 s
[phase 3 tap] cycle 51: mass 0.4844 / 0.5000 g (0.0156 g to go, +0.0012 g this cycle), elapsed 180.0 s
[phase 3 tap] cycle 52: mass 0.4851 / 0.5000 g (0.0149 g to go, +0.0007 g this cycle), elapsed 183.0 s
[phase 3 tap] cycle 53: mass 0.4854 / 0.5000 g (0.0146 g to go, +0.0003 g this cycle), elapsed 186.0 s
[phase 3 tap] cycle 54: mass 0.4859 / 0.5000 g (0.0141 g to go, +0.0005 g this cycle), elapsed 189.0 s
[phase 3 tap] cycle 55: mass 0.4865 / 0.5000 g (0.0135 g to go, +0.0005 g this cycle), elapsed 192.0 s
[phase 3 tap] cycle 56: mass 0.4879 / 0.5000 g (0.0121 g to go, +0.0014 g this cycle), elapsed 195.0 s
[phase 3 tap] cycle 57: mass 0.4884 / 0.5000 g (0.0116 g to go, +0.0005 g this cycle), elapsed 198.0 s
[phase 3 tap] cycle 58: mass 0.4885 / 0.5000 g (0.0115 g to go, +0.0001 g this cycle), elapsed 201.0 s
[phase 3 tap] cycle 59: mass 0.4887 / 0.5000 g (0.0113 g to go, +0.0002 g this cycle), elapsed 204.0 s
[phase 3 tap] cycle 60: mass 0.4891 / 0.5000 g (0.0109 g to go, +0.0005 g this cycle), elapsed 208.0 s
[phase 3 tap] cycle 61: mass 0.4901 / 0.5000 g (0.0099 g to go, +0.0010 g this cycle), elapsed 211.0 s
[phase 3 tap] cycle 62: mass 0.4904 / 0.5000 g (0.0096 g to go, +0.0002 g this cycle), elapsed 214.0 s
[phase 3 tap] cycle 63: mass 0.4907 / 0.5000 g (0.0093 g to go, +0.0003 g this cycle), elapsed 217.0 s
[phase 3 tap] cycle 64: mass 0.4918 / 0.5000 g (0.0082 g to go, +0.0011 g this cycle), elapsed 220.0 s
[phase 3 tap] cycle 65: mass 0.4926 / 0.5000 g (0.0074 g to go, +0.0008 g this cycle), elapsed 223.0 s
[phase 3 tap] cycle 66: mass 0.4935 / 0.5000 g (0.0065 g to go, +0.0009 g this cycle), elapsed 226.0 s
[phase 3 tap] cycle 67: mass 0.4943 / 0.5000 g (0.0057 g to go, +0.0008 g this cycle), elapsed 229.0 s
[phase 3 tap] cycle 68: mass 0.4950 / 0.5000 g (0.0050 g to go, +0.0007 g this cycle), elapsed 232.0 s
[phase 3 tap] cycle 69: mass 0.4952 / 0.5000 g (0.0048 g to go, +0.0002 g this cycle), elapsed 235.0 s
[dose] final settle 2000 ms before the scoring reading
[dose] done: DoseResult(ok: 0.4952/0.5000 g in 238.0s; cycles bulk:11, trickle:23, tap:69; 3.46 auger rev, 69 taps)
RESULT {"fw": "trickle_tap/2026-09-25", "t_total_s": 238.56, "t_bulk_s": 6.71, "taps": 69, "t_trickle_s": 13.38, "t_settle_s": 3.44, "phase_cycles": {"tap": 69, "bulk": 11, "trickle": 23}, "ff_g_per_rev": 0.2231, "error_mg": -4.8, "params": {"tap_cadence_off_ms": 440, "trickle_tap": false, "trickle_tilt_deg": 15.0, "tolerance_g": 0.005, "goal_mass_g": 0.75, "trickle_start_remaining_g": 0.25, "bulk_tilt_deg": 30.0, "tau_afterflow_s": 0.8338, "tap_tilt_deg": 10.0, "bulk_tap": false, "overshoot_abort_g": 0.1, "final_settle_ms": 2000, "bulk_rpm": 55.0, "tap_cadence_on_ms": 60}, "telemetry_rows": 105, "nudges": 0, "log_path": null, "settled_final": 1, "baseline_g": 0.0, "t_tap_s": 210.87, "auger_rev": 3.464, "status": "ok", "final_g": 0.4952, "v": 1, "target_g": 0.5, "stop_events": [{"settled_g": 0.32256, "rate_slope_gps": 0.09274, "rpm": 55.0, "rate_kf_gps": null, "t_stop_s": 10.86, "m_stop_g": 0.2329, "tau_s": 0.8338, "afterflow_g": 0.08966, "stalled": 0, "phase": "bulk"}, {"phase": "trickle", "rate_kf_gps": 0.01382, "settled_g": 0.43486, "stalled": 0, "tau_s": 0.8338, "m_stop_g": 0.44627, "afterflow_g": -0.01141, "rate_slope_gps": 0.00732, "t_stop_s": 21.76}], "read_retries": 0, "dose_n": 28}
>> log
--- BEGIN trickle telemetry CSV ---
t_s,phase,z_g,fresh,m_g,r_gps,sigma_g,ff_gpr,r_sp_gps,err_gps,integ,rpm_cmd,pred_g,cutoff_g,clamp_hits
5.20,bulk,0.00000,1,0.00000,,,,,,,,,,
5.48,bulk,0.00000,1,0.00000,,,,,,,,,,
5.77,bulk,0.00730,1,0.00730,,,,,,,,,,
6.05,bulk,0.03190,1,0.03190,,,,,,,,,,
6.34,bulk,0.06080,1,0.06080,,,,,,,,,,
6.63,bulk,0.09840,1,0.09840,,,,,,,,,,
6.92,bulk,0.13230,1,0.13230,,,,,,,,,,
7.20,bulk,0.15120,1,0.15120,,,,,,,,,,
7.49,bulk,0.16680,1,0.16680,,,,,,,,,,
7.78,bulk,0.19550,1,0.19550,,,,,,,,,,
8.06,bulk,0.23290,1,0.23290,,,,,,,,,,
10.85,bulk,0.32256,1,0.32256,,,,,,,,,,
13.80,trickle,0.32240,1,0.32240,0.00000,0.01294,0.3500,0.05000,0.05000,0.0000,0.00,0.33534,0.46500,0
14.20,trickle,0.32240,1,0.32240,0.06741,0.01185,0.3500,0.05000,-0.01741,0.0184,14.70,0.39046,0.46500,0
14.57,trickle,0.32240,1,0.34761,0.01699,0.00660,0.3500,0.05000,0.03301,0.0115,0.00,0.36837,0.46500,0
14.95,trickle,0.32290,1,0.35327,0.05313,0.00762,0.3500,0.05000,-0.00313,0.0239,11.12,0.40518,0.46500,0
15.34,trickle,0.32780,1,0.37139,0.02038,0.00841,0.3500,0.05000,0.02962,0.0227,1.94,0.39680,0.46500,0
15.71,trickle,0.32890,1,0.37222,0.05505,0.00876,0.3500,0.05000,-0.00505,0.0342,11.51,0.42689,0.46500,0
16.11,trickle,0.33600,1,0.38608,0.02323,0.00911,0.3500,0.04733,0.02410,0.0323,2.61,0.41455,0.46500,0
16.48,trickle,0.33760,1,0.38380,0.05355,0.00907,0.3332,0.04869,-0.00486,0.0418,11.05,0.43752,0.46500,0
16.86,trickle,0.35300,1,0.39782,0.02778,0.00909,0.3209,0.04028,0.01250,0.0400,3.59,0.43008,0.46500,0
17.15,trickle,0.36810,1,0.40294,0.03784,0.00854,0.3089,0.03722,-0.00063,0.0448,8.50,0.44303,0.46500,0
17.53,trickle,0.38370,1,0.41645,0.02938,0.00880,0.2997,0.02911,-0.00027,0.0446,5.20,0.44975,0.46500,0
17.82,trickle,0.39390,1,0.42424,0.02759,0.00834,0.2919,0.02444,-0.00314,0.0445,5.27,0.45558,0.46500,0
18.20,trickle,0.40230,1,0.43292,0.02298,0.00870,0.2854,0.01924,-0.00374,0.0436,4.44,0.46077,0.46500,0
18.58,trickle,0.40780,1,0.43829,0.02030,0.00888,0.2794,0.01602,-0.00428,0.0422,4.13,0.46410,0.46500,0
18.97,trickle,0.41020,1,0.44079,0.01810,0.00900,0.2735,0.01452,-0.00358,0.0405,3.79,0.46489,0.46500,0
19.35,trickle,0.41060,1,0.44078,0.01728,0.00907,0.2672,0.01453,-0.00275,0.0392,3.80,0.46425,0.46500,0
19.73,trickle,0.41160,1,0.43999,0.01705,0.00911,0.2606,0.01499,-0.00205,0.0381,3.88,0.46332,0.46500,0
20.02,trickle,0.41560,1,0.43949,0.01686,0.00856,0.2538,0.01530,-0.00156,0.0373,3.97,0.46211,0.46500,0
20.40,trickle,0.41660,1,0.44024,0.01681,0.00881,0.2471,0.01484,-0.00197,0.0369,4.03,0.46308,0.46500,0
20.69,trickle,0.42050,1,0.44109,0.01603,0.00835,0.2407,0.01434,-0.00170,0.0361,3.84,0.46281,0.46500,0
21.07,trickle,0.42240,1,0.44308,0.01544,0.00870,0.2345,0.01315,-0.00229,0.0356,3.85,0.46465,0.46500,0
21.36,trickle,0.42500,1,0.44414,0.01446,0.00828,0.2287,0.01251,-0.00195,0.0348,3.60,0.46447,0.46500,0
21.76,trickle,0.42760,1,0.44627,0.01382,0.00868,0.2231,0.01123,-0.00259,0.0342,3.62,0.46647,0.46500,0
24.23,trickle_end,0.43486,1,0.43486,,,,,,,,,,0
27.39,tap,0.43844,1,0.43844,,,,,,,,,,
30.36,tap,0.43968,1,0.43968,,,,,,,,,,
33.32,tap,0.44260,1,0.44260,,,,,,,,,,
36.29,tap,0.44496,1,0.44496,,,,,,,,,,
39.34,tap,0.44630,1,0.44630,,,,,,,,,,
42.30,tap,0.44874,1,0.44874,,,,,,,,,,
45.28,tap,0.44978,1,0.44978,,,,,,,,,,
48.23,tap,0.45094,1,0.45094,,,,,,,,,,
51.20,tap,0.45162,1,0.45162,,,,,,,,,,
54.46,tap,0.45338,1,0.45338,,,,,,,,,,
57.41,tap,0.45438,1,0.45438,,,,,,,,,,
60.58,tap,0.45532,1,0.45532,,,,,,,,,,
63.72,tap,0.45568,1,0.45568,,,,,,,,,,
66.79,tap,0.45674,1,0.45674,,,,,,,,,,
69.95,tap,0.45820,1,0.45820,,,,,,,,,,
72.91,tap,0.45936,1,0.45936,,,,,,,,,,
76.07,tap,0.46052,1,0.46052,,,,,,,,,,
79.03,tap,0.46100,1,0.46100,,,,,,,,,,
81.99,tap,0.46190,1,0.46190,,,,,,,,,,
85.25,tap,0.46316,1,0.46316,,,,,,,,,,
88.21,tap,0.46424,1,0.46424,,,,,,,,,,
91.38,tap,0.46496,1,0.46496,,,,,,,,,,
94.42,tap,0.46562,1,0.46562,,,,,,,,,,
97.59,tap,0.46628,1,0.46628,,,,,,,,,,
100.54,tap,0.46688,1,0.46688,,,,,,,,,,
103.70,tap,0.46744,1,0.46744,,,,,,,,,,
106.76,tap,0.46776,1,0.46776,,,,,,,,,,
109.93,tap,0.46878,1,0.46878,,,,,,,,,,
113.08,tap,0.46904,1,0.46904,,,,,,,,,,
116.24,tap,0.46924,1,0.46924,,,,,,,,,,
119.19,tap,0.46990,1,0.46990,,,,,,,,,,
122.35,tap,0.47146,1,0.47146,,,,,,,,,,
125.51,tap,0.47204,1,0.47204,,,,,,,,,,
128.48,tap,0.47224,1,0.47224,,,,,,,,,,
131.43,tap,0.47334,1,0.47334,,,,,,,,,,
134.41,tap,0.47364,1,0.47364,,,,,,,,,,
137.47,tap,0.47376,1,0.47376,,,,,,,,,,
140.42,tap,0.47500,1,0.47500,,,,,,,,,,
143.58,tap,0.47602,1,0.47602,,,,,,,,,,
146.55,tap,0.47760,1,0.47760,,,,,,,,,,
149.71,tap,0.47804,1,0.47804,,,,,,,,,,
152.67,tap,0.47836,1,0.47836,,,,,,,,,,
155.73,tap,0.47908,1,0.47908,,,,,,,,,,
158.69,tap,0.47934,1,0.47934,,,,,,,,,,
161.84,tap,0.48036,1,0.48036,,,,,,,,,,
164.82,tap,0.48116,1,0.48116,,,,,,,,,,
167.77,tap,0.48136,1,0.48136,,,,,,,,,,
170.94,tap,0.48274,1,0.48274,,,,,,,,,,
173.89,tap,0.48300,1,0.48300,,,,,,,,,,
177.15,tap,0.48318,1,0.48318,,,,,,,,,,
180.11,tap,0.48436,1,0.48436,,,,,,,,,,
183.08,tap,0.48508,1,0.48508,,,,,,,,,,
186.04,tap,0.48540,1,0.48540,,,,,,,,,,
189.00,tap,0.48594,1,0.48594,,,,,,,,,,
192.26,tap,0.48648,1,0.48648,,,,,,,,,,
195.22,tap,0.48788,1,0.48788,,,,,,,,,,
198.38,tap,0.48842,1,0.48842,,,,,,,,,,
201.34,tap,0.48850,1,0.48850,,,,,,,,,,
204.60,tap,0.48866,1,0.48866,,,,,,,,,,
207.66,tap,0.48912,1,0.48912,,,,,,,,,,
210.82,tap,0.49014,1,0.49014,,,,,,,,,,
213.77,tap,0.49036,1,0.49036,,,,,,,,,,
217.03,tap,0.49066,1,0.49066,,,,,,,,,,
219.98,tap,0.49176,1,0.49176,,,,,,,,,,
222.96,tap,0.49256,1,0.49256,,,,,,,,,,
225.91,tap,0.49346,1,0.49346,,,,,,,,,,
228.88,tap,0.49430,1,0.49430,,,,,,,,,,
231.95,tap,0.49496,1,0.49496,,,,,,,,,,
235.10,tap,0.49520,1,0.49520,,,,,,,,,,
--- END trickle telemetry CSV ---
