--- session 2026-09-29T02:19:20.985298+00:00 ---
>> 
>> s
firmware: trickle_tap/2026-09-25
stepper: 60 auger rpm (max ~109), 1/8 microsteps; plate at 40.0 deg; scale UART0 @ 19200
trickle parameters ('set <key> <value>' to change):
  bulk_anticipation_g = 0.05
  bulk_enabled = True
  bulk_poll_ms = 250
  bulk_rpm = 100.0
  bulk_settle_ms = 1500
  bulk_tap = False
  bulk_tilt_deg = 40.0
  cutoff_margin_g = 0.035
  dose_timeout_s = 600
  ff_prior_g_per_rev = 0.35
  final_settle_ms = 2000
  goal_mass_g = 0.75
  k_sigma = 1.0
  kf_q_var = 0.0002
  log_max_rows = 2400
  log_to_flash = False
  max_poll_misses = 10
  noisy_sd_g = 0.008
  overshoot_abort_g = 0.1
  post_trickle_settle_ms = 1200
  print_every_n_polls = 2
  quiet_sd_g = 0.0005
  rate_tau_s = 0.5
  stall_bail_s = 8.0
  tap_cadence_off_ms = 440
  tap_cadence_on_ms = 60
  tap_max_cycles = 120
  tap_max_nudges = 20
  tap_nudge_deg = 5.0
  tap_settle_ms = 1500
  tap_tilt_deg = 15.0
  taps_per_cycle = 1
  tau_afterflow_s = 0.3
  tau_bal_s = 0.7
  tolerance_g = 0.015
  trickle_dt_s = 0.25
  trickle_integ_clamp = 0.5
  trickle_ki = 120.0
  trickle_kp = 250.0
  trickle_max_rate_gps = 0.05
  trickle_min_rate_gps = 0.003
  trickle_rpm_cap = 45.0
  trickle_start_remaining_g = 0.05
  trickle_tap = False
  trickle_tilt_deg = 10.0
>> set bulk_anticipation_g 0.05
[set] bulk_anticipation_g = 0.05 (was 0.05)
>> set bulk_enabled 1
[set] bulk_enabled = True (was True)
>> set bulk_poll_ms 250
[set] bulk_poll_ms = 250 (was 250)
>> set bulk_settle_ms 1500
[set] bulk_settle_ms = 1500 (was 1500)
>> set cutoff_margin_g 0.035
[set] cutoff_margin_g = 0.035 (was 0.035)
>> set dose_timeout_s 600
[set] dose_timeout_s = 600 (was 600)
>> set ff_prior_g_per_rev 0.35
[set] ff_prior_g_per_rev = 0.35 (was 0.35)
>> set final_settle_ms 2000
[set] final_settle_ms = 2000 (was 2000)
>> set k_sigma 1
[set] k_sigma = 1.0 (was 1.0)
>> set kf_q_var 0.0002
[set] kf_q_var = 0.0002 (was 0.0002)
>> set log_max_rows 2400
[set] log_max_rows = 2400 (was 2400)
>> set log_to_flash 0
[set] log_to_flash = False (was False)
>> set max_poll_misses 10
[set] max_poll_misses = 10 (was 10)
>> set noisy_sd_g 0.008
[set] noisy_sd_g = 0.008 (was 0.008)
>> set overshoot_abort_g 0.1
[set] overshoot_abort_g = 0.1 (was 0.1)
>> set post_trickle_settle_ms 1200
[set] post_trickle_settle_ms = 1200 (was 1200)
>> set print_every_n_polls 2
[set] print_every_n_polls = 2 (was 2)
>> set quiet_sd_g 0.0005
[set] quiet_sd_g = 0.0005 (was 0.0005)
>> set rate_tau_s 0.5
[set] rate_tau_s = 0.5 (was 0.5)
>> set stall_bail_s 8
[set] stall_bail_s = 8.0 (was 8.0)
>> set tap_cadence_off_ms 440
[set] tap_cadence_off_ms = 440 (was 440)
>> set tap_cadence_on_ms 60
[set] tap_cadence_on_ms = 60 (was 60)
>> set tap_max_cycles 120
[set] tap_max_cycles = 120 (was 120)
>> set tap_max_nudges 20
[set] tap_max_nudges = 20 (was 20)
>> set tap_nudge_deg 5
[set] tap_nudge_deg = 5.0 (was 5.0)
>> set tap_settle_ms 1500
[set] tap_settle_ms = 1500 (was 1500)
>> set taps_per_cycle 1
[set] taps_per_cycle = 1 (was 1)
>> set tau_afterflow_s 0.3
[set] tau_afterflow_s = 0.3 (was 0.3)
>> set tau_bal_s 0.7
[set] tau_bal_s = 0.7 (was 0.7)
>> set trickle_dt_s 0.25
[set] trickle_dt_s = 0.25 (was 0.25)
>> set trickle_integ_clamp 0.5
[set] trickle_integ_clamp = 0.5 (was 0.5)
>> set trickle_ki 120
[set] trickle_ki = 120.0 (was 120.0)
>> set trickle_kp 250
[set] trickle_kp = 250.0 (was 250.0)
>> set trickle_max_rate_gps 0.05
[set] trickle_max_rate_gps = 0.05 (was 0.05)
>> set trickle_min_rate_gps 0.003
[set] trickle_min_rate_gps = 0.003 (was 0.003)
>> set trickle_rpm_cap 45
[set] trickle_rpm_cap = 45.0 (was 45.0)
>> set bulk_tap 0
[set] bulk_tap = False (was False)
>> set trickle_tap 0
[set] trickle_tap = False (was False)
>> set bulk_tilt_deg 15
[set] bulk_tilt_deg = 15.0 (was 40.0)
>> set trickle_tilt_deg 30
[set] trickle_tilt_deg = 30.0 (was 10.0)
>> set tap_tilt_deg 15
[set] tap_tilt_deg = 15.0 (was 15.0)
>> set bulk_rpm 100
[set] bulk_rpm = 100.0 (was 100.0)
>> set trickle_start_remaining_g 0.3
[set] trickle_start_remaining_g = 0.3 (was 0.05)
>> set tolerance_g 0.003
[set] tolerance_g = 0.003 (was 0.015)
>> g 0.5000
[dose] trickle-tap dose to 0.5000 g (tol 3.0 mg, trickle tilt 30.0 plate deg); taring scale
[dose] tared: baseline +0.0 mg (subtracted), drift +0.0 mg/min, read noise 0.00 mg
=== stage 1 'bulk': 0.5000 g to go, velocity mode @ 100 rpm until 0.3500 g to go
[phase 1 bulk] poll 1: mass 0.0000 / 0.5000 g (0.5000 g to go, +0.0000 g this poll), elapsed 5.0 s
[phase 1 bulk] poll 2: mass 0.0000 / 0.5000 g (0.5000 g to go, +0.0000 g this poll), elapsed 5.0 s
[phase 1 bulk] poll 3: mass 0.0000 / 0.5000 g (0.5000 g to go, +0.0000 g this poll), elapsed 6.0 s
[phase 1 bulk] poll 4 (unstable): mass 0.0092 / 0.5000 g (0.4908 g to go, +0.0092 g this poll), elapsed 6.0 s
[phase 1 bulk] poll 5 (unstable): mass 0.0306 / 0.5000 g (0.4694 g to go, +0.0214 g this poll), elapsed 6.0 s
[phase 1 bulk] poll 6 (unstable): mass 0.0546 / 0.5000 g (0.4454 g to go, +0.0240 g this poll), elapsed 7.0 s
[phase 1 bulk] poll 7 (unstable): mass 0.0890 / 0.5000 g (0.4110 g to go, +0.0344 g this poll), elapsed 7.0 s
[phase 1 bulk] poll 8 (unstable): mass 0.1247 / 0.5000 g (0.3753 g to go, +0.0357 g this poll), elapsed 7.0 s
[phase 1 bulk] poll 9 (unstable): mass 0.1649 / 0.5000 g (0.3351 g to go, +0.0402 g this poll), elapsed 7.0 s
[phase 1 bulk] auger halted at 0.3351 g to go (halt threshold 0.3500 g); settling 1500 ms
[phase 1 bulk] settled: mass 0.2752 / 0.5000 g (0.2248 g to go, +0.1103 g while settling), elapsed 10.0 s
[trickle] seeded at 0.2754 g; cutoff when m+r*0.30s+1.0*sigma >= 0.4650 g
[trickle]  13.9s m 0.2755 r  66.4 mg/s (sp  50.0) rpm  14.7 pred 0.3054/0.4650 sigma 10.0 mg
[trickle]  14.7s m 0.3085 r  56.0 mg/s (sp  50.0) rpm  11.4 pred 0.3308/0.4650 sigma 5.4 mg
[trickle]  15.5s m 0.3384 r  56.5 mg/s (sp  50.0) rpm  11.7 pred 0.3623/0.4650 sigma 6.9 mg
[trickle]  16.1s m 0.3666 r  49.3 mg/s (sp  50.0) rpm  11.8 pred 0.3884/0.4650 sigma 7.0 mg
[trickle]  16.9s m 0.4068 r  50.0 mg/s (sp  50.0) rpm   9.6 pred 0.4289/0.4650 sigma 7.1 mg
[trickle]  17.6s m 0.4405 r  47.1 mg/s (sp  40.9) rpm   9.7 pred 0.4615/0.4650 sigma 7.0 mg
[trickle] predictive cutoff: m 0.4580 + r*tau 0.0093 + k*sigma 0.0070 >= 0.4650 g
[trickle] halted; settled at 0.4385 g (-19.6 mg vs KF m_hat, 0.0615 g to go), 13 polls, 0 KF clamps, ff 0.339 g/rev
=== stage 3 'tap': 0.0615 g to go, single taps at 15.0 plate deg
[phase 3 tap] cycle 1: mass 0.4395 / 0.5000 g (0.0605 g to go, +0.0010 g this cycle), elapsed 24.0 s
[phase 3 tap] cycle 2: mass 0.4403 / 0.5000 g (0.0597 g to go, +0.0008 g this cycle), elapsed 27.0 s
[phase 3 tap] cycle 3: mass 0.4412 / 0.5000 g (0.0588 g to go, +0.0009 g this cycle), elapsed 30.0 s
[phase 3 tap] cycle 4: mass 0.4452 / 0.5000 g (0.0548 g to go, +0.0041 g this cycle), elapsed 33.0 s
[phase 3 tap] cycle 5: mass 0.4472 / 0.5000 g (0.0528 g to go, +0.0020 g this cycle), elapsed 36.0 s
[phase 3 tap] cycle 6: mass 0.4514 / 0.5000 g (0.0486 g to go, +0.0042 g this cycle), elapsed 39.0 s
[phase 3 tap] cycle 7: mass 0.4534 / 0.5000 g (0.0466 g to go, +0.0020 g this cycle), elapsed 42.0 s
[phase 3 tap] cycle 8: mass 0.4560 / 0.5000 g (0.0440 g to go, +0.0026 g this cycle), elapsed 45.0 s
[phase 3 tap] cycle 9: mass 0.4574 / 0.5000 g (0.0426 g to go, +0.0014 g this cycle), elapsed 48.0 s
[phase 3 tap] cycle 10: mass 0.4595 / 0.5000 g (0.0405 g to go, +0.0021 g this cycle), elapsed 52.0 s
[phase 3 tap] cycle 11: mass 0.4612 / 0.5000 g (0.0388 g to go, +0.0016 g this cycle), elapsed 55.0 s
[phase 3 tap] cycle 12: mass 0.4631 / 0.5000 g (0.0369 g to go, +0.0019 g this cycle), elapsed 58.0 s
[phase 3 tap] cycle 13: mass 0.4651 / 0.5000 g (0.0349 g to go, +0.0020 g this cycle), elapsed 61.0 s
[phase 3 tap] cycle 14: mass 0.4666 / 0.5000 g (0.0334 g to go, +0.0015 g this cycle), elapsed 64.0 s
[phase 3 tap] cycle 15: mass 0.4681 / 0.5000 g (0.0319 g to go, +0.0015 g this cycle), elapsed 67.0 s
[phase 3 tap] cycle 16: mass 0.4691 / 0.5000 g (0.0309 g to go, +0.0010 g this cycle), elapsed 70.0 s
[phase 3 tap] cycle 17: mass 0.4704 / 0.5000 g (0.0296 g to go, +0.0013 g this cycle), elapsed 73.0 s
[phase 3 tap] cycle 18: mass 0.4717 / 0.5000 g (0.0283 g to go, +0.0013 g this cycle), elapsed 76.0 s
[phase 3 tap] cycle 19: mass 0.4723 / 0.5000 g (0.0277 g to go, +0.0007 g this cycle), elapsed 79.0 s
[phase 3 tap] cycle 20: mass 0.4733 / 0.5000 g (0.0267 g to go, +0.0009 g this cycle), elapsed 82.0 s
[phase 3 tap] cycle 21: mass 0.4744 / 0.5000 g (0.0256 g to go, +0.0011 g this cycle), elapsed 85.0 s
[phase 3 tap] cycle 22: mass 0.4757 / 0.5000 g (0.0243 g to go, +0.0013 g this cycle), elapsed 88.0 s
[phase 3 tap] cycle 23: mass 0.4768 / 0.5000 g (0.0232 g to go, +0.0011 g this cycle), elapsed 91.0 s
[phase 3 tap] cycle 24: mass 0.4775 / 0.5000 g (0.0225 g to go, +0.0007 g this cycle), elapsed 94.0 s
[phase 3 tap] cycle 25: mass 0.4783 / 0.5000 g (0.0217 g to go, +0.0009 g this cycle), elapsed 97.0 s
[phase 3 tap] cycle 26: mass 0.4789 / 0.5000 g (0.0211 g to go, +0.0006 g this cycle), elapsed 100.0 s
[phase 3 tap] cycle 27: mass 0.4800 / 0.5000 g (0.0200 g to go, +0.0010 g this cycle), elapsed 103.0 s
[phase 3 tap] cycle 28: mass 0.4813 / 0.5000 g (0.0187 g to go, +0.0014 g this cycle), elapsed 106.0 s
[phase 3 tap] cycle 29: mass 0.4828 / 0.5000 g (0.0172 g to go, +0.0014 g this cycle), elapsed 109.0 s
[phase 3 tap] cycle 30: mass 0.4838 / 0.5000 g (0.0162 g to go, +0.0010 g this cycle), elapsed 112.0 s
[phase 3 tap] cycle 31: mass 0.4849 / 0.5000 g (0.0151 g to go, +0.0012 g this cycle), elapsed 115.0 s
[phase 3 tap] cycle 32: mass 0.4856 / 0.5000 g (0.0144 g to go, +0.0007 g this cycle), elapsed 118.0 s
[phase 3 tap] cycle 33: mass 0.4859 / 0.5000 g (0.0141 g to go, +0.0003 g this cycle), elapsed 121.0 s
[phase 3 tap] cycle 34: mass 0.4874 / 0.5000 g (0.0126 g to go, +0.0015 g this cycle), elapsed 124.0 s
[phase 3 tap] cycle 35: mass 0.4887 / 0.5000 g (0.0113 g to go, +0.0012 g this cycle), elapsed 127.0 s
[phase 3 tap] cycle 36: mass 0.4898 / 0.5000 g (0.0102 g to go, +0.0011 g this cycle), elapsed 130.0 s
[phase 3 tap] cycle 37: mass 0.4914 / 0.5000 g (0.0086 g to go, +0.0016 g this cycle), elapsed 133.0 s
[phase 3 tap] cycle 38: mass 0.4924 / 0.5000 g (0.0076 g to go, +0.0010 g this cycle), elapsed 136.0 s
[phase 3 tap] cycle 39: mass 0.4933 / 0.5000 g (0.0067 g to go, +0.0009 g this cycle), elapsed 139.0 s
[phase 3 tap] cycle 40: mass 0.4947 / 0.5000 g (0.0053 g to go, +0.0014 g this cycle), elapsed 142.0 s
[phase 3 tap] cycle 41: mass 0.4948 / 0.5000 g (0.0052 g to go, +0.0001 g this cycle), elapsed 145.0 s
[phase 3 tap] cycle 42: mass 0.4954 / 0.5000 g (0.0046 g to go, +0.0006 g this cycle), elapsed 148.0 s
[phase 3 tap] cycle 43: mass 0.4959 / 0.5000 g (0.0041 g to go, +0.0006 g this cycle), elapsed 151.0 s
[phase 3 tap] cycle 44: mass 0.4967 / 0.5000 g (0.0033 g to go, +0.0008 g this cycle), elapsed 154.0 s
[phase 3 tap] cycle 45: mass 0.4980 / 0.5000 g (0.0020 g to go, +0.0012 g this cycle), elapsed 157.0 s
[dose] final settle 2000 ms before the scoring reading
[dose] done: DoseResult(ok: 0.4983/0.5000 g in 161.0s; cycles bulk:9, trickle:13, tap:45; 3.86 auger rev, 45 taps)
RESULT {"fw": "trickle_tap/2026-09-25", "t_total_s": 160.72, "t_bulk_s": 6.3, "taps": 45, "t_trickle_s": 9.94, "t_settle_s": 3.23, "phase_cycles": {"tap": 45, "bulk": 9, "trickle": 13}, "ff_g_per_rev": 0.339, "error_mg": -1.7, "params": {"tap_cadence_off_ms": 440, "trickle_tap": false, "trickle_tilt_deg": 30.0, "tolerance_g": 0.003, "goal_mass_g": 0.75, "trickle_start_remaining_g": 0.3, "bulk_tilt_deg": 15.0, "tau_afterflow_s": 0.3, "tap_tilt_deg": 15.0, "bulk_tap": false, "overshoot_abort_g": 0.1, "final_settle_ms": 2000, "bulk_rpm": 100.0, "tap_cadence_on_ms": 60}, "telemetry_rows": 69, "nudges": 0, "log_path": null, "settled_final": 1, "baseline_g": 0.0, "t_tap_s": 137.14, "auger_rev": 3.861, "status": "ok", "final_g": 0.4983, "v": 1, "target_g": 0.5, "stop_events": [{"settled_g": 0.27524, "rate_slope_gps": 0.09765, "rpm": 100.0, "rate_kf_gps": null, "t_stop_s": 10.39, "m_stop_g": 0.1649, "tau_s": 0.3, "afterflow_g": 0.11034, "stalled": 0, "phase": "bulk"}, {"phase": "trickle", "rate_kf_gps": 0.03095, "settled_g": 0.43846, "stalled": 0, "tau_s": 0.3, "m_stop_g": 0.45803, "afterflow_g": -0.01957, "rate_slope_gps": 0.04529, "t_stop_s": 17.94}], "read_retries": 0, "dose_n": 16}
>> log
--- BEGIN trickle telemetry CSV ---
t_s,phase,z_g,fresh,m_g,r_gps,sigma_g,ff_gpr,r_sp_gps,err_gps,integ,rpm_cmd,pred_g,cutoff_g,clamp_hits
5.21,bulk,0.00000,1,0.00000,,,,,,,,,,
5.50,bulk,0.00000,1,0.00000,,,,,,,,,,
5.79,bulk,0.00000,1,0.00000,,,,,,,,,,
6.07,bulk,0.00920,1,0.00920,,,,,,,,,,
6.36,bulk,0.03060,1,0.03060,,,,,,,,,,
6.65,bulk,0.05460,1,0.05460,,,,,,,,,,
6.93,bulk,0.08900,1,0.08900,,,,,,,,,,
7.22,bulk,0.12470,1,0.12470,,,,,,,,,,
7.51,bulk,0.16490,1,0.16490,,,,,,,,,,
10.38,bulk,0.27524,1,0.27524,,,,,,,,,,
13.55,trickle,0.27550,1,0.27543,0.00000,0.00931,0.3500,0.05000,0.05000,0.0000,0.00,0.28475,0.46500,0
13.92,trickle,0.27550,1,0.27546,0.06636,0.01002,0.3500,0.05000,-0.01636,0.0183,14.70,0.30538,0.46500,0
14.30,trickle,0.27590,1,0.30133,0.01623,0.00401,0.3500,0.05000,0.03377,0.0120,0.00,0.31021,0.46500,0
14.69,trickle,0.29670,1,0.30851,0.05602,0.00545,0.3500,0.05000,-0.00602,0.0247,11.41,0.33076,0.46500,0
15.07,trickle,0.30310,1,0.33085,0.01929,0.00636,0.3500,0.05000,0.03071,0.0224,1.18,0.34300,0.46500,0
15.45,trickle,0.31190,1,0.33842,0.05651,0.00689,0.3500,0.05000,-0.00651,0.0339,11.74,0.36227,0.46500,0
15.83,trickle,0.32550,1,0.36101,0.02292,0.00715,0.3500,0.05000,0.02708,0.0314,2.14,0.37504,0.46500,0
16.12,trickle,0.33320,1,0.36664,0.04934,0.00696,0.3434,0.05000,0.00066,0.0418,11.78,0.38840,0.46500,0
16.50,trickle,0.35960,1,0.38954,0.03453,0.00701,0.3413,0.05000,0.01547,0.0420,5.20,0.40691,0.46500,0
16.88,trickle,0.37870,1,0.40682,0.05001,0.00710,0.3388,0.05000,-0.00001,0.0479,9.61,0.42892,0.46500,0
17.26,trickle,0.39670,1,0.43000,0.03667,0.00719,0.3391,0.05000,0.01333,0.0479,5.74,0.44819,0.46500,0
17.55,trickle,0.40240,1,0.44046,0.04712,0.00696,0.3383,0.04090,-0.00621,0.0530,9.69,0.46155,0.46500,0
17.93,trickle,0.41760,1,0.45803,0.03095,0.00699,0.3390,0.01161,-0.01934,0.0512,4.59,0.47431,0.46500,0
20.33,trickle_end,0.43846,1,0.43846,,,,,,,,,,0
23.77,tap,0.43946,1,0.43946,,,,,,,,,,
26.75,tap,0.44028,1,0.44028,,,,,,,,,,
29.80,tap,0.44118,1,0.44118,,,,,,,,,,
33.06,tap,0.44524,1,0.44524,,,,,,,,,,
36.21,tap,0.44722,1,0.44722,,,,,,,,,,
39.27,tap,0.45142,1,0.45142,,,,,,,,,,
42.23,tap,0.45344,1,0.45344,,,,,,,,,,
45.49,tap,0.45600,1,0.45600,,,,,,,,,,
48.45,tap,0.45738,1,0.45738,,,,,,,,,,
51.61,tap,0.45952,1,0.45952,,,,,,,,,,
54.77,tap,0.46116,1,0.46116,,,,,,,,,,
57.81,tap,0.46306,1,0.46306,,,,,,,,,,
60.78,tap,0.46510,1,0.46510,,,,,,,,,,
63.77,tap,0.46658,1,0.46658,,,,,,,,,,
66.90,tap,0.46810,1,0.46810,,,,,,,,,,
69.87,tap,0.46910,1,0.46910,,,,,,,,,,
72.83,tap,0.47038,1,0.47038,,,,,,,,,,
75.79,tap,0.47168,1,0.47168,,,,,,,,,,
78.77,tap,0.47234,1,0.47234,,,,,,,,,,
81.72,tap,0.47326,1,0.47326,,,,,,,,,,
84.69,tap,0.47438,1,0.47438,,,,,,,,,,
87.84,tap,0.47572,1,0.47572,,,,,,,,,,
90.81,tap,0.47682,1,0.47682,,,,,,,,,,
94.07,tap,0.47748,1,0.47748,,,,,,,,,,
97.02,tap,0.47834,1,0.47834,,,,,,,,,,
100.19,tap,0.47894,1,0.47894,,,,,,,,,,
103.25,tap,0.47998,1,0.47998,,,,,,,,,,
106.31,tap,0.48134,1,0.48134,,,,,,,,,,
109.26,tap,0.48276,1,0.48276,,,,,,,,,,
112.32,tap,0.48376,1,0.48376,,,,,,,,,,
115.38,tap,0.48492,1,0.48492,,,,,,,,,,
118.35,tap,0.48560,1,0.48560,,,,,,,,,,
121.41,tap,0.48594,1,0.48594,,,,,,,,,,
124.37,tap,0.48744,1,0.48744,,,,,,,,,,
127.35,tap,0.48866,1,0.48866,,,,,,,,,,
130.30,tap,0.48978,1,0.48978,,,,,,,,,,
133.28,tap,0.49138,1,0.49138,,,,,,,,,,
136.33,tap,0.49238,1,0.49238,,,,,,,,,,
139.29,tap,0.49328,1,0.49328,,,,,,,,,,
142.36,tap,0.49470,1,0.49470,,,,,,,,,,
145.32,tap,0.49478,1,0.49478,,,,,,,,,,
148.28,tap,0.49538,1,0.49538,,,,,,,,,,
151.45,tap,0.49594,1,0.49594,,,,,,,,,,
154.41,tap,0.49674,1,0.49674,,,,,,,,,,
157.47,tap,0.49796,1,0.49796,,,,,,,,,,
--- END trickle telemetry CSV ---
