--- session 2026-09-29T02:50:38.246326+00:00 ---
>> 
>> s
firmware: trickle_tap/2026-09-25
stepper: 60 auger rpm (max ~109), 1/8 microsteps; plate at 10.0 deg; scale UART0 @ 19200
trickle parameters ('set <key> <value>' to change):
  bulk_anticipation_g = 0.05
  bulk_enabled = True
  bulk_poll_ms = 250
  bulk_rpm = 55.0
  bulk_settle_ms = 1500
  bulk_tap = False
  bulk_tilt_deg = 30.0
  cutoff_margin_g = 0.035
  dose_timeout_s = 600
  ff_prior_g_per_rev = 0.35
  final_settle_ms = 2000
  goal_mass_g = 0.75
  k_sigma = 1.0
  kf_q_var = 0.0002
  log_max_rows = 2400
  log_to_flash = False
  max_poll_misses = 10
  noisy_sd_g = 0.008
  overshoot_abort_g = 0.1
  post_trickle_settle_ms = 1200
  print_every_n_polls = 2
  quiet_sd_g = 0.0005
  rate_tau_s = 0.5
  stall_bail_s = 8.0
  tap_cadence_off_ms = 440
  tap_cadence_on_ms = 60
  tap_max_cycles = 120
  tap_max_nudges = 20
  tap_nudge_deg = 5.0
  tap_settle_ms = 1500
  tap_tilt_deg = 10.0
  taps_per_cycle = 1
  tau_afterflow_s = 0.3
  tau_bal_s = 0.7
  tolerance_g = 0.005
  trickle_dt_s = 0.25
  trickle_integ_clamp = 0.5
  trickle_ki = 120.0
  trickle_kp = 250.0
  trickle_max_rate_gps = 0.05
  trickle_min_rate_gps = 0.003
  trickle_rpm_cap = 45.0
  trickle_start_remaining_g = 0.25
  trickle_tap = False
  trickle_tilt_deg = 15.0
>> set bulk_anticipation_g 0.05
[set] bulk_anticipation_g = 0.05 (was 0.05)
>> set bulk_enabled 1
[set] bulk_enabled = True (was True)
>> set bulk_poll_ms 250
[set] bulk_poll_ms = 250 (was 250)
>> set bulk_settle_ms 1500
[set] bulk_settle_ms = 1500 (was 1500)
>> set cutoff_margin_g 0.035
[set] cutoff_margin_g = 0.035 (was 0.035)
>> set dose_timeout_s 600
[set] dose_timeout_s = 600 (was 600)
>> set ff_prior_g_per_rev 0.35
[set] ff_prior_g_per_rev = 0.35 (was 0.35)
>> set final_settle_ms 2000
[set] final_settle_ms = 2000 (was 2000)
>> set k_sigma 1
[set] k_sigma = 1.0 (was 1.0)
>> set kf_q_var 0.0002
[set] kf_q_var = 0.0002 (was 0.0002)
>> set log_max_rows 2400
[set] log_max_rows = 2400 (was 2400)
>> set log_to_flash 0
[set] log_to_flash = False (was False)
>> set max_poll_misses 10
[set] max_poll_misses = 10 (was 10)
>> set noisy_sd_g 0.008
[set] noisy_sd_g = 0.008 (was 0.008)
>> set overshoot_abort_g 0.1
[set] overshoot_abort_g = 0.1 (was 0.1)
>> set post_trickle_settle_ms 1200
[set] post_trickle_settle_ms = 1200 (was 1200)
>> set print_every_n_polls 2
[set] print_every_n_polls = 2 (was 2)
>> set quiet_sd_g 0.0005
[set] quiet_sd_g = 0.0005 (was 0.0005)
>> set rate_tau_s 0.5
[set] rate_tau_s = 0.5 (was 0.5)
>> set stall_bail_s 8
[set] stall_bail_s = 8.0 (was 8.0)
>> set tap_cadence_off_ms 440
[set] tap_cadence_off_ms = 440 (was 440)
>> set tap_cadence_on_ms 60
[set] tap_cadence_on_ms = 60 (was 60)
>> set tap_max_cycles 120
[set] tap_max_cycles = 120 (was 120)
>> set tap_max_nudges 20
[set] tap_max_nudges = 20 (was 20)
>> set tap_nudge_deg 5
[set] tap_nudge_deg = 5.0 (was 5.0)
>> set tap_settle_ms 1500
[set] tap_settle_ms = 1500 (was 1500)
>> set taps_per_cycle 1
[set] taps_per_cycle = 1 (was 1)
>> set tau_afterflow_s 0.3
[set] tau_afterflow_s = 0.3 (was 0.3)
>> set tau_bal_s 0.7
[set] tau_bal_s = 0.7 (was 0.7)
>> set trickle_dt_s 0.25
[set] trickle_dt_s = 0.25 (was 0.25)
>> set trickle_integ_clamp 0.5
[set] trickle_integ_clamp = 0.5 (was 0.5)
>> set trickle_ki 120
[set] trickle_ki = 120.0 (was 120.0)
>> set trickle_kp 250
[set] trickle_kp = 250.0 (was 250.0)
>> set trickle_max_rate_gps 0.05
[set] trickle_max_rate_gps = 0.05 (was 0.05)
>> set trickle_min_rate_gps 0.003
[set] trickle_min_rate_gps = 0.003 (was 0.003)
>> set trickle_rpm_cap 45
[set] trickle_rpm_cap = 45.0 (was 45.0)
>> set bulk_tap 0
[set] bulk_tap = False (was False)
>> set trickle_tap 0
[set] trickle_tap = False (was False)
>> set bulk_tilt_deg 30
[set] bulk_tilt_deg = 30.0 (was 30.0)
>> set trickle_tilt_deg 15
[set] trickle_tilt_deg = 15.0 (was 15.0)
>> set tap_tilt_deg 10
[set] tap_tilt_deg = 10.0 (was 10.0)
>> set bulk_rpm 55
[set] bulk_rpm = 55.0 (was 55.0)
>> set trickle_start_remaining_g 0.25
[set] trickle_start_remaining_g = 0.25 (was 0.25)
>> set tolerance_g 0.005
[set] tolerance_g = 0.005 (was 0.005)
>> set tau_afterflow_s 0.8338
[set] tau_afterflow_s = 0.8338 (was 0.3)
>> g 0.5000
[dose] trickle-tap dose to 0.5000 g (tol 5.0 mg, trickle tilt 15.0 plate deg); taring scale
[dose] tared: baseline +0.0 mg (subtracted), drift +0.0 mg/min, read noise 0.00 mg
=== stage 1 'bulk': 0.5000 g to go, velocity mode @ 55 rpm until 0.3000 g to go
[phase 1 bulk] poll 1: mass 0.0000 / 0.5000 g (0.5000 g to go, +0.0000 g this poll), elapsed 6.0 s
[phase 1 bulk] poll 2: mass 0.0000 / 0.5000 g (0.5000 g to go, +0.0000 g this poll), elapsed 6.0 s
[phase 1 bulk] poll 3: mass 0.0000 / 0.5000 g (0.5000 g to go, +0.0000 g this poll), elapsed 6.0 s
[phase 1 bulk] poll 4 (unstable): mass 0.0193 / 0.5000 g (0.4807 g to go, +0.0193 g this poll), elapsed 6.0 s
[phase 1 bulk] poll 5 (unstable): mass 0.0463 / 0.5000 g (0.4537 g to go, +0.0270 g this poll), elapsed 7.0 s
[phase 1 bulk] poll 6 (unstable): mass 0.0626 / 0.5000 g (0.4374 g to go, +0.0163 g this poll), elapsed 7.0 s
[phase 1 bulk] poll 7 (unstable): mass 0.0835 / 0.5000 g (0.4165 g to go, +0.0209 g this poll), elapsed 7.0 s
[phase 1 bulk] poll 8 (unstable): mass 0.1124 / 0.5000 g (0.3876 g to go, +0.0289 g this poll), elapsed 8.0 s
[phase 1 bulk] poll 9 (unstable): mass 0.1329 / 0.5000 g (0.3671 g to go, +0.0205 g this poll), elapsed 8.0 s
[phase 1 bulk] poll 10 (unstable): mass 0.1523 / 0.5000 g (0.3477 g to go, +0.0194 g this poll), elapsed 8.0 s
[phase 1 bulk] poll 11 (unstable): mass 0.1846 / 0.5000 g (0.3154 g to go, +0.0323 g this poll), elapsed 9.0 s
[phase 1 bulk] poll 12 (unstable): mass 0.2139 / 0.5000 g (0.2861 g to go, +0.0293 g this poll), elapsed 9.0 s
[phase 1 bulk] auger halted at 0.2861 g to go (halt threshold 0.3000 g); settling 1500 ms
[phase 1 bulk] settled: mass 0.3000 / 0.5000 g (0.2000 g to go, +0.0861 g while settling), elapsed 12.0 s
[trickle] seeded at 0.2999 g; cutoff when m+r*0.83s+1.0*sigma >= 0.4650 g
[trickle]  14.8s m 0.2998 r  67.4 mg/s (sp  50.0) rpm  14.7 pred 0.3679/0.4650 sigma 11.9 mg
[trickle]  15.6s m 0.3306 r  53.2 mg/s (sp  50.0) rpm  11.1 pred 0.3826/0.4650 sigma 7.6 mg
[trickle]  16.3s m 0.3490 r  46.5 mg/s (sp  50.0) rpm  11.3 pred 0.3960/0.4650 sigma 8.2 mg
[trickle]  17.0s m 0.3614 r  48.3 mg/s (sp  50.0) rpm   9.2 pred 0.4106/0.4650 sigma 8.9 mg
[trickle]  17.8s m 0.3756 r  47.3 mg/s (sp  50.0) rpm   9.7 pred 0.4241/0.4650 sigma 9.1 mg
[trickle]  18.4s m 0.3981 r  39.8 mg/s (sp  40.1) rpm   8.2 pred 0.4401/0.4650 sigma 8.8 mg
[trickle]  19.2s m 0.4126 r  31.7 mg/s (sp  31.4) rpm   7.0 pred 0.4481/0.4650 sigma 9.1 mg
[trickle]  19.9s m 0.4201 r  27.2 mg/s (sp  26.9) rpm   6.2 pred 0.4513/0.4650 sigma 8.5 mg
[trickle]  20.6s m 0.4265 r  24.3 mg/s (sp  23.1) rpm   5.8 pred 0.4550/0.4650 sigma 8.3 mg
[trickle]  21.3s m 0.4371 r  20.7 mg/s (sp  16.7) rpm   5.2 pred 0.4632/0.4650 sigma 8.9 mg
[trickle] predictive cutoff: m 0.4432 + r*tau 0.0156 + k*sigma 0.0090 >= 0.4650 g
[trickle] halted; settled at 0.4359 g (-7.4 mg vs KF m_hat, 0.0641 g to go), 21 polls, 0 KF clamps, ff 0.220 g/rev
=== stage 3 'tap': 0.0641 g to go, single taps at 10.0 plate deg
[phase 3 tap] cycle 1: mass 0.4417 / 0.5000 g (0.0583 g to go, +0.0058 g this cycle), elapsed 28.0 s
[phase 3 tap] cycle 2: mass 0.4457 / 0.5000 g (0.0543 g to go, +0.0040 g this cycle), elapsed 31.0 s
[phase 3 tap] cycle 3: mass 0.4501 / 0.5000 g (0.0499 g to go, +0.0044 g this cycle), elapsed 34.0 s
[phase 3 tap] cycle 4: mass 0.4510 / 0.5000 g (0.0490 g to go, +0.0009 g this cycle), elapsed 37.0 s
[phase 3 tap] cycle 5: mass 0.4520 / 0.5000 g (0.0480 g to go, +0.0010 g this cycle), elapsed 40.0 s
[phase 3 tap] cycle 6: mass 0.4546 / 0.5000 g (0.0454 g to go, +0.0026 g this cycle), elapsed 43.0 s
[phase 3 tap] cycle 7: mass 0.4571 / 0.5000 g (0.0429 g to go, +0.0025 g this cycle), elapsed 46.0 s
[phase 3 tap] cycle 8: mass 0.4587 / 0.5000 g (0.0413 g to go, +0.0016 g this cycle), elapsed 49.0 s
[phase 3 tap] cycle 9: mass 0.4595 / 0.5000 g (0.0405 g to go, +0.0007 g this cycle), elapsed 52.0 s
[phase 3 tap] cycle 10: mass 0.4610 / 0.5000 g (0.0390 g to go, +0.0015 g this cycle), elapsed 55.0 s
[phase 3 tap] cycle 11: mass 0.4622 / 0.5000 g (0.0378 g to go, +0.0012 g this cycle), elapsed 58.0 s
[phase 3 tap] cycle 12: mass 0.4629 / 0.5000 g (0.0371 g to go, +0.0007 g this cycle), elapsed 61.0 s
[phase 3 tap] cycle 13: mass 0.4646 / 0.5000 g (0.0354 g to go, +0.0018 g this cycle), elapsed 64.0 s
[phase 3 tap] cycle 14: mass 0.4663 / 0.5000 g (0.0337 g to go, +0.0016 g this cycle), elapsed 67.0 s
[phase 3 tap] cycle 15: mass 0.4675 / 0.5000 g (0.0325 g to go, +0.0012 g this cycle), elapsed 70.0 s
[phase 3 tap] cycle 16: mass 0.4685 / 0.5000 g (0.0315 g to go, +0.0011 g this cycle), elapsed 73.0 s
[phase 3 tap] cycle 17: mass 0.4696 / 0.5000 g (0.0304 g to go, +0.0010 g this cycle), elapsed 76.0 s
[phase 3 tap] cycle 18: mass 0.4709 / 0.5000 g (0.0291 g to go, +0.0014 g this cycle), elapsed 80.0 s
[phase 3 tap] cycle 19: mass 0.4715 / 0.5000 g (0.0285 g to go, +0.0006 g this cycle), elapsed 83.0 s
[phase 3 tap] cycle 20: mass 0.4728 / 0.5000 g (0.0272 g to go, +0.0013 g this cycle), elapsed 86.0 s
[phase 3 tap] cycle 21: mass 0.4740 / 0.5000 g (0.0260 g to go, +0.0012 g this cycle), elapsed 89.0 s
[phase 3 tap] cycle 22: mass 0.4751 / 0.5000 g (0.0249 g to go, +0.0011 g this cycle), elapsed 92.0 s
[phase 3 tap] cycle 23: mass 0.4758 / 0.5000 g (0.0242 g to go, +0.0007 g this cycle), elapsed 95.0 s
[phase 3 tap] cycle 24: mass 0.4766 / 0.5000 g (0.0234 g to go, +0.0008 g this cycle), elapsed 98.0 s
[phase 3 tap] cycle 25: mass 0.4781 / 0.5000 g (0.0219 g to go, +0.0015 g this cycle), elapsed 101.0 s
[phase 3 tap] cycle 26: mass 0.4784 / 0.5000 g (0.0216 g to go, +0.0003 g this cycle), elapsed 104.0 s
[phase 3 tap] cycle 27: mass 0.4795 / 0.5000 g (0.0205 g to go, +0.0011 g this cycle), elapsed 107.0 s
[phase 3 tap] cycle 28: mass 0.4805 / 0.5000 g (0.0195 g to go, +0.0010 g this cycle), elapsed 110.0 s
[phase 3 tap] cycle 29: mass 0.4814 / 0.5000 g (0.0186 g to go, +0.0009 g this cycle), elapsed 113.0 s
[phase 3 tap] cycle 30: mass 0.4818 / 0.5000 g (0.0182 g to go, +0.0004 g this cycle), elapsed 116.0 s
[phase 3 tap] cycle 31: mass 0.4826 / 0.5000 g (0.0174 g to go, +0.0007 g this cycle), elapsed 119.0 s
[phase 3 tap] cycle 32: mass 0.4834 / 0.5000 g (0.0166 g to go, +0.0008 g this cycle), elapsed 122.0 s
[phase 3 tap] cycle 33: mass 0.4836 / 0.5000 g (0.0164 g to go, +0.0002 g this cycle), elapsed 125.0 s
[phase 3 tap] cycle 34: mass 0.4845 / 0.5000 g (0.0155 g to go, +0.0009 g this cycle), elapsed 128.0 s
[phase 3 tap] cycle 35: mass 0.4851 / 0.5000 g (0.0149 g to go, +0.0007 g this cycle), elapsed 131.0 s
[phase 3 tap] cycle 36: mass 0.4861 / 0.5000 g (0.0139 g to go, +0.0010 g this cycle), elapsed 134.0 s
[phase 3 tap] cycle 37: mass 0.4871 / 0.5000 g (0.0129 g to go, +0.0009 g this cycle), elapsed 138.0 s
[phase 3 tap] cycle 38: mass 0.4873 / 0.5000 g (0.0127 g to go, +0.0002 g this cycle), elapsed 141.0 s
[phase 3 tap] cycle 39: mass 0.4883 / 0.5000 g (0.0117 g to go, +0.0010 g this cycle), elapsed 144.0 s
[phase 3 tap] cycle 40: mass 0.4887 / 0.5000 g (0.0113 g to go, +0.0005 g this cycle), elapsed 147.0 s
[phase 3 tap] cycle 41: mass 0.4894 / 0.5000 g (0.0106 g to go, +0.0007 g this cycle), elapsed 149.0 s
[phase 3 tap] cycle 42: mass 0.4899 / 0.5000 g (0.0101 g to go, +0.0004 g this cycle), elapsed 152.0 s
[phase 3 tap] cycle 43: mass 0.4906 / 0.5000 g (0.0094 g to go, +0.0007 g this cycle), elapsed 156.0 s
[phase 3 tap] cycle 44: mass 0.4912 / 0.5000 g (0.0088 g to go, +0.0006 g this cycle), elapsed 159.0 s
[phase 3 tap] cycle 45: mass 0.4914 / 0.5000 g (0.0086 g to go, +0.0002 g this cycle), elapsed 162.0 s
[phase 3 tap] cycle 46: mass 0.4919 / 0.5000 g (0.0081 g to go, +0.0005 g this cycle), elapsed 165.0 s
[phase 3 tap] cycle 47: mass 0.4928 / 0.5000 g (0.0072 g to go, +0.0009 g this cycle), elapsed 168.0 s
[phase 3 tap] cycle 48: mass 0.4937 / 0.5000 g (0.0063 g to go, +0.0009 g this cycle), elapsed 171.0 s
[phase 3 tap] cycle 49: mass 0.4947 / 0.5000 g (0.0053 g to go, +0.0010 g this cycle), elapsed 174.0 s
[phase 3 tap] cycle 50: mass 0.4955 / 0.5000 g (0.0045 g to go, +0.0008 g this cycle), elapsed 177.0 s
[dose] final settle 2000 ms before the scoring reading
[dose] done: DoseResult(ok: 0.4956/0.5000 g in 180.0s; cycles bulk:12, trickle:21, tap:50; 4.49 auger rev, 50 taps)
RESULT {"fw": "trickle_tap/2026-09-25", "t_total_s": 179.79, "t_bulk_s": 7.19, "taps": 50, "t_trickle_s": 12.81, "t_settle_s": 3.44, "phase_cycles": {"tap": 50, "bulk": 12, "trickle": 21}, "ff_g_per_rev": 0.2202, "error_mg": -4.4, "params": {"tap_cadence_off_ms": 440, "trickle_tap": false, "trickle_tilt_deg": 15.0, "tolerance_g": 0.005, "goal_mass_g": 0.75, "trickle_start_remaining_g": 0.25, "bulk_tilt_deg": 30.0, "tau_afterflow_s": 0.8338, "tap_tilt_deg": 10.0, "bulk_tap": false, "overshoot_abort_g": 0.1, "final_settle_ms": 2000, "bulk_rpm": 55.0, "tap_cadence_on_ms": 60}, "telemetry_rows": 85, "nudges": 0, "log_path": null, "settled_final": 1, "baseline_g": 0.0, "t_tap_s": 152.23, "auger_rev": 4.492, "status": "ok", "final_g": 0.4956, "v": 1, "target_g": 0.5, "stop_events": [{"settled_g": 0.29998, "rate_slope_gps": 0.08071, "rpm": 55.0, "rate_kf_gps": null, "t_stop_s": 11.29, "m_stop_g": 0.2139, "tau_s": 0.8338, "afterflow_g": 0.08608, "stalled": 0, "phase": "bulk"}, {"phase": "trickle", "rate_kf_gps": 0.01866, "settled_g": 0.43586, "stalled": 0, "tau_s": 0.8338, "m_stop_g": 0.44324, "afterflow_g": -0.00738, "rate_slope_gps": 0.02059, "t_stop_s": 21.7}], "read_retries": 0, "dose_n": 23}
>> log
--- BEGIN trickle telemetry CSV ---
t_s,phase,z_g,fresh,m_g,r_gps,sigma_g,ff_gpr,r_sp_gps,err_gps,integ,rpm_cmd,pred_g,cutoff_g,clamp_hits
5.15,bulk,0.00000,1,0.00000,,,,,,,,,,
5.44,bulk,0.00000,1,0.00000,,,,,,,,,,
5.73,bulk,0.00000,1,0.00000,,,,,,,,,,
6.01,bulk,0.01930,1,0.01930,,,,,,,,,,
6.30,bulk,0.04630,1,0.04630,,,,,,,,,,
6.58,bulk,0.06260,1,0.06260,,,,,,,,,,
6.87,bulk,0.08350,1,0.08350,,,,,,,,,,
7.16,bulk,0.11240,1,0.11240,,,,,,,,,,
7.46,bulk,0.13290,1,0.13290,,,,,,,,,,
7.83,bulk,0.15230,1,0.15230,,,,,,,,,,
8.12,bulk,0.18460,1,0.18460,,,,,,,,,,
8.40,bulk,0.21390,1,0.21390,,,,,,,,,,
11.29,bulk,0.29998,1,0.29998,,,,,,,,,,
14.43,trickle,0.29980,1,0.29985,0.00000,0.01294,0.3500,0.05000,0.05000,0.0000,0.00,0.31279,0.46500,0
14.82,trickle,0.29980,1,0.29983,0.06738,0.01185,0.3500,0.05000,-0.01738,0.0183,14.70,0.36786,0.46500,0
15.20,trickle,0.29980,1,0.32497,0.01698,0.00660,0.3500,0.05000,0.03302,0.0115,0.00,0.34573,0.46500,0
15.58,trickle,0.30020,1,0.33064,0.05321,0.00763,0.3500,0.05000,-0.00321,0.0238,11.11,0.38263,0.46500,0
15.96,trickle,0.30540,1,0.34845,0.02093,0.00834,0.3500,0.05000,0.02907,0.0226,1.91,0.37425,0.46500,0
16.25,trickle,0.30680,1,0.34905,0.04646,0.00819,0.3500,0.05000,0.00354,0.0337,11.31,0.39597,0.46500,0
16.63,trickle,0.31010,1,0.35882,0.03310,0.00869,0.3500,0.05000,0.01690,0.0347,5.05,0.39510,0.46500,0
17.01,trickle,0.31310,1,0.36141,0.04829,0.00890,0.3340,0.05000,0.00171,0.0412,9.16,0.41058,0.46500,0
17.39,trickle,0.31820,1,0.36978,0.03416,0.00902,0.3201,0.05000,0.01584,0.0418,5.45,0.40729,0.46500,0
17.77,trickle,0.33240,1,0.37559,0.04733,0.00907,0.3061,0.05000,0.00267,0.0479,9.70,0.42412,0.46500,0
18.07,trickle,0.34790,1,0.38633,0.03902,0.00855,0.2946,0.04718,0.00816,0.0489,6.53,0.42741,0.46500,0
18.44,trickle,0.35940,1,0.39810,0.03982,0.00879,0.2847,0.04012,0.00030,0.0513,8.19,0.44009,0.46500,0
18.84,trickle,0.36320,1,0.40755,0.03179,0.00895,0.2760,0.03445,0.00266,0.0514,6.24,0.44300,0.46500,0
19.22,trickle,0.36910,1,0.41261,0.03171,0.00907,0.2676,0.03142,-0.00030,0.0524,6.95,0.44813,0.46500,0
19.59,trickle,0.37790,1,0.41796,0.02842,0.00906,0.2596,0.02821,-0.00021,0.0523,6.20,0.45072,0.46500,0
19.88,trickle,0.38310,1,0.42010,0.02720,0.00853,0.2520,0.02693,-0.00028,0.0522,6.21,0.45131,0.46500,0
20.26,trickle,0.38920,1,0.42435,0.02605,0.00879,0.2446,0.02437,-0.00168,0.0521,6.19,0.45487,0.46500,0
20.55,trickle,0.39350,1,0.42646,0.02429,0.00834,0.2377,0.02311,-0.00118,0.0515,5.76,0.45505,0.46500,0
20.93,trickle,0.40190,1,0.43147,0.02326,0.00871,0.2312,0.02010,-0.00316,0.0512,5.84,0.45958,0.46500,0
21.31,trickle,0.41020,1,0.43707,0.02070,0.00889,0.2253,0.01675,-0.00395,0.0499,5.20,0.46321,0.46500,0
21.70,trickle,0.42060,1,0.44324,0.01866,0.00901,0.2202,0.01305,-0.00561,0.0484,4.83,0.46780,0.46500,0
24.10,trickle_end,0.43586,1,0.43586,,,,,,,,,,0
27.26,tap,0.44170,1,0.44170,,,,,,,,,,
30.31,tap,0.44566,1,0.44566,,,,,,,,,,
33.37,tap,0.45010,1,0.45010,,,,,,,,,,
36.33,tap,0.45096,1,0.45096,,,,,,,,,,
39.31,tap,0.45196,1,0.45196,,,,,,,,,,
42.27,tap,0.45458,1,0.45458,,,,,,,,,,
45.43,tap,0.45710,1,0.45710,,,,,,,,,,
48.38,tap,0.45874,1,0.45874,,,,,,,,,,
51.36,tap,0.45948,1,0.45948,,,,,,,,,,
54.42,tap,0.46100,1,0.46100,,,,,,,,,,
57.57,tap,0.46218,1,0.46218,,,,,,,,,,
60.53,tap,0.46286,1,0.46286,,,,,,,,,,
63.69,tap,0.46464,1,0.46464,,,,,,,,,,
66.74,tap,0.46626,1,0.46626,,,,,,,,,,
69.71,tap,0.46748,1,0.46748,,,,,,,,,,
72.86,tap,0.46854,1,0.46854,,,,,,,,,,
75.84,tap,0.46956,1,0.46956,,,,,,,,,,
79.09,tap,0.47094,1,0.47094,,,,,,,,,,
82.24,tap,0.47152,1,0.47152,,,,,,,,,,
85.29,tap,0.47280,1,0.47280,,,,,,,,,,
88.26,tap,0.47396,1,0.47396,,,,,,,,,,
91.52,tap,0.47510,1,0.47510,,,,,,,,,,
94.47,tap,0.47582,1,0.47582,,,,,,,,,,
97.63,tap,0.47658,1,0.47658,,,,,,,,,,
100.59,tap,0.47806,1,0.47806,,,,,,,,,,
103.57,tap,0.47840,1,0.47840,,,,,,,,,,
106.52,tap,0.47954,1,0.47954,,,,,,,,,,
109.50,tap,0.48050,1,0.48050,,,,,,,,,,
112.65,tap,0.48140,1,0.48140,,,,,,,,,,
115.61,tap,0.48184,1,0.48184,,,,,,,,,,
118.68,tap,0.48256,1,0.48256,,,,,,,,,,
121.63,tap,0.48336,1,0.48336,,,,,,,,,,
124.61,tap,0.48358,1,0.48358,,,,,,,,,,
127.76,tap,0.48446,1,0.48446,,,,,,,,,,
130.72,tap,0.48514,1,0.48514,,,,,,,,,,
133.98,tap,0.48614,1,0.48614,,,,,,,,,,
137.13,tap,0.48706,1,0.48706,,,,,,,,,,
140.09,tap,0.48726,1,0.48726,,,,,,,,,,
143.05,tap,0.48828,1,0.48828,,,,,,,,,,
146.03,tap,0.48874,1,0.48874,,,,,,,,,,
148.99,tap,0.48944,1,0.48944,,,,,,,,,,
151.95,tap,0.48988,1,0.48988,,,,,,,,,,
155.11,tap,0.49058,1,0.49058,,,,,,,,,,
158.07,tap,0.49122,1,0.49122,,,,,,,,,,
161.22,tap,0.49142,1,0.49142,,,,,,,,,,
164.19,tap,0.49194,1,0.49194,,,,,,,,,,
167.35,tap,0.49280,1,0.49280,,,,,,,,,,
170.31,tap,0.49372,1,0.49372,,,,,,,,,,
173.27,tap,0.49472,1,0.49472,,,,,,,,,,
176.33,tap,0.49554,1,0.49554,,,,,,,,,,
--- END trickle telemetry CSV ---
