--- session 2026-10-06T03:46:15.428643+00:00 ---
>> 
>> s
firmware: trickle_tap/2026-09-30b
heap: 116752 bytes free, 88688 used
stepper: 60 auger rpm (max ~109), 1/8 microsteps; plate at 15.0 deg; scale UART0 @ 19200
trickle parameters ('set <key> <value>' to change):
  bulk_anticipation_g = 0.05
  bulk_boost_s = 3.0
  bulk_enabled = True
  bulk_max_passes = 8
  bulk_min_rpm = 20.0
  bulk_only = False
  bulk_poll_ms = 250
  bulk_rpm = 100.0
  bulk_settle_ms = 1500
  bulk_tap = True
  bulk_taper_start_g = 0.1
  bulk_tilt_deg = 40.0
  cutoff_margin_g = 0.035
  dose_timeout_s = 600
  ff_prior_g_per_rev = 0.35
  final_settle_ms = 2000
  goal_mass_g = 0.75
  k_sigma = 1.0
  kf_q_var = 0.0002
  log_max_rows = 1200
  log_min_free_bytes = 24000
  log_to_flash = False
  max_poll_misses = 10
  noisy_sd_g = 0.008
  overshoot_abort_g = 0.1
  post_trickle_settle_ms = 1200
  print_every_n_polls = 2
  quiet_sd_g = 0.0005
  rate_tau_s = 0.5
  stall_bail_s = 8.0
  tap_burst_above_g = 0.0
  tap_burst_taps = 2
  tap_cadence_off_ms = 440
  tap_cadence_on_ms = 60
  tap_max_cycles = 120
  tap_max_nudges = 20
  tap_nudge_deg = 5.0
  tap_settle_ms = 1500
  tap_tilt_deg = 15.0
  taps_per_cycle = 1
  tau_afterflow_s = 0.8338
  tau_bal_s = 0.7
  tolerance_g = 0.003
  trickle_dt_s = 0.25
  trickle_integ_clamp = 0.5
  trickle_ki = 120.0
  trickle_kp = 250.0
  trickle_max_rate_gps = 0.05
  trickle_min_rate_gps = 0.003
  trickle_rpm_cap = 45.0
  trickle_start_remaining_g = 0.3
  trickle_tap = False
  trickle_tilt_deg = 10.0
>> set bulk_anticipation_g 0.05
[set] bulk_anticipation_g = 0.05 (was 0.05)
>> set bulk_enabled 1
[set] bulk_enabled = True (was True)
>> set bulk_poll_ms 250
[set] bulk_poll_ms = 250 (was 250)
>> set bulk_settle_ms 1500
[set] bulk_settle_ms = 1500 (was 1500)
>> set cutoff_margin_g 0.035
[set] cutoff_margin_g = 0.035 (was 0.035)
>> set dose_timeout_s 600
[set] dose_timeout_s = 600 (was 600)
>> set ff_prior_g_per_rev 0.35
[set] ff_prior_g_per_rev = 0.35 (was 0.35)
>> set final_settle_ms 2000
[set] final_settle_ms = 2000 (was 2000)
>> set k_sigma 1
[set] k_sigma = 1.0 (was 1.0)
>> set kf_q_var 0.0002
[set] kf_q_var = 0.0002 (was 0.0002)
>> set log_max_rows 1200
[set] log_max_rows = 1200 (was 1200)
>> set log_to_flash 0
[set] log_to_flash = False (was False)
>> set max_poll_misses 10
[set] max_poll_misses = 10 (was 10)
>> set noisy_sd_g 0.008
[set] noisy_sd_g = 0.008 (was 0.008)
>> set overshoot_abort_g 0.1
[set] overshoot_abort_g = 0.1 (was 0.1)
>> set post_trickle_settle_ms 1200
[set] post_trickle_settle_ms = 1200 (was 1200)
>> set print_every_n_polls 2
[set] print_every_n_polls = 2 (was 2)
>> set quiet_sd_g 0.0005
[set] quiet_sd_g = 0.0005 (was 0.0005)
>> set rate_tau_s 0.5
[set] rate_tau_s = 0.5 (was 0.5)
>> set stall_bail_s 8
[set] stall_bail_s = 8.0 (was 8.0)
>> set tap_cadence_off_ms 440
[set] tap_cadence_off_ms = 440 (was 440)
>> set tap_cadence_on_ms 60
[set] tap_cadence_on_ms = 60 (was 60)
>> set tap_max_cycles 120
[set] tap_max_cycles = 120 (was 120)
>> set tap_max_nudges 20
[set] tap_max_nudges = 20 (was 20)
>> set tap_nudge_deg 5
[set] tap_nudge_deg = 5.0 (was 5.0)
>> set tap_settle_ms 1500
[set] tap_settle_ms = 1500 (was 1500)
>> set taps_per_cycle 1
[set] taps_per_cycle = 1 (was 1)
>> set tau_afterflow_s 0.3
[set] tau_afterflow_s = 0.3 (was 0.8338)
>> set tau_bal_s 0.7
[set] tau_bal_s = 0.7 (was 0.7)
>> set trickle_dt_s 0.25
[set] trickle_dt_s = 0.25 (was 0.25)
>> set trickle_integ_clamp 0.5
[set] trickle_integ_clamp = 0.5 (was 0.5)
>> set trickle_ki 120
[set] trickle_ki = 120.0 (was 120.0)
>> set trickle_kp 250
[set] trickle_kp = 250.0 (was 250.0)
>> set trickle_max_rate_gps 0.05
[set] trickle_max_rate_gps = 0.05 (was 0.05)
>> set trickle_min_rate_gps 0.003
[set] trickle_min_rate_gps = 0.003 (was 0.003)
>> set trickle_rpm_cap 45
[set] trickle_rpm_cap = 45.0 (was 45.0)
>> set bulk_tap 1
[set] bulk_tap = True (was True)
>> set trickle_tap 0
[set] trickle_tap = False (was False)
>> set bulk_tilt_deg 40
[set] bulk_tilt_deg = 40.0 (was 40.0)
>> set trickle_tilt_deg 10
[set] trickle_tilt_deg = 10.0 (was 10.0)
>> set tap_tilt_deg 15
[set] tap_tilt_deg = 15.0 (was 15.0)
>> set bulk_rpm 100
[set] bulk_rpm = 100.0 (was 100.0)
>> set trickle_start_remaining_g 0.3
[set] trickle_start_remaining_g = 0.3 (was 0.3)
>> set tolerance_g 0.003
[set] tolerance_g = 0.003 (was 0.003)
>> set tau_afterflow_s 0.8338
[set] tau_afterflow_s = 0.8338 (was 0.3)
>> g 0.5000
[dose] trickle-tap dose to 0.5000 g (tol 3.0 mg, trickle tilt 10.0 plate deg); taring scale
[dose] tared: baseline +0.0 mg (subtracted), drift +0.0 mg/min, read noise 0.00 mg
=== stage 1 'bulk': 0.5000 g to go, velocity mode @ 100 rpm until 0.3500 g to go
[phase 1 bulk] cadence taps on: one 60 ms pulse per 500 ms
[phase 1 bulk] poll 1: mass 0.0000 / 0.5000 g (0.5000 g to go, +0.0000 g this poll), elapsed 6.0 s
[phase 1 bulk] poll 2: mass 0.0000 / 0.5000 g (0.5000 g to go, +0.0000 g this poll), elapsed 6.0 s
[phase 1 bulk] poll 3 (unstable): mass 0.0056 / 0.5000 g (0.4944 g to go, +0.0056 g this poll), elapsed 7.0 s
[phase 1 bulk] poll 4 (unstable): mass 0.0358 / 0.5000 g (0.4642 g to go, +0.0302 g this poll), elapsed 7.0 s
[phase 1 bulk] poll 5 (unstable): mass 0.0856 / 0.5000 g (0.4144 g to go, +0.0498 g this poll), elapsed 7.0 s
[phase 1 bulk] poll 6 (unstable): mass 0.1236 / 0.5000 g (0.3764 g to go, +0.0380 g this poll), elapsed 8.0 s
[phase 1 bulk] poll 7 (unstable): mass 0.1854 / 0.5000 g (0.3146 g to go, +0.0618 g this poll), elapsed 8.0 s
[phase 1 bulk] auger halted at 0.3146 g to go (halt threshold 0.3500 g); settling 1500 ms
[phase 1 bulk] settled: mass 0.3019 / 0.5000 g (0.1981 g to go, +0.1165 g while settling), elapsed 11.0 s
[trickle] seeded at 0.3019 g; cutoff when m+r*0.83s+1.0*sigma >= 0.4650 g
[trickle]  14.7s m 0.3019 r  49.3 mg/s (sp  50.0) rpm  14.7 pred 0.3548/0.4650 sigma 11.8 mg
[trickle]  15.4s m 0.3251 r  52.4 mg/s (sp  50.0) rpm  10.4 pred 0.3788/0.4650 sigma 10.0 mg
[trickle]  16.1s m 0.3388 r  46.2 mg/s (sp  50.0) rpm  10.6 pred 0.3860/0.4650 sigma 8.7 mg
[trickle]  16.8s m 0.3492 r  44.6 mg/s (sp  50.0) rpm   8.9 pred 0.3948/0.4650 sigma 8.4 mg
[trickle]  17.5s m 0.3615 r  43.8 mg/s (sp  50.0) rpm   8.7 pred 0.4070/0.4650 sigma 8.9 mg
[trickle]  18.2s m 0.3710 r  41.6 mg/s (sp  50.0) rpm   9.3 pred 0.4142/0.4650 sigma 8.5 mg
[trickle]  18.9s m 0.3783 r  40.7 mg/s (sp  50.0) rpm   9.8 pred 0.4205/0.4650 sigma 8.3 mg
[trickle]  19.6s m 0.3857 r  39.8 mg/s (sp  47.6) rpm  10.5 pred 0.4279/0.4650 sigma 9.0 mg
[trickle]  20.4s m 0.3933 r  36.7 mg/s (sp  43.0) rpm  10.6 pred 0.4330/0.4650 sigma 9.0 mg
[trickle]  21.2s m 0.4037 r  33.0 mg/s (sp  36.7) rpm  10.4 pred 0.4403/0.4650 sigma 9.1 mg
[trickle]  21.9s m 0.4105 r  30.1 mg/s (sp  32.7) rpm  10.5 pred 0.4448/0.4650 sigma 9.2 mg
[trickle]  22.7s m 0.4213 r  26.9 mg/s (sp  26.2) rpm  10.2 pred 0.4530/0.4650 sigma 9.2 mg
[trickle]  23.5s m 0.4355 r  22.1 mg/s (sp  17.7) rpm   8.9 pred 0.4631/0.4650 sigma 9.1 mg
[trickle] predictive cutoff: m 0.4447 + r*tau 0.0169 + k*sigma 0.0091 >= 0.4650 g
[trickle] halted; settled at 0.4478 g (+3.1 mg vs KF m_hat, 0.0522 g to go), 27 polls, 0 KF clamps, ff 0.136 g/rev
=== stage 3 'tap': 0.0522 g to go, single taps at 15.0 plate deg
[phase 3 tap] cycle 1: mass 0.4619 / 0.5000 g (0.0381 g to go, +0.0141 g this cycle), elapsed 30.0 s
[phase 3 tap] cycle 2: mass 0.4684 / 0.5000 g (0.0316 g to go, +0.0065 g this cycle), elapsed 33.0 s
[phase 3 tap] cycle 3: mass 0.4754 / 0.5000 g (0.0246 g to go, +0.0070 g this cycle), elapsed 36.0 s
[phase 3 tap] cycle 4: mass 0.4792 / 0.5000 g (0.0208 g to go, +0.0038 g this cycle), elapsed 39.0 s
[phase 3 tap] cycle 5: mass 0.4832 / 0.5000 g (0.0168 g to go, +0.0040 g this cycle), elapsed 42.0 s
[phase 3 tap] cycle 6: mass 0.4874 / 0.5000 g (0.0126 g to go, +0.0042 g this cycle), elapsed 45.0 s
[phase 3 tap] cycle 7: mass 0.4900 / 0.5000 g (0.0100 g to go, +0.0026 g this cycle), elapsed 48.0 s
[phase 3 tap] cycle 8: mass 0.4927 / 0.5000 g (0.0073 g to go, +0.0028 g this cycle), elapsed 51.0 s
[phase 3 tap] cycle 9: mass 0.4949 / 0.5000 g (0.0051 g to go, +0.0022 g this cycle), elapsed 54.0 s
[phase 3 tap] cycle 10: mass 0.4987 / 0.5000 g (0.0013 g to go, +0.0038 g this cycle), elapsed 57.0 s
[dose] final settle 2000 ms before the scoring reading
[dose] done: DoseResult(ok: 0.4987/0.5000 g in 61.0s; cycles bulk:7, trickle:27, tap:10; 4.77 auger rev, 14 taps)
RESULT {"phase_cycles": {"tap": 10, "bulk": 7, "trickle": 27}, "t_total_s": 60.48, "ff_g_per_rev": 0.1362, "stop_events": [{"settled_g": 0.30192, "rate_slope_gps": 0.10922, "rpm": 100.0, "rate_kf_gps": null, "t_stop_s": 10.84, "m_stop_g": 0.1854, "tau_s": 0.8338, "afterflow_g": 0.11652, "stalled": 0, "phase": "bulk"}, {"phase": "trickle", "rate_kf_gps": 0.02023, "settled_g": 0.44776, "stalled": 0, "tau_s": 0.8338, "m_stop_g": 0.4447, "afterflow_g": 0.00306, "rate_slope_gps": 0.02824, "t_stop_s": 23.84}], "error_mg": -1.34, "t_settle_s": 3.34, "t_tap_s": 30.8, "nudges": 0, "telemetry_rows": 46, "telemetry_truncated": 0, "fw": "trickle_tap/2026-09-30b", "v": 1, "target_g": 0.5, "status": "ok", "settled_final": 1, "auger_rev": 4.77, "baseline_g": 0.0, "final_g": 0.49866, "t_bulk_s": 6.13, "read_retries": 0, "dose_n": 7, "params": {"tau_afterflow_s": 0.8338, "goal_mass_g": 0.75, "taps_per_cycle": 1, "tap_cadence_on_ms": 60, "tap_burst_above_g": 0.0, "bulk_taper_start_g": 0.1, "bulk_boost_s": 3.0, "bulk_max_passes": 8, "final_settle_ms": 2000, "tap_cadence_off_ms": 440, "tap_burst_taps": 2, "tap_tilt_deg": 15.0, "trickle_tilt_deg": 10.0, "trickle_start_remaining_g": 0.3, "bulk_only": false, "bulk_min_rpm": 20.0, "trickle_tap": false, "overshoot_abort_g": 0.1, "bulk_tap": true, "tolerance_g": 0.003, "bulk_rpm": 100.0, "bulk_tilt_deg": 40.0}, "t_trickle_s": 15.48, "taps": 14, "log_path": null}
>> log
--- BEGIN trickle telemetry CSV ---
t_s,phase,z_g,fresh,m_g,r_gps,sigma_g,ff_gpr,r_sp_gps,err_gps,integ,rpm_cmd,pred_g,cutoff_g,clamp_hits
5.85,bulk,0.00000,1,0.00000,,,,,,,,,,
6.23,bulk,0.00000,1,0.00000,,,,,,,,,,
6.52,bulk,0.00560,1,0.00560,,,,,,,,,,
6.91,bulk,0.03580,1,0.03580,,,,,,,,,,
7.30,bulk,0.08560,1,0.08560,,,,,,,,,,
7.58,bulk,0.12360,1,0.12360,,,,,,,,,,
7.97,bulk,0.18540,1,0.18540,,,,,,,,,,
10.84,bulk,0.30192,1,0.30192,,,,,,,,,,
14.36,trickle,0.30190,1,0.30190,0.00000,0.01295,0.3500,0.05000,0.05000,0.0000,0.00,0.31485,0.46500,0
14.65,trickle,0.30190,1,0.30190,0.04934,0.01181,0.3500,0.05000,0.00066,0.0182,14.68,0.35484,0.46500,0
15.03,trickle,0.30190,1,0.32070,0.02229,0.01077,0.3500,0.05000,0.02771,0.0184,2.37,0.35005,0.46500,0
15.44,trickle,0.30190,1,0.32508,0.05243,0.01000,0.3500,0.05000,-0.00243,0.0289,10.40,0.37880,0.46500,0
15.80,trickle,0.30190,1,0.33859,0.02528,0.00943,0.3500,0.05000,0.02472,0.0280,2.75,0.36910,0.46500,0
16.09,trickle,0.30240,1,0.33878,0.04623,0.00868,0.3500,0.05000,0.00377,0.0372,10.64,0.38601,0.46500,0
16.47,trickle,0.30280,1,0.34793,0.03533,0.00886,0.3500,0.05000,0.01467,0.0383,5.53,0.38625,0.46500,0
16.76,trickle,0.30330,1,0.34924,0.04457,0.00836,0.3308,0.05000,0.00543,0.0438,8.93,0.39476,0.46500,0
17.14,trickle,0.30430,1,0.35596,0.03885,0.00869,0.3134,0.05000,0.01115,0.0454,6.81,0.39704,0.46500,0
17.52,trickle,0.31190,1,0.36153,0.04381,0.00890,0.2970,0.05000,0.00619,0.0496,8.75,0.40696,0.46500,0
17.90,trickle,0.31840,1,0.36893,0.03950,0.00899,0.2822,0.05000,0.01050,0.0520,7.79,0.41086,0.46500,0
18.19,trickle,0.32140,1,0.37101,0.04157,0.00849,0.2680,0.05000,0.00843,0.0560,9.35,0.41416,0.46500,0
18.57,trickle,0.32500,1,0.37645,0.04057,0.00877,0.2547,0.05000,0.00943,0.0585,9.12,0.41905,0.46500,0
18.86,trickle,0.32760,1,0.37827,0.04065,0.00833,0.2420,0.05000,0.00935,0.0620,9.80,0.42049,0.46500,0
19.24,trickle,0.32880,1,0.38241,0.04033,0.00870,0.2300,0.04953,0.00920,0.0647,10.11,0.42474,0.46500,0
19.64,trickle,0.33000,1,0.38566,0.03984,0.00899,0.2184,0.04758,0.00773,0.0682,10.49,0.42787,0.46500,0
20.01,trickle,0.33790,1,0.38957,0.03819,0.00901,0.2076,0.04523,0.00704,0.0713,10.49,0.43043,0.46500,0
20.39,trickle,0.34380,1,0.39330,0.03675,0.00902,0.1974,0.04300,0.00625,0.0739,10.63,0.43296,0.46500,0
20.78,trickle,0.35390,1,0.39907,0.03531,0.00919,0.1880,0.03954,0.00423,0.0763,10.72,0.43770,0.46500,0
21.16,trickle,0.36000,1,0.40373,0.03302,0.00909,0.1794,0.03674,0.00373,0.0780,10.41,0.44035,0.46500,0
21.55,trickle,0.36370,1,0.40708,0.03137,0.00909,0.1713,0.03473,0.00336,0.0794,10.45,0.44234,0.46500,0
21.92,trickle,0.36930,1,0.41053,0.03006,0.00916,0.1638,0.03267,0.00261,0.0806,10.52,0.44475,0.46500,0
22.30,trickle,0.37830,1,0.41507,0.02868,0.00910,0.1568,0.02994,0.00127,0.0816,10.45,0.44807,0.46500,0
22.69,trickle,0.38830,1,0.42135,0.02688,0.00921,0.1506,0.02618,-0.00070,0.0821,10.17,0.45297,0.46500,0
23.07,trickle,0.40110,1,0.42902,0.02479,0.00912,0.1451,0.02158,-0.00321,0.0818,9.65,0.45881,0.46500,0
23.46,trickle,0.40750,1,0.43546,0.02213,0.00915,0.1402,0.01771,-0.00441,0.0806,8.87,0.46306,0.46500,0
23.83,trickle,0.42480,1,0.44470,0.02023,0.00909,0.1362,0.01217,-0.00806,0.0789,8.37,0.47066,0.46500,0
26.32,trickle_end,0.44776,1,0.44776,,,,,,,,,,0
29.68,tap,0.46190,1,0.46190,,,,,,,,,,
32.82,tap,0.46840,1,0.46840,,,,,,,,,,
35.99,tap,0.47540,1,0.47540,,,,,,,,,,
38.94,tap,0.47920,1,0.47920,,,,,,,,,,
42.02,tap,0.48322,1,0.48322,,,,,,,,,,
44.97,tap,0.48740,1,0.48740,,,,,,,,,,
47.94,tap,0.48998,1,0.48998,,,,,,,,,,
51.01,tap,0.49274,1,0.49274,,,,,,,,,,
53.96,tap,0.49492,1,0.49492,,,,,,,,,,
57.13,tap,0.49870,1,0.49870,,,,,,,,,,
--- END trickle telemetry CSV ---
