--- session 2026-09-29T03:54:24.027468+00:00 ---
>> 
>> s
firmware: trickle_tap/2026-09-25
stepper: 60 auger rpm (max ~109), 1/8 microsteps; plate at 30.0 deg; scale UART0 @ 19200
trickle parameters ('set <key> <value>' to change):
  bulk_anticipation_g = 0.05
  bulk_enabled = True
  bulk_poll_ms = 250
  bulk_rpm = 100.0
  bulk_settle_ms = 1500
  bulk_tap = False
  bulk_tilt_deg = 40.0
  cutoff_margin_g = 0.035
  dose_timeout_s = 600
  ff_prior_g_per_rev = 0.35
  final_settle_ms = 2000
  goal_mass_g = 0.75
  k_sigma = 1.0
  kf_q_var = 0.0002
  log_max_rows = 2400
  log_to_flash = False
  max_poll_misses = 10
  noisy_sd_g = 0.008
  overshoot_abort_g = 0.1
  post_trickle_settle_ms = 1200
  print_every_n_polls = 2
  quiet_sd_g = 0.0005
  rate_tau_s = 0.5
  stall_bail_s = 8.0
  tap_cadence_off_ms = 440
  tap_cadence_on_ms = 60
  tap_max_cycles = 120
  tap_max_nudges = 20
  tap_nudge_deg = 5.0
  tap_settle_ms = 1500
  tap_tilt_deg = 15.0
  taps_per_cycle = 1
  tau_afterflow_s = 0.8338
  tau_bal_s = 0.7
  tolerance_g = 0.015
  trickle_dt_s = 0.25
  trickle_integ_clamp = 0.5
  trickle_ki = 120.0
  trickle_kp = 250.0
  trickle_max_rate_gps = 0.05
  trickle_min_rate_gps = 0.003
  trickle_rpm_cap = 45.0
  trickle_start_remaining_g = 0.3
  trickle_tap = True
  trickle_tilt_deg = 30.0
>> set bulk_anticipation_g 0.05
[set] bulk_anticipation_g = 0.05 (was 0.05)
>> set bulk_enabled 1
[set] bulk_enabled = True (was True)
>> set bulk_poll_ms 250
[set] bulk_poll_ms = 250 (was 250)
>> set bulk_settle_ms 1500
[set] bulk_settle_ms = 1500 (was 1500)
>> set cutoff_margin_g 0.035
[set] cutoff_margin_g = 0.035 (was 0.035)
>> set dose_timeout_s 600
[set] dose_timeout_s = 600 (was 600)
>> set ff_prior_g_per_rev 0.35
[set] ff_prior_g_per_rev = 0.35 (was 0.35)
>> set final_settle_ms 2000
[set] final_settle_ms = 2000 (was 2000)
>> set k_sigma 1
[set] k_sigma = 1.0 (was 1.0)
>> set kf_q_var 0.0002
[set] kf_q_var = 0.0002 (was 0.0002)
>> set log_max_rows 2400
[set] log_max_rows = 2400 (was 2400)
>> set log_to_flash 0
[set] log_to_flash = False (was False)
>> set max_poll_misses 10
[set] max_poll_misses = 10 (was 10)
>> set noisy_sd_g 0.008
[set] noisy_sd_g = 0.008 (was 0.008)
>> set overshoot_abort_g 0.1
[set] overshoot_abort_g = 0.1 (was 0.1)
>> set post_trickle_settle_ms 1200
[set] post_trickle_settle_ms = 1200 (was 1200)
>> set print_every_n_polls 2
[set] print_every_n_polls = 2 (was 2)
>> set quiet_sd_g 0.0005
[set] quiet_sd_g = 0.0005 (was 0.0005)
>> set rate_tau_s 0.5
[set] rate_tau_s = 0.5 (was 0.5)
>> set stall_bail_s 8
[set] stall_bail_s = 8.0 (was 8.0)
>> set tap_cadence_off_ms 440
[set] tap_cadence_off_ms = 440 (was 440)
>> set tap_cadence_on_ms 60
[set] tap_cadence_on_ms = 60 (was 60)
>> set tap_max_cycles 120
[set] tap_max_cycles = 120 (was 120)
>> set tap_max_nudges 20
[set] tap_max_nudges = 20 (was 20)
>> set tap_nudge_deg 5
[set] tap_nudge_deg = 5.0 (was 5.0)
>> set tap_settle_ms 1500
[set] tap_settle_ms = 1500 (was 1500)
>> set taps_per_cycle 1
[set] taps_per_cycle = 1 (was 1)
>> set tau_afterflow_s 0.3
[set] tau_afterflow_s = 0.3 (was 0.8338)
>> set tau_bal_s 0.7
[set] tau_bal_s = 0.7 (was 0.7)
>> set trickle_dt_s 0.25
[set] trickle_dt_s = 0.25 (was 0.25)
>> set trickle_integ_clamp 0.5
[set] trickle_integ_clamp = 0.5 (was 0.5)
>> set trickle_ki 120
[set] trickle_ki = 120.0 (was 120.0)
>> set trickle_kp 250
[set] trickle_kp = 250.0 (was 250.0)
>> set trickle_max_rate_gps 0.05
[set] trickle_max_rate_gps = 0.05 (was 0.05)
>> set trickle_min_rate_gps 0.003
[set] trickle_min_rate_gps = 0.003 (was 0.003)
>> set trickle_rpm_cap 45
[set] trickle_rpm_cap = 45.0 (was 45.0)
>> set bulk_tap 1
[set] bulk_tap = True (was False)
>> set trickle_tap 0
[set] trickle_tap = False (was True)
>> set bulk_tilt_deg 40
[set] bulk_tilt_deg = 40.0 (was 40.0)
>> set trickle_tilt_deg 10
[set] trickle_tilt_deg = 10.0 (was 30.0)
>> set tap_tilt_deg 15
[set] tap_tilt_deg = 15.0 (was 15.0)
>> set bulk_rpm 100
[set] bulk_rpm = 100.0 (was 100.0)
>> set trickle_start_remaining_g 0.3
[set] trickle_start_remaining_g = 0.3 (was 0.3)
>> set tolerance_g 0.015
[set] tolerance_g = 0.015 (was 0.015)
>> set tau_afterflow_s 0.8338
[set] tau_afterflow_s = 0.8338 (was 0.3)
>> g 0.5000
[dose] trickle-tap dose to 0.5000 g (tol 15.0 mg, trickle tilt 10.0 plate deg); taring scale
[dose] tared: baseline +0.0 mg (subtracted), drift +0.0 mg/min, read noise 0.00 mg
=== stage 1 'bulk': 0.5000 g to go, velocity mode @ 100 rpm until 0.3500 g to go
[phase 1 bulk] cadence taps on: one 60 ms pulse per 500 ms
[phase 1 bulk] poll 1: mass 0.0000 / 0.5000 g (0.5000 g to go, +0.0000 g this poll), elapsed 5.0 s
[phase 1 bulk] poll 2: mass 0.0000 / 0.5000 g (0.5000 g to go, +0.0000 g this poll), elapsed 6.0 s
[phase 1 bulk] poll 3 (unstable): mass 0.0132 / 0.5000 g (0.4868 g to go, +0.0132 g this poll), elapsed 6.0 s
[phase 1 bulk] poll 4 (unstable): mass 0.0849 / 0.5000 g (0.4151 g to go, +0.0717 g this poll), elapsed 6.0 s
[phase 1 bulk] poll 5 (unstable): mass 0.1537 / 0.5000 g (0.3463 g to go, +0.0688 g this poll), elapsed 7.0 s
[phase 1 bulk] auger halted at 0.3463 g to go (halt threshold 0.3500 g); settling 1500 ms
[phase 1 bulk] settled: mass 0.2700 / 0.5000 g (0.2300 g to go, +0.1163 g while settling), elapsed 9.0 s
[trickle] seeded at 0.2698 g; cutoff when m+r*0.83s+1.0*sigma >= 0.4650 g
[trickle]  13.1s m 0.2698 r  49.4 mg/s (sp  50.0) rpm  14.7 pred 0.3228/0.4650 sigma 11.8 mg
[trickle]  13.9s m 0.2929 r  51.8 mg/s (sp  50.0) rpm  10.6 pred 0.3459/0.4650 sigma 9.9 mg
[trickle]  14.6s m 0.3084 r  53.5 mg/s (sp  50.0) rpm  10.7 pred 0.3622/0.4650 sigma 9.2 mg
[trickle]  15.4s m 0.3193 r  55.1 mg/s (sp  50.0) rpm  11.2 pred 0.3744/0.4650 sigma 9.1 mg
[trickle]  16.2s m 0.3269 r  52.5 mg/s (sp  50.0) rpm  11.3 pred 0.3798/0.4650 sigma 9.2 mg
[trickle]  16.9s m 0.3361 r  46.9 mg/s (sp  50.0) rpm  11.2 pred 0.3843/0.4650 sigma 9.1 mg
[trickle]  17.6s m 0.3541 r  41.1 mg/s (sp  50.0) rpm  10.1 pred 0.3972/0.4650 sigma 8.8 mg
[trickle]  18.4s m 0.3668 r  40.4 mg/s (sp  50.0) rpm  10.8 pred 0.4094/0.4650 sigma 9.0 mg
[trickle]  19.1s m 0.3737 r  39.9 mg/s (sp  50.0) rpm  11.7 pred 0.4161/0.4650 sigma 9.1 mg
[trickle]  19.9s m 0.3896 r  39.7 mg/s (sp  45.2) rpm  12.6 pred 0.4318/0.4650 sigma 9.1 mg
[trickle]  20.7s m 0.4111 r  33.8 mg/s (sp  32.3) rpm  11.3 pred 0.4484/0.4650 sigma 9.1 mg
[trickle]  21.3s m 0.4291 r  26.6 mg/s (sp  21.6) rpm   9.0 pred 0.4598/0.4650 sigma 8.6 mg
[trickle]  22.0s m 0.4373 r  22.3 mg/s (sp  16.6) rpm   8.3 pred 0.4643/0.4650 sigma 8.3 mg
[trickle] predictive cutoff: m 0.4419 + r*tau 0.0174 + k*sigma 0.0087 >= 0.4650 g
[trickle] halted; settled at 0.4526 g (+10.7 mg vs KF m_hat, 0.0474 g to go), 27 polls, 0 KF clamps, ff 0.148 g/rev
=== stage 3 'tap': 0.0474 g to go, single taps at 15.0 plate deg
[phase 3 tap] cycle 1: mass 0.4582 / 0.5000 g (0.0418 g to go, +0.0056 g this cycle), elapsed 29.0 s
[phase 3 tap] cycle 2: mass 0.4681 / 0.5000 g (0.0319 g to go, +0.0099 g this cycle), elapsed 32.0 s
[phase 3 tap] cycle 3: mass 0.4783 / 0.5000 g (0.0217 g to go, +0.0102 g this cycle), elapsed 35.0 s
[phase 3 tap] cycle 4: mass 0.4830 / 0.5000 g (0.0170 g to go, +0.0047 g this cycle), elapsed 38.0 s
[phase 3 tap] cycle 5: mass 0.4893 / 0.5000 g (0.0107 g to go, +0.0064 g this cycle), elapsed 41.0 s
[dose] final settle 2000 ms before the scoring reading
[dose] done: DoseResult(ok: 0.4893/0.5000 g in 44.0s; cycles bulk:5, trickle:27, tap:5; 4.81 auger rev, 8 taps)
RESULT {"fw": "trickle_tap/2026-09-25", "t_total_s": 44.11, "t_bulk_s": 4.87, "taps": 8, "t_trickle_s": 15.98, "t_settle_s": 3.33, "phase_cycles": {"tap": 5, "bulk": 5, "trickle": 27}, "ff_g_per_rev": 0.1484, "error_mg": -10.7, "params": {"tap_cadence_off_ms": 440, "trickle_tap": false, "trickle_tilt_deg": 10.0, "tolerance_g": 0.015, "goal_mass_g": 0.75, "trickle_start_remaining_g": 0.3, "bulk_tilt_deg": 40.0, "tau_afterflow_s": 0.8338, "tap_tilt_deg": 15.0, "bulk_tap": true, "overshoot_abort_g": 0.1, "final_settle_ms": 2000, "bulk_rpm": 100.0, "tap_cadence_on_ms": 60}, "telemetry_rows": 39, "nudges": 0, "log_path": null, "settled_final": 1, "baseline_g": 0.0, "t_tap_s": 15.68, "auger_rev": 4.808, "status": "ok", "final_g": 0.4893, "v": 1, "target_g": 0.5, "stop_events": [{"settled_g": 0.26996, "rate_slope_gps": 0.11148, "rpm": 100.0, "rate_kf_gps": null, "t_stop_s": 9.1, "m_stop_g": 0.1537, "tau_s": 0.8338, "afterflow_g": 0.11626, "stalled": 0, "phase": "bulk"}, {"phase": "trickle", "rate_kf_gps": 0.02086, "settled_g": 0.45262, "stalled": 0, "tau_s": 0.8338, "m_stop_g": 0.44194, "afterflow_g": 0.01068, "rate_slope_gps": 0.01954, "t_stop_s": 22.4}], "read_retries": 0, "dose_n": 39}
>> log
--- BEGIN trickle telemetry CSV ---
t_s,phase,z_g,fresh,m_g,r_gps,sigma_g,ff_gpr,r_sp_gps,err_gps,integ,rpm_cmd,pred_g,cutoff_g,clamp_hits
4.89,bulk,0.00000,1,0.00000,,,,,,,,,,
5.27,bulk,0.00000,1,0.00000,,,,,,,,,,
5.56,bulk,0.01320,1,0.01320,,,,,,,,,,
5.94,bulk,0.08490,1,0.08490,,,,,,,,,,
6.33,bulk,0.15370,1,0.15370,,,,,,,,,,
9.10,bulk,0.26996,1,0.26996,,,,,,,,,,
12.83,trickle,0.26980,1,0.26980,0.00000,0.01295,0.3500,0.05000,0.05000,0.0000,0.00,0.28275,0.46500,0
13.11,trickle,0.26980,1,0.26980,0.04936,0.01180,0.3500,0.05000,0.00064,0.0183,14.69,0.32276,0.46500,0
13.50,trickle,0.26980,1,0.28900,0.02173,0.01080,0.3500,0.05000,0.02827,0.0184,2.37,0.31792,0.46500,0
13.88,trickle,0.26980,1,0.29286,0.05177,0.00990,0.3500,0.05000,-0.00177,0.0294,10.60,0.34592,0.46500,0
14.26,trickle,0.27030,1,0.30688,0.02549,0.00945,0.3500,0.05000,0.02451,0.0288,3.01,0.33758,0.46500,0
14.64,trickle,0.27090,1,0.30836,0.05349,0.00924,0.3500,0.05000,-0.00349,0.0381,10.70,0.36220,0.46500,0
15.04,trickle,0.27160,1,0.32024,0.02731,0.00926,0.3500,0.05000,0.02269,0.0368,3.54,0.35228,0.46500,0
15.41,trickle,0.27270,1,0.31934,0.05514,0.00912,0.3299,0.05000,-0.00514,0.0458,11.16,0.37444,0.46500,0
15.79,trickle,0.27390,1,0.32867,0.02946,0.00910,0.3134,0.05000,0.02054,0.0438,3.98,0.36234,0.46500,0
16.18,trickle,0.27500,1,0.32685,0.05249,0.00921,0.2953,0.05000,-0.00249,0.0516,11.33,0.37982,0.46500,0
16.56,trickle,0.27640,1,0.33323,0.03281,0.00911,0.2793,0.05000,0.01719,0.0507,5.46,0.36969,0.46500,0
16.94,trickle,0.28960,1,0.33606,0.04693,0.00909,0.2638,0.05000,0.00307,0.0571,11.15,0.38428,0.46500,0
17.23,trickle,0.30290,1,0.34452,0.03920,0.00855,0.2504,0.05000,0.01080,0.0583,7.76,0.38575,0.46500,0
17.61,trickle,0.31210,1,0.35412,0.04115,0.00879,0.2386,0.05000,0.00885,0.0614,10.07,0.39721,0.46500,0
17.99,trickle,0.31430,1,0.36205,0.03979,0.00894,0.2279,0.05000,0.01021,0.0648,9.98,0.40417,0.46500,0
18.37,trickle,0.31510,1,0.36678,0.04036,0.00902,0.2177,0.05000,0.00964,0.0687,10.79,0.40945,0.46500,0
18.75,trickle,0.31550,1,0.36980,0.03986,0.00909,0.2078,0.05000,0.01014,0.0724,11.09,0.41212,0.46500,0
19.14,trickle,0.32240,1,0.37366,0.03995,0.00910,0.1984,0.05000,0.01005,0.0763,11.69,0.41607,0.46500,0
19.52,trickle,0.33680,1,0.38146,0.03981,0.00912,0.1898,0.05000,0.01019,0.0801,12.12,0.42377,0.46500,0
19.90,trickle,0.34540,1,0.38963,0.03968,0.00912,0.1820,0.04520,0.00552,0.0840,12.63,0.43184,0.46500,0
20.29,trickle,0.35590,1,0.39897,0.03625,0.00919,0.1750,0.03960,0.00335,0.0861,11.71,0.43837,0.46500,0
20.67,trickle,0.37660,1,0.41112,0.03379,0.00910,0.1691,0.03231,-0.00148,0.0874,11.33,0.44840,0.46500,0
21.05,trickle,0.39100,1,0.42341,0.02959,0.00912,0.1642,0.02494,-0.00465,0.0868,10.05,0.45720,0.46500,0
21.34,trickle,0.39490,1,0.42906,0.02664,0.00856,0.1597,0.02155,-0.00509,0.0851,9.05,0.45984,0.46500,0
21.72,trickle,0.40090,1,0.43488,0.02396,0.00881,0.1557,0.01806,-0.00590,0.0836,8.76,0.46367,0.46500,0
22.01,trickle,0.40520,1,0.43733,0.02231,0.00835,0.1519,0.01659,-0.00572,0.0814,8.29,0.46428,0.46500,0
22.39,trickle,0.41310,1,0.44194,0.02086,0.00871,0.1484,0.01383,-0.00703,0.0797,8.13,0.46805,0.46500,0
25.08,trickle_end,0.45262,1,0.45262,,,,,,,,,,0
28.32,tap,0.45822,1,0.45822,,,,,,,,,,
31.28,tap,0.46814,1,0.46814,,,,,,,,,,
34.55,tap,0.47830,1,0.47830,,,,,,,,,,
37.50,tap,0.48296,1,0.48296,,,,,,,,,,
40.76,tap,0.48932,1,0.48932,,,,,,,,,,
--- END trickle telemetry CSV ---
