--- session 2026-09-29T02:08:09.879411+00:00 ---
>> 
>> s
firmware: trickle_tap/2026-09-25
stepper: 60 auger rpm (max ~109), 1/8 microsteps; plate at 30.0 deg; scale UART0 @ 19200
trickle parameters ('set <key> <value>' to change):
  bulk_anticipation_g = 0.05
  bulk_enabled = True
  bulk_poll_ms = 250
  bulk_rpm = 100.0
  bulk_settle_ms = 1500
  bulk_tap = True
  bulk_tilt_deg = 40.0
  cutoff_margin_g = 0.035
  dose_timeout_s = 600
  ff_prior_g_per_rev = 0.35
  final_settle_ms = 2000
  goal_mass_g = 0.75
  k_sigma = 1.0
  kf_q_var = 0.0002
  log_max_rows = 2400
  log_to_flash = False
  max_poll_misses = 10
  noisy_sd_g = 0.008
  overshoot_abort_g = 0.1
  post_trickle_settle_ms = 1200
  print_every_n_polls = 2
  quiet_sd_g = 0.0005
  rate_tau_s = 0.5
  stall_bail_s = 8.0
  tap_cadence_off_ms = 440
  tap_cadence_on_ms = 60
  tap_max_cycles = 120
  tap_max_nudges = 20
  tap_nudge_deg = 5.0
  tap_settle_ms = 1500
  tap_tilt_deg = 15.0
  taps_per_cycle = 1
  tau_afterflow_s = 0.3
  tau_bal_s = 0.7
  tolerance_g = 0.015
  trickle_dt_s = 0.25
  trickle_integ_clamp = 0.5
  trickle_ki = 120.0
  trickle_kp = 250.0
  trickle_max_rate_gps = 0.05
  trickle_min_rate_gps = 0.003
  trickle_rpm_cap = 45.0
  trickle_start_remaining_g = 0.3
  trickle_tap = True
  trickle_tilt_deg = 30.0
>> set bulk_anticipation_g 0.05
[set] bulk_anticipation_g = 0.05 (was 0.05)
>> set bulk_enabled 1
[set] bulk_enabled = True (was True)
>> set bulk_poll_ms 250
[set] bulk_poll_ms = 250 (was 250)
>> set bulk_settle_ms 1500
[set] bulk_settle_ms = 1500 (was 1500)
>> set cutoff_margin_g 0.035
[set] cutoff_margin_g = 0.035 (was 0.035)
>> set dose_timeout_s 600
[set] dose_timeout_s = 600 (was 600)
>> set ff_prior_g_per_rev 0.35
[set] ff_prior_g_per_rev = 0.35 (was 0.35)
>> set final_settle_ms 2000
[set] final_settle_ms = 2000 (was 2000)
>> set k_sigma 1
[set] k_sigma = 1.0 (was 1.0)
>> set kf_q_var 0.0002
[set] kf_q_var = 0.0002 (was 0.0002)
>> set log_max_rows 2400
[set] log_max_rows = 2400 (was 2400)
>> set log_to_flash 0
[set] log_to_flash = False (was False)
>> set max_poll_misses 10
[set] max_poll_misses = 10 (was 10)
>> set noisy_sd_g 0.008
[set] noisy_sd_g = 0.008 (was 0.008)
>> set overshoot_abort_g 0.1
[set] overshoot_abort_g = 0.1 (was 0.1)
>> set post_trickle_settle_ms 1200
[set] post_trickle_settle_ms = 1200 (was 1200)
>> set print_every_n_polls 2
[set] print_every_n_polls = 2 (was 2)
>> set quiet_sd_g 0.0005
[set] quiet_sd_g = 0.0005 (was 0.0005)
>> set rate_tau_s 0.5
[set] rate_tau_s = 0.5 (was 0.5)
>> set stall_bail_s 8
[set] stall_bail_s = 8.0 (was 8.0)
>> set tap_cadence_off_ms 440
[set] tap_cadence_off_ms = 440 (was 440)
>> set tap_cadence_on_ms 60
[set] tap_cadence_on_ms = 60 (was 60)
>> set tap_max_cycles 120
[set] tap_max_cycles = 120 (was 120)
>> set tap_max_nudges 20
[set] tap_max_nudges = 20 (was 20)
>> set tap_nudge_deg 5
[set] tap_nudge_deg = 5.0 (was 5.0)
>> set tap_settle_ms 1500
[set] tap_settle_ms = 1500 (was 1500)
>> set taps_per_cycle 1
[set] taps_per_cycle = 1 (was 1)
>> set tau_afterflow_s 0.3
[set] tau_afterflow_s = 0.3 (was 0.3)
>> set tau_bal_s 0.7
[set] tau_bal_s = 0.7 (was 0.7)
>> set trickle_dt_s 0.25
[set] trickle_dt_s = 0.25 (was 0.25)
>> set trickle_integ_clamp 0.5
[set] trickle_integ_clamp = 0.5 (was 0.5)
>> set trickle_ki 120
[set] trickle_ki = 120.0 (was 120.0)
>> set trickle_kp 250
[set] trickle_kp = 250.0 (was 250.0)
>> set trickle_max_rate_gps 0.05
[set] trickle_max_rate_gps = 0.05 (was 0.05)
>> set trickle_min_rate_gps 0.003
[set] trickle_min_rate_gps = 0.003 (was 0.003)
>> set trickle_rpm_cap 45
[set] trickle_rpm_cap = 45.0 (was 45.0)
>> set bulk_tap 0
[set] bulk_tap = False (was True)
>> set trickle_tap 1
[set] trickle_tap = True (was True)
>> set bulk_tilt_deg 40
[set] bulk_tilt_deg = 40.0 (was 40.0)
>> set trickle_tilt_deg 30
[set] trickle_tilt_deg = 30.0 (was 30.0)
>> set tap_tilt_deg 0
[set] tap_tilt_deg = 0.0 (was 15.0)
>> set bulk_rpm 100
[set] bulk_rpm = 100.0 (was 100.0)
>> set trickle_start_remaining_g 0.05
[set] trickle_start_remaining_g = 0.05 (was 0.3)
>> set tolerance_g 0.003
[set] tolerance_g = 0.003 (was 0.015)
>> g 0.5000
[dose] trickle-tap dose to 0.5000 g (tol 3.0 mg, trickle tilt 30.0 plate deg); taring scale
[dose] tared: baseline +0.0 mg (subtracted), drift +0.0 mg/min, read noise 0.00 mg
=== stage 1 'bulk': 0.5000 g to go, velocity mode @ 100 rpm until 0.1000 g to go
[phase 1 bulk] poll 1: mass 0.0000 / 0.5000 g (0.5000 g to go, +0.0000 g this poll), elapsed 5.0 s
[phase 1 bulk] poll 2: mass 0.0000 / 0.5000 g (0.5000 g to go, +0.0000 g this poll), elapsed 5.0 s
[phase 1 bulk] poll 3 (unstable): mass 0.0146 / 0.5000 g (0.4854 g to go, +0.0146 g this poll), elapsed 5.0 s
[phase 1 bulk] poll 4 (unstable): mass 0.0635 / 0.5000 g (0.4365 g to go, +0.0489 g this poll), elapsed 6.0 s
[phase 1 bulk] poll 5 (unstable): mass 0.1387 / 0.5000 g (0.3613 g to go, +0.0752 g this poll), elapsed 6.0 s
[phase 1 bulk] poll 6 (unstable): mass 0.1850 / 0.5000 g (0.3150 g to go, +0.0463 g this poll), elapsed 6.0 s
[phase 1 bulk] poll 7 (unstable): mass 0.2342 / 0.5000 g (0.2658 g to go, +0.0492 g this poll), elapsed 7.0 s
[phase 1 bulk] poll 8 (unstable): mass 0.2739 / 0.5000 g (0.2261 g to go, +0.0397 g this poll), elapsed 7.0 s
[phase 1 bulk] poll 9 (unstable): mass 0.3232 / 0.5000 g (0.1768 g to go, +0.0493 g this poll), elapsed 7.0 s
[phase 1 bulk] poll 10 (unstable): mass 0.3664 / 0.5000 g (0.1336 g to go, +0.0432 g this poll), elapsed 7.0 s
[phase 1 bulk] poll 11 (unstable): mass 0.4129 / 0.5000 g (0.0871 g to go, +0.0465 g this poll), elapsed 8.0 s
[phase 1 bulk] auger halted at 0.0871 g to go (halt threshold 0.1000 g); settling 1500 ms
[phase 1 bulk] settled: mass 0.5344 / 0.5000 g (0.0000 g to go, +0.1215 g while settling), elapsed 10.0 s
=== stage 2 'trickle' skipped (-0.0344 g to go is inside tolerance)
=== stage 3 'tap' skipped (-0.0344 g to go is inside tolerance)
[dose] final settle 2000 ms before the scoring reading
[dose] done: DoseResult(overshoot: 0.5340/0.5000 g in 14.0s; cycles bulk:11, trickle:0, tap:0; 6.67 auger rev, 0 taps)
RESULT {"fw": "trickle_tap/2026-09-25", "t_total_s": 13.99, "t_bulk_s": 6.41, "taps": 0, "t_trickle_s": 0.0, "t_settle_s": 3.34, "phase_cycles": {"tap": 0, "bulk": 11, "trickle": 0}, "ff_g_per_rev": null, "error_mg": 34.04, "params": {"tap_cadence_off_ms": 440, "trickle_tap": true, "trickle_tilt_deg": 30.0, "tolerance_g": 0.003, "goal_mass_g": 0.75, "trickle_start_remaining_g": 0.05, "bulk_tilt_deg": 40.0, "tau_afterflow_s": 0.3, "tap_tilt_deg": 0.0, "bulk_tap": false, "overshoot_abort_g": 0.1, "final_settle_ms": 2000, "bulk_rpm": 100.0, "tap_cadence_on_ms": 60}, "telemetry_rows": 12, "nudges": 0, "log_path": null, "settled_final": 1, "baseline_g": 0.0, "t_tap_s": 0.0, "auger_rev": 6.667, "status": "overshoot", "final_g": 0.53404, "v": 1, "target_g": 0.5, "stop_events": [{"settled_g": 0.53436, "rate_slope_gps": 0.15863, "rpm": 100.0, "rate_kf_gps": null, "t_stop_s": 10.64, "m_stop_g": 0.4129, "tau_s": 0.3, "afterflow_g": 0.12146, "stalled": 0, "phase": "bulk"}], "read_retries": 0, "dose_n": 10}
>> log
--- BEGIN trickle telemetry CSV ---
t_s,phase,z_g,fresh,m_g,r_gps,sigma_g,ff_gpr,r_sp_gps,err_gps,integ,rpm_cmd,pred_g,cutoff_g,clamp_hits
4.91,bulk,0.00000,1,0.00000,,,,,,,,,,
5.28,bulk,0.00000,1,0.00000,,,,,,,,,,
5.56,bulk,0.01460,1,0.01460,,,,,,,,,,
5.85,bulk,0.06350,1,0.06350,,,,,,,,,,
6.14,bulk,0.13870,1,0.13870,,,,,,,,,,
6.42,bulk,0.18500,1,0.18500,,,,,,,,,,
6.71,bulk,0.23420,1,0.23420,,,,,,,,,,
7.00,bulk,0.27390,1,0.27390,,,,,,,,,,
7.28,bulk,0.32320,1,0.32320,,,,,,,,,,
7.57,bulk,0.36640,1,0.36640,,,,,,,,,,
7.86,bulk,0.41290,1,0.41290,,,,,,,,,,
10.63,bulk,0.53436,1,0.53436,,,,,,,,,,
--- END trickle telemetry CSV ---
