--- session 2026-10-06T04:21:36 UTC ---
>> b'\r\n'

>> b'w\r\n'
[scale] ST 0.4973 g
>> b'w\r\n'
[scale] ST 0.4972 g
>> b'w\r\n'
[scale] ST 0.4972 g
>> b'w\r\n'
[scale] ST 0.4972 g
>> b'w\r\n'
[scale] ST 0.4972 g
>> b'\x03\x03'
Traceback (most recent call last):
  File "<stdin>", line 1, in <module>
  File "/trickle_tap/main_trickle.py", line 210, in main
KeyboardInterrupt: 
>>>
>> b'\r\n'

>>>
>> b'\x04'

MPY: soft reboot
[rig] bringing up powder-doser test module
[vib] DRV2605L unavailable ([Errno 5] EIO); skipping init
[rig] ready -- type 'h' for help
stepper: rpm=60, microsteps=1/8, steps/rev=1600, dispense_deg=360.0
vib: effect=14 (lib=1), duration=0.6s
tap: count=3, on=60ms, off=150ms, duty=1.0
servo: angle=0.0, range=[0..180], speed=60 deg/s, dual (GP15+GP2, invert=True), presets=['vertical', 'tilt', 'tip', 'horizontal']
scale: UART0 @ 19200 8N1 (GP12/GP13), dose: coarse to 90%, tol +/-0.005 g, 2 taps/burst
>> b's\r\n'
stepper: rpm=60, microsteps=1/8, steps/rev=1600, dispense_deg=360.0
vib: effect=14 (lib=1), duration=0.6s
tap: count=3, on=60ms, off=150ms, duty=1.0
servo: angle=0.0, range=[0..180], speed=60 deg/s, dual (GP15+GP2, invert=True), presets=['vertical', 'tilt', 'tip', 'horizontal']
scale: UART0 @ 19200 8N1 (GP12/GP13), dose: coarse to 90%, tol +/-0.005 g, 2 taps/burst
