--- session 2026-10-06T03:49:25.301072+00:00 ---
>> 
>> s
firmware: trickle_tap/2026-09-30b
heap: 116944 bytes free, 88496 used
stepper: 60 auger rpm (max ~109), 1/8 microsteps; plate at 15.0 deg; scale UART0 @ 19200
trickle parameters ('set <key> <value>' to change):
  bulk_anticipation_g = 0.05
  bulk_boost_s = 3.0
  bulk_enabled = True
  bulk_max_passes = 8
  bulk_min_rpm = 20.0
  bulk_only = False
  bulk_poll_ms = 250
  bulk_rpm = 100.0
  bulk_settle_ms = 1500
  bulk_tap = True
  bulk_taper_start_g = 0.1
  bulk_tilt_deg = 40.0
  cutoff_margin_g = 0.035
  dose_timeout_s = 600
  ff_prior_g_per_rev = 0.35
  final_settle_ms = 2000
  goal_mass_g = 0.75
  k_sigma = 1.0
  kf_q_var = 0.0002
  log_max_rows = 1200
  log_min_free_bytes = 24000
  log_to_flash = False
  max_poll_misses = 10
  noisy_sd_g = 0.008
  overshoot_abort_g = 0.1
  post_trickle_settle_ms = 1200
  print_every_n_polls = 2
  quiet_sd_g = 0.0005
  rate_tau_s = 0.5
  stall_bail_s = 8.0
  tap_burst_above_g = 0.0
  tap_burst_taps = 2
  tap_cadence_off_ms = 440
  tap_cadence_on_ms = 60
  tap_max_cycles = 120
  tap_max_nudges = 20
  tap_nudge_deg = 5.0
  tap_settle_ms = 1500
  tap_tilt_deg = 15.0
  taps_per_cycle = 1
  tau_afterflow_s = 0.8338
  tau_bal_s = 0.7
  tolerance_g = 0.003
  trickle_dt_s = 0.25
  trickle_integ_clamp = 0.5
  trickle_ki = 120.0
  trickle_kp = 250.0
  trickle_max_rate_gps = 0.05
  trickle_min_rate_gps = 0.003
  trickle_rpm_cap = 45.0
  trickle_start_remaining_g = 0.3
  trickle_tap = False
  trickle_tilt_deg = 10.0
>> set bulk_anticipation_g 0.05
[set] bulk_anticipation_g = 0.05 (was 0.05)
>> set bulk_enabled 1
[set] bulk_enabled = True (was True)
>> set bulk_poll_ms 250
[set] bulk_poll_ms = 250 (was 250)
>> set bulk_settle_ms 1500
[set] bulk_settle_ms = 1500 (was 1500)
>> set cutoff_margin_g 0.035
[set] cutoff_margin_g = 0.035 (was 0.035)
>> set dose_timeout_s 600
[set] dose_timeout_s = 600 (was 600)
>> set ff_prior_g_per_rev 0.35
[set] ff_prior_g_per_rev = 0.35 (was 0.35)
>> set final_settle_ms 2000
[set] final_settle_ms = 2000 (was 2000)
>> set k_sigma 1
[set] k_sigma = 1.0 (was 1.0)
>> set kf_q_var 0.0002
[set] kf_q_var = 0.0002 (was 0.0002)
>> set log_max_rows 1200
[set] log_max_rows = 1200 (was 1200)
>> set log_to_flash 0
[set] log_to_flash = False (was False)
>> set max_poll_misses 10
[set] max_poll_misses = 10 (was 10)
>> set noisy_sd_g 0.008
[set] noisy_sd_g = 0.008 (was 0.008)
>> set overshoot_abort_g 0.1
[set] overshoot_abort_g = 0.1 (was 0.1)
>> set post_trickle_settle_ms 1200
[set] post_trickle_settle_ms = 1200 (was 1200)
>> set print_every_n_polls 2
[set] print_every_n_polls = 2 (was 2)
>> set quiet_sd_g 0.0005
[set] quiet_sd_g = 0.0005 (was 0.0005)
>> set rate_tau_s 0.5
[set] rate_tau_s = 0.5 (was 0.5)
>> set stall_bail_s 8
[set] stall_bail_s = 8.0 (was 8.0)
>> set tap_cadence_off_ms 440
[set] tap_cadence_off_ms = 440 (was 440)
>> set tap_cadence_on_ms 60
[set] tap_cadence_on_ms = 60 (was 60)
>> set tap_max_cycles 120
[set] tap_max_cycles = 120 (was 120)
>> set tap_max_nudges 20
[set] tap_max_nudges = 20 (was 20)
>> set tap_nudge_deg 5
[set] tap_nudge_deg = 5.0 (was 5.0)
>> set tap_settle_ms 1500
[set] tap_settle_ms = 1500 (was 1500)
>> set taps_per_cycle 1
[set] taps_per_cycle = 1 (was 1)
>> set tau_afterflow_s 0.3
[set] tau_afterflow_s = 0.3 (was 0.8338)
>> set tau_bal_s 0.7
[set] tau_bal_s = 0.7 (was 0.7)
>> set trickle_dt_s 0.25
[set] trickle_dt_s = 0.25 (was 0.25)
>> set trickle_integ_clamp 0.5
[set] trickle_integ_clamp = 0.5 (was 0.5)
>> set trickle_ki 120
[set] trickle_ki = 120.0 (was 120.0)
>> set trickle_kp 250
[set] trickle_kp = 250.0 (was 250.0)
>> set trickle_max_rate_gps 0.05
[set] trickle_max_rate_gps = 0.05 (was 0.05)
>> set trickle_min_rate_gps 0.003
[set] trickle_min_rate_gps = 0.003 (was 0.003)
>> set trickle_rpm_cap 45
[set] trickle_rpm_cap = 45.0 (was 45.0)
>> set bulk_tap 1
[set] bulk_tap = True (was True)
>> set trickle_tap 0
[set] trickle_tap = False (was False)
>> set bulk_tilt_deg 40
[set] bulk_tilt_deg = 40.0 (was 40.0)
>> set trickle_tilt_deg 30
[set] trickle_tilt_deg = 30.0 (was 10.0)
>> set tap_tilt_deg 15
[set] tap_tilt_deg = 15.0 (was 15.0)
>> set bulk_rpm 20
[set] bulk_rpm = 20.0 (was 100.0)
>> set trickle_start_remaining_g 0.05
[set] trickle_start_remaining_g = 0.05 (was 0.3)
>> set tolerance_g 0.003
[set] tolerance_g = 0.003 (was 0.003)
>> set tau_afterflow_s 0.8338
[set] tau_afterflow_s = 0.8338 (was 0.3)
>> g 0.5000
[dose] trickle-tap dose to 0.5000 g (tol 3.0 mg, trickle tilt 30.0 plate deg); taring scale
[dose] tared: baseline +0.0 mg (subtracted), drift +0.0 mg/min, read noise 0.00 mg
=== stage 1 'bulk': 0.5000 g to go, velocity mode @ 20 rpm until 0.1000 g to go
[phase 1 bulk] cadence taps on: one 60 ms pulse per 500 ms
[phase 1 bulk] poll 1: mass 0.0000 / 0.5000 g (0.5000 g to go, +0.0000 g this poll), elapsed 5.0 s
[phase 1 bulk] poll 2: mass 0.0000 / 0.5000 g (0.5000 g to go, +0.0000 g this poll), elapsed 6.0 s
[phase 1 bulk] poll 3: mass 0.0000 / 0.5000 g (0.5000 g to go, +0.0000 g this poll), elapsed 6.0 s
[phase 1 bulk] poll 4 (unstable): mass 0.0202 / 0.5000 g (0.4798 g to go, +0.0202 g this poll), elapsed 7.0 s
[phase 1 bulk] poll 5 (unstable): mass 0.0456 / 0.5000 g (0.4544 g to go, +0.0254 g this poll), elapsed 7.0 s
[phase 1 bulk] poll 6 (unstable): mass 0.0662 / 0.5000 g (0.4338 g to go, +0.0206 g this poll), elapsed 7.0 s
[phase 1 bulk] poll 7 (unstable): mass 0.0745 / 0.5000 g (0.4255 g to go, +0.0083 g this poll), elapsed 8.0 s
[phase 1 bulk] poll 8 (unstable): mass 0.0841 / 0.5000 g (0.4159 g to go, +0.0096 g this poll), elapsed 8.0 s
[phase 1 bulk] poll 9 (unstable): mass 0.1103 / 0.5000 g (0.3897 g to go, +0.0262 g this poll), elapsed 8.0 s
[phase 1 bulk] poll 10 (unstable): mass 0.1370 / 0.5000 g (0.3630 g to go, +0.0267 g this poll), elapsed 9.0 s
[phase 1 bulk] poll 11 (unstable): mass 0.1534 / 0.5000 g (0.3466 g to go, +0.0164 g this poll), elapsed 9.0 s
[phase 1 bulk] poll 12 (unstable): mass 0.1733 / 0.5000 g (0.3267 g to go, +0.0199 g this poll), elapsed 10.0 s
[phase 1 bulk] poll 13 (unstable): mass 0.2192 / 0.5000 g (0.2808 g to go, +0.0459 g this poll), elapsed 10.0 s
[phase 1 bulk] poll 14 (unstable): mass 0.2534 / 0.5000 g (0.2466 g to go, +0.0342 g this poll), elapsed 10.0 s
[phase 1 bulk] poll 15 (unstable): mass 0.2626 / 0.5000 g (0.2374 g to go, +0.0092 g this poll), elapsed 11.0 s
[phase 1 bulk] poll 16 (unstable): mass 0.2780 / 0.5000 g (0.2220 g to go, +0.0154 g this poll), elapsed 11.0 s
[phase 1 bulk] poll 17 (unstable): mass 0.3029 / 0.5000 g (0.1971 g to go, +0.0249 g this poll), elapsed 11.0 s
[phase 1 bulk] poll 18 (unstable): mass 0.3232 / 0.5000 g (0.1768 g to go, +0.0203 g this poll), elapsed 12.0 s
[phase 1 bulk] poll 19 (unstable): mass 0.3569 / 0.5000 g (0.1431 g to go, +0.0337 g this poll), elapsed 12.0 s
[phase 1 bulk] poll 20 (unstable): mass 0.3705 / 0.5000 g (0.1295 g to go, +0.0136 g this poll), elapsed 13.0 s
[phase 1 bulk] poll 21 (unstable): mass 0.3978 / 0.5000 g (0.1022 g to go, +0.0273 g this poll), elapsed 13.0 s
[phase 1 bulk] poll 22 (unstable): mass 0.4194 / 0.5000 g (0.0806 g to go, +0.0216 g this poll), elapsed 13.0 s
[phase 1 bulk] auger halted at 0.0806 g to go (halt threshold 0.1000 g); settling 1500 ms
[phase 1 bulk] settled: mass 0.4507 / 0.5000 g (0.0493 g to go, +0.0313 g while settling), elapsed 16.0 s
[trickle] seeded at 0.4506 g; cutoff when m+r*0.83s+1.0*sigma >= 0.4650 g
[trickle]  19.4s m 0.4506 r  11.5 mg/s (sp   8.6) rpm   2.5 pred 0.4720/0.4650 sigma 11.8 mg
[trickle] predictive cutoff: m 0.4506 + r*tau 0.0096 + k*sigma 0.0118 >= 0.4650 g
[trickle] halted; settled at 0.4521 g (+1.4 mg vs KF m_hat, 0.0479 g to go), 2 polls, 0 KF clamps, ff 0.350 g/rev
=== stage 3 'tap': 0.0479 g to go, single taps at 15.0 plate deg
[phase 3 tap] cycle 1: mass 0.4534 / 0.5000 g (0.0466 g to go, +0.0013 g this cycle), elapsed 26.0 s
[phase 3 tap] cycle 2: mass 0.4539 / 0.5000 g (0.0461 g to go, +0.0005 g this cycle), elapsed 29.0 s
[phase 3 tap] cycle 3: mass 0.4547 / 0.5000 g (0.0453 g to go, +0.0007 g this cycle), elapsed 32.0 s
[phase 3 tap] cycle 4: mass 0.4549 / 0.5000 g (0.0451 g to go, +0.0003 g this cycle), elapsed 35.0 s
[phase 3 tap] cycle 5: mass 0.4560 / 0.5000 g (0.0440 g to go, +0.0010 g this cycle), elapsed 38.0 s
[phase 3 tap] cycle 6: mass 0.4562 / 0.5000 g (0.0438 g to go, +0.0003 g this cycle), elapsed 41.0 s
[phase 3 tap] cycle 7: mass 0.4567 / 0.5000 g (0.0433 g to go, +0.0005 g this cycle), elapsed 44.0 s
[phase 3 tap] cycle 8: mass 0.4576 / 0.5000 g (0.0424 g to go, +0.0009 g this cycle), elapsed 47.0 s
[phase 3 tap] cycle 9: mass 0.4584 / 0.5000 g (0.0416 g to go, +0.0008 g this cycle), elapsed 50.0 s
[phase 3 tap] cycle 10: mass 0.4589 / 0.5000 g (0.0411 g to go, +0.0006 g this cycle), elapsed 53.0 s
[phase 3 tap] cycle 11: mass 0.4592 / 0.5000 g (0.0408 g to go, +0.0003 g this cycle), elapsed 56.0 s
[phase 3 tap] cycle 12: mass 0.4595 / 0.5000 g (0.0405 g to go, +0.0003 g this cycle), elapsed 59.0 s
[phase 3 tap] cycle 13: mass 0.4605 / 0.5000 g (0.0395 g to go, +0.0010 g this cycle), elapsed 62.0 s
[phase 3 tap] cycle 14: mass 0.4610 / 0.5000 g (0.0390 g to go, +0.0005 g this cycle), elapsed 65.0 s
[phase 3 tap] cycle 15: mass 0.4620 / 0.5000 g (0.0380 g to go, +0.0010 g this cycle), elapsed 68.0 s
[phase 3 tap] cycle 16: mass 0.4622 / 0.5000 g (0.0378 g to go, +0.0003 g this cycle), elapsed 72.0 s
[phase 3 tap] cycle 17: mass 0.4628 / 0.5000 g (0.0372 g to go, +0.0006 g this cycle), elapsed 75.0 s
[phase 3 tap] cycle 18: mass 0.4631 / 0.5000 g (0.0369 g to go, +0.0003 g this cycle), elapsed 78.0 s
[phase 3 tap] cycle 19: mass 0.4643 / 0.5000 g (0.0357 g to go, +0.0012 g this cycle), elapsed 81.0 s
[phase 3 tap] cycle 20: mass 0.4646 / 0.5000 g (0.0354 g to go, +0.0003 g this cycle), elapsed 84.0 s
[phase 3 tap] cycle 21: mass 0.4653 / 0.5000 g (0.0347 g to go, +0.0008 g this cycle), elapsed 87.0 s
[phase 3 tap] cycle 22: mass 0.4656 / 0.5000 g (0.0344 g to go, +0.0003 g this cycle), elapsed 90.0 s
[phase 3 tap] cycle 23: mass 0.4659 / 0.5000 g (0.0341 g to go, +0.0003 g this cycle), elapsed 93.0 s
[phase 3 tap] cycle 24: mass 0.4663 / 0.5000 g (0.0337 g to go, +0.0004 g this cycle), elapsed 96.0 s
[phase 3 tap] cycle 25: mass 0.4669 / 0.5000 g (0.0331 g to go, +0.0006 g this cycle), elapsed 99.0 s
[phase 3 tap] cycle 26: mass 0.4673 / 0.5000 g (0.0327 g to go, +0.0003 g this cycle), elapsed 102.0 s
[phase 3 tap] cycle 27: mass 0.4678 / 0.5000 g (0.0322 g to go, +0.0006 g this cycle), elapsed 105.0 s
[phase 3 tap] cycle 28: mass 0.4686 / 0.5000 g (0.0314 g to go, +0.0008 g this cycle), elapsed 109.0 s
[phase 3 tap] cycle 29: mass 0.4693 / 0.5000 g (0.0307 g to go, +0.0006 g this cycle), elapsed 112.0 s
[phase 3 tap] cycle 30: mass 0.4695 / 0.5000 g (0.0305 g to go, +0.0002 g this cycle), elapsed 115.0 s
[phase 3 tap] cycle 31: mass 0.4698 / 0.5000 g (0.0302 g to go, +0.0003 g this cycle), elapsed 118.0 s
[phase 3 tap] cycle 32: mass 0.4705 / 0.5000 g (0.0295 g to go, +0.0007 g this cycle), elapsed 121.0 s
[phase 3 tap] cycle 33: mass 0.4712 / 0.5000 g (0.0288 g to go, +0.0007 g this cycle), elapsed 124.0 s
[phase 3 tap] cycle 34: mass 0.4715 / 0.5000 g (0.0285 g to go, +0.0003 g this cycle), elapsed 127.0 s
[phase 3 tap] cycle 35: mass 0.4719 / 0.5000 g (0.0281 g to go, +0.0004 g this cycle), elapsed 130.0 s
[phase 3 tap] cycle 36: mass 0.4725 / 0.5000 g (0.0275 g to go, +0.0007 g this cycle), elapsed 134.0 s
[phase 3 tap] cycle 37: mass 0.4731 / 0.5000 g (0.0269 g to go, +0.0006 g this cycle), elapsed 137.0 s
[phase 3 tap] cycle 38: mass 0.4735 / 0.5000 g (0.0265 g to go, +0.0004 g this cycle), elapsed 140.0 s
[phase 3 tap] cycle 39: mass 0.4737 / 0.5000 g (0.0263 g to go, +0.0002 g this cycle), elapsed 143.0 s
[phase 3 tap] cycle 40: mass 0.4743 / 0.5000 g (0.0257 g to go, +0.0006 g this cycle), elapsed 146.0 s
[phase 3 tap] cycle 41: mass 0.4746 / 0.5000 g (0.0254 g to go, +0.0003 g this cycle), elapsed 149.0 s
[phase 3 tap] cycle 42: mass 0.4755 / 0.5000 g (0.0245 g to go, +0.0009 g this cycle), elapsed 152.0 s
[phase 3 tap] cycle 43: mass 0.4758 / 0.5000 g (0.0242 g to go, +0.0003 g this cycle), elapsed 155.0 s
[phase 3 tap] cycle 44: mass 0.4761 / 0.5000 g (0.0239 g to go, +0.0003 g this cycle), elapsed 158.0 s
[phase 3 tap] cycle 45: mass 0.4771 / 0.5000 g (0.0229 g to go, +0.0010 g this cycle), elapsed 161.0 s
[phase 3 tap] cycle 46: mass 0.4773 / 0.5000 g (0.0227 g to go, +0.0003 g this cycle), elapsed 165.0 s
[phase 3 tap] cycle 47: mass 0.4780 / 0.5000 g (0.0220 g to go, +0.0007 g this cycle), elapsed 167.0 s
[phase 3 tap] cycle 48: mass 0.4783 / 0.5000 g (0.0217 g to go, +0.0003 g this cycle), elapsed 171.0 s
[phase 3 tap] cycle 49: mass 0.4794 / 0.5000 g (0.0206 g to go, +0.0012 g this cycle), elapsed 174.0 s
[phase 3 tap] cycle 50: mass 0.4802 / 0.5000 g (0.0198 g to go, +0.0007 g this cycle), elapsed 177.0 s
[phase 3 tap] cycle 51: mass 0.4803 / 0.5000 g (0.0197 g to go, +0.0002 g this cycle), elapsed 180.0 s
[phase 3 tap] cycle 52: mass 0.4804 / 0.5000 g (0.0196 g to go, +0.0001 g this cycle), elapsed 183.0 s
[phase 3 tap] cycle 53: mass 0.4813 / 0.5000 g (0.0187 g to go, +0.0008 g this cycle), elapsed 186.0 s
[phase 3 tap] cycle 54: mass 0.4816 / 0.5000 g (0.0184 g to go, +0.0003 g this cycle), elapsed 189.0 s
[phase 3 tap] cycle 55: mass 0.4818 / 0.5000 g (0.0182 g to go, +0.0002 g this cycle), elapsed 192.0 s
[phase 3 tap] cycle 56: mass 0.4821 / 0.5000 g (0.0179 g to go, +0.0003 g this cycle), elapsed 196.0 s
[phase 3 tap] cycle 57: mass 0.4832 / 0.5000 g (0.0168 g to go, +0.0011 g this cycle), elapsed 199.0 s
[phase 3 tap] cycle 58: mass 0.4835 / 0.5000 g (0.0165 g to go, +0.0003 g this cycle), elapsed 202.0 s
[phase 3 tap] cycle 59: mass 0.4836 / 0.5000 g (0.0164 g to go, +0.0001 g this cycle), elapsed 205.0 s
[phase 3 tap] cycle 60: mass 0.4839 / 0.5000 g (0.0161 g to go, +0.0003 g this cycle), elapsed 208.0 s
[phase 3 tap] cycle 61: mass 0.4849 / 0.5000 g (0.0151 g to go, +0.0010 g this cycle), elapsed 211.0 s
[phase 3 tap] cycle 62: mass 0.4852 / 0.5000 g (0.0148 g to go, +0.0003 g this cycle), elapsed 214.0 s
[phase 3 tap] cycle 63: mass 0.4860 / 0.5000 g (0.0140 g to go, +0.0008 g this cycle), elapsed 217.0 s
[phase 3 tap] cycle 64: mass 0.4862 / 0.5000 g (0.0138 g to go, +0.0002 g this cycle), elapsed 220.0 s
[phase 3 tap] cycle 65: mass 0.4867 / 0.5000 g (0.0133 g to go, +0.0005 g this cycle), elapsed 223.0 s
[phase 3 tap] cycle 66: mass 0.4875 / 0.5000 g (0.0125 g to go, +0.0009 g this cycle), elapsed 226.0 s
[phase 3 tap] cycle 67: mass 0.4879 / 0.5000 g (0.0121 g to go, +0.0004 g this cycle), elapsed 229.0 s
[phase 3 tap] cycle 68: mass 0.4884 / 0.5000 g (0.0116 g to go, +0.0004 g this cycle), elapsed 233.0 s
[phase 3 tap] cycle 69: mass 0.4895 / 0.5000 g (0.0105 g to go, +0.0011 g this cycle), elapsed 236.0 s
[phase 3 tap] cycle 70: mass 0.4897 / 0.5000 g (0.0103 g to go, +0.0002 g this cycle), elapsed 239.0 s
[phase 3 tap] cycle 71: mass 0.4897 / 0.5000 g (0.0103 g to go, +0.0000 g this cycle), elapsed 242.0 s
[phase 3 tap] cycle 72: mass 0.4902 / 0.5000 g (0.0098 g to go, +0.0005 g this cycle), elapsed 245.0 s
[phase 3 tap] cycle 73: mass 0.4906 / 0.5000 g (0.0094 g to go, +0.0004 g this cycle), elapsed 248.0 s
[phase 3 tap] cycle 74: mass 0.4908 / 0.5000 g (0.0092 g to go, +0.0003 g this cycle), elapsed 251.0 s
[phase 3 tap] cycle 75: mass 0.4913 / 0.5000 g (0.0087 g to go, +0.0004 g this cycle), elapsed 254.0 s
[phase 3 tap] cycle 76: mass 0.4922 / 0.5000 g (0.0078 g to go, +0.0009 g this cycle), elapsed 257.0 s
[phase 3 tap] cycle 77: mass 0.4929 / 0.5000 g (0.0071 g to go, +0.0007 g this cycle), elapsed 260.0 s
[phase 3 tap] cycle 78: mass 0.4932 / 0.5000 g (0.0068 g to go, +0.0003 g this cycle), elapsed 264.0 s
[phase 3 tap] cycle 79: mass 0.4934 / 0.5000 g (0.0066 g to go, +0.0002 g this cycle), elapsed 267.0 s
[phase 3 tap] cycle 80: mass 0.4937 / 0.5000 g (0.0063 g to go, +0.0003 g this cycle), elapsed 270.0 s
[phase 3 tap] cycle 81: mass 0.4946 / 0.5000 g (0.0054 g to go, +0.0009 g this cycle), elapsed 273.0 s
[phase 3 tap] cycle 82: mass 0.4948 / 0.5000 g (0.0052 g to go, +0.0002 g this cycle), elapsed 276.0 s
[phase 3 tap] cycle 83: mass 0.4949 / 0.5000 g (0.0051 g to go, +0.0001 g this cycle), elapsed 279.0 s
[phase 3 tap] cycle 84: mass 0.4954 / 0.5000 g (0.0046 g to go, +0.0005 g this cycle), elapsed 282.0 s
[phase 3 tap] cycle 85: mass 0.4959 / 0.5000 g (0.0041 g to go, +0.0005 g this cycle), elapsed 285.0 s
[phase 3 tap] cycle 86: mass 0.4962 / 0.5000 g (0.0038 g to go, +0.0003 g this cycle), elapsed 288.0 s
[phase 3 tap] cycle 87: mass 0.4964 / 0.5000 g (0.0036 g to go, +0.0002 g this cycle), elapsed 291.0 s
[phase 3 tap] cycle 88: mass 0.4972 / 0.5000 g (0.0028 g to go, +0.0008 g this cycle), elapsed 294.0 s
[dose] final settle 2000 ms before the scoring reading
[dose] done: DoseResult(ok: 0.4974/0.5000 g in 298.0s; cycles bulk:22, trickle:2, tap:88; 2.68 auger rev, 104 taps)
RESULT {"phase_cycles": {"tap": 88, "bulk": 22, "trickle": 2}, "t_total_s": 297.64, "ff_g_per_rev": 0.35, "stop_events": [{"settled_g": 0.4507, "rate_slope_gps": 0.06113, "rpm": 20.0, "rate_kf_gps": null, "t_stop_s": 16.09, "m_stop_g": 0.4194, "tau_s": 0.8338, "afterflow_g": 0.0313, "stalled": 0, "phase": "bulk"}, {"phase": "trickle", "rate_kf_gps": 0.01149, "settled_g": 0.45206, "stalled": 0, "tau_s": 0.8338, "m_stop_g": 0.45061, "afterflow_g": 0.00145, "rate_slope_gps": null, "t_stop_s": 19.45}], "error_mg": -2.6, "t_settle_s": 3.34, "t_tap_s": 272.16, "nudges": 0, "telemetry_rows": 114, "telemetry_truncated": 0, "fw": "trickle_tap/2026-09-30b", "v": 1, "target_g": 0.5, "status": "ok", "settled_final": 1, "auger_rev": 2.683, "baseline_g": 0.0, "final_g": 0.4974, "t_bulk_s": 11.76, "read_retries": 0, "dose_n": 9, "params": {"tau_afterflow_s": 0.8338, "goal_mass_g": 0.75, "taps_per_cycle": 1, "tap_cadence_on_ms": 60, "tap_burst_above_g": 0.0, "bulk_taper_start_g": 0.1, "bulk_boost_s": 3.0, "bulk_max_passes": 8, "final_settle_ms": 2000, "tap_cadence_off_ms": 440, "tap_burst_taps": 2, "tap_tilt_deg": 15.0, "trickle_tilt_deg": 30.0, "trickle_start_remaining_g": 0.05, "bulk_only": false, "bulk_min_rpm": 20.0, "trickle_tap": false, "overshoot_abort_g": 0.1, "bulk_tap": true, "tolerance_g": 0.003, "bulk_rpm": 20.0, "bulk_tilt_deg": 40.0}, "t_trickle_s": 6.03, "taps": 104, "log_path": null}
>> log
--- BEGIN trickle telemetry CSV ---
t_s,phase,z_g,fresh,m_g,r_gps,sigma_g,ff_gpr,r_sp_gps,err_gps,integ,rpm_cmd,pred_g,cutoff_g,clamp_hits
5.47,bulk,0.00000,1,0.00000,,,,,,,,,,
5.85,bulk,0.00000,1,0.00000,,,,,,,,,,
6.14,bulk,0.00000,1,0.00000,,,,,,,,,,
6.52,bulk,0.02020,1,0.02020,,,,,,,,,,
6.91,bulk,0.04560,1,0.04560,,,,,,,,,,
7.28,bulk,0.06620,1,0.06620,,,,,,,,,,
7.67,bulk,0.07450,1,0.07450,,,,,,,,,,
8.06,bulk,0.08410,1,0.08410,,,,,,,,,,
8.43,bulk,0.11030,1,0.11030,,,,,,,,,,
8.82,bulk,0.13700,1,0.13700,,,,,,,,,,
9.10,bulk,0.15340,1,0.15340,,,,,,,,,,
9.49,bulk,0.17330,1,0.17330,,,,,,,,,,
9.87,bulk,0.21920,1,0.21920,,,,,,,,,,
10.25,bulk,0.25340,1,0.25340,,,,,,,,,,
10.63,bulk,0.26260,1,0.26260,,,,,,,,,,
11.02,bulk,0.27800,1,0.27800,,,,,,,,,,
11.40,bulk,0.30290,1,0.30290,,,,,,,,,,
11.78,bulk,0.32320,1,0.32320,,,,,,,,,,
12.16,bulk,0.35690,1,0.35690,,,,,,,,,,
12.55,bulk,0.37050,1,0.37050,,,,,,,,,,
12.92,bulk,0.39780,1,0.39780,,,,,,,,,,
13.31,bulk,0.41940,1,0.41940,,,,,,,,,,
16.08,bulk,0.45070,1,0.45070,,,,,,,,,,
19.06,trickle,0.45060,1,0.45062,0.00000,0.01295,0.3500,0.00862,0.00862,0.0000,0.00,0.46357,0.46500,0
19.44,trickle,0.45060,1,0.45061,0.01149,0.01185,0.3500,0.00863,-0.00287,0.0031,2.53,0.47204,0.46500,0
22.12,trickle_end,0.45206,1,0.45206,,,,,,,,,,0
25.55,tap,0.45340,1,0.45340,,,,,,,,,,
28.61,tap,0.45394,1,0.45394,,,,,,,,,,
31.67,tap,0.45466,1,0.45466,,,,,,,,,,
34.74,tap,0.45494,1,0.45494,,,,,,,,,,
37.90,tap,0.45598,1,0.45598,,,,,,,,,,
41.06,tap,0.45624,1,0.45624,,,,,,,,,,
44.02,tap,0.45674,1,0.45674,,,,,,,,,,
47.07,tap,0.45760,1,0.45760,,,,,,,,,,
50.04,tap,0.45836,1,0.45836,,,,,,,,,,
53.10,tap,0.45892,1,0.45892,,,,,,,,,,
56.17,tap,0.45924,1,0.45924,,,,,,,,,,
59.23,tap,0.45950,1,0.45950,,,,,,,,,,
62.18,tap,0.46046,1,0.46046,,,,,,,,,,
65.35,tap,0.46098,1,0.46098,,,,,,,,,,
68.40,tap,0.46196,1,0.46196,,,,,,,,,,
71.56,tap,0.46224,1,0.46224,,,,,,,,,,
74.71,tap,0.46282,1,0.46282,,,,,,,,,,
77.77,tap,0.46314,1,0.46314,,,,,,,,,,
80.92,tap,0.46430,1,0.46430,,,,,,,,,,
83.99,tap,0.46456,1,0.46456,,,,,,,,,,
87.14,tap,0.46532,1,0.46532,,,,,,,,,,
90.20,tap,0.46558,1,0.46558,,,,,,,,,,
93.16,tap,0.46590,1,0.46590,,,,,,,,,,
96.24,tap,0.46628,1,0.46628,,,,,,,,,,
99.19,tap,0.46692,1,0.46692,,,,,,,,,,
102.36,tap,0.46726,1,0.46726,,,,,,,,,,
105.40,tap,0.46782,1,0.46782,,,,,,,,,,
108.59,tap,0.46862,1,0.46862,,,,,,,,,,
111.62,tap,0.46926,1,0.46926,,,,,,,,,,
114.79,tap,0.46950,1,0.46950,,,,,,,,,,
117.93,tap,0.46982,1,0.46982,,,,,,,,,,
121.10,tap,0.47048,1,0.47048,,,,,,,,,,
124.05,tap,0.47116,1,0.47116,,,,,,,,,,
127.22,tap,0.47146,1,0.47146,,,,,,,,,,
130.36,tap,0.47188,1,0.47188,,,,,,,,,,
133.53,tap,0.47254,1,0.47254,,,,,,,,,,
136.58,tap,0.47310,1,0.47310,,,,,,,,,,
139.74,tap,0.47346,1,0.47346,,,,,,,,,,
142.70,tap,0.47370,1,0.47370,,,,,,,,,,
145.77,tap,0.47426,1,0.47426,,,,,,,,,,
148.91,tap,0.47460,1,0.47460,,,,,,,,,,
152.08,tap,0.47554,1,0.47554,,,,,,,,,,
155.23,tap,0.47584,1,0.47584,,,,,,,,,,
158.40,tap,0.47612,1,0.47612,,,,,,,,,,
161.35,tap,0.47708,1,0.47708,,,,,,,,,,
164.52,tap,0.47734,1,0.47734,,,,,,,,,,
167.47,tap,0.47800,1,0.47800,,,,,,,,,,
170.65,tap,0.47826,1,0.47826,,,,,,,,,,
173.59,tap,0.47944,1,0.47944,,,,,,,,,,
176.75,tap,0.48016,1,0.48016,,,,,,,,,,
179.90,tap,0.48034,1,0.48034,,,,,,,,,,
183.07,tap,0.48044,1,0.48044,,,,,,,,,,
186.21,tap,0.48128,1,0.48128,,,,,,,,,,
189.38,tap,0.48162,1,0.48162,,,,,,,,,,
192.44,tap,0.48180,1,0.48180,,,,,,,,,,
195.58,tap,0.48212,1,0.48212,,,,,,,,,,
198.75,tap,0.48324,1,0.48324,,,,,,,,,,
201.70,tap,0.48350,1,0.48350,,,,,,,,,,
204.77,tap,0.48360,1,0.48360,,,,,,,,,,
207.84,tap,0.48390,1,0.48390,,,,,,,,,,
210.98,tap,0.48488,1,0.48488,,,,,,,,,,
214.04,tap,0.48520,1,0.48520,,,,,,,,,,
217.11,tap,0.48598,1,0.48598,,,,,,,,,,
220.07,tap,0.48620,1,0.48620,,,,,,,,,,
223.12,tap,0.48666,1,0.48666,,,,,,,,,,
226.29,tap,0.48752,1,0.48752,,,,,,,,,,
229.44,tap,0.48794,1,0.48794,,,,,,,,,,
232.60,tap,0.48838,1,0.48838,,,,,,,,,,
235.75,tap,0.48950,1,0.48950,,,,,,,,,,
238.91,tap,0.48970,1,0.48970,,,,,,,,,,
241.98,tap,0.48970,1,0.48970,,,,,,,,,,
245.03,tap,0.49016,1,0.49016,,,,,,,,,,
248.10,tap,0.49058,1,0.49058,,,,,,,,,,
251.16,tap,0.49084,1,0.49084,,,,,,,,,,
254.30,tap,0.49126,1,0.49126,,,,,,,,,,
257.36,tap,0.49218,1,0.49218,,,,,,,,,,
260.32,tap,0.49290,1,0.49290,,,,,,,,,,
263.49,tap,0.49318,1,0.49318,,,,,,,,,,
266.64,tap,0.49338,1,0.49338,,,,,,,,,,
269.61,tap,0.49366,1,0.49366,,,,,,,,,,
272.56,tap,0.49458,1,0.49458,,,,,,,,,,
275.73,tap,0.49480,1,0.49480,,,,,,,,,,
278.88,tap,0.49488,1,0.49488,,,,,,,,,,
281.95,tap,0.49542,1,0.49542,,,,,,,,,,
285.09,tap,0.49590,1,0.49590,,,,,,,,,,
288.26,tap,0.49618,1,0.49618,,,,,,,,,,
291.21,tap,0.49640,1,0.49640,,,,,,,,,,
294.28,tap,0.49718,1,0.49718,,,,,,,,,,
--- END trickle telemetry CSV ---
