--- session 2026-10-06T03:54:41.797650+00:00 ---
>> 
>> s
firmware: trickle_tap/2026-09-30b
heap: 113792 bytes free, 91648 used
stepper: 60 auger rpm (max ~109), 1/8 microsteps; plate at 15.0 deg; scale UART0 @ 19200
trickle parameters ('set <key> <value>' to change):
  bulk_anticipation_g = 0.05
  bulk_boost_s = 3.0
  bulk_enabled = True
  bulk_max_passes = 8
  bulk_min_rpm = 20.0
  bulk_only = False
  bulk_poll_ms = 250
  bulk_rpm = 20.0
  bulk_settle_ms = 1500
  bulk_tap = True
  bulk_taper_start_g = 0.1
  bulk_tilt_deg = 40.0
  cutoff_margin_g = 0.035
  dose_timeout_s = 600
  ff_prior_g_per_rev = 0.35
  final_settle_ms = 2000
  goal_mass_g = 0.75
  k_sigma = 1.0
  kf_q_var = 0.0002
  log_max_rows = 1200
  log_min_free_bytes = 24000
  log_to_flash = False
  max_poll_misses = 10
  noisy_sd_g = 0.008
  overshoot_abort_g = 0.1
  post_trickle_settle_ms = 1200
  print_every_n_polls = 2
  quiet_sd_g = 0.0005
  rate_tau_s = 0.5
  stall_bail_s = 8.0
  tap_burst_above_g = 0.0
  tap_burst_taps = 2
  tap_cadence_off_ms = 440
  tap_cadence_on_ms = 60
  tap_max_cycles = 120
  tap_max_nudges = 20
  tap_nudge_deg = 5.0
  tap_settle_ms = 1500
  tap_tilt_deg = 15.0
  taps_per_cycle = 1
  tau_afterflow_s = 0.8338
  tau_bal_s = 0.7
  tolerance_g = 0.003
  trickle_dt_s = 0.25
  trickle_integ_clamp = 0.5
  trickle_ki = 120.0
  trickle_kp = 250.0
  trickle_max_rate_gps = 0.05
  trickle_min_rate_gps = 0.003
  trickle_rpm_cap = 45.0
  trickle_start_remaining_g = 0.05
  trickle_tap = False
  trickle_tilt_deg = 30.0
>> set bulk_anticipation_g 0.05
[set] bulk_anticipation_g = 0.05 (was 0.05)
>> set bulk_enabled 1
[set] bulk_enabled = True (was True)
>> set bulk_poll_ms 250
[set] bulk_poll_ms = 250 (was 250)
>> set bulk_settle_ms 1500
[set] bulk_settle_ms = 1500 (was 1500)
>> set cutoff_margin_g 0.035
[set] cutoff_margin_g = 0.035 (was 0.035)
>> set dose_timeout_s 600
[set] dose_timeout_s = 600 (was 600)
>> set ff_prior_g_per_rev 0.35
[set] ff_prior_g_per_rev = 0.35 (was 0.35)
>> set final_settle_ms 2000
[set] final_settle_ms = 2000 (was 2000)
>> set k_sigma 1
[set] k_sigma = 1.0 (was 1.0)
>> set kf_q_var 0.0002
[set] kf_q_var = 0.0002 (was 0.0002)
>> set log_max_rows 1200
[set] log_max_rows = 1200 (was 1200)
>> set log_to_flash 0
[set] log_to_flash = False (was False)
>> set max_poll_misses 10
[set] max_poll_misses = 10 (was 10)
>> set noisy_sd_g 0.008
[set] noisy_sd_g = 0.008 (was 0.008)
>> set overshoot_abort_g 0.1
[set] overshoot_abort_g = 0.1 (was 0.1)
>> set post_trickle_settle_ms 1200
[set] post_trickle_settle_ms = 1200 (was 1200)
>> set print_every_n_polls 2
[set] print_every_n_polls = 2 (was 2)
>> set quiet_sd_g 0.0005
[set] quiet_sd_g = 0.0005 (was 0.0005)
>> set rate_tau_s 0.5
[set] rate_tau_s = 0.5 (was 0.5)
>> set stall_bail_s 8
[set] stall_bail_s = 8.0 (was 8.0)
>> set tap_cadence_off_ms 440
[set] tap_cadence_off_ms = 440 (was 440)
>> set tap_cadence_on_ms 60
[set] tap_cadence_on_ms = 60 (was 60)
>> set tap_max_cycles 120
[set] tap_max_cycles = 120 (was 120)
>> set tap_max_nudges 20
[set] tap_max_nudges = 20 (was 20)
>> set tap_nudge_deg 5
[set] tap_nudge_deg = 5.0 (was 5.0)
>> set tap_settle_ms 1500
[set] tap_settle_ms = 1500 (was 1500)
>> set taps_per_cycle 1
[set] taps_per_cycle = 1 (was 1)
>> set tau_afterflow_s 0.3
[set] tau_afterflow_s = 0.3 (was 0.8338)
>> set tau_bal_s 0.7
[set] tau_bal_s = 0.7 (was 0.7)
>> set trickle_dt_s 0.25
[set] trickle_dt_s = 0.25 (was 0.25)
>> set trickle_integ_clamp 0.5
[set] trickle_integ_clamp = 0.5 (was 0.5)
>> set trickle_ki 120
[set] trickle_ki = 120.0 (was 120.0)
>> set trickle_kp 250
[set] trickle_kp = 250.0 (was 250.0)
>> set trickle_max_rate_gps 0.05
[set] trickle_max_rate_gps = 0.05 (was 0.05)
>> set trickle_min_rate_gps 0.003
[set] trickle_min_rate_gps = 0.003 (was 0.003)
>> set trickle_rpm_cap 45
[set] trickle_rpm_cap = 45.0 (was 45.0)
>> set bulk_tap 1
[set] bulk_tap = True (was True)
>> set trickle_tap 0
[set] trickle_tap = False (was False)
>> set bulk_tilt_deg 40
[set] bulk_tilt_deg = 40.0 (was 40.0)
>> set trickle_tilt_deg 30
[set] trickle_tilt_deg = 30.0 (was 30.0)
>> set tap_tilt_deg 15
[set] tap_tilt_deg = 15.0 (was 15.0)
>> set bulk_rpm 20
[set] bulk_rpm = 20.0 (was 20.0)
>> set trickle_start_remaining_g 0.05
[set] trickle_start_remaining_g = 0.05 (was 0.05)
>> set tolerance_g 0.003
[set] tolerance_g = 0.003 (was 0.003)
>> set tau_afterflow_s 0.8338
[set] tau_afterflow_s = 0.8338 (was 0.3)
>> g 0.5000
[dose] trickle-tap dose to 0.5000 g (tol 3.0 mg, trickle tilt 30.0 plate deg); taring scale
[dose] tared: baseline +0.0 mg (subtracted), drift +0.0 mg/min, read noise 0.00 mg
=== stage 1 'bulk': 0.5000 g to go, velocity mode @ 20 rpm until 0.1000 g to go
[phase 1 bulk] cadence taps on: one 60 ms pulse per 500 ms
[phase 1 bulk] poll 1: mass 0.0000 / 0.5000 g (0.5000 g to go, +0.0000 g this poll), elapsed 5.0 s
[phase 1 bulk] poll 2: mass 0.0000 / 0.5000 g (0.5000 g to go, +0.0000 g this poll), elapsed 5.0 s
[phase 1 bulk] poll 3: mass 0.0000 / 0.5000 g (0.5000 g to go, +0.0000 g this poll), elapsed 6.0 s
[phase 1 bulk] poll 4 (unstable): mass 0.0152 / 0.5000 g (0.4848 g to go, +0.0152 g this poll), elapsed 6.0 s
[phase 1 bulk] poll 5 (unstable): mass 0.0558 / 0.5000 g (0.4442 g to go, +0.0406 g this poll), elapsed 6.0 s
[phase 1 bulk] poll 6 (unstable): mass 0.0796 / 0.5000 g (0.4204 g to go, +0.0238 g this poll), elapsed 7.0 s
[phase 1 bulk] poll 7 (unstable): mass 0.1165 / 0.5000 g (0.3835 g to go, +0.0369 g this poll), elapsed 7.0 s
[phase 1 bulk] poll 8 (unstable): mass 0.1482 / 0.5000 g (0.3518 g to go, +0.0317 g this poll), elapsed 8.0 s
[phase 1 bulk] poll 9 (unstable): mass 0.1586 / 0.5000 g (0.3414 g to go, +0.0104 g this poll), elapsed 8.0 s
[phase 1 bulk] poll 10 (unstable): mass 0.1721 / 0.5000 g (0.3279 g to go, +0.0135 g this poll), elapsed 8.0 s
[phase 1 bulk] poll 11 (unstable): mass 0.1877 / 0.5000 g (0.3123 g to go, +0.0156 g this poll), elapsed 9.0 s
[phase 1 bulk] poll 12 (unstable): mass 0.2102 / 0.5000 g (0.2898 g to go, +0.0225 g this poll), elapsed 9.0 s
[phase 1 bulk] poll 13 (unstable): mass 0.2204 / 0.5000 g (0.2796 g to go, +0.0102 g this poll), elapsed 10.0 s
[phase 1 bulk] poll 14 (unstable): mass 0.2419 / 0.5000 g (0.2581 g to go, +0.0215 g this poll), elapsed 10.0 s
[phase 1 bulk] poll 15 (unstable): mass 0.2728 / 0.5000 g (0.2272 g to go, +0.0309 g this poll), elapsed 10.0 s
[phase 1 bulk] poll 16 (unstable): mass 0.3088 / 0.5000 g (0.1912 g to go, +0.0360 g this poll), elapsed 11.0 s
[phase 1 bulk] poll 17 (unstable): mass 0.3207 / 0.5000 g (0.1793 g to go, +0.0119 g this poll), elapsed 11.0 s
[phase 1 bulk] poll 18 (unstable): mass 0.3328 / 0.5000 g (0.1672 g to go, +0.0121 g this poll), elapsed 11.0 s
[phase 1 bulk] poll 19 (unstable): mass 0.3446 / 0.5000 g (0.1554 g to go, +0.0118 g this poll), elapsed 12.0 s
[phase 1 bulk] poll 20 (unstable): mass 0.3650 / 0.5000 g (0.1350 g to go, +0.0204 g this poll), elapsed 12.0 s
[phase 1 bulk] poll 21 (unstable): mass 0.3960 / 0.5000 g (0.1040 g to go, +0.0310 g this poll), elapsed 12.0 s
[phase 1 bulk] poll 22 (unstable): mass 0.4164 / 0.5000 g (0.0836 g to go, +0.0204 g this poll), elapsed 13.0 s
[phase 1 bulk] auger halted at 0.0836 g to go (halt threshold 0.1000 g); settling 1500 ms
[phase 1 bulk] settled: mass 0.4786 / 0.5000 g (0.0214 g to go, +0.0622 g while settling), elapsed 16.0 s
[trickle] seeded at 0.4785 g; cutoff when m+r*0.83s+1.0*sigma >= 0.4650 g
[trickle] predictive cutoff: m 0.4785 + r*tau 0.0000 + k*sigma 0.0128 >= 0.4650 g
[trickle] halted; settled at 0.4785 g (-0.0 mg vs KF m_hat, 0.0215 g to go), 1 polls, 0 KF clamps, ff 0.350 g/rev
=== stage 3 'tap': 0.0215 g to go, single taps at 15.0 plate deg
[phase 3 tap] cycle 1: mass 0.4809 / 0.5000 g (0.0191 g to go, +0.0024 g this cycle), elapsed 25.0 s
[phase 3 tap] cycle 2: mass 0.4832 / 0.5000 g (0.0168 g to go, +0.0023 g this cycle), elapsed 28.0 s
[phase 3 tap] cycle 3: mass 0.4871 / 0.5000 g (0.0129 g to go, +0.0039 g this cycle), elapsed 31.0 s
[phase 3 tap] cycle 4: mass 0.4893 / 0.5000 g (0.0107 g to go, +0.0022 g this cycle), elapsed 34.0 s
[phase 3 tap] cycle 5: mass 0.4914 / 0.5000 g (0.0086 g to go, +0.0021 g this cycle), elapsed 37.0 s
[phase 3 tap] cycle 6: mass 0.4930 / 0.5000 g (0.0070 g to go, +0.0015 g this cycle), elapsed 40.0 s
[phase 3 tap] cycle 7: mass 0.4972 / 0.5000 g (0.0028 g to go, +0.0042 g this cycle), elapsed 43.0 s
[dose] final settle 2000 ms before the scoring reading
[dose] done: DoseResult(ok: 0.4972/0.5000 g in 47.0s; cycles bulk:22, trickle:1, tap:7; 2.67 auger rev, 22 taps)
RESULT {"phase_cycles": {"tap": 7, "bulk": 22, "trickle": 1}, "t_total_s": 47.08, "ff_g_per_rev": 0.35, "stop_events": [{"settled_g": 0.47862, "rate_slope_gps": 0.05487, "rpm": 20.0, "rate_kf_gps": null, "t_stop_s": 16.19, "m_stop_g": 0.4164, "tau_s": 0.8338, "afterflow_g": 0.06222, "stalled": 0, "phase": "bulk"}, {"phase": "trickle", "rate_kf_gps": 0.0, "settled_g": 0.4785, "stalled": 0, "tau_s": 0.8338, "m_stop_g": 0.4785, "afterflow_g": -0.0, "rate_slope_gps": null, "t_stop_s": 18.99}], "error_mg": -2.8, "t_settle_s": 3.44, "t_tap_s": 21.99, "nudges": 0, "telemetry_rows": 32, "telemetry_truncated": 0, "fw": "trickle_tap/2026-09-30b", "v": 1, "target_g": 0.5, "status": "ok", "settled_final": 1, "auger_rev": 2.667, "baseline_g": 0.0, "final_g": 0.4972, "t_bulk_s": 11.86, "read_retries": 0, "dose_n": 10, "params": {"tau_afterflow_s": 0.8338, "goal_mass_g": 0.75, "taps_per_cycle": 1, "tap_cadence_on_ms": 60, "tap_burst_above_g": 0.0, "bulk_taper_start_g": 0.1, "bulk_boost_s": 3.0, "bulk_max_passes": 8, "final_settle_ms": 2000, "tap_cadence_off_ms": 440, "tap_burst_taps": 2, "tap_tilt_deg": 15.0, "trickle_tilt_deg": 30.0, "trickle_start_remaining_g": 0.05, "bulk_only": false, "bulk_min_rpm": 20.0, "trickle_tap": false, "overshoot_abort_g": 0.1, "bulk_tap": true, "tolerance_g": 0.003, "bulk_rpm": 20.0, "bulk_tilt_deg": 40.0}, "t_trickle_s": 5.45, "taps": 22, "log_path": null}
>> log
--- BEGIN trickle telemetry CSV ---
t_s,phase,z_g,fresh,m_g,r_gps,sigma_g,ff_gpr,r_sp_gps,err_gps,integ,rpm_cmd,pred_g,cutoff_g,clamp_hits
5.48,bulk,0.00000,1,0.00000,,,,,,,,,,
5.86,bulk,0.00000,1,0.00000,,,,,,,,,,
6.14,bulk,0.00000,1,0.00000,,,,,,,,,,
6.53,bulk,0.01520,1,0.01520,,,,,,,,,,
6.92,bulk,0.05580,1,0.05580,,,,,,,,,,
7.29,bulk,0.07960,1,0.07960,,,,,,,,,,
7.67,bulk,0.11650,1,0.11650,,,,,,,,,,
8.06,bulk,0.14820,1,0.14820,,,,,,,,,,
8.45,bulk,0.15860,1,0.15860,,,,,,,,,,
8.83,bulk,0.17210,1,0.17210,,,,,,,,,,
9.20,bulk,0.18770,1,0.18770,,,,,,,,,,
9.59,bulk,0.21020,1,0.21020,,,,,,,,,,
9.98,bulk,0.22040,1,0.22040,,,,,,,,,,
10.35,bulk,0.24190,1,0.24190,,,,,,,,,,
10.64,bulk,0.27280,1,0.27280,,,,,,,,,,
11.03,bulk,0.30880,1,0.30880,,,,,,,,,,
11.41,bulk,0.32070,1,0.32070,,,,,,,,,,
11.79,bulk,0.33280,1,0.33280,,,,,,,,,,
12.07,bulk,0.34460,1,0.34460,,,,,,,,,,
12.46,bulk,0.36500,1,0.36500,,,,,,,,,,
12.85,bulk,0.39600,1,0.39600,,,,,,,,,,
13.22,bulk,0.41640,1,0.41640,,,,,,,,,,
16.19,bulk,0.47862,1,0.47862,,,,,,,,,,
18.99,trickle,0.47850,1,0.47850,0.00000,0.01285,0.3500,0.00300,0.00300,0.0000,0.00,0.49135,0.46500,0
21.64,trickle_end,0.47850,1,0.47850,,,,,,,,,,0
25.08,tap,0.48088,1,0.48088,,,,,,,,,,
28.25,tap,0.48316,1,0.48316,,,,,,,,,,
31.20,tap,0.48710,1,0.48710,,,,,,,,,,
34.37,tap,0.48930,1,0.48930,,,,,,,,,,
37.51,tap,0.49142,1,0.49142,,,,,,,,,,
40.68,tap,0.49296,1,0.49296,,,,,,,,,,
43.63,tap,0.49720,1,0.49720,,,,,,,,,,
--- END trickle telemetry CSV ---
