--- session 2026-09-29T03:46:59.081858+00:00 ---
>> 
>> s
firmware: trickle_tap/2026-09-25
stepper: 60 auger rpm (max ~109), 1/8 microsteps; plate at 30.0 deg; scale UART0 @ 19200
trickle parameters ('set <key> <value>' to change):
  bulk_anticipation_g = 0.05
  bulk_enabled = True
  bulk_poll_ms = 250
  bulk_rpm = 100.0
  bulk_settle_ms = 1500
  bulk_tap = True
  bulk_tilt_deg = 40.0
  cutoff_margin_g = 0.035
  dose_timeout_s = 600
  ff_prior_g_per_rev = 0.35
  final_settle_ms = 2000
  goal_mass_g = 0.75
  k_sigma = 1.0
  kf_q_var = 0.0002
  log_max_rows = 2400
  log_to_flash = False
  max_poll_misses = 10
  noisy_sd_g = 0.008
  overshoot_abort_g = 0.1
  post_trickle_settle_ms = 1200
  print_every_n_polls = 2
  quiet_sd_g = 0.0005
  rate_tau_s = 0.5
  stall_bail_s = 8.0
  tap_cadence_off_ms = 440
  tap_cadence_on_ms = 60
  tap_max_cycles = 120
  tap_max_nudges = 20
  tap_nudge_deg = 5.0
  tap_settle_ms = 1500
  tap_tilt_deg = 15.0
  taps_per_cycle = 1
  tau_afterflow_s = 0.8338
  tau_bal_s = 0.7
  tolerance_g = 0.015
  trickle_dt_s = 0.25
  trickle_integ_clamp = 0.5
  trickle_ki = 120.0
  trickle_kp = 250.0
  trickle_max_rate_gps = 0.05
  trickle_min_rate_gps = 0.003
  trickle_rpm_cap = 45.0
  trickle_start_remaining_g = 0.3
  trickle_tap = False
  trickle_tilt_deg = 30.0
>> set bulk_anticipation_g 0.05
[set] bulk_anticipation_g = 0.05 (was 0.05)
>> set bulk_enabled 1
[set] bulk_enabled = True (was True)
>> set bulk_poll_ms 250
[set] bulk_poll_ms = 250 (was 250)
>> set bulk_settle_ms 1500
[set] bulk_settle_ms = 1500 (was 1500)
>> set cutoff_margin_g 0.035
[set] cutoff_margin_g = 0.035 (was 0.035)
>> set dose_timeout_s 600
[set] dose_timeout_s = 600 (was 600)
>> set ff_prior_g_per_rev 0.35
[set] ff_prior_g_per_rev = 0.35 (was 0.35)
>> set final_settle_ms 2000
[set] final_settle_ms = 2000 (was 2000)
>> set k_sigma 1
[set] k_sigma = 1.0 (was 1.0)
>> set kf_q_var 0.0002
[set] kf_q_var = 0.0002 (was 0.0002)
>> set log_max_rows 2400
[set] log_max_rows = 2400 (was 2400)
>> set log_to_flash 0
[set] log_to_flash = False (was False)
>> set max_poll_misses 10
[set] max_poll_misses = 10 (was 10)
>> set noisy_sd_g 0.008
[set] noisy_sd_g = 0.008 (was 0.008)
>> set overshoot_abort_g 0.1
[set] overshoot_abort_g = 0.1 (was 0.1)
>> set post_trickle_settle_ms 1200
[set] post_trickle_settle_ms = 1200 (was 1200)
>> set print_every_n_polls 2
[set] print_every_n_polls = 2 (was 2)
>> set quiet_sd_g 0.0005
[set] quiet_sd_g = 0.0005 (was 0.0005)
>> set rate_tau_s 0.5
[set] rate_tau_s = 0.5 (was 0.5)
>> set stall_bail_s 8
[set] stall_bail_s = 8.0 (was 8.0)
>> set tap_cadence_off_ms 440
[set] tap_cadence_off_ms = 440 (was 440)
>> set tap_cadence_on_ms 60
[set] tap_cadence_on_ms = 60 (was 60)
>> set tap_max_cycles 120
[set] tap_max_cycles = 120 (was 120)
>> set tap_max_nudges 20
[set] tap_max_nudges = 20 (was 20)
>> set tap_nudge_deg 5
[set] tap_nudge_deg = 5.0 (was 5.0)
>> set tap_settle_ms 1500
[set] tap_settle_ms = 1500 (was 1500)
>> set taps_per_cycle 1
[set] taps_per_cycle = 1 (was 1)
>> set tau_afterflow_s 0.3
[set] tau_afterflow_s = 0.3 (was 0.8338)
>> set tau_bal_s 0.7
[set] tau_bal_s = 0.7 (was 0.7)
>> set trickle_dt_s 0.25
[set] trickle_dt_s = 0.25 (was 0.25)
>> set trickle_integ_clamp 0.5
[set] trickle_integ_clamp = 0.5 (was 0.5)
>> set trickle_ki 120
[set] trickle_ki = 120.0 (was 120.0)
>> set trickle_kp 250
[set] trickle_kp = 250.0 (was 250.0)
>> set trickle_max_rate_gps 0.05
[set] trickle_max_rate_gps = 0.05 (was 0.05)
>> set trickle_min_rate_gps 0.003
[set] trickle_min_rate_gps = 0.003 (was 0.003)
>> set trickle_rpm_cap 45
[set] trickle_rpm_cap = 45.0 (was 45.0)
>> set bulk_tap 1
[set] bulk_tap = True (was True)
>> set trickle_tap 0
[set] trickle_tap = False (was False)
>> set bulk_tilt_deg 40
[set] bulk_tilt_deg = 40.0 (was 40.0)
>> set trickle_tilt_deg 30
[set] trickle_tilt_deg = 30.0 (was 30.0)
>> set tap_tilt_deg 15
[set] tap_tilt_deg = 15.0 (was 15.0)
>> set bulk_rpm 100
[set] bulk_rpm = 100.0 (was 100.0)
>> set trickle_start_remaining_g 0.139625
[set] trickle_start_remaining_g = 0.139625 (was 0.3)
>> set tolerance_g 0.003
[set] tolerance_g = 0.003 (was 0.015)
>> set tau_afterflow_s 0.8338
[set] tau_afterflow_s = 0.8338 (was 0.3)
>> g 0.5000
[dose] trickle-tap dose to 0.5000 g (tol 3.0 mg, trickle tilt 30.0 plate deg); taring scale
[dose] tared: baseline +0.0 mg (subtracted), drift +0.0 mg/min, read noise 0.00 mg
=== stage 1 'bulk': 0.5000 g to go, velocity mode @ 100 rpm until 0.1896 g to go
[phase 1 bulk] cadence taps on: one 60 ms pulse per 500 ms
[phase 1 bulk] poll 1: mass 0.0000 / 0.5000 g (0.5000 g to go, +0.0000 g this poll), elapsed 5.0 s
[phase 1 bulk] poll 2: mass 0.0000 / 0.5000 g (0.5000 g to go, +0.0000 g this poll), elapsed 5.0 s
[phase 1 bulk] poll 3 (unstable): mass 0.0106 / 0.5000 g (0.4894 g to go, +0.0106 g this poll), elapsed 6.0 s
[phase 1 bulk] poll 4 (unstable): mass 0.0791 / 0.5000 g (0.4209 g to go, +0.0685 g this poll), elapsed 6.0 s
[phase 1 bulk] poll 5 (unstable): mass 0.1418 / 0.5000 g (0.3582 g to go, +0.0627 g this poll), elapsed 7.0 s
[phase 1 bulk] poll 6 (unstable): mass 0.1944 / 0.5000 g (0.3056 g to go, +0.0526 g this poll), elapsed 7.0 s
[phase 1 bulk] poll 7 (unstable): mass 0.2388 / 0.5000 g (0.2612 g to go, +0.0444 g this poll), elapsed 7.0 s
[phase 1 bulk] poll 8 (unstable): mass 0.2872 / 0.5000 g (0.2128 g to go, +0.0484 g this poll), elapsed 8.0 s
[phase 1 bulk] poll 9 (unstable): mass 0.3384 / 0.5000 g (0.1616 g to go, +0.0512 g this poll), elapsed 8.0 s
[phase 1 bulk] auger halted at 0.1616 g to go (halt threshold 0.1896 g); settling 1500 ms
[phase 1 bulk] settled: mass 0.4429 / 0.5000 g (0.0571 g to go, +0.1045 g while settling), elapsed 11.0 s
[trickle] seeded at 0.4430 g; cutoff when m+r*0.83s+1.0*sigma >= 0.4650 g
[trickle]  13.6s m 0.4430 r  17.1 mg/s (sp  13.2) rpm   3.9 pred 0.4690/0.4650 sigma 11.8 mg
[trickle] predictive cutoff: m 0.4430 + r*tau 0.0142 + k*sigma 0.0118 >= 0.4650 g
[trickle] halted; settled at 0.4445 g (+1.5 mg vs KF m_hat, 0.0555 g to go), 2 polls, 0 KF clamps, ff 0.350 g/rev
=== stage 3 'tap': 0.0555 g to go, single taps at 15.0 plate deg
[phase 3 tap] cycle 1: mass 0.4453 / 0.5000 g (0.0547 g to go, +0.0008 g this cycle), elapsed 20.0 s
[phase 3 tap] cycle 2: mass 0.4453 / 0.5000 g (0.0547 g to go, +0.0000 g this cycle), elapsed 23.0 s
[phase 3 tap] cycle 3: mass 0.4458 / 0.5000 g (0.0542 g to go, +0.0005 g this cycle), elapsed 26.0 s
[phase 3 tap] cycle 4: mass 0.4468 / 0.5000 g (0.0532 g to go, +0.0010 g this cycle), elapsed 29.0 s
[phase 3 tap] cycle 5: mass 0.4477 / 0.5000 g (0.0523 g to go, +0.0009 g this cycle), elapsed 33.0 s
[phase 3 tap] cycle 6: mass 0.4483 / 0.5000 g (0.0517 g to go, +0.0006 g this cycle), elapsed 35.0 s
[phase 3 tap] cycle 7: mass 0.4487 / 0.5000 g (0.0513 g to go, +0.0004 g this cycle), elapsed 39.0 s
[phase 3 tap] cycle 8: mass 0.4492 / 0.5000 g (0.0508 g to go, +0.0005 g this cycle), elapsed 42.0 s
[phase 3 tap] cycle 9: mass 0.4501 / 0.5000 g (0.0499 g to go, +0.0010 g this cycle), elapsed 45.0 s
[phase 3 tap] cycle 10: mass 0.4502 / 0.5000 g (0.0498 g to go, +0.0001 g this cycle), elapsed 48.0 s
[phase 3 tap] cycle 11: mass 0.4505 / 0.5000 g (0.0495 g to go, +0.0003 g this cycle), elapsed 51.0 s
[phase 3 tap] cycle 12: mass 0.4510 / 0.5000 g (0.0490 g to go, +0.0005 g this cycle), elapsed 54.0 s
[phase 3 tap] cycle 13: mass 0.4525 / 0.5000 g (0.0475 g to go, +0.0015 g this cycle), elapsed 57.0 s
[phase 3 tap] cycle 14: mass 0.4532 / 0.5000 g (0.0468 g to go, +0.0008 g this cycle), elapsed 60.0 s
[phase 3 tap] cycle 15: mass 0.4540 / 0.5000 g (0.0460 g to go, +0.0008 g this cycle), elapsed 64.0 s
[phase 3 tap] cycle 16: mass 0.4542 / 0.5000 g (0.0458 g to go, +0.0002 g this cycle), elapsed 67.0 s
[phase 3 tap] cycle 17: mass 0.4552 / 0.5000 g (0.0448 g to go, +0.0009 g this cycle), elapsed 70.0 s
[phase 3 tap] cycle 18: mass 0.4558 / 0.5000 g (0.0442 g to go, +0.0007 g this cycle), elapsed 73.0 s
[phase 3 tap] cycle 19: mass 0.4569 / 0.5000 g (0.0431 g to go, +0.0011 g this cycle), elapsed 76.0 s
[phase 3 tap] cycle 20: mass 0.4580 / 0.5000 g (0.0420 g to go, +0.0011 g this cycle), elapsed 79.0 s
[phase 3 tap] cycle 21: mass 0.4583 / 0.5000 g (0.0417 g to go, +0.0003 g this cycle), elapsed 81.0 s
[phase 3 tap] cycle 22: mass 0.4585 / 0.5000 g (0.0415 g to go, +0.0002 g this cycle), elapsed 85.0 s
[phase 3 tap] cycle 23: mass 0.4591 / 0.5000 g (0.0409 g to go, +0.0006 g this cycle), elapsed 88.0 s
[phase 3 tap] cycle 24: mass 0.4597 / 0.5000 g (0.0403 g to go, +0.0006 g this cycle), elapsed 91.0 s
[phase 3 tap] cycle 25: mass 0.4606 / 0.5000 g (0.0394 g to go, +0.0009 g this cycle), elapsed 94.0 s
[phase 3 tap] cycle 26: mass 0.4614 / 0.5000 g (0.0386 g to go, +0.0008 g this cycle), elapsed 97.0 s
[phase 3 tap] cycle 27: mass 0.4624 / 0.5000 g (0.0376 g to go, +0.0010 g this cycle), elapsed 100.0 s
[phase 3 tap] cycle 28: mass 0.4633 / 0.5000 g (0.0367 g to go, +0.0009 g this cycle), elapsed 103.0 s
[phase 3 tap] cycle 29: mass 0.4640 / 0.5000 g (0.0360 g to go, +0.0008 g this cycle), elapsed 106.0 s
[phase 3 tap] cycle 30: mass 0.4649 / 0.5000 g (0.0351 g to go, +0.0009 g this cycle), elapsed 109.0 s
[phase 3 tap] cycle 31: mass 0.4658 / 0.5000 g (0.0342 g to go, +0.0009 g this cycle), elapsed 112.0 s
[phase 3 tap] cycle 32: mass 0.4661 / 0.5000 g (0.0339 g to go, +0.0003 g this cycle), elapsed 115.0 s
[phase 3 tap] cycle 33: mass 0.4672 / 0.5000 g (0.0328 g to go, +0.0011 g this cycle), elapsed 118.0 s
[phase 3 tap] cycle 34: mass 0.4679 / 0.5000 g (0.0321 g to go, +0.0007 g this cycle), elapsed 121.0 s
[phase 3 tap] cycle 35: mass 0.4689 / 0.5000 g (0.0311 g to go, +0.0010 g this cycle), elapsed 124.0 s
[phase 3 tap] cycle 36: mass 0.4699 / 0.5000 g (0.0301 g to go, +0.0010 g this cycle), elapsed 127.0 s
[phase 3 tap] cycle 37: mass 0.4706 / 0.5000 g (0.0294 g to go, +0.0007 g this cycle), elapsed 130.0 s
[phase 3 tap] cycle 38: mass 0.4715 / 0.5000 g (0.0285 g to go, +0.0009 g this cycle), elapsed 133.0 s
[phase 3 tap] cycle 39: mass 0.4724 / 0.5000 g (0.0276 g to go, +0.0009 g this cycle), elapsed 136.0 s
[phase 3 tap] cycle 40: mass 0.4735 / 0.5000 g (0.0265 g to go, +0.0012 g this cycle), elapsed 139.0 s
[phase 3 tap] cycle 41: mass 0.4741 / 0.5000 g (0.0259 g to go, +0.0006 g this cycle), elapsed 143.0 s
[phase 3 tap] cycle 42: mass 0.4748 / 0.5000 g (0.0252 g to go, +0.0007 g this cycle), elapsed 146.0 s
[phase 3 tap] cycle 43: mass 0.4759 / 0.5000 g (0.0241 g to go, +0.0010 g this cycle), elapsed 149.0 s
[phase 3 tap] cycle 44: mass 0.4773 / 0.5000 g (0.0227 g to go, +0.0014 g this cycle), elapsed 152.0 s
[phase 3 tap] cycle 45: mass 0.4781 / 0.5000 g (0.0219 g to go, +0.0008 g this cycle), elapsed 155.0 s
[phase 3 tap] cycle 46: mass 0.4783 / 0.5000 g (0.0217 g to go, +0.0002 g this cycle), elapsed 158.0 s
[phase 3 tap] cycle 47: mass 0.4797 / 0.5000 g (0.0203 g to go, +0.0015 g this cycle), elapsed 161.0 s
[phase 3 tap] cycle 48: mass 0.4804 / 0.5000 g (0.0196 g to go, +0.0007 g this cycle), elapsed 164.0 s
[phase 3 tap] cycle 49: mass 0.4809 / 0.5000 g (0.0191 g to go, +0.0005 g this cycle), elapsed 167.0 s
[phase 3 tap] cycle 50: mass 0.4819 / 0.5000 g (0.0181 g to go, +0.0010 g this cycle), elapsed 170.0 s
[phase 3 tap] cycle 51: mass 0.4821 / 0.5000 g (0.0179 g to go, +0.0002 g this cycle), elapsed 173.0 s
[phase 3 tap] cycle 52: mass 0.4830 / 0.5000 g (0.0170 g to go, +0.0009 g this cycle), elapsed 176.0 s
[phase 3 tap] cycle 53: mass 0.4842 / 0.5000 g (0.0158 g to go, +0.0012 g this cycle), elapsed 179.0 s
[phase 3 tap] cycle 54: mass 0.4848 / 0.5000 g (0.0152 g to go, +0.0006 g this cycle), elapsed 182.0 s
[phase 3 tap] cycle 55: mass 0.4852 / 0.5000 g (0.0148 g to go, +0.0004 g this cycle), elapsed 185.0 s
[phase 3 tap] cycle 56: mass 0.4867 / 0.5000 g (0.0133 g to go, +0.0016 g this cycle), elapsed 188.0 s
[phase 3 tap] cycle 57: mass 0.4878 / 0.5000 g (0.0122 g to go, +0.0011 g this cycle), elapsed 191.0 s
[phase 3 tap] cycle 58: mass 0.4889 / 0.5000 g (0.0111 g to go, +0.0011 g this cycle), elapsed 194.0 s
[phase 3 tap] cycle 59: mass 0.4902 / 0.5000 g (0.0098 g to go, +0.0013 g this cycle), elapsed 197.0 s
[phase 3 tap] cycle 60: mass 0.4910 / 0.5000 g (0.0090 g to go, +0.0008 g this cycle), elapsed 200.0 s
[phase 3 tap] cycle 61: mass 0.4917 / 0.5000 g (0.0083 g to go, +0.0008 g this cycle), elapsed 203.0 s
[phase 3 tap] cycle 62: mass 0.4929 / 0.5000 g (0.0071 g to go, +0.0011 g this cycle), elapsed 206.0 s
[phase 3 tap] cycle 63: mass 0.4933 / 0.5000 g (0.0067 g to go, +0.0004 g this cycle), elapsed 209.0 s
[phase 3 tap] cycle 64: mass 0.4940 / 0.5000 g (0.0060 g to go, +0.0008 g this cycle), elapsed 212.0 s
[phase 3 tap] cycle 65: mass 0.4955 / 0.5000 g (0.0045 g to go, +0.0015 g this cycle), elapsed 216.0 s
[phase 3 tap] cycle 66: mass 0.4967 / 0.5000 g (0.0033 g to go, +0.0012 g this cycle), elapsed 219.0 s
[phase 3 tap] cycle 67: mass 0.4974 / 0.5000 g (0.0026 g to go, +0.0007 g this cycle), elapsed 222.0 s
[dose] final settle 2000 ms before the scoring reading
[dose] done: DoseResult(ok: 0.4975/0.5000 g in 225.0s; cycles bulk:9, trickle:2, tap:67; 5.02 auger rev, 73 taps)
RESULT {"fw": "trickle_tap/2026-09-25", "t_total_s": 224.78, "t_bulk_s": 6.41, "taps": 73, "t_trickle_s": 5.75, "t_settle_s": 3.45, "phase_cycles": {"tap": 67, "bulk": 9, "trickle": 2}, "ff_g_per_rev": 0.35, "error_mg": -2.5, "params": {"tap_cadence_off_ms": 440, "trickle_tap": false, "trickle_tilt_deg": 30.0, "tolerance_g": 0.003, "goal_mass_g": 0.75, "trickle_start_remaining_g": 0.139625, "bulk_tilt_deg": 40.0, "tau_afterflow_s": 0.8338, "tap_tilt_deg": 15.0, "bulk_tap": true, "overshoot_abort_g": 0.1, "final_settle_ms": 2000, "bulk_rpm": 100.0, "tap_cadence_on_ms": 60}, "telemetry_rows": 80, "nudges": 0, "log_path": null, "settled_final": 1, "baseline_g": 0.0, "t_tap_s": 205.12, "auger_rev": 5.024, "status": "ok", "final_g": 0.4975, "v": 1, "target_g": 0.5, "stop_events": [{"settled_g": 0.4429, "rate_slope_gps": 0.13287, "rpm": 100.0, "rate_kf_gps": null, "t_stop_s": 10.46, "m_stop_g": 0.3384, "tau_s": 0.8338, "afterflow_g": 0.1045, "stalled": 0, "phase": "bulk"}, {"phase": "trickle", "rate_kf_gps": 0.01705, "settled_g": 0.4445, "stalled": 0, "tau_s": 0.8338, "m_stop_g": 0.443, "afterflow_g": 0.0015, "rate_slope_gps": null, "t_stop_s": 13.62}], "read_retries": 0, "dose_n": 37}
>> log
--- BEGIN trickle telemetry CSV ---
t_s,phase,z_g,fresh,m_g,r_gps,sigma_g,ff_gpr,r_sp_gps,err_gps,integ,rpm_cmd,pred_g,cutoff_g,clamp_hits
4.73,bulk,0.00000,1,0.00000,,,,,,,,,,
5.10,bulk,0.00000,1,0.00000,,,,,,,,,,
5.38,bulk,0.01060,1,0.01060,,,,,,,,,,
5.77,bulk,0.07910,1,0.07910,,,,,,,,,,
6.16,bulk,0.14180,1,0.14180,,,,,,,,,,
6.54,bulk,0.19440,1,0.19440,,,,,,,,,,
6.91,bulk,0.23880,1,0.23880,,,,,,,,,,
7.30,bulk,0.28720,1,0.28720,,,,,,,,,,
7.69,bulk,0.33840,1,0.33840,,,,,,,,,,
10.46,bulk,0.44290,1,0.44290,,,,,,,,,,
13.24,trickle,0.44300,1,0.44300,0.00000,0.01285,0.3500,0.01319,0.01319,0.0000,0.00,0.45585,0.46500,0
13.61,trickle,0.44300,1,0.44300,0.01705,0.01179,0.3500,0.01319,-0.00386,0.0051,3.91,0.46900,0.46500,0
16.20,trickle_end,0.44450,1,0.44450,,,,,,,,,,0
19.75,tap,0.44526,1,0.44526,,,,,,,,,,
22.90,tap,0.44530,1,0.44530,,,,,,,,,,
25.96,tap,0.44582,1,0.44582,,,,,,,,,,
29.11,tap,0.44678,1,0.44678,,,,,,,,,,
32.18,tap,0.44770,1,0.44770,,,,,,,,,,
35.13,tap,0.44832,1,0.44832,,,,,,,,,,
38.29,tap,0.44872,1,0.44872,,,,,,,,,,
41.26,tap,0.44918,1,0.44918,,,,,,,,,,
44.31,tap,0.45014,1,0.45014,,,,,,,,,,
47.57,tap,0.45020,1,0.45020,,,,,,,,,,
50.62,tap,0.45052,1,0.45052,,,,,,,,,,
53.79,tap,0.45100,1,0.45100,,,,,,,,,,
57.04,tap,0.45248,1,0.45248,,,,,,,,,,
59.99,tap,0.45324,1,0.45324,,,,,,,,,,
63.16,tap,0.45404,1,0.45404,,,,,,,,,,
66.32,tap,0.45424,1,0.45424,,,,,,,,,,
69.27,tap,0.45516,1,0.45516,,,,,,,,,,
72.23,tap,0.45584,1,0.45584,,,,,,,,,,
75.21,tap,0.45690,1,0.45690,,,,,,,,,,
78.16,tap,0.45802,1,0.45802,,,,,,,,,,
81.13,tap,0.45834,1,0.45834,,,,,,,,,,
84.39,tap,0.45850,1,0.45850,,,,,,,,,,
87.34,tap,0.45910,1,0.45910,,,,,,,,,,
90.62,tap,0.45970,1,0.45970,,,,,,,,,,
93.56,tap,0.46062,1,0.46062,,,,,,,,,,
96.54,tap,0.46142,1,0.46142,,,,,,,,,,
99.49,tap,0.46238,1,0.46238,,,,,,,,,,
102.45,tap,0.46328,1,0.46328,,,,,,,,,,
105.51,tap,0.46404,1,0.46404,,,,,,,,,,
108.48,tap,0.46494,1,0.46494,,,,,,,,,,
111.63,tap,0.46582,1,0.46582,,,,,,,,,,
114.90,tap,0.46612,1,0.46612,,,,,,,,,,
117.95,tap,0.46718,1,0.46718,,,,,,,,,,
120.91,tap,0.46790,1,0.46790,,,,,,,,,,
124.07,tap,0.46892,1,0.46892,,,,,,,,,,
127.06,tap,0.46994,1,0.46994,,,,,,,,,,
130.01,tap,0.47060,1,0.47060,,,,,,,,,,
132.96,tap,0.47146,1,0.47146,,,,,,,,,,
135.92,tap,0.47238,1,0.47238,,,,,,,,,,
139.09,tap,0.47354,1,0.47354,,,,,,,,,,
142.25,tap,0.47412,1,0.47412,,,,,,,,,,
145.40,tap,0.47482,1,0.47482,,,,,,,,,,
148.37,tap,0.47586,1,0.47586,,,,,,,,,,
151.43,tap,0.47730,1,0.47730,,,,,,,,,,
154.39,tap,0.47808,1,0.47808,,,,,,,,,,
157.55,tap,0.47828,1,0.47828,,,,,,,,,,
160.50,tap,0.47974,1,0.47974,,,,,,,,,,
163.47,tap,0.48040,1,0.48040,,,,,,,,,,
166.53,tap,0.48094,1,0.48094,,,,,,,,,,
169.49,tap,0.48194,1,0.48194,,,,,,,,,,
172.65,tap,0.48210,1,0.48210,,,,,,,,,,
175.62,tap,0.48300,1,0.48300,,,,,,,,,,
178.68,tap,0.48420,1,0.48420,,,,,,,,,,
181.63,tap,0.48480,1,0.48480,,,,,,,,,,
184.60,tap,0.48516,1,0.48516,,,,,,,,,,
187.86,tap,0.48672,1,0.48672,,,,,,,,,,
190.82,tap,0.48780,1,0.48780,,,,,,,,,,
193.88,tap,0.48890,1,0.48890,,,,,,,,,,
196.84,tap,0.49020,1,0.49020,,,,,,,,,,
199.81,tap,0.49096,1,0.49096,,,,,,,,,,
202.87,tap,0.49174,1,0.49174,,,,,,,,,,
206.03,tap,0.49286,1,0.49286,,,,,,,,,,
208.99,tap,0.49326,1,0.49326,,,,,,,,,,
211.95,tap,0.49402,1,0.49402,,,,,,,,,,
215.21,tap,0.49548,1,0.49548,,,,,,,,,,
218.16,tap,0.49670,1,0.49670,,,,,,,,,,
221.32,tap,0.49744,1,0.49744,,,,,,,,,,
--- END trickle telemetry CSV ---
