--- session 2026-09-29T03:44:58.039492+00:00 ---
>> 
>> s
firmware: trickle_tap/2026-09-25
stepper: 60 auger rpm (max ~109), 1/8 microsteps; plate at 15.0 deg; scale UART0 @ 19200
trickle parameters ('set <key> <value>' to change):
  bulk_anticipation_g = 0.05
  bulk_enabled = True
  bulk_poll_ms = 250
  bulk_rpm = 20.0
  bulk_settle_ms = 1500
  bulk_tap = True
  bulk_tilt_deg = 40.0
  cutoff_margin_g = 0.035
  dose_timeout_s = 600
  ff_prior_g_per_rev = 0.35
  final_settle_ms = 2000
  goal_mass_g = 0.75
  k_sigma = 1.0
  kf_q_var = 0.0002
  log_max_rows = 2400
  log_to_flash = False
  max_poll_misses = 10
  noisy_sd_g = 0.008
  overshoot_abort_g = 0.1
  post_trickle_settle_ms = 1200
  print_every_n_polls = 2
  quiet_sd_g = 0.0005
  rate_tau_s = 0.5
  stall_bail_s = 8.0
  tap_cadence_off_ms = 440
  tap_cadence_on_ms = 60
  tap_max_cycles = 120
  tap_max_nudges = 20
  tap_nudge_deg = 5.0
  tap_settle_ms = 1500
  tap_tilt_deg = 15.0
  taps_per_cycle = 1
  tau_afterflow_s = 0.8338
  tau_bal_s = 0.7
  tolerance_g = 0.003
  trickle_dt_s = 0.25
  trickle_integ_clamp = 0.5
  trickle_ki = 120.0
  trickle_kp = 250.0
  trickle_max_rate_gps = 0.05
  trickle_min_rate_gps = 0.003
  trickle_rpm_cap = 45.0
  trickle_start_remaining_g = 0.3
  trickle_tap = False
  trickle_tilt_deg = 10.0
>> set bulk_anticipation_g 0.05
[set] bulk_anticipation_g = 0.05 (was 0.05)
>> set bulk_enabled 1
[set] bulk_enabled = True (was True)
>> set bulk_poll_ms 250
[set] bulk_poll_ms = 250 (was 250)
>> set bulk_settle_ms 1500
[set] bulk_settle_ms = 1500 (was 1500)
>> set cutoff_margin_g 0.035
[set] cutoff_margin_g = 0.035 (was 0.035)
>> set dose_timeout_s 600
[set] dose_timeout_s = 600 (was 600)
>> set ff_prior_g_per_rev 0.35
[set] ff_prior_g_per_rev = 0.35 (was 0.35)
>> set final_settle_ms 2000
[set] final_settle_ms = 2000 (was 2000)
>> set k_sigma 1
[set] k_sigma = 1.0 (was 1.0)
>> set kf_q_var 0.0002
[set] kf_q_var = 0.0002 (was 0.0002)
>> set log_max_rows 2400
[set] log_max_rows = 2400 (was 2400)
>> set log_to_flash 0
[set] log_to_flash = False (was False)
>> set max_poll_misses 10
[set] max_poll_misses = 10 (was 10)
>> set noisy_sd_g 0.008
[set] noisy_sd_g = 0.008 (was 0.008)
>> set overshoot_abort_g 0.1
[set] overshoot_abort_g = 0.1 (was 0.1)
>> set post_trickle_settle_ms 1200
[set] post_trickle_settle_ms = 1200 (was 1200)
>> set print_every_n_polls 2
[set] print_every_n_polls = 2 (was 2)
>> set quiet_sd_g 0.0005
[set] quiet_sd_g = 0.0005 (was 0.0005)
>> set rate_tau_s 0.5
[set] rate_tau_s = 0.5 (was 0.5)
>> set stall_bail_s 8
[set] stall_bail_s = 8.0 (was 8.0)
>> set tap_cadence_off_ms 440
[set] tap_cadence_off_ms = 440 (was 440)
>> set tap_cadence_on_ms 60
[set] tap_cadence_on_ms = 60 (was 60)
>> set tap_max_cycles 120
[set] tap_max_cycles = 120 (was 120)
>> set tap_max_nudges 20
[set] tap_max_nudges = 20 (was 20)
>> set tap_nudge_deg 5
[set] tap_nudge_deg = 5.0 (was 5.0)
>> set tap_settle_ms 1500
[set] tap_settle_ms = 1500 (was 1500)
>> set taps_per_cycle 1
[set] taps_per_cycle = 1 (was 1)
>> set tau_afterflow_s 0.3
[set] tau_afterflow_s = 0.3 (was 0.8338)
>> set tau_bal_s 0.7
[set] tau_bal_s = 0.7 (was 0.7)
>> set trickle_dt_s 0.25
[set] trickle_dt_s = 0.25 (was 0.25)
>> set trickle_integ_clamp 0.5
[set] trickle_integ_clamp = 0.5 (was 0.5)
>> set trickle_ki 120
[set] trickle_ki = 120.0 (was 120.0)
>> set trickle_kp 250
[set] trickle_kp = 250.0 (was 250.0)
>> set trickle_max_rate_gps 0.05
[set] trickle_max_rate_gps = 0.05 (was 0.05)
>> set trickle_min_rate_gps 0.003
[set] trickle_min_rate_gps = 0.003 (was 0.003)
>> set trickle_rpm_cap 45
[set] trickle_rpm_cap = 45.0 (was 45.0)
>> set bulk_tap 1
[set] bulk_tap = True (was True)
>> set trickle_tap 0
[set] trickle_tap = False (was False)
>> set bulk_tilt_deg 40
[set] bulk_tilt_deg = 40.0 (was 40.0)
>> set trickle_tilt_deg 30
[set] trickle_tilt_deg = 30.0 (was 10.0)
>> set tap_tilt_deg 15
[set] tap_tilt_deg = 15.0 (was 15.0)
>> set bulk_rpm 100
[set] bulk_rpm = 100.0 (was 20.0)
>> set trickle_start_remaining_g 0.3
[set] trickle_start_remaining_g = 0.3 (was 0.3)
>> set tolerance_g 0.015
[set] tolerance_g = 0.015 (was 0.003)
>> set tau_afterflow_s 0.8338
[set] tau_afterflow_s = 0.8338 (was 0.3)
>> g 0.5000
[dose] trickle-tap dose to 0.5000 g (tol 15.0 mg, trickle tilt 30.0 plate deg); taring scale
[dose] tared: baseline +0.0 mg (subtracted), drift +0.0 mg/min, read noise 0.00 mg
=== stage 1 'bulk': 0.5000 g to go, velocity mode @ 100 rpm until 0.3500 g to go
[phase 1 bulk] cadence taps on: one 60 ms pulse per 500 ms
[phase 1 bulk] poll 1: mass 0.0000 / 0.5000 g (0.5000 g to go, +0.0000 g this poll), elapsed 6.0 s
[phase 1 bulk] poll 2: mass 0.0000 / 0.5000 g (0.5000 g to go, +0.0000 g this poll), elapsed 6.0 s
[phase 1 bulk] poll 3 (unstable): mass 0.0045 / 0.5000 g (0.4955 g to go, +0.0045 g this poll), elapsed 6.0 s
[phase 1 bulk] poll 4 (unstable): mass 0.0507 / 0.5000 g (0.4493 g to go, +0.0462 g this poll), elapsed 7.0 s
[phase 1 bulk] poll 5 (unstable): mass 0.1140 / 0.5000 g (0.3860 g to go, +0.0633 g this poll), elapsed 7.0 s
[phase 1 bulk] poll 6 (unstable): mass 0.1460 / 0.5000 g (0.3540 g to go, +0.0320 g this poll), elapsed 7.0 s
[phase 1 bulk] poll 7 (unstable): mass 0.1979 / 0.5000 g (0.3021 g to go, +0.0519 g this poll), elapsed 8.0 s
[phase 1 bulk] auger halted at 0.3021 g to go (halt threshold 0.3500 g); settling 1500 ms
[phase 1 bulk] settled: mass 0.2970 / 0.5000 g (0.2030 g to go, +0.0991 g while settling), elapsed 10.0 s
[trickle] seeded at 0.2970 g; cutoff when m+r*0.83s+1.0*sigma >= 0.4650 g
[trickle]  13.3s m 0.2971 r  65.1 mg/s (sp  50.0) rpm  14.2 pred 0.3633/0.4650 sigma 12.0 mg
[trickle]  14.0s m 0.3273 r  52.0 mg/s (sp  50.0) rpm  10.9 pred 0.3782/0.4650 sigma 7.6 mg
[trickle]  14.7s m 0.3468 r  45.8 mg/s (sp  50.0) rpm  11.1 pred 0.3931/0.4650 sigma 8.2 mg
[trickle]  15.4s m 0.3601 r  43.8 mg/s (sp  50.0) rpm   9.0 pred 0.4050/0.4650 sigma 8.3 mg
[trickle]  16.0s m 0.3735 r  42.1 mg/s (sp  50.0) rpm   8.5 pred 0.4169/0.4650 sigma 8.3 mg
[trickle]  16.7s m 0.3881 r  41.0 mg/s (sp  46.1) rpm   8.4 pred 0.4306/0.4650 sigma 8.3 mg
[trickle]  17.5s m 0.4007 r  35.6 mg/s (sp  38.6) rpm   7.6 pred 0.4392/0.4650 sigma 8.9 mg
[trickle]  18.2s m 0.4228 r  32.7 mg/s (sp  25.3) rpm   7.4 pred 0.4588/0.4650 sigma 8.7 mg
[trickle] predictive cutoff: m 0.4545 + r*tau 0.0191 + k*sigma 0.0090 >= 0.4650 g
[trickle] halted; settled at 0.5141 g (+59.6 mg vs KF m_hat, 0.0000 g to go), 17 polls, 0 KF clamps, ff 0.251 g/rev
=== stage 3 'tap' skipped (-0.0141 g to go is inside tolerance)
[dose] final settle 2000 ms before the scoring reading
[dose] done: DoseResult(ok: 0.5140/0.5000 g in 25.0s; cycles bulk:7, trickle:17, tap:0; 5.68 auger rev, 4 taps)
RESULT {"fw": "trickle_tap/2026-09-25", "t_total_s": 24.57, "t_bulk_s": 6.02, "taps": 4, "t_trickle_s": 11.01, "t_settle_s": 3.33, "phase_cycles": {"tap": 0, "bulk": 7, "trickle": 17}, "ff_g_per_rev": 0.2509, "error_mg": 14.0, "params": {"tap_cadence_off_ms": 440, "trickle_tap": false, "trickle_tilt_deg": 30.0, "tolerance_g": 0.015, "goal_mass_g": 0.75, "trickle_start_remaining_g": 0.3, "bulk_tilt_deg": 40.0, "tau_afterflow_s": 0.8338, "tap_tilt_deg": 15.0, "bulk_tap": true, "overshoot_abort_g": 0.1, "final_settle_ms": 2000, "bulk_rpm": 100.0, "tap_cadence_on_ms": 60}, "telemetry_rows": 26, "nudges": 0, "log_path": null, "settled_final": 1, "baseline_g": 0.0, "t_tap_s": 0.0, "auger_rev": 5.683, "status": "ok", "final_g": 0.514, "v": 1, "target_g": 0.5, "stop_events": [{"settled_g": 0.297, "rate_slope_gps": 0.12198, "rpm": 100.0, "rate_kf_gps": null, "t_stop_s": 10.22, "m_stop_g": 0.1979, "tau_s": 0.8338, "afterflow_g": 0.0991, "stalled": 0, "phase": "bulk"}, {"phase": "trickle", "rate_kf_gps": 0.02287, "settled_g": 0.51408, "stalled": 0, "tau_s": 0.8338, "m_stop_g": 0.45448, "afterflow_g": 0.0596, "rate_slope_gps": 0.06006, "t_stop_s": 18.55}], "read_retries": 0, "dose_n": 36}
>> log
--- BEGIN trickle telemetry CSV ---
t_s,phase,z_g,fresh,m_g,r_gps,sigma_g,ff_gpr,r_sp_gps,err_gps,integ,rpm_cmd,pred_g,cutoff_g,clamp_hits
5.33,bulk,0.00000,1,0.00000,,,,,,,,,,
5.72,bulk,0.00000,1,0.00000,,,,,,,,,,
6.00,bulk,0.00450,1,0.00450,,,,,,,,,,
6.39,bulk,0.05070,1,0.05070,,,,,,,,,,
6.77,bulk,0.11400,1,0.11400,,,,,,,,,,
7.05,bulk,0.14600,1,0.14600,,,,,,,,,,
7.44,bulk,0.19790,1,0.19790,,,,,,,,,,
10.21,bulk,0.29700,1,0.29700,,,,,,,,,,
12.89,trickle,0.29710,1,0.29706,0.00000,0.01352,0.3500,0.05000,0.05000,0.0000,0.00,0.31058,0.46500,0
13.28,trickle,0.29710,1,0.29707,0.06507,0.01201,0.3500,0.05000,-0.01507,0.0141,14.19,0.36334,0.46500,0
13.66,trickle,0.29710,1,0.32146,0.01640,0.00653,0.3500,0.05000,0.03360,0.0082,0.00,0.34166,0.46500,0
14.04,trickle,0.30300,1,0.32734,0.05197,0.00755,0.3500,0.05000,-0.00197,0.0207,10.89,0.37823,0.46500,0
14.42,trickle,0.30590,1,0.34555,0.02045,0.00833,0.3500,0.05000,0.02955,0.0200,1.91,0.37092,0.46500,0
14.71,trickle,0.30670,1,0.34677,0.04578,0.00817,0.3500,0.05000,0.00422,0.0313,11.15,0.39312,0.46500,0
15.09,trickle,0.31290,1,0.35789,0.03269,0.00866,0.3500,0.05000,0.01731,0.0326,4.96,0.39381,0.46500,0
15.38,trickle,0.31660,1,0.36014,0.04380,0.00830,0.3359,0.05000,0.00620,0.0391,9.03,0.40496,0.46500,0
15.76,trickle,0.32470,1,0.36986,0.03776,0.00867,0.3235,0.05000,0.01224,0.0409,6.46,0.41002,0.46500,0
16.05,trickle,0.32830,1,0.37354,0.04212,0.00827,0.3111,0.05000,0.00788,0.0456,8.53,0.41692,0.46500,0
16.43,trickle,0.33650,1,0.38266,0.04023,0.00867,0.2997,0.04938,0.00915,0.0479,7.71,0.42487,0.46500,0
16.72,trickle,0.34360,1,0.38812,0.04103,0.00827,0.2889,0.04610,0.00507,0.0513,8.45,0.43060,0.46500,0
17.10,trickle,0.34630,1,0.39549,0.03736,0.00867,0.2789,0.04168,0.00432,0.0528,7.60,0.43531,0.46500,0
17.48,trickle,0.35150,1,0.40069,0.03555,0.00886,0.2692,0.03857,0.00301,0.0545,7.61,0.43919,0.46500,0
17.77,trickle,0.36110,1,0.40428,0.03387,0.00842,0.2599,0.03641,0.00254,0.0556,7.43,0.44094,0.46500,0
18.15,trickle,0.40350,1,0.42278,0.03269,0.00874,0.2532,0.02532,-0.00737,0.0563,7.40,0.45878,0.46500,0
18.54,trickle,0.45760,1,0.45448,0.02287,0.00898,0.2509,0.00631,-0.01656,0.0535,4.58,0.48253,0.46500,0
21.22,trickle_end,0.51408,1,0.51408,,,,,,,,,,0
--- END trickle telemetry CSV ---
