import powder_battery
>>> powder_battery.run(powder_id='salt', attended=False, blocks="ABCDE")
[vib] DRV2605L unavailable ([Errno 5] EIO); skipping init
RUN,BEGIN
META,powder_id,salt
META,battery_version,2
META,blocks,ABCDE
META,tilts_deg,0.0;45.0;90.0
META,baseline_reads,8
META,hold_s,15
META,rotation_trials,6
META,rotation_step_deg,360.0
META,rotation_rpm,30.0
META,speed_rpms,15.0;45.0;90.0
META,speed_revs,3.0
META,tap_tilts,0.0;45.0
META,tap_trials,8
META,taps_per_point,1
META,refeed_deg,360.0
META,vib_bursts,3
META,dose_repeats,3
META,dose_target_g,1.0
META,settle_ms,2000
META,min_flow_g,0.0005
META,bracket_n,6
META,bracket_ms,400
META,shock_g,0.01
META,max_resid_g,0.0015
META,quiet_tries,8
META,max_trial_retries,2
META,drift_correct,1
META,attended,0
META,config.SCALE_BAUD,19200
META,config.SCALE_BITS,8
META,config.SCALE_PARITY,0
META,config.SCALE_STABLE_TIMEOUT_MS,10000
META,config.SCALE_STOP,1
META,config.SERVO_SPEED_DEG_PER_S,60
META,config.STEPPER_ACCEL_REV_PER_S2,4.0
META,config.STEPPER_FULL_STEPS_REV,200
META,config.STEPPER_MICROSTEPS,8
META,config.STEPPER_SPEED_RPM,60
META,config.TAP_OFF_MS,150
META,config.TAP_ON_MS,60
META,config.TAP_PWM_DUTY,1.0
[battery] block A
META,tare,skipped-unstable
CSV,A,45.0,baseline,0,,,1.3888,1.3871,-0.0017,,14315,0.0007,-0.0003,0.0000,0,ok
CSV,A,45.0,baseline,1,,,1.3813,1.3881,0.0068,,18799,0.0027,-0.0059,0.0000,0,ok
CSV,A,45.0,baseline,2,,,1.3879,1.3902,0.0023,,23293,0.0001,-0.0002,0.0000,0,ok
CSV,A,45.0,baseline,3,,,1.3933,1.3907,-0.0026,,27788,0.0002,0.0031,0.0000,0,ok
CSV,A,45.0,baseline,4,,,1.3895,1.3902,0.0007,,32282,0.0009,-0.0012,0.0000,0,unsettled
CSV,A,45.0,baseline,5,,,1.3860,1.3888,0.0028,,36778,0.0037,-0.0042,0.0000,0,unsettled
CSV,A,45.0,baseline,6,,,1.3895,1.3906,0.0011,,41272,0.0008,0.0007,0.0000,0,ok
CSV,A,45.0,baseline,7,,,1.3910,1.3921,0.0011,,45767,0.0007,0.0004,0.0000,0,ok
SUM,A,45.0,baseline,8,0.0013,0.0029,0.0010,-0.0026,0.0068
[battery] block B
META,tare,skipped-unstable
CSV,B,0.0,hold,0,15,,1.3428,1.3847,0.0419,,75703,0.0397,-0.0417,0.0000,0,unsettled
META,tare,skipped-unstable
CSV,B,45.0,hold,0,15,,1.4082,1.3947,-0.0134,,105635,0.0029,0.0213,-0.0152,0,shock
META,tare,skipped-unstable
CSV,B,90.0,hold,0,15,,1.3795,1.3828,0.0033,,135566,0.0119,-0.0031,0.0000,0,ok
[battery] block C
PROMPT,block C at tilt 0.0 -- empty the collection cup if it is getting full, then Enter ('skip'/'abort')
META,tare,skipped-unstable
CSV,C,0.0,rotation,0,360.0,30,1.3874,1.4101,0.0226,,155172,0.0009,-0.0009,0.0000,0,ok
CSV,C,0.0,rotation,1,360.0,30,1.4060,1.4440,0.0380,,166744,0.0013,-0.0027,0.0000,0,ok
CSV,C,0.0,rotation,2,360.0,30,1.4421,1.4872,0.0450,,178316,0.0016,-0.0020,0.0000,0,unsettled
CSV,C,0.0,rotation,3,360.0,30,1.4863,1.5281,0.0417,,189882,0.0014,0.0055,0.0000,0,ok
CSV,C,0.0,rotation,4,360.0,30,1.5337,1.5634,0.0297,,201454,0.0024,0.0066,0.0000,0,ok
CSV,C,0.0,rotation,5,360.0,30,1.5571,1.6081,0.0510,,213026,0.0016,-0.0050,0.0000,0,unsettled
SUM,C,0.0,rotation,6,0.0380,0.0104,0.0042,0.0226,0.0510
PROMPT,block C at tilt 45.0 -- empty the collection cup if it is getting full, then Enter ('skip'/'abort')
META,tare,skipped-unstable
CSV,C,45.0,rotation,0,360.0,30,1.6215,1.7574,0.1360,,231865,0.0074,0.0148,0.0000,0,unsettled
CSV,C,45.0,rotation,1,360.0,30,1.7679,1.9351,0.1673,,243436,0.0067,0.0112,0.0000,0,ok
CSV,C,45.0,rotation,2,360.0,30,1.9394,2.0980,0.1585,,255012,0.0012,0.0033,0.0000,0,ok
CSV,C,45.0,rotation,3,360.0,30,2.0893,2.2280,0.1386,,266579,0.0085,-0.0082,0.0000,0,unsettled
CSV,C,45.0,rotation,4,360.0,30,2.2479,2.4242,0.1763,,278150,0.0096,0.0169,0.0000,0,unsettled
CSV,C,45.0,rotation,5,360.0,30,2.4594,2.5616,0.1022,,289722,0.0127,0.0358,0.0000,0,unsettled
SUM,C,45.0,rotation,6,0.1465,0.0268,0.0110,0.1022,0.1763
PROMPT,block C at tilt 90.0 -- empty the collection cup if it is getting full, then Enter ('skip'/'abort')
META,tare,skipped-unstable
CSV,C,90.0,rotation,0,360.0,30,2.5433,2.8229,0.2796,,313538,0.0009,-0.0024,0.0000,0,ok
CSV,C,90.0,rotation,1,360.0,30,2.8276,3.0549,0.2273,,325106,0.0013,0.0046,0.0000,0,unsettled
CSV,C,90.0,rotation,2,360.0,30,3.0287,3.3016,0.2730,,339167,0.0145,-0.0290,0.0000,0,unsettled
CSV,C,90.0,rotation,3,360.0,30,3.2530,3.5400,0.2870,,353222,0.0111,-0.0420,0.0000,0,unsettled
CSV,C,90.0,rotation,4,360.0,30,3.5271,3.7489,0.2219,,364793,0.0095,-0.0087,0.0000,0,unsettled
CSV,C,90.0,rotation,5,360.0,30,3.7212,4.0234,0.3022,,376376,0.0054,-0.0239,0.0000,0,unsettled
SUM,C,90.0,rotation,6,0.2652,0.0329,0.0134,0.2219,0.3022
[battery] block D
META,tare,skipped-unstable
POLL,D,45.0,15,386499,4.0212,1
POLL,D,45.0,15,386886,4.0114,0
POLL,D,45.0,15,387256,4.0121,0
POLL,D,45.0,15,387642,4.0232,0
POLL,D,45.0,15,388028,4.0289,0
POLL,D,45.0,15,388414,4.0366,0
POLL,D,45.0,15,388787,4.0417,0
POLL,D,45.0,15,389173,4.0408,0
POLL,D,45.0,15,389560,4.0456,0
POLL,D,45.0,15,389934,4.0546,0
POLL,D,45.0,15,390320,4.0684,0
POLL,D,45.0,15,390706,4.1178,0
POLL,D,45.0,15,391093,4.1680,0
POLL,D,45.0,15,391465,4.1993,0
POLL,D,45.0,15,391851,4.2190,0
POLL,D,45.0,15,392237,4.2301,0
POLL,D,45.0,15,392623,4.2291,0
POLL,D,45.0,15,392994,4.2377,0
POLL,D,45.0,15,393380,4.2365,0
POLL,D,45.0,15,393766,4.2380,0
POLL,D,45.0,15,394152,4.2522,0
POLL,D,45.0,15,394524,4.2807,0
POLL,D,45.0,15,394910,4.3338,0
POLL,D,45.0,15,395296,4.3704,0
POLL,D,45.0,15,395682,4.3928,0
POLL,D,45.0,15,396054,4.4086,0
POLL,D,45.0,15,396440,4.4148,0
POLL,D,45.0,15,396826,4.4240,0
POLL,D,45.0,15,397212,4.4268,0
POLL,D,45.0,15,397585,4.4259,0
POLL,D,45.0,15,397971,4.4363,0
POLL,D,45.0,15,398357,4.4585,0
POLL,D,45.0,15,398731,4.5019,0
POLL,D,45.0,15,399117,4.5519,0
POLL,D,45.0,15,399503,4.5731,0
POLL,D,45.0,15,399889,4.5975,0
POLL,D,45.0,15,400275,4.6068,0
POLL,D,45.0,15,400644,4.6130,0
POLL,D,45.0,15,401030,4.6141,0
POLL,D,45.0,15,401410,4.6137,0
POLL,D,45.0,15,401797,4.6182,0
POLL,D,45.0,15,402183,4.6247,0
POLL,D,45.0,15,402569,4.6447,0
POLL,D,45.0,15,402941,4.6987,0
POLL,D,45.0,15,403327,4.7415,0
POLL,D,45.0,15,403714,4.7678,0
POLL,D,45.0,15,404087,4.7745,0
POLL,D,45.0,15,404474,4.7777,0
CSV,D,45.0,speed,0,3.0,15,4.0420,4.7821,0.7401,,409360,0.0452,0.0193,0.0000,0,unsettled
POLL,D,45.0,45,412216,4.7781,1
POLL,D,45.0,45,412603,4.7701,0
POLL,D,45.0,45,412990,4.7556,0
POLL,D,45.0,45,413364,4.8033,0
POLL,D,45.0,45,413750,4.8735,0
POLL,D,45.0,45,414136,4.8902,0
POLL,D,45.0,45,414522,4.9083,0
POLL,D,45.0,45,414893,5.0000,0
POLL,D,45.0,45,415279,5.0360,0
POLL,D,45.0,45,415665,5.0437,0
POLL,D,45.0,45,416051,5.1014,0
POLL,D,45.0,45,416423,5.1733,0
POLL,D,45.0,45,416809,5.1839,0
POLL,D,45.0,45,417195,5.2204,0
POLL,D,45.0,45,417581,5.3001,0
POLL,D,45.0,45,417954,5.3400,0
CSV,D,45.0,speed,1,3.0,45,4.7787,5.4347,0.6560,,422845,0.0027,0.0004,0.0000,0,ok
POLL,D,45.0,90,425707,5.4342,0
POLL,D,45.0,90,426094,5.4389,0
POLL,D,45.0,90,426465,5.4555,0
POLL,D,45.0,90,426852,5.5083,0
POLL,D,45.0,90,427238,5.5878,0
POLL,D,45.0,90,427613,5.6362,0
POLL,D,45.0,90,427999,5.7206,0
POLL,D,45.0,90,428385,5.7814,0
CSV,D,45.0,speed,2,3.0,90,5.4466,5.9394,0.4928,,433277,0.0016,0.0113,0.0000,0,unsettled
SUM,D,45.0,speed,3,0.6296,0.1257,0.0726,0.4928,0.7401
[battery] block E
META,tare,ok
CSV,E,0.0,refeed,0,360.0,30,0.0078,0.0222,0.0144,,456120,0.0012,-0.0003,0.0000,0,unsettled
CSV,E,0.0,tap,0,1,,0.0192,0.0281,0.0089,,463674,0.0044,-0.0025,0.0000,0,unsettled
CSV,E,0.0,refeed,1,360.0,30,0.0296,0.0719,0.0423,,475250,0.0021,-0.0013,0.0000,0,ok
CSV,E,0.0,tap,1,1,,0.0701,0.0772,0.0071,,482813,0.0010,-0.0016,0.0000,0,ok
CSV,E,0.0,refeed,2,360.0,30,0.0604,0.1207,0.0603,,494373,0.0007,-0.0141,0.0000,0,ok
CSV,E,0.0,tap,2,1,,0.1212,0.1234,0.0022,,501927,0.0004,0.0011,0.0000,0,ok
RETRY,E,0.0,refeed,3,shock,-0.0369,0.0437,513501
RETRY,E,0.0,refeed,3,shock,-0.0139,0.0430,525073
CSV,E,0.0,refeed,3,360.0,30,0.2211,0.2522,0.0310,,539127,0.0020,0.0099,0.0000,2,ok
CSV,E,0.0,tap,3,1,,0.2466,0.2489,0.0023,,546695,0.0047,-0.0065,0.0000,0,unsettled
CSV,E,0.0,refeed,4,360.0,30,0.2445,0.3000,0.0554,,558266,0.0016,-0.0065,0.0000,0,ok
CSV,E,0.0,tap,4,1,,0.3008,0.3030,0.0022,,565808,0.0009,0.0014,0.0000,0,ok
CSV,E,0.0,refeed,5,360.0,30,0.3022,0.3702,0.0680,,577380,0.0004,-0.0003,0.0000,0,ok
RETRY,E,0.0,tap,5,shock,-0.0105,0.0067,584946
RETRY,E,0.0,tap,5,shock,-0.0123,0.0037,592490
CSV,E,0.0,tap,5,1,,0.3376,0.3648,0.0272,,600056,0.0037,-0.0112,0.0000,2,unsettled
CSV,E,0.0,refeed,6,360.0,30,0.3767,0.4080,0.0314,,611628,0.0090,0.0134,0.0000,0,unsettled
CSV,E,0.0,tap,6,1,,0.4066,0.4034,-0.0032,,619170,0.0008,-0.0004,0.0000,0,unsettled
CSV,E,0.0,refeed,7,360.0,30,0.4197,0.4392,0.0196,,630746,0.0017,0.0169,0.0000,0,unsettled
CSV,E,0.0,tap,7,1,,0.4227,0.4478,0.0251,,638309,0.0048,-0.0114,0.0000,0,unsettled
SUM,E,0.0,refeed,8,0.0403,0.0195,0.0069,0.0144,0.0680
SUM,E,0.0,tap,8,0.0090,0.0112,0.0040,-0.0032,0.0272
META,tare,ok
CSV,E,45.0,refeed,0,360.0,30,-0.0027,0.1692,0.1719,,665087,0.0003,0.0003,0.0000,0,ok
RETRY,E,45.0,tap,0,shock,-0.0119,-0.0003,672627
CSV,E,45.0,tap,0,1,,0.1581,0.1662,0.0081,,680196,0.0003,-0.0006,0.0000,1,ok
CSV,E,45.0,refeed,1,360.0,30,0.1845,0.3215,0.1371,,691767,0.0089,0.0166,0.0000,0,unsettled
CSV,E,45.0,tap,1,1,,0.3332,0.3315,-0.0017,,699314,0.0034,0.0109,0.0000,0,ok
CSV,E,45.0,refeed,2,360.0,30,0.3246,0.4838,0.1591,,710881,0.0023,-0.0061,0.0000,0,ok
RETRY,E,45.0,tap,2,shock,-0.0100,0.0150,718447
CSV,E,45.0,tap,2,1,,0.5071,0.4878,-0.0193,,725991,0.0048,0.0162,0.0000,1,unsettled
CSV,E,45.0,refeed,3,360.0,30,0.4949,0.6513,0.1564,,737562,0.0043,0.0098,0.0000,0,ok
RETRY,E,45.0,tap,3,shock,0.0304,0.0123,745122
CSV,E,45.0,tap,3,1,,0.6945,0.6977,0.0031,,752676,0.0071,-0.0008,0.0000,1,unsettled
RETRY,E,45.0,refeed,4,shock,-0.0112,0.1751,764242
RETRY,E,45.0,refeed,4,shock,0.0115,0.1309,775813
CSV,E,45.0,refeed,4,360.0,30,1.0176,1.1885,0.1709,,787386,0.0126,-0.0035,0.0000,2,unsettled
CSV,E,45.0,tap,4,1,,1.2100,1.1941,-0.0159,,802404,0.0074,0.0225,0.0000,0,unsettled
CSV,E,45.0,refeed,5,360.0,30,1.1840,1.3399,0.1559,,813975,0.0106,-0.0084,0.0000,0,unsettled
RETRY,E,45.0,tap,5,shock,-0.0162,0.0214,821538
CSV,E,45.0,tap,5,1,,1.3535,1.3391,-0.0143,,829085,0.0043,0.0035,0.0000,1,unsettled
CSV,E,45.0,refeed,6,360.0,30,1.3348,1.5194,0.1846,,840656,0.0065,-0.0054,0.0000,0,ok
CSV,E,45.0,tap,6,1,,1.5208,1.5244,0.0036,,848219,0.0057,-0.0008,0.0000,0,unsettled
CSV,E,45.0,refeed,7,360.0,30,1.5664,1.6740,0.1076,,859791,0.0124,0.0388,0.0000,0,unsettled
CSV,E,45.0,tap,7,1,,1.6820,1.6856,0.0036,,867333,0.0052,0.0046,0.0000,0,unsettled
SUM,E,45.0,refeed,8,0.1554,0.0239,0.0085,0.1076,0.1846
SUM,E,45.0,tap,8,-0.0041,0.0107,0.0038,-0.0193,0.0081
META,park_tilt_deg,0.0
META,env.brackets,161
META,env.disturbed_trials,29
META,env.drift_corrected_g,0.6722
META,env.quiet_waits,5
META,env.retries,10
META,env.shock_events,13
META,env.shock_total_g,-0.0962
META,env.unsettled_brackets,64
RUN,END,ok
